$ npm pack <repository-root>/packages/component-contracts --json --pack-destination <repository-root>/artifacts/product-reality/sprint-190/m06/proof/app-consumers/submitted-packages/tarballs
exitCode=0
signal=

[stdout]

> @oods/component-contracts@0.1.0 build <repository-root>/packages/component-contracts
> rimraf dist && tsup --config tsup.config.ts

CLI Building entry: src/index.ts
CLI Using tsconfig: tsconfig.json
CLI tsup v8.5.0
CLI Using tsup config: <repository-root>/packages/component-contracts/tsup.config.ts
CLI Target: es2022
CLI Cleaning output folder
ESM Build start
CJS Build start
CJS dist/index.cjs 383.85 KB
CJS ⚡️ Build success in 186ms
ESM dist/index.js 382.56 KB
ESM ⚡️ Build success in 186ms
DTS Build start
DTS ⚡️ Build success in 989ms
DTS dist/index.d.ts  13.89 KB
DTS dist/index.d.cts 13.89 KB
[
  {
    "id": "@oods/component-contracts@0.1.0",
    "name": "@oods/component-contracts",
    "version": "0.1.0",
    "size": 104196,
    "unpackedSize": 1618425,
    "shasum": "1ddd85af5d5a24b49c6c419c10a374936f846c34",
    "integrity": "sha512-/N0PtoRimDM9fQFXLywQDu46Fwn4c0Er9qH0MTuGPcJvY+7RtsA4HSYK76EsT3XU2bJD96tVMEQ9xy435dEgsw==",
    "filename": "oods-component-contracts-0.1.0.tgz",
    "files": [
      {
        "path": "dist/index.cjs",
        "size": 393061,
        "mode": 420
      },
      {
        "path": "dist/index.d.cts",
        "size": 14223,
        "mode": 420
      },
      {
        "path": "dist/index.d.ts",
        "size": 14223,
        "mode": 420
      },
      {
        "path": "dist/index.js",
        "size": 391743,
        "mode": 420
      },
      {
        "path": "package.json",
        "size": 1269,
        "mode": 420
      },
      {
        "path": "registry/component-capability-baseline.v1.json",
        "size": 172138,
        "mode": 420
      },
      {
        "path": "registry/component-capability-closeout.s182.v1.json",
        "size": 255063,
        "mode": 420
      },
      {
        "path": "registry/component-capability-foundation-v1.s182.v1.json",
        "size": 259610,
        "mode": 420
      },
      {
        "path": "registry/component-intake.v1.json",
        "size": 67627,
        "mode": 420
      },
      {
        "path": "registry/component-obligation-scope.v1.json",
        "size": 233,
        "mode": 420
      },
      {
        "path": "registry/component-reconciliation.proposed.v1.json",
        "size": 49235,
        "mode": 420
      }
    ],
    "entryCount": 11,
    "bundled": []
  }
]

[stderr]
npm warn Unknown project config "link-workspace-packages". This will stop working in the next major version of npm.

> @oods/component-contracts@0.1.0 prepack
> pnpm run build
