$ npm pack <repository-root>/packages/component-contracts --json --pack-destination <repository-root>/artifacts/product-reality/sprint-187/m02/live-attempt-1/submitted-packages/tarballs
exitCode=0
signal=

[stdout]

> @oods/component-contracts@0.1.0 build <repository-root>/packages/component-contracts
> rimraf dist && tsup --config tsup.config.ts

CLI Building entry: src/index.ts
CLI Using tsconfig: tsconfig.json
CLI tsup v8.5.0
CLI Using tsup config: <repository-root>/packages/component-contracts/tsup.config.ts
CLI Target: es2022
CLI Cleaning output folder
ESM Build start
CJS Build start
ESM dist/index.js 337.72 KB
ESM ⚡️ Build success in 443ms
CJS dist/index.cjs 338.41 KB
CJS ⚡️ Build success in 443ms
DTS Build start
DTS ⚡️ Build success in 2561ms
DTS dist/index.d.ts  9.73 KB
DTS dist/index.d.cts 9.73 KB
[
  {
    "id": "@oods/component-contracts@0.1.0",
    "name": "@oods/component-contracts",
    "version": "0.1.0",
    "size": 83588,
    "unpackedSize": 1504419,
    "shasum": "44704dfe4dbd0433f4a32e38e088465fe7757af7",
    "integrity": "sha512-hDSKCUFjT81ElXbCIckHPizj/0MgB6Bs46X7wKB6IA43dsEWJ2+uY0De3lvSqvsKiK3CCvMPgXwemvG1FrYLxg==",
    "filename": "oods-component-contracts-0.1.0.tgz",
    "files": [
      {
        "path": "dist/index.cjs",
        "size": 346532,
        "mode": 420
      },
      {
        "path": "dist/index.d.cts",
        "size": 9961,
        "mode": 420
      },
      {
        "path": "dist/index.d.ts",
        "size": 9961,
        "mode": 420
      },
      {
        "path": "dist/index.js",
        "size": 345829,
        "mode": 420
      },
      {
        "path": "package.json",
        "size": 1269,
        "mode": 420
      },
      {
        "path": "registry/component-capability-baseline.v1.json",
        "size": 159332,
        "mode": 420
      },
      {
        "path": "registry/component-capability-closeout.s182.v1.json",
        "size": 255063,
        "mode": 420
      },
      {
        "path": "registry/component-capability-foundation-v1.s182.v1.json",
        "size": 259610,
        "mode": 420
      },
      {
        "path": "registry/component-intake.v1.json",
        "size": 67627,
        "mode": 420
      },
      {
        "path": "registry/component-reconciliation.proposed.v1.json",
        "size": 49235,
        "mode": 420
      }
    ],
    "entryCount": 10,
    "bundled": []
  }
]

[stderr]
npm warn Unknown project config "link-workspace-packages". This will stop working in the next major version of npm.

> @oods/component-contracts@0.1.0 prepack
> pnpm run build
