$ npm pack --json --pack-destination <artifact-root>/package-foundations/tarballs/run-1/oods-component-contracts
exitCode=0
signal=

[stdout]

> @oods/component-contracts@0.1.0 build /private/var/folders/gd/rty3217130vdbr9_q713nvg80000gn/T/oods-s182-final-gates-dx9jUk/checkouts/b13-missing-dependency/packages/component-contracts
> rimraf dist && tsup --config tsup.config.ts

CLI Building entry: src/index.ts
CLI Using tsconfig: tsconfig.json
CLI tsup v8.5.0
CLI Using tsup config: /private/var/folders/gd/rty3217130vdbr9_q713nvg80000gn/T/oods-s182-final-gates-dx9jUk/checkouts/b13-missing-dependency/packages/component-contracts/tsup.config.ts
CLI Target: es2022
CLI Cleaning output folder
ESM Build start
CJS Build start
CJS dist/index.cjs 256.14 KB
CJS ⚡️ Build success in 116ms
ESM dist/index.js 255.61 KB
ESM ⚡️ Build success in 116ms
DTS Build start
DTS ⚡️ Build success in 754ms
DTS dist/index.d.ts  7.33 KB
DTS dist/index.d.cts 7.33 KB
[
  {
    "id": "@oods/component-contracts@0.1.0",
    "name": "@oods/component-contracts",
    "version": "0.1.0",
    "size": 47365,
    "unpackedSize": 1049717,
    "shasum": "422d979f2a649869c77f380a9e402d39871f64fb",
    "integrity": "sha512-1oZ71jWF/L5HDk9NJzyCgP4RiLX5uaTIzo7nLKCrv43FLOqsdIdzyqf064c3Yb5QakDWT+nIn4Q1lxc7yjkU1Q==",
    "filename": "oods-component-contracts-0.1.0.tgz",
    "files": [
      {
        "path": "dist/index.cjs",
        "size": 262289,
        "mode": 420
      },
      {
        "path": "dist/index.d.cts",
        "size": 7506,
        "mode": 420
      },
      {
        "path": "dist/index.d.ts",
        "size": 7506,
        "mode": 420
      },
      {
        "path": "dist/index.js",
        "size": 261748,
        "mode": 420
      },
      {
        "path": "package.json",
        "size": 1162,
        "mode": 420
      },
      {
        "path": "registry/component-capability-baseline.v1.json",
        "size": 137581,
        "mode": 420
      },
      {
        "path": "registry/component-capability-closeout.s182.v1.json",
        "size": 255063,
        "mode": 420
      },
      {
        "path": "registry/component-intake.v1.json",
        "size": 67627,
        "mode": 420
      },
      {
        "path": "registry/component-reconciliation.proposed.v1.json",
        "size": 49235,
        "mode": 420
      }
    ],
    "entryCount": 9,
    "bundled": []
  }
]

[stderr]

> @oods/component-contracts@0.1.0 prepack
> pnpm run build
