$ npm pack <repository-root>/packages/components-react --json --pack-destination <repository-root>/artifacts/product-reality/sprint-186/m01/live-consumers/submitted-packages/tarballs
exitCode=0
signal=

[stdout]

> @oods/components-react@0.1.0 build <repository-root>/packages/components-react
> rimraf dist && tsup --config tsup.config.ts

CLI Building entry: src/index.ts, src/ported.tsx, src/status.ts, src/table.tsx, src/types.ts
CLI Using tsconfig: tsconfig.json
CLI tsup v8.5.0
CLI Using tsup config: <repository-root>/packages/components-react/tsup.config.ts
CLI Target: es2022
CLI Cleaning output folder
ESM Build start
CJS Build start
CJS dist/index.cjs  60.67 KB
CJS dist/status.cjs 11.06 KB
CJS dist/types.cjs  15.00 B
CJS dist/table.cjs  17.07 KB
CJS dist/ported.cjs 51.91 KB
CJS ⚡️ Build success in 392ms
ESM dist/ported.js         20.33 KB
ESM dist/chunk-S3UNQPI4.js 19.52 KB
ESM dist/chunk-EHRZ3ATJ.js 6.37 KB
ESM dist/table.js          149.00 B
ESM dist/types.js          1.00 B
ESM dist/status.js         171.00 B
ESM dist/index.js          22.32 KB
ESM dist/chunk-54KQYKOO.js 10.87 KB
ESM ⚡️ Build success in 393ms
DTS Build start
DTS ⚡️ Build success in 9117ms
DTS dist/index.d.ts   3.63 KB
DTS dist/ported.d.ts  7.12 KB
DTS dist/status.d.ts  1.39 KB
DTS dist/table.d.ts   1.06 KB
DTS dist/types.d.ts   12.16 KB
DTS dist/index.d.cts  3.63 KB
DTS dist/ported.d.cts 7.12 KB
DTS dist/status.d.cts 1.39 KB
DTS dist/table.d.cts  1.07 KB
DTS dist/types.d.cts  12.16 KB
[
  {
    "id": "@oods/components-react@0.1.0",
    "name": "@oods/components-react",
    "version": "0.1.0",
    "size": 52920,
    "unpackedSize": 315011,
    "shasum": "995338b4ecdd101369761a1241f349ea0ebcd894",
    "integrity": "sha512-xzUwJVwO0Hi7sUKZ5JZKjqD3WgIhhHFAR7ANIhKmZLRZayi96XnJDmBFrPcYRCHsfZ80rOM6M0EUc7UTkhwVxg==",
    "filename": "oods-components-react-0.1.0.tgz",
    "files": [
      {
        "path": "dist/chunk-54KQYKOO.js",
        "size": 11126,
        "mode": 420
      },
      {
        "path": "dist/chunk-EHRZ3ATJ.js",
        "size": 6526,
        "mode": 420
      },
      {
        "path": "dist/chunk-S3UNQPI4.js",
        "size": 19993,
        "mode": 420
      },
      {
        "path": "dist/index.cjs",
        "size": 62130,
        "mode": 420
      },
      {
        "path": "dist/index.d.cts",
        "size": 3720,
        "mode": 420
      },
      {
        "path": "dist/index.d.ts",
        "size": 3717,
        "mode": 420
      },
      {
        "path": "dist/index.js",
        "size": 22851,
        "mode": 420
      },
      {
        "path": "dist/ported.cjs",
        "size": 53153,
        "mode": 420
      },
      {
        "path": "dist/ported.d.cts",
        "size": 7290,
        "mode": 420
      },
      {
        "path": "dist/ported.d.ts",
        "size": 7289,
        "mode": 420
      },
      {
        "path": "dist/ported.js",
        "size": 20817,
        "mode": 420
      },
      {
        "path": "dist/status.cjs",
        "size": 11326,
        "mode": 420
      },
      {
        "path": "dist/status.d.cts",
        "size": 1426,
        "mode": 420
      },
      {
        "path": "dist/status.d.ts",
        "size": 1425,
        "mode": 420
      },
      {
        "path": "dist/status.js",
        "size": 171,
        "mode": 420
      },
      {
        "path": "dist/table.cjs",
        "size": 17476,
        "mode": 420
      },
      {
        "path": "dist/table.d.cts",
        "size": 1091,
        "mode": 420
      },
      {
        "path": "dist/table.d.ts",
        "size": 1090,
        "mode": 420
      },
      {
        "path": "dist/table.js",
        "size": 149,
        "mode": 420
      },
      {
        "path": "dist/types.cjs",
        "size": 15,
        "mode": 420
      },
      {
        "path": "dist/types.d.cts",
        "size": 12450,
        "mode": 420
      },
      {
        "path": "dist/types.d.ts",
        "size": 12450,
        "mode": 420
      },
      {
        "path": "dist/types.js",
        "size": 1,
        "mode": 420
      },
      {
        "path": "evidence/react-ported-readiness.v1.json",
        "size": 7937,
        "mode": 420
      },
      {
        "path": "evidence/react-readiness.v1.json",
        "size": 27287,
        "mode": 420
      },
      {
        "path": "package.json",
        "size": 2105,
        "mode": 420
      }
    ],
    "entryCount": 26,
    "bundled": []
  }
]

[stderr]
npm warn Unknown project config "link-workspace-packages". This will stop working in the next major version of npm.

> @oods/components-react@0.1.0 prepack
> pnpm run build

Generated an empty chunk: "types".
Generated an empty chunk: "types".
