✖ ramp-monotonicity reference_primary_ramp-monotonicity — Invalid color at ref.color.primary.100
✖ family-hue reference_primary_family-hue — Invalid color at ref.color.primary.100
✖ chroma-curve reference_primary_chroma-curve — Invalid color at ref.color.primary.100
✖ ramp-monotonicity reference_accent_ramp-monotonicity — Invalid color at ref.color.accent.100
✖ family-hue reference_accent_family-hue — Invalid color at ref.color.accent.100
✖ chroma-curve reference_accent_chroma-curve — Invalid color at ref.color.accent.100
✖ ramp-monotonicity reference_neutral_ramp-monotonicity — Invalid color at ref.color.neutral.0
✖ neutral-hue reference_neutral_neutral-hue — Invalid color at ref.color.neutral.0
✖ chroma-curve reference_neutral_chroma-curve — Invalid color at ref.color.neutral.0
✖ ramp-monotonicity reference_info_ramp-monotonicity — Invalid color at ref.color.info.100
✖ family-hue reference_info_family-hue — Invalid color at ref.color.info.100
✖ chroma-curve reference_info_chroma-curve — Invalid color at ref.color.info.100
✖ ramp-monotonicity reference_success_ramp-monotonicity — Invalid color at ref.color.success.100
✖ family-hue reference_success_family-hue — Invalid color at ref.color.success.100
✖ chroma-curve reference_success_chroma-curve — Invalid color at ref.color.success.100
✖ ramp-monotonicity reference_warning_ramp-monotonicity — Invalid color at ref.color.warning.100
✖ family-hue reference_warning_family-hue — Invalid color at ref.color.warning.100
✖ chroma-curve reference_warning_chroma-curve — Invalid color at ref.color.warning.100
✖ ramp-monotonicity reference_critical_ramp-monotonicity — Invalid color at ref.color.critical.100
✖ family-hue reference_critical_family-hue — Invalid color at ref.color.critical.100
✖ chroma-curve reference_critical_chroma-curve — Invalid color at ref.color.critical.100
✖ ramp-monotonicity reference_archive_ramp-monotonicity — Invalid color at ref.color.archive.100
✖ family-hue reference_archive_family-hue — Invalid color at ref.color.archive.100
✖ chroma-curve reference_archive_chroma-curve — Invalid color at ref.color.archive.100
✖ gamut reference_gamut — Invalid color at ref.color.accent.100
✖ family-hue A_base_surface.interactive.primary_hue — Invalid color at color.brand.A.surface.interactive.primary.default
✖ family-hue A_base_accent_hue — Invalid color at color.brand.A.accent.background
✖ family-hue A_base_status.info_hue — Invalid color at color.brand.A.status.info.border
✖ family-hue A_base_status.success_hue — Invalid color at color.brand.A.status.success.border
✖ family-hue A_base_status.warning_hue — Invalid color at color.brand.A.status.warning.border
✖ family-hue A_base_status.critical_hue — Invalid color at color.brand.A.status.critical.border
✖ family-hue A_base_status.neutral_hue — Invalid color at color.brand.A.status.neutral.border
✖ gamut A_base_gamut — Invalid color at color.brand.A.accent.background
✖ family-hue A_dark_surface.interactive.primary_hue — Invalid color at color.brand.A.surface.interactive.primary.default
✖ family-hue A_dark_accent_hue — Invalid color at color.brand.A.accent.background
✖ family-hue A_dark_status.info_hue — Invalid color at color.brand.A.status.info.border
✖ family-hue A_dark_status.success_hue — Invalid color at color.brand.A.status.success.border
✖ family-hue A_dark_status.warning_hue — Invalid color at color.brand.A.status.warning.border
✖ family-hue A_dark_status.critical_hue — Invalid color at color.brand.A.status.critical.border
✖ family-hue A_dark_status.neutral_hue — Invalid color at color.brand.A.status.neutral.border
✖ gamut A_dark_gamut — Invalid color at color.brand.A.accent.background
✖ dark-coverage A_dark_sequential/viz.scale.sequential.01 — Missing dark override: viz.scale.sequential.01
✖ dark-coverage A_dark_sequential/viz.scale.sequential.02 — Missing dark override: viz.scale.sequential.02
✖ dark-coverage A_dark_sequential/viz.scale.sequential.03 — Missing dark override: viz.scale.sequential.03
✖ dark-coverage A_dark_sequential/viz.scale.sequential.04 — Missing dark override: viz.scale.sequential.04
✖ dark-coverage A_dark_sequential/viz.scale.sequential.05 — Missing dark override: viz.scale.sequential.05
✖ dark-coverage A_dark_sequential/viz.scale.sequential.06 — Missing dark override: viz.scale.sequential.06
✖ dark-coverage A_dark_sequential/viz.scale.sequential.07 — Missing dark override: viz.scale.sequential.07
✖ dark-coverage A_dark_sequential/viz.scale.sequential.08 — Missing dark override: viz.scale.sequential.08
✖ dark-coverage A_dark_sequential/viz.scale.sequential.09 — Missing dark override: viz.scale.sequential.09
✖ dark-coverage A_dark_diverging/viz.scale.diverging.neg-05 — Missing dark override: viz.scale.diverging.neg-05
✖ dark-coverage A_dark_diverging/viz.scale.diverging.neg-04 — Missing dark override: viz.scale.diverging.neg-04
✖ dark-coverage A_dark_diverging/viz.scale.diverging.neg-03 — Missing dark override: viz.scale.diverging.neg-03
✖ dark-coverage A_dark_diverging/viz.scale.diverging.neg-02 — Missing dark override: viz.scale.diverging.neg-02
✖ dark-coverage A_dark_diverging/viz.scale.diverging.neg-01 — Missing dark override: viz.scale.diverging.neg-01
✖ dark-coverage A_dark_diverging/viz.scale.diverging.neutral — Missing dark override: viz.scale.diverging.neutral
✖ dark-coverage A_dark_diverging/viz.scale.diverging.pos-01 — Missing dark override: viz.scale.diverging.pos-01
✖ dark-coverage A_dark_diverging/viz.scale.diverging.pos-02 — Missing dark override: viz.scale.diverging.pos-02
✖ dark-coverage A_dark_diverging/viz.scale.diverging.pos-03 — Missing dark override: viz.scale.diverging.pos-03
✖ dark-coverage A_dark_diverging/viz.scale.diverging.pos-04 — Missing dark override: viz.scale.diverging.pos-04
✖ dark-coverage A_dark_diverging/viz.scale.diverging.pos-05 — Missing dark override: viz.scale.diverging.pos-05
✖ family-hue B_base_surface.interactive.primary_hue — Invalid color at color.brand.B.surface.interactive.primary.default
✖ family-hue B_base_accent_hue — Invalid color at color.brand.B.accent.background
✖ family-hue B_base_status.info_hue — Invalid color at color.brand.B.status.info.border
✖ family-hue B_base_status.success_hue — Invalid color at color.brand.B.status.success.border
✖ family-hue B_base_status.warning_hue — Invalid color at color.brand.B.status.warning.border
✖ family-hue B_base_status.critical_hue — Invalid color at color.brand.B.status.critical.border
✖ family-hue B_base_status.neutral_hue — Invalid color at color.brand.B.status.neutral.border
✖ gamut B_base_gamut — Invalid color at color.brand.B.accent.background
✖ family-hue B_dark_surface.interactive.primary_hue — Invalid color at color.brand.B.surface.interactive.primary.default
✖ family-hue B_dark_accent_hue — Invalid color at color.brand.B.accent.background
✖ family-hue B_dark_status.info_hue — Invalid color at color.brand.B.status.info.border
✖ family-hue B_dark_status.success_hue — Invalid color at color.brand.B.status.success.border
✖ family-hue B_dark_status.warning_hue — Invalid color at color.brand.B.status.warning.border
✖ family-hue B_dark_status.critical_hue — Invalid color at color.brand.B.status.critical.border
✖ family-hue B_dark_status.neutral_hue — Invalid color at color.brand.B.status.neutral.border
✖ gamut B_dark_gamut — Invalid color at color.brand.B.accent.background
✖ dark-coverage B_dark_sequential/viz.scale.sequential.01 — Missing dark override: viz.scale.sequential.01
✖ dark-coverage B_dark_sequential/viz.scale.sequential.02 — Missing dark override: viz.scale.sequential.02
✖ dark-coverage B_dark_sequential/viz.scale.sequential.03 — Missing dark override: viz.scale.sequential.03
✖ dark-coverage B_dark_sequential/viz.scale.sequential.04 — Missing dark override: viz.scale.sequential.04
✖ dark-coverage B_dark_sequential/viz.scale.sequential.05 — Missing dark override: viz.scale.sequential.05
✖ dark-coverage B_dark_sequential/viz.scale.sequential.06 — Missing dark override: viz.scale.sequential.06
✖ dark-coverage B_dark_sequential/viz.scale.sequential.07 — Missing dark override: viz.scale.sequential.07
✖ dark-coverage B_dark_sequential/viz.scale.sequential.08 — Missing dark override: viz.scale.sequential.08
✖ dark-coverage B_dark_sequential/viz.scale.sequential.09 — Missing dark override: viz.scale.sequential.09
✖ dark-coverage B_dark_diverging/viz.scale.diverging.neg-05 — Missing dark override: viz.scale.diverging.neg-05
✖ dark-coverage B_dark_diverging/viz.scale.diverging.neg-04 — Missing dark override: viz.scale.diverging.neg-04
✖ dark-coverage B_dark_diverging/viz.scale.diverging.neg-03 — Missing dark override: viz.scale.diverging.neg-03
✖ dark-coverage B_dark_diverging/viz.scale.diverging.neg-02 — Missing dark override: viz.scale.diverging.neg-02
✖ dark-coverage B_dark_diverging/viz.scale.diverging.neg-01 — Missing dark override: viz.scale.diverging.neg-01
✖ dark-coverage B_dark_diverging/viz.scale.diverging.neutral — Missing dark override: viz.scale.diverging.neutral
✖ dark-coverage B_dark_diverging/viz.scale.diverging.pos-01 — Missing dark override: viz.scale.diverging.pos-01
✖ dark-coverage B_dark_diverging/viz.scale.diverging.pos-02 — Missing dark override: viz.scale.diverging.pos-02
✖ dark-coverage B_dark_diverging/viz.scale.diverging.pos-03 — Missing dark override: viz.scale.diverging.pos-03
✖ dark-coverage B_dark_diverging/viz.scale.diverging.pos-04 — Missing dark override: viz.scale.diverging.pos-04
✖ dark-coverage B_dark_diverging/viz.scale.diverging.pos-05 — Missing dark override: viz.scale.diverging.pos-05
Color check counts: {"deltaL":{"total":6,"passed":6,"failed":0},"deltaC":{"total":6,"passed":6,"failed":0},"deltaH":{"total":6,"passed":6,"failed":0},"contrast":{"total":6,"passed":6,"failed":0},"ramp-monotonicity":{"total":8,"passed":0,"failed":8},"family-hue":{"total":35,"passed":0,"failed":35},"chroma-curve":{"total":8,"passed":0,"failed":8},"neutral-hue":{"total":1,"passed":0,"failed":1},"gamut":{"total":5,"passed":0,"failed":5},"dark-coverage":{"total":40,"passed":0,"failed":40}}
✓ filled_surface_light_hover (filled_surface/light/hover) — ΔL=-0.100 · ΔC=+0.015 · ΔH=0.000 · contrast=7.10:1
✓ filled_surface_light_pressed (filled_surface/light/pressed) — ΔL=-0.140 · ΔC=+0.025 · ΔH=0.000 · contrast=8.57:1
✓ filled_surface_dark_hover (filled_surface/dark/hover) — ΔL=+0.080 · ΔC=+0.015 · ΔH=0.000 · contrast=4.58:1
✓ filled_surface_dark_pressed (filled_surface/dark/pressed) — ΔL=+0.150 · ΔC=+0.030 · ΔH=0.000 · contrast=6.00:1
✓ filled_surface_sys_hover (filled_surface/system/hover) — ΔL=-0.100 · ΔC=+0.015 · ΔH=0.000 · contrast=7.10:1
✓ filled_surface_sys_pressed (filled_surface/system/pressed) — ΔL=-0.140 · ΔC=+0.025 · ΔH=0.000 · contrast=8.57:1
✔︎ Color guardrails pass (6/6 checks, 31ms)
