{
  "framework": "react",
  "schema": "fresh-Product-inline",
  "boundValues": [
    {
      "nodeId": "slot-search-1",
      "field": "searchQuery",
      "editable": false,
      "kind": "query-input",
      "expected": "Consumer searchQuery",
      "actual": "Consumer searchQuery",
      "visible": true,
      "passed": true
    },
    {
      "nodeId": "slot-items-6",
      "field": "label",
      "kind": "family-text",
      "expected": "Consumer label",
      "editable": false,
      "actual": "Consumer label",
      "visible": true,
      "passed": true
    }
  ],
  "viewport": {
    "width": 1920,
    "height": 1080
  },
  "mount": "passed",
  "rootId": "screen-list-9",
  "rootCount": 1,
  "hydration": "passed",
  "hydrationProbe": {
    "selector": "[id=\"slot-search-1\"]",
    "selectorCount": 1,
    "eventHandlerAttached": true,
    "reusedServerNodes": {
      "root": true,
      "action": true,
      "everyCapturedNode": true
    },
    "attachment": {
      "attached": true,
      "containerProperty": "__reactContainer$jske880303h",
      "rootProperty": "__reactFiber$jske880303h"
    }
  },
  "hydrationInvariant": {
    "before": {
      "rootChildren": [
        {
          "tag": "DIV",
          "id": "screen-list-9",
          "component": "Stack"
        }
      ],
      "elements": [
        {
          "tag": "DIV",
          "id": "screen-list-9",
          "component": "Stack",
          "role": null,
          "selected": null,
          "hidden": false
        },
        {
          "tag": "DIV",
          "id": "list-toolbar-4",
          "component": "Stack",
          "role": null,
          "selected": null,
          "hidden": false
        },
        {
          "tag": "DIV",
          "id": null,
          "component": "SearchInput",
          "role": "search",
          "selected": null,
          "hidden": false
        },
        {
          "tag": "INPUT",
          "id": "slot-search-1",
          "component": "SearchInput",
          "role": null,
          "selected": null,
          "hidden": false
        },
        {
          "tag": "SELECT",
          "id": "slot-filters-2",
          "component": "Select",
          "role": null,
          "selected": null,
          "hidden": false
        },
        {
          "tag": "BUTTON",
          "id": "slot-toolbar-actions-3",
          "component": "Button",
          "role": null,
          "selected": null,
          "hidden": false
        },
        {
          "tag": "DIV",
          "id": "list-items-5",
          "component": "Stack",
          "role": null,
          "selected": null,
          "hidden": false
        },
        {
          "tag": "SPAN",
          "id": "slot-items-6",
          "component": "InlineLabel",
          "role": null,
          "selected": null,
          "hidden": false
        },
        {
          "tag": "DIV",
          "id": "list-pagination-7",
          "component": "Stack",
          "role": null,
          "selected": null,
          "hidden": false
        },
        {
          "tag": "NAV",
          "id": "slot-pagination-8",
          "component": "PaginationBar",
          "role": null,
          "selected": null,
          "hidden": false
        }
      ]
    },
    "after": {
      "rootChildren": [
        {
          "tag": "DIV",
          "id": "screen-list-9",
          "component": "Stack"
        }
      ],
      "elements": [
        {
          "tag": "DIV",
          "id": "screen-list-9",
          "component": "Stack",
          "role": null,
          "selected": null,
          "hidden": false
        },
        {
          "tag": "DIV",
          "id": "list-toolbar-4",
          "component": "Stack",
          "role": null,
          "selected": null,
          "hidden": false
        },
        {
          "tag": "DIV",
          "id": null,
          "component": "SearchInput",
          "role": "search",
          "selected": null,
          "hidden": false
        },
        {
          "tag": "INPUT",
          "id": "slot-search-1",
          "component": "SearchInput",
          "role": null,
          "selected": null,
          "hidden": false
        },
        {
          "tag": "SELECT",
          "id": "slot-filters-2",
          "component": "Select",
          "role": null,
          "selected": null,
          "hidden": false
        },
        {
          "tag": "BUTTON",
          "id": "slot-toolbar-actions-3",
          "component": "Button",
          "role": null,
          "selected": null,
          "hidden": false
        },
        {
          "tag": "DIV",
          "id": "list-items-5",
          "component": "Stack",
          "role": null,
          "selected": null,
          "hidden": false
        },
        {
          "tag": "SPAN",
          "id": "slot-items-6",
          "component": "InlineLabel",
          "role": null,
          "selected": null,
          "hidden": false
        },
        {
          "tag": "DIV",
          "id": "list-pagination-7",
          "component": "Stack",
          "role": null,
          "selected": null,
          "hidden": false
        },
        {
          "tag": "NAV",
          "id": "slot-pagination-8",
          "component": "PaginationBar",
          "role": null,
          "selected": null,
          "hidden": false
        }
      ]
    },
    "equal": true
  },
  "interactionEvidence": {
    "kind": "field",
    "nodeId": "slot-search-1",
    "component": "SearchInput",
    "selector": "[id=\"slot-search-1\"]",
    "inputType": "text",
    "status": "passed",
    "clearVisible": true,
    "cleared": true,
    "before": "Consumer searchQuery",
    "attemptedValue": "Consumer interaction proof",
    "after": "",
    "scope": "native/component control state only; no generated application filtering or domain state is asserted"
  },
  "labelVisibility": [],
  "runtimeErrors": [],
  "componentCounts": {
    "Button": 1,
    "InlineLabel": 1,
    "PaginationBar": 1,
    "SearchInput": 2,
    "Select": 1,
    "Stack": 4
  },
  "requiredMounts": [
    {
      "nodeId": "screen-list-9",
      "component": "Stack",
      "requiredInitially": true,
      "present": true,
      "passed": true
    },
    {
      "nodeId": "list-toolbar-4",
      "component": "Stack",
      "requiredInitially": true,
      "present": true,
      "passed": true
    },
    {
      "nodeId": "slot-search-1",
      "component": "SearchInput",
      "requiredInitially": true,
      "present": true,
      "passed": true
    },
    {
      "nodeId": "slot-filters-2",
      "component": "Select",
      "requiredInitially": true,
      "present": true,
      "passed": true
    },
    {
      "nodeId": "slot-toolbar-actions-3",
      "component": "Button",
      "requiredInitially": true,
      "present": true,
      "passed": true
    },
    {
      "nodeId": "list-items-5",
      "component": "Stack",
      "requiredInitially": true,
      "present": true,
      "passed": true
    },
    {
      "nodeId": "slot-items-6",
      "component": "InlineLabel",
      "requiredInitially": true,
      "present": true,
      "passed": true
    },
    {
      "nodeId": "list-pagination-7",
      "component": "Stack",
      "requiredInitially": true,
      "present": true,
      "passed": true
    },
    {
      "nodeId": "slot-pagination-8",
      "component": "PaginationBar",
      "requiredInitially": true,
      "present": true,
      "passed": true
    }
  ],
  "selectorEvidence": [],
  "actionCounts": {},
  "actionArgs": {},
  "actionsFrozen": true,
  "css": {
    "primaryTextToken": "oklch(0.92 0.02 92)",
    "canvasToken": "oklch(0.18 0.05 45)"
  }
}
