Collection/workflow/react pass
Cluster/workflow/react pass
Article/workflow/react pass
CapturedArtifact/workflow/react fail: Every declared flow obligation must execute in order
+ actual - expected

  [
    'ten-sample-records',
    'detail-navigation',
-   'edit-seeded-values',
-   'save-record-field',
-   'timeline-navigation-and-history'
  ]

Evidence/workflow/react pass
Document/workflow/react pass
Decision/workflow/react pass
Finding/workflow/react fail: Every declared flow obligation must execute in order
+ actual - expected

  [
    'ten-sample-records',
    'detail-navigation',
-   'edit-seeded-values',
-   'save-record-title',
-   'timeline-navigation-and-history'
  ]

Media/workflow/react pass
Invoice/workflow/react pass
Mission/workflow/react pass
Organization/workflow/react pass
Person/workflow/react pass
Plan/workflow/react pass
Product/workflow/react pass
Project/workflow/react pass
Report/workflow/react pass
Relationship/workflow/react pass
Run/workflow/react fail: Every declared flow obligation must execute in order
+ actual - expected

  [
    'ten-sample-records',
    'detail-navigation',
-   'edit-seeded-values',
-   'save-record-field',
-   'timeline-navigation-and-history'
  ]

Session/workflow/react pass
Sprint/workflow/react pass
Subscription/workflow/react pass
Usage/workflow/react pass
Article/card/react pass
Transaction/workflow/react pass
Article/card/vue pass
Article/detail/react pass
Article/detail/vue pass
Article/form/react pass
Article/inline/react pass
Article/form/vue pass
User/workflow/react pass
Article/inline/vue pass
Article/list/react pass
Article/timeline/react pass
Article/list/vue pass
Article/timeline/vue pass
CapturedArtifact/card/react pass
CapturedArtifact/detail/react pass
CapturedArtifact/card/vue pass
CapturedArtifact/form/react pass
CapturedArtifact/detail/vue pass
CapturedArtifact/inline/react pass
CapturedArtifact/form/vue pass
CapturedArtifact/inline/vue pass
CapturedArtifact/list/react pass
CapturedArtifact/timeline/react pass
CapturedArtifact/list/vue pass
CapturedArtifact/timeline/vue pass
Chunk/inline/react pass
Chunk/inline/vue pass
Cluster/card/react pass
Cluster/detail/react pass
Cluster/card/vue pass
Cluster/form/react pass
Cluster/detail/vue pass
Cluster/inline/react pass
Cluster/form/vue pass
Cluster/list/react pass
Cluster/inline/vue pass
Cluster/timeline/react pass
Cluster/list/vue pass
Collection/card/react pass
Cluster/timeline/vue pass
