$ npm pack <repository-root>/packages/components-vue --json --pack-destination <repository-root>/artifacts/product-reality/sprint-187/m03/live-attempt-1/submitted-packages/tarballs
exitCode=0
signal=

[stdout]

> @oods/components-vue@0.1.0 build <repository-root>/packages/components-vue
> rimraf dist && tsup --config tsup.config.ts && tsup --config tsup.ported.config.ts

CLI Building entry: src/index.ts
CLI Using tsconfig: tsconfig.json
CLI tsup v8.5.0
CLI Using tsup config: <repository-root>/packages/components-vue/tsup.config.ts
CLI Target: es2022
CLI Cleaning output folder
ESM Build start
CJS Build start
CJS dist/index.cjs 99.88 KB
CJS ⚡️ Build success in 586ms
ESM dist/index.js 97.16 KB
ESM ⚡️ Build success in 587ms
DTS Build start
DTS ⚡️ Build success in 7147ms
DTS dist/index.d.ts  89.29 KB
DTS dist/index.d.cts 89.29 KB
CLI Building entry: src/ported.ts
CLI Using tsconfig: tsconfig.json
CLI tsup v8.5.0
CLI Using tsup config: <repository-root>/packages/components-vue/tsup.ported.config.ts
CLI Target: es2022
ESM Build start
CJS Build start
ESM dist/ported.js 34.75 KB
ESM ⚡️ Build success in 173ms
CJS dist/ported.cjs 35.21 KB
CJS ⚡️ Build success in 173ms
DTS Build start
DTS ⚡️ Build success in 4248ms
DTS dist/ported.d.ts  20.67 KB
DTS dist/ported.d.cts 20.67 KB
[
  {
    "id": "@oods/components-vue@0.1.0",
    "name": "@oods/components-vue",
    "version": "0.1.0",
    "size": 74799,
    "unpackedSize": 582881,
    "shasum": "72120ae1fe1ef1357552ec08a887177fb35517e8",
    "integrity": "sha512-la6NS6bpIJQaLLFazyJtq6M9uIz4+e42OzasPvqgGCBad36GgJSeZGtWR5ye+R8C1knTxGnevp/P+LbQe5f8Zg==",
    "filename": "oods-components-vue-0.1.0.tgz",
    "files": [
      {
        "path": "dist/index.cjs",
        "size": 102275,
        "mode": 420
      },
      {
        "path": "dist/index.d.cts",
        "size": 91434,
        "mode": 420
      },
      {
        "path": "dist/index.d.ts",
        "size": 91434,
        "mode": 420
      },
      {
        "path": "dist/index.js",
        "size": 99491,
        "mode": 420
      },
      {
        "path": "dist/ported.cjs",
        "size": 36053,
        "mode": 420
      },
      {
        "path": "dist/ported.d.cts",
        "size": 21165,
        "mode": 420
      },
      {
        "path": "dist/ported.d.ts",
        "size": 21165,
        "mode": 420
      },
      {
        "path": "dist/ported.js",
        "size": 35588,
        "mode": 420
      },
      {
        "path": "evidence/vue-readiness-ported.v1.json",
        "size": 7829,
        "mode": 420
      },
      {
        "path": "evidence/vue-readiness.v1.json",
        "size": 74644,
        "mode": 420
      },
      {
        "path": "package.json",
        "size": 1803,
        "mode": 420
      }
    ],
    "entryCount": 11,
    "bundled": []
  }
]

[stderr]
npm warn Unknown project config "link-workspace-packages". This will stop working in the next major version of npm.

> @oods/components-vue@0.1.0 prepack
> pnpm run build
