$ npm pack <repository-root>/packages/component-contracts --json --pack-destination <repository-root>/artifacts/product-reality/sprint-187/m03/live-attempt-1/submitted-packages/tarballs
exitCode=0
signal=

[stdout]

> @oods/component-contracts@0.1.0 build <repository-root>/packages/component-contracts
> rimraf dist && tsup --config tsup.config.ts

CLI Building entry: src/index.ts
CLI Using tsconfig: tsconfig.json
CLI tsup v8.5.0
CLI Using tsup config: <repository-root>/packages/component-contracts/tsup.config.ts
CLI Target: es2022
CLI Cleaning output folder
ESM Build start
CJS Build start
CJS dist/index.cjs 346.92 KB
CJS ⚡️ Build success in 611ms
ESM dist/index.js 346.23 KB
ESM ⚡️ Build success in 614ms
DTS Build start
DTS ⚡️ Build success in 4340ms
DTS dist/index.d.ts  9.79 KB
DTS dist/index.d.cts 9.79 KB
[
  {
    "id": "@oods/component-contracts@0.1.0",
    "name": "@oods/component-contracts",
    "version": "0.1.0",
    "size": 86278,
    "unpackedSize": 1525227,
    "shasum": "46ec83c11deec68cf5b92eb1320a81457c9a23e7",
    "integrity": "sha512-30ANlE+hxat4FfPRS/ecRBJESfPMNckLJNgeXcqTxMEC2q7l5LBIHDfqHyAjd5cwu4kDOac9FXbpA+Jt+r7TCw==",
    "filename": "oods-component-contracts-0.1.0.tgz",
    "files": [
      {
        "path": "dist/index.cjs",
        "size": 355247,
        "mode": 420
      },
      {
        "path": "dist/index.d.cts",
        "size": 10026,
        "mode": 420
      },
      {
        "path": "dist/index.d.ts",
        "size": 10026,
        "mode": 420
      },
      {
        "path": "dist/index.js",
        "size": 354544,
        "mode": 420
      },
      {
        "path": "package.json",
        "size": 1269,
        "mode": 420
      },
      {
        "path": "registry/component-capability-baseline.v1.json",
        "size": 162580,
        "mode": 420
      },
      {
        "path": "registry/component-capability-closeout.s182.v1.json",
        "size": 255063,
        "mode": 420
      },
      {
        "path": "registry/component-capability-foundation-v1.s182.v1.json",
        "size": 259610,
        "mode": 420
      },
      {
        "path": "registry/component-intake.v1.json",
        "size": 67627,
        "mode": 420
      },
      {
        "path": "registry/component-reconciliation.proposed.v1.json",
        "size": 49235,
        "mode": 420
      }
    ],
    "entryCount": 10,
    "bundled": []
  }
]

[stderr]
npm warn Unknown project config "link-workspace-packages". This will stop working in the next major version of npm.

> @oods/component-contracts@0.1.0 prepack
> pnpm run build
