[
  {
    "brand": "A",
    "theme": "light",
    "referenced": 191,
    "tokenDefined": 45,
    "local": 57,
    "unresolved": 89,
    "unresolvedColourRoles": 3,
    "reachableSystemColourFallbacks": 61,
    "nonColourUnresolved": 48,
    "unguardedDefinitions": {
      "--radius-md": false,
      "--space-2": false,
      "--space-3": false,
      "--sys-focus-ring": false,
      "--sys-surface-default": false,
      "--sys-text-subtle": false
    }
  },
  {
    "brand": "A",
    "theme": "dark",
    "referenced": 191,
    "tokenDefined": 45,
    "local": 57,
    "unresolved": 89,
    "unresolvedColourRoles": 3,
    "reachableSystemColourFallbacks": 61,
    "nonColourUnresolved": 48,
    "unguardedDefinitions": {
      "--radius-md": false,
      "--space-2": false,
      "--space-3": false,
      "--sys-focus-ring": false,
      "--sys-surface-default": false,
      "--sys-text-subtle": false
    }
  },
  {
    "brand": "A",
    "theme": "hc",
    "referenced": 191,
    "tokenDefined": 45,
    "local": 57,
    "unresolved": 89,
    "unresolvedColourRoles": 3,
    "reachableSystemColourFallbacks": 61,
    "nonColourUnresolved": 48,
    "unguardedDefinitions": {
      "--radius-md": false,
      "--space-2": false,
      "--space-3": false,
      "--sys-focus-ring": false,
      "--sys-surface-default": false,
      "--sys-text-subtle": false
    }
  },
  {
    "brand": "B",
    "theme": "light",
    "referenced": 191,
    "tokenDefined": 45,
    "local": 57,
    "unresolved": 89,
    "unresolvedColourRoles": 3,
    "reachableSystemColourFallbacks": 61,
    "nonColourUnresolved": 48,
    "unguardedDefinitions": {
      "--radius-md": false,
      "--space-2": false,
      "--space-3": false,
      "--sys-focus-ring": false,
      "--sys-surface-default": false,
      "--sys-text-subtle": false
    }
  },
  {
    "brand": "B",
    "theme": "dark",
    "referenced": 191,
    "tokenDefined": 45,
    "local": 57,
    "unresolved": 89,
    "unresolvedColourRoles": 3,
    "reachableSystemColourFallbacks": 61,
    "nonColourUnresolved": 48,
    "unguardedDefinitions": {
      "--radius-md": false,
      "--space-2": false,
      "--space-3": false,
      "--sys-focus-ring": false,
      "--sys-surface-default": false,
      "--sys-text-subtle": false
    }
  },
  {
    "brand": "B",
    "theme": "hc",
    "referenced": 191,
    "tokenDefined": 45,
    "local": 57,
    "unresolved": 89,
    "unresolvedColourRoles": 3,
    "reachableSystemColourFallbacks": 61,
    "nonColourUnresolved": 48,
    "unguardedDefinitions": {
      "--radius-md": false,
      "--space-2": false,
      "--space-3": false,
      "--sys-focus-ring": false,
      "--sys-surface-default": false,
      "--sys-text-subtle": false
    }
  }
]
