$ npm pack <repository-root>/packages/components-react --json --pack-destination <repository-root>/artifacts/product-reality/sprint-193/m07/runtime/submitted-packages/tarballs
exitCode=0
signal=

[stdout]

> @oods/components-react@0.1.0 build <repository-root>/packages/components-react
> rimraf dist && tsup --config tsup.config.ts

CLI Building entry: src/index.ts, src/ported.tsx, src/status.ts, src/table.tsx, src/types.ts
CLI Using tsconfig: tsconfig.json
CLI tsup v8.5.0
CLI Using tsup config: <repository-root>/packages/components-react/tsup.config.ts
CLI Target: es2022
CLI Cleaning output folder
ESM Build start
CJS Build start
DTS Build start
CJS dist/status.cjs 11.08 KB
CJS dist/types.cjs  15.00 B
CJS dist/index.cjs  153.12 KB
CJS dist/ported.cjs 52.76 KB
CJS dist/table.cjs  17.07 KB
CJS ⚡️ Build success in 191ms
ESM dist/status.js         171.00 B
ESM dist/ported.js         192.00 B
ESM dist/chunk-YCI5AEWL.js 6.37 KB
ESM dist/table.js          149.00 B
ESM dist/types.js          1.00 B
ESM dist/chunk-G74PKSW3.js 10.89 KB
ESM dist/chunk-XMIP5ZGO.js 40.39 KB
ESM dist/index.js          87.14 KB
ESM ⚡️ Build success in 192ms
DTS ⚡️ Build success in 1991ms
DTS dist/index.d.ts   21.31 KB
DTS dist/ported.d.ts  7.12 KB
DTS dist/status.d.ts  1.39 KB
DTS dist/table.d.ts   1.06 KB
DTS dist/types.d.ts   23.79 KB
DTS dist/index.d.cts  21.31 KB
DTS dist/ported.d.cts 7.12 KB
DTS dist/status.d.cts 1.39 KB
DTS dist/table.d.cts  1.07 KB
DTS dist/types.d.cts  23.79 KB
[
  {
    "id": "@oods/components-react@0.1.0",
    "name": "@oods/components-react",
    "version": "0.1.0",
    "size": 95069,
    "unpackedSize": 751854,
    "shasum": "41e325cf204ecfe47ef2fa5b44e98baec6cbf813",
    "integrity": "sha512-d0NxNhgprkEakuMKEyMt1aLkwgci8DpwvZt9MHCrFP3u2uSED0G1CDUSvATjL6HMBzWGppk7SEGgGYF/fLEAeg==",
    "filename": "oods-components-react-0.1.0.tgz",
    "files": [
      {
        "path": "dist/chunk-G74PKSW3.js",
        "size": 11149,
        "mode": 420
      },
      {
        "path": "dist/chunk-XMIP5ZGO.js",
        "size": 41361,
        "mode": 420
      },
      {
        "path": "dist/chunk-YCI5AEWL.js",
        "size": 6526,
        "mode": 420
      },
      {
        "path": "dist/index.cjs",
        "size": 156796,
        "mode": 420
      },
      {
        "path": "dist/index.d.cts",
        "size": 21822,
        "mode": 420
      },
      {
        "path": "dist/index.d.ts",
        "size": 21818,
        "mode": 420
      },
      {
        "path": "dist/index.js",
        "size": 89232,
        "mode": 420
      },
      {
        "path": "dist/ported.cjs",
        "size": 54025,
        "mode": 420
      },
      {
        "path": "dist/ported.d.cts",
        "size": 7290,
        "mode": 420
      },
      {
        "path": "dist/ported.d.ts",
        "size": 7289,
        "mode": 420
      },
      {
        "path": "dist/ported.js",
        "size": 192,
        "mode": 420
      },
      {
        "path": "dist/status.cjs",
        "size": 11349,
        "mode": 420
      },
      {
        "path": "dist/status.d.cts",
        "size": 1426,
        "mode": 420
      },
      {
        "path": "dist/status.d.ts",
        "size": 1425,
        "mode": 420
      },
      {
        "path": "dist/status.js",
        "size": 171,
        "mode": 420
      },
      {
        "path": "dist/table.cjs",
        "size": 17476,
        "mode": 420
      },
      {
        "path": "dist/table.d.cts",
        "size": 1091,
        "mode": 420
      },
      {
        "path": "dist/table.d.ts",
        "size": 1090,
        "mode": 420
      },
      {
        "path": "dist/table.js",
        "size": 149,
        "mode": 420
      },
      {
        "path": "dist/types.cjs",
        "size": 15,
        "mode": 420
      },
      {
        "path": "dist/types.d.cts",
        "size": 24366,
        "mode": 420
      },
      {
        "path": "dist/types.d.ts",
        "size": 24366,
        "mode": 420
      },
      {
        "path": "dist/types.js",
        "size": 1,
        "mode": 420
      },
      {
        "path": "evidence/react-ported-readiness.v1.json",
        "size": 7937,
        "mode": 420
      },
      {
        "path": "evidence/react-readiness.v1.json",
        "size": 241397,
        "mode": 420
      },
      {
        "path": "package.json",
        "size": 2095,
        "mode": 420
      }
    ],
    "entryCount": 26,
    "bundled": []
  }
]

[stderr]
npm warn Unknown project config "link-workspace-packages". This will stop working in the next major version of npm.

> @oods/components-react@0.1.0 prepack
> pnpm run build

Generated an empty chunk: "types".
Generated an empty chunk: "types".
