{
  "sourceHead": "25830723e15b5fd8f237b62949acfe7c3379cc49",
  "objects": [
    {
      "object": "organization",
      "sourceHead": "6112c3797f92d8a2bcccd8d65afb119fb03770d0",
      "packedGates": 16,
      "flowExecutions": 6,
      "craftScreenshots": 96,
      "ordinaryScreenshots": 24,
      "stateObservations": 32,
      "browserErrors": 0,
      "overflow": 0,
      "textOrValueDifferences": 0,
      "archiveAndCancellation": "Not declared by this object. Edit/Save, address update/readback and timeline navigation executed; no archive or cancellation claim."
    },
    {
      "object": "user",
      "sourceHead": "6112c3797f92d8a2bcccd8d65afb119fb03770d0",
      "packedGates": 16,
      "flowExecutions": 6,
      "craftScreenshots": 96,
      "ordinaryScreenshots": 24,
      "stateObservations": 32,
      "browserErrors": 0,
      "overflow": 0,
      "textOrValueDifferences": 0,
      "archiveAndCancellation": "Not declared by this object. Edit/Save, address update/readback and timeline navigation executed; no archive or cancellation claim."
    },
    {
      "object": "subscription",
      "sourceHead": "25830723e15b5fd8f237b62949acfe7c3379cc49",
      "packedGates": 16,
      "flowExecutions": 6,
      "craftScreenshots": 120,
      "ordinaryScreenshots": 36,
      "stateObservations": 32,
      "browserErrors": 0,
      "overflow": 0,
      "textOrValueDifferences": 0,
      "archiveAndCancellation": "Executed: Active/Archived and on-demand cancellation."
    }
  ],
  "subscriptionComparisons": 36
}
