{
  "isolation": {
    "outsidePnpmWorkspace": true,
    "freshNodeModules": true,
    "emptyVerifierOwnedNpmConfiguration": true,
    "installScripts": false,
    "localPackagesFromBuiltTarballsOnly": true,
    "workspaceAliases": false,
    "workspaceSymlinks": false,
    "repositorySourceImports": false,
    "inheritedNodeModules": false,
    "allResolvedPathsOutsideRepository": true,
    "installed": [
      {
        "name": "@oods/tokens",
        "version": "0.1.0",
        "consumerRelative": "node_modules/@oods/tokens"
      },
      {
        "name": "@oods/component-contracts",
        "version": "0.1.0",
        "consumerRelative": "node_modules/@oods/component-contracts"
      },
      {
        "name": "@oods/component-styles",
        "version": "0.1.0",
        "consumerRelative": "node_modules/@oods/component-styles"
      },
      {
        "name": "@oods/components-vue",
        "version": "0.1.0",
        "consumerRelative": "node_modules/@oods/components-vue"
      }
    ]
  },
  "localTarballs": [
    {
      "name": "@oods/tokens",
      "version": "0.1.0",
      "installSpec": "file:./tarballs/oods-tokens-0.1.0.tgz",
      "sha256": "sha256:6fd4d0e57cc9e2f78dd6702d59d53227adc8cb88ed79f1192bafd199f4172940",
      "bytes": 179829
    },
    {
      "name": "@oods/component-contracts",
      "version": "0.1.0",
      "installSpec": "file:./tarballs/oods-component-contracts-0.1.0.tgz",
      "sha256": "sha256:6cb661061088bc434d1b305b33dabd21bbf763e13e2dcf41aa573a608bb59f71",
      "bytes": 80342
    },
    {
      "name": "@oods/component-styles",
      "version": "0.1.0",
      "installSpec": "file:./tarballs/oods-component-styles-0.1.0.tgz",
      "sha256": "sha256:3f3fea4af73dfd9dc90c1c2f47304773bd1aa7c15769d2357804d74bacaaffe1",
      "bytes": 8675
    },
    {
      "name": "@oods/components-vue",
      "version": "0.1.0",
      "installSpec": "file:./tarballs/oods-components-vue-0.1.0.tgz",
      "sha256": "sha256:7ab657867dad0ede49c26c920bb823041bd3dc513fccd01468daa3fc1328abb0",
      "bytes": 57935
    }
  ],
  "resolutions": [
    {
      "specifier": "@oods/component-styles/css",
      "consumerRelative": "node_modules/@oods/component-styles/dist/components.css"
    },
    {
      "specifier": "@oods/components-vue",
      "consumerRelative": "node_modules/@oods/components-vue/dist/index.js"
    },
    {
      "specifier": "@vitejs/plugin-vue",
      "consumerRelative": "node_modules/@vitejs/plugin-vue/dist/index.mjs"
    },
    {
      "specifier": "@vue/server-renderer",
      "consumerRelative": "node_modules/@vue/server-renderer/index.js"
    },
    {
      "specifier": "vite",
      "consumerRelative": "node_modules/vite/dist/node/index.js"
    },
    {
      "specifier": "vue",
      "consumerRelative": "node_modules/vue/index.mjs"
    }
  ]
}
