$ npm pack <package-source-root>/packages/component-contracts --json --pack-destination <package-source-root>/artifacts/product-reality/sprint-199/m01/apps/submitted-packages/tarballs
exitCode=0
signal=

[stdout]

> @oods/component-contracts@0.1.0 build <package-source-root>/packages/component-contracts
> rimraf dist && tsup --config tsup.config.ts

CLI Building entry: src/index.ts
CLI Using tsconfig: tsconfig.json
CLI tsup v8.5.0
CLI Using tsup config: <package-source-root>/packages/component-contracts/tsup.config.ts
CLI Target: es2022
CLI Cleaning output folder
ESM Build start
CJS Build start
DTS Build start
ESM dist/index.js 897.39 KB
ESM ⚡️ Build success in 303ms
CJS dist/index.cjs 899.21 KB
CJS ⚡️ Build success in 303ms
DTS ⚡️ Build success in 1370ms
DTS dist/index.d.ts  108.15 KB
DTS dist/index.d.cts 108.15 KB
[
  {
    "id": "@oods/component-contracts@0.1.0",
    "name": "@oods/component-contracts",
    "version": "0.1.0",
    "size": 199834,
    "unpackedSize": 3639825,
    "shasum": "23e9d409cda6d2e1b21bcfa2ea5b256dbe5b539a",
    "integrity": "sha512-vjTv2r4AgvocV3lTlENX6JSU+xR4b0WQMzXUE86Fgeqg0gL187KmnuAaMivDGzhr3QM1dgXyCBh2mrMMTf+ikw==",
    "filename": "oods-component-contracts-0.1.0.tgz",
    "files": [
      {
        "path": "dist/index.cjs",
        "size": 920791,
        "mode": 420
      },
      {
        "path": "dist/index.d.cts",
        "size": 110745,
        "mode": 420
      },
      {
        "path": "dist/index.d.ts",
        "size": 110745,
        "mode": 420
      },
      {
        "path": "dist/index.js",
        "size": 918923,
        "mode": 420
      },
      {
        "path": "package.json",
        "size": 1267,
        "mode": 420
      },
      {
        "path": "registry/component-capability-baseline.v1.json",
        "size": 172138,
        "mode": 420
      },
      {
        "path": "registry/component-capability-closeout.s182.v1.json",
        "size": 255063,
        "mode": 420
      },
      {
        "path": "registry/component-capability-foundation-v1.s182.v1.json",
        "size": 259610,
        "mode": 420
      },
      {
        "path": "registry/component-capability-ledger.v1.json",
        "size": 483655,
        "mode": 420
      },
      {
        "path": "registry/component-intake.v1.json",
        "size": 67627,
        "mode": 420
      },
      {
        "path": "registry/component-obligation-scope.v1.json",
        "size": 234,
        "mode": 420
      },
      {
        "path": "registry/component-reconciliation.proposed.v1.json",
        "size": 49235,
        "mode": 420
      },
      {
        "path": "registry/component-reconciliation.proposed.v2.json",
        "size": 117654,
        "mode": 420
      },
      {
        "path": "registry/historical/component-capability-baseline.v1.json",
        "size": 172138,
        "mode": 420
      }
    ],
    "entryCount": 14,
    "bundled": []
  }
]

[stderr]
npm warn Unknown project config "link-workspace-packages". This will stop working in the next major version of npm.

> @oods/component-contracts@0.1.0 prepack
> pnpm run build
