$ npm pack --json --pack-destination <artifact-root>/package-foundations/tarballs/run-2/oods-components-react
exitCode=0
signal=

[stdout]

> @oods/components-react@0.1.0 build /private/var/folders/gd/rty3217130vdbr9_q713nvg80000gn/T/oods-s182-final-gates-dx9jUk/checkouts/b12-missing-root-export/packages/components-react
> rimraf dist && tsup --config tsup.config.ts

CLI Building entry: src/index.ts, src/status.ts, src/table.tsx, src/types.ts
CLI Using tsconfig: tsconfig.json
CLI tsup v8.5.0
CLI Using tsup config: /private/var/folders/gd/rty3217130vdbr9_q713nvg80000gn/T/oods-s182-final-gates-dx9jUk/checkouts/b12-missing-root-export/packages/components-react/tsup.config.ts
CLI Target: es2022
CLI Cleaning output folder
ESM Build start
CJS Build start
CJS dist/table.cjs  16.84 KB
CJS dist/types.cjs  15.00 B
CJS dist/index.cjs  47.79 KB
CJS dist/status.cjs 11.06 KB
CJS ⚡️ Build success in 88ms
ESM dist/status.js         171.00 B
ESM dist/table.js          149.00 B
ESM dist/index.js          29.69 KB
ESM dist/types.js          1.00 B
ESM dist/chunk-FL4HFW57.js 6.17 KB
ESM dist/chunk-54KQYKOO.js 10.87 KB
ESM ⚡️ Build success in 88ms
DTS Build start
DTS ⚡️ Build success in 1390ms
DTS dist/index.d.ts   2.23 KB
DTS dist/status.d.ts  1.39 KB
DTS dist/table.d.ts   1.06 KB
DTS dist/types.d.ts   8.90 KB
DTS dist/index.d.cts  2.24 KB
DTS dist/status.d.cts 1.39 KB
DTS dist/table.d.cts  1.07 KB
DTS dist/types.d.cts  8.90 KB
[
  {
    "id": "@oods/components-react@0.1.0",
    "name": "@oods/components-react",
    "version": "0.1.0",
    "size": 28738,
    "unpackedSize": 172289,
    "shasum": "36299d68a9cac856c452658663b13db895ad7500",
    "integrity": "sha512-JURswzWHQ3pirbJXD9wHz8oXOkD1CEr6cHEl9VAcG7UHaklpEcNxx7afGWB7dj3Ixv8+By8UoSxPilDu4cLf3g==",
    "filename": "oods-components-react-0.1.0.tgz",
    "files": [
      {
        "path": "dist/chunk-54KQYKOO.js",
        "size": 11126,
        "mode": 420
      },
      {
        "path": "dist/chunk-FL4HFW57.js",
        "size": 6314,
        "mode": 420
      },
      {
        "path": "dist/index.cjs",
        "size": 48941,
        "mode": 420
      },
      {
        "path": "dist/index.d.cts",
        "size": 2291,
        "mode": 420
      },
      {
        "path": "dist/index.d.ts",
        "size": 2288,
        "mode": 420
      },
      {
        "path": "dist/index.js",
        "size": 30398,
        "mode": 420
      },
      {
        "path": "dist/status.cjs",
        "size": 11326,
        "mode": 420
      },
      {
        "path": "dist/status.d.cts",
        "size": 1426,
        "mode": 420
      },
      {
        "path": "dist/status.d.ts",
        "size": 1425,
        "mode": 420
      },
      {
        "path": "dist/status.js",
        "size": 171,
        "mode": 420
      },
      {
        "path": "dist/table.cjs",
        "size": 17242,
        "mode": 420
      },
      {
        "path": "dist/table.d.cts",
        "size": 1091,
        "mode": 420
      },
      {
        "path": "dist/table.d.ts",
        "size": 1090,
        "mode": 420
      },
      {
        "path": "dist/table.js",
        "size": 149,
        "mode": 420
      },
      {
        "path": "dist/types.cjs",
        "size": 15,
        "mode": 420
      },
      {
        "path": "dist/types.d.cts",
        "size": 9118,
        "mode": 420
      },
      {
        "path": "dist/types.d.ts",
        "size": 9118,
        "mode": 420
      },
      {
        "path": "dist/types.js",
        "size": 1,
        "mode": 420
      },
      {
        "path": "evidence/react-readiness.v1.json",
        "size": 17010,
        "mode": 420
      },
      {
        "path": "package.json",
        "size": 1749,
        "mode": 420
      }
    ],
    "entryCount": 20,
    "bundled": []
  }
]

[stderr]

> @oods/components-react@0.1.0 prepack
> pnpm run build

Generated an empty chunk: "types".
Generated an empty chunk: "types".
