$ npm pack --json --pack-destination <artifact-root>/package-foundations/tarballs/run-2/oods-component-styles
exitCode=0
signal=

[stdout]

> @oods/component-styles@0.1.0 build /private/var/folders/gd/rty3217130vdbr9_q713nvg80000gn/T/oods-s182-m04-gates-6yMdGH/checkouts/b12-missing-root-export/packages/component-styles
> rimraf dist && tsup --config tsup.config.ts && node scripts/copy-css.mjs

CLI Building entry: src/index.ts
CLI Using tsconfig: tsconfig.json
CLI tsup v8.5.0
CLI Using tsup config: /private/var/folders/gd/rty3217130vdbr9_q713nvg80000gn/T/oods-s182-m04-gates-6yMdGH/checkouts/b12-missing-root-export/packages/component-styles/tsup.config.ts
CLI Target: es2022
ESM Build start
CJS Build start
ESM dist/index.js 658.00 B
ESM ⚡️ Build success in 25ms
CJS dist/index.cjs 803.00 B
CJS ⚡️ Build success in 25ms
DTS Build start
DTS ⚡️ Build success in 795ms
DTS dist/index.d.ts  814.00 B
DTS dist/index.d.cts 814.00 B
[
  {
    "id": "@oods/component-styles@0.1.0",
    "name": "@oods/component-styles",
    "version": "0.1.0",
    "size": 3946,
    "unpackedSize": 19592,
    "shasum": "feeaebad1bd07ede2789b06e73dd6bbc4b264796",
    "integrity": "sha512-8C2uYTl45hK0gs45DEEayF66x6t5aW34EA7GW29BcEXeADOlkoiAbe9ufsu8ppAMxDpXyejVueCq+rebEr65cQ==",
    "filename": "oods-component-styles-0.1.0.tgz",
    "files": [
      {
        "path": "dist/components.css",
        "size": 15429,
        "mode": 420
      },
      {
        "path": "dist/index.cjs",
        "size": 803,
        "mode": 420
      },
      {
        "path": "dist/index.d.cts",
        "size": 814,
        "mode": 420
      },
      {
        "path": "dist/index.d.ts",
        "size": 814,
        "mode": 420
      },
      {
        "path": "dist/index.js",
        "size": 658,
        "mode": 420
      },
      {
        "path": "package.json",
        "size": 1074,
        "mode": 420
      }
    ],
    "entryCount": 6,
    "bundled": []
  }
]

[stderr]

> @oods/component-styles@0.1.0 prepack
> pnpm run build
