{
  "isolation": {
    "outsidePnpmWorkspace": true,
    "freshNodeModules": true,
    "emptyVerifierOwnedNpmConfiguration": true,
    "installScripts": false,
    "localPackagesFromBuiltTarballsOnly": true,
    "workspaceAliases": false,
    "workspaceSymlinks": false,
    "repositorySourceImports": false,
    "inheritedNodeModules": false,
    "allResolvedPathsOutsideRepository": true,
    "installed": [
      {
        "name": "@oods/tokens",
        "version": "0.1.0",
        "consumerRelative": "node_modules/@oods/tokens"
      },
      {
        "name": "@oods/component-contracts",
        "version": "0.1.0",
        "consumerRelative": "node_modules/@oods/component-contracts"
      },
      {
        "name": "@oods/component-styles",
        "version": "0.1.0",
        "consumerRelative": "node_modules/@oods/component-styles"
      },
      {
        "name": "@oods/components-react",
        "version": "0.1.0",
        "consumerRelative": "node_modules/@oods/components-react"
      }
    ]
  },
  "localTarballs": [
    {
      "name": "@oods/tokens",
      "version": "0.1.0",
      "installSpec": "file:./tarballs/oods-tokens-0.1.0.tgz",
      "sha256": "sha256:6fd4d0e57cc9e2f78dd6702d59d53227adc8cb88ed79f1192bafd199f4172940",
      "bytes": 179829
    },
    {
      "name": "@oods/component-contracts",
      "version": "0.1.0",
      "installSpec": "file:./tarballs/oods-component-contracts-0.1.0.tgz",
      "sha256": "sha256:7be89fc4328ce4a6b3452b848c5d40cc01520e3daedb928b96aeb399dbca3611",
      "bytes": 90156
    },
    {
      "name": "@oods/component-styles",
      "version": "0.1.0",
      "installSpec": "file:./tarballs/oods-component-styles-0.1.0.tgz",
      "sha256": "sha256:6aa3c1445c8273dd0036875ced3d83fa0ac461313dc97b033ddf4520173c7523",
      "bytes": 10091
    },
    {
      "name": "@oods/components-react",
      "version": "0.1.0",
      "installSpec": "file:./tarballs/oods-components-react-0.1.0.tgz",
      "sha256": "sha256:27337f7fc7af9e3fb48f861513ad80d0ba5db4dd683d7f13b58a77f73a7e2005",
      "bytes": 75630
    }
  ],
  "resolutions": [
    {
      "specifier": "@oods/component-styles/css",
      "consumerRelative": "node_modules/@oods/component-styles/dist/components.css"
    },
    {
      "specifier": "@oods/components-react",
      "consumerRelative": "node_modules/@oods/components-react/dist/index.js"
    },
    {
      "specifier": "react",
      "consumerRelative": "node_modules/react/index.js"
    },
    {
      "specifier": "react-dom/client",
      "consumerRelative": "node_modules/react-dom/client.js"
    },
    {
      "specifier": "react-dom/server",
      "consumerRelative": "node_modules/react-dom/server.node.js"
    },
    {
      "specifier": "vite",
      "consumerRelative": "node_modules/vite/dist/node/index.js"
    }
  ]
}
