$ npm pack <package-source-root>/packages/component-styles --json --pack-destination <package-source-root>/artifacts/product-reality/sprint-203/m06/runtime/submitted-packages/tarballs
exitCode=0
signal=

[stdout]

> @oods/component-styles@0.1.0 build <package-source-root>/packages/component-styles
> rimraf dist && tsup --config tsup.config.ts && node scripts/copy-css.mjs

CLI Building entry: src/index.ts, src/ported.ts
CLI Using tsconfig: tsconfig.json
CLI tsup v8.5.0
CLI Using tsup config: <package-source-root>/packages/component-styles/tsup.config.ts
CLI Target: es2022
ESM Build start
CJS Build start
ESM dist/index.js          143.00 B
ESM dist/chunk-TJGCMVS5.js 2.65 KB
ESM dist/ported.js         513.00 B
ESM ⚡️ Build success in 27ms
CJS dist/index.cjs  2.80 KB
CJS dist/ported.cjs 2.75 KB
CJS ⚡️ Build success in 27ms
DTS Build start
DTS ⚡️ Build success in 1199ms
DTS dist/index.d.ts   2.62 KB
DTS dist/ported.d.ts  500.00 B
DTS dist/index.d.cts  2.62 KB
DTS dist/ported.d.cts 500.00 B
[
  {
    "id": "@oods/component-styles@0.1.0",
    "name": "@oods/component-styles",
    "version": "0.1.0",
    "size": 14783,
    "unpackedSize": 103243,
    "shasum": "5c424f3ba72e0173fa67fc9b4b9acb0d97d7fa55",
    "integrity": "sha512-V4E/clpPSIsUkoitHdMeVQlodF84zgVogEhh8HS0tO5okgDA4R8B30bMCusSM8haMpznXTncsXP+/bAjBvH6Mg==",
    "filename": "oods-component-styles-0.1.0.tgz",
    "files": [
      {
        "path": "dist/chunk-TJGCMVS5.js",
        "size": 2718,
        "mode": 420
      },
      {
        "path": "dist/components-ported.css",
        "size": 6647,
        "mode": 420
      },
      {
        "path": "dist/components.css",
        "size": 73689,
        "mode": 420
      },
      {
        "path": "dist/index.cjs",
        "size": 2863,
        "mode": 420
      },
      {
        "path": "dist/index.d.cts",
        "size": 2682,
        "mode": 420
      },
      {
        "path": "dist/index.d.ts",
        "size": 2682,
        "mode": 420
      },
      {
        "path": "dist/index.js",
        "size": 143,
        "mode": 420
      },
      {
        "path": "dist/ported.cjs",
        "size": 2820,
        "mode": 420
      },
      {
        "path": "dist/ported.d.cts",
        "size": 500,
        "mode": 420
      },
      {
        "path": "dist/ported.d.ts",
        "size": 500,
        "mode": 420
      },
      {
        "path": "dist/ported.js",
        "size": 513,
        "mode": 420
      },
      {
        "path": "dist/statusables.css",
        "size": 6329,
        "mode": 420
      },
      {
        "path": "package.json",
        "size": 1157,
        "mode": 420
      }
    ],
    "entryCount": 13,
    "bundled": []
  }
]

[stderr]
npm warn Unknown project config "link-workspace-packages". This will stop working in the next major version of npm.

> @oods/component-styles@0.1.0 prepack
> pnpm run build
