$ npm pack <repository-root>/packages/components-react --json --pack-destination <repository-root>/artifacts/product-reality/sprint-186/m02/live-consumers/submitted-packages/tarballs
exitCode=0
signal=

[stdout]

> @oods/components-react@0.1.0 build <repository-root>/packages/components-react
> rimraf dist && tsup --config tsup.config.ts

CLI Building entry: src/index.ts, src/ported.tsx, src/status.ts, src/table.tsx, src/types.ts
CLI Using tsconfig: tsconfig.json
CLI tsup v8.5.0
CLI Using tsup config: <repository-root>/packages/components-react/tsup.config.ts
CLI Target: es2022
CLI Cleaning output folder
ESM Build start
CJS Build start
CJS dist/status.cjs 11.06 KB
CJS dist/table.cjs  17.07 KB
CJS dist/ported.cjs 51.91 KB
CJS dist/index.cjs  64.04 KB
CJS dist/types.cjs  15.00 B
CJS ⚡️ Build success in 677ms
ESM dist/chunk-S3UNQPI4.js 19.52 KB
ESM dist/status.js         171.00 B
ESM dist/types.js          1.00 B
ESM dist/chunk-54KQYKOO.js 10.87 KB
ESM dist/index.js          25.44 KB
ESM dist/chunk-EHRZ3ATJ.js 6.37 KB
ESM dist/ported.js         20.33 KB
ESM dist/table.js          149.00 B
ESM ⚡️ Build success in 680ms
DTS Build start
DTS ⚡️ Build success in 11262ms
DTS dist/index.d.ts   4.27 KB
DTS dist/ported.d.ts  7.12 KB
DTS dist/status.d.ts  1.39 KB
DTS dist/table.d.ts   1.06 KB
DTS dist/types.d.ts   13.00 KB
DTS dist/index.d.cts  4.28 KB
DTS dist/ported.d.cts 7.12 KB
DTS dist/status.d.cts 1.39 KB
DTS dist/table.d.cts  1.07 KB
DTS dist/types.d.cts  13.00 KB
[
  {
    "id": "@oods/components-react@0.1.0",
    "name": "@oods/components-react",
    "version": "0.1.0",
    "size": 55091,
    "unpackedSize": 329830,
    "shasum": "687e470267f9476da600d17c4c52001397d1d8e2",
    "integrity": "sha512-wmIC/bC/vfH0rtRprB3wjmobfgOOPNFcH3z2xi4P6MPssL4tQffo9px9u4SXJyKV69se0NOoC2mY/n32CFiyOQ==",
    "filename": "oods-components-react-0.1.0.tgz",
    "files": [
      {
        "path": "dist/chunk-54KQYKOO.js",
        "size": 11126,
        "mode": 420
      },
      {
        "path": "dist/chunk-EHRZ3ATJ.js",
        "size": 6526,
        "mode": 420
      },
      {
        "path": "dist/chunk-S3UNQPI4.js",
        "size": 19993,
        "mode": 420
      },
      {
        "path": "dist/index.cjs",
        "size": 65577,
        "mode": 420
      },
      {
        "path": "dist/index.d.cts",
        "size": 4378,
        "mode": 420
      },
      {
        "path": "dist/index.d.ts",
        "size": 4375,
        "mode": 420
      },
      {
        "path": "dist/index.js",
        "size": 26049,
        "mode": 420
      },
      {
        "path": "dist/ported.cjs",
        "size": 53153,
        "mode": 420
      },
      {
        "path": "dist/ported.d.cts",
        "size": 7290,
        "mode": 420
      },
      {
        "path": "dist/ported.d.ts",
        "size": 7289,
        "mode": 420
      },
      {
        "path": "dist/ported.js",
        "size": 20817,
        "mode": 420
      },
      {
        "path": "dist/status.cjs",
        "size": 11326,
        "mode": 420
      },
      {
        "path": "dist/status.d.cts",
        "size": 1426,
        "mode": 420
      },
      {
        "path": "dist/status.d.ts",
        "size": 1425,
        "mode": 420
      },
      {
        "path": "dist/status.js",
        "size": 171,
        "mode": 420
      },
      {
        "path": "dist/table.cjs",
        "size": 17476,
        "mode": 420
      },
      {
        "path": "dist/table.d.cts",
        "size": 1091,
        "mode": 420
      },
      {
        "path": "dist/table.d.ts",
        "size": 1090,
        "mode": 420
      },
      {
        "path": "dist/table.js",
        "size": 149,
        "mode": 420
      },
      {
        "path": "dist/types.cjs",
        "size": 15,
        "mode": 420
      },
      {
        "path": "dist/types.d.cts",
        "size": 13316,
        "mode": 420
      },
      {
        "path": "dist/types.d.ts",
        "size": 13316,
        "mode": 420
      },
      {
        "path": "dist/types.js",
        "size": 1,
        "mode": 420
      },
      {
        "path": "evidence/react-ported-readiness.v1.json",
        "size": 7937,
        "mode": 420
      },
      {
        "path": "evidence/react-readiness.v1.json",
        "size": 32413,
        "mode": 420
      },
      {
        "path": "package.json",
        "size": 2105,
        "mode": 420
      }
    ],
    "entryCount": 26,
    "bundled": []
  }
]

[stderr]
npm warn Unknown project config "link-workspace-packages". This will stop working in the next major version of npm.

> @oods/components-react@0.1.0 prepack
> pnpm run build

Generated an empty chunk: "types".
Generated an empty chunk: "types".
