$ npm pack <repository-root>/packages/component-contracts --json --pack-destination <repository-root>/artifacts/product-reality/sprint-186/m02/live-consumers/submitted-packages/tarballs
exitCode=0
signal=

[stdout]

> @oods/component-contracts@0.1.0 build <repository-root>/packages/component-contracts
> rimraf dist && tsup --config tsup.config.ts

CLI Building entry: src/index.ts
CLI Using tsconfig: tsconfig.json
CLI tsup v8.5.0
CLI Using tsup config: <repository-root>/packages/component-contracts/tsup.config.ts
CLI Target: es2022
CLI Cleaning output folder
ESM Build start
CJS Build start
CJS dist/index.cjs 292.42 KB
CJS ⚡️ Build success in 881ms
ESM dist/index.js 291.73 KB
ESM ⚡️ Build success in 881ms
DTS Build start
DTS ⚡️ Build success in 6966ms
DTS dist/index.d.ts  8.88 KB
DTS dist/index.d.cts 8.88 KB
[
  {
    "id": "@oods/component-contracts@0.1.0",
    "name": "@oods/component-contracts",
    "version": "0.1.0",
    "size": 68893,
    "unpackedSize": 1395432,
    "shasum": "3bd38d909cd77200897b72383ae17269d77f4105",
    "integrity": "sha512-dLPYG7TwmGQG6B67DhoU4Gs1zI3rDsxal04Z0ppUc8H8dilabe+uCDLvNtDxrA3AjW/37HVMwdI89XYQtQ67wA==",
    "filename": "oods-component-contracts-0.1.0.tgz",
    "files": [
      {
        "path": "dist/index.cjs",
        "size": 299435,
        "mode": 420
      },
      {
        "path": "dist/index.d.cts",
        "size": 9091,
        "mode": 420
      },
      {
        "path": "dist/index.d.ts",
        "size": 9091,
        "mode": 420
      },
      {
        "path": "dist/index.js",
        "size": 298732,
        "mode": 420
      },
      {
        "path": "package.json",
        "size": 1269,
        "mode": 420
      },
      {
        "path": "registry/component-capability-baseline.v1.json",
        "size": 146279,
        "mode": 420
      },
      {
        "path": "registry/component-capability-closeout.s182.v1.json",
        "size": 255063,
        "mode": 420
      },
      {
        "path": "registry/component-capability-foundation-v1.s182.v1.json",
        "size": 259610,
        "mode": 420
      },
      {
        "path": "registry/component-intake.v1.json",
        "size": 67627,
        "mode": 420
      },
      {
        "path": "registry/component-reconciliation.proposed.v1.json",
        "size": 49235,
        "mode": 420
      }
    ],
    "entryCount": 10,
    "bundled": []
  }
]

[stderr]
npm warn Unknown project config "link-workspace-packages". This will stop working in the next major version of npm.

> @oods/component-contracts@0.1.0 prepack
> pnpm run build
