$ <differential-worktree>/node_modules/.bin/tsx scripts/product-reality/s184-m06-evidence-controls.ts --generation-snapshot
exitCode=0
signal=

[stdout]
{
  "kind": "s184-m06-live-code-generate-snapshot",
  "acquisition": "live-code.generate-handler",
  "cells": [
    {
      "schema": "subscription-list-dark",
      "framework": "react",
      "status": "ok",
      "codeSha256": "sha256:595eb66a9d0ccca00491d85e1af01ac636681ac7360c73f7cef54b634361b733",
      "codeBytes": 9953,
      "artifactContentHash": "sha256:d6a14d70a8e9277abc688ce7cfed79a2b756703fae24a2c516c05b4053bd5329",
      "artifactFileSha256": "sha256:595eb66a9d0ccca00491d85e1af01ac636681ac7360c73f7cef54b634361b733"
    },
    {
      "schema": "subscription-list-dark",
      "framework": "vue",
      "status": "ok",
      "codeSha256": "sha256:014ad8987c4602b970532489ff92b160c028be30fadfe2de3303da3434ff0fb0",
      "codeBytes": 9122,
      "artifactContentHash": "sha256:72f605113a16c100ade111a917843150ae7a987fa1d5bffb2830ee459e7a4fb3",
      "artifactFileSha256": "sha256:014ad8987c4602b970532489ff92b160c028be30fadfe2de3303da3434ff0fb0"
    },
    {
      "schema": "subscription-detail-dark",
      "framework": "react",
      "status": "ok",
      "codeSha256": "sha256:7cf377b7bc8fa87d4d42d19aa70186ad28c8aabf7076c9dbccc1338a08bf5a32",
      "codeBytes": 13067,
      "artifactContentHash": "sha256:35c793bc1700e757e8600f9c7fcab412f83dd63844c78440250dae1ba70bf39b",
      "artifactFileSha256": "sha256:7cf377b7bc8fa87d4d42d19aa70186ad28c8aabf7076c9dbccc1338a08bf5a32"
    },
    {
      "schema": "subscription-detail-dark",
      "framework": "vue",
      "status": "ok",
      "codeSha256": "sha256:65562ed0d81d093f1152bc58072e434b0fe009bad1f2817bf37e614e1b37b000",
      "codeBytes": 12623,
      "artifactContentHash": "sha256:9d9ab09626bef408bea4a713a7b03b489a077dff1704823c699f33db6027dcaf",
      "artifactFileSha256": "sha256:65562ed0d81d093f1152bc58072e434b0fe009bad1f2817bf37e614e1b37b000"
    }
  ],
  "snapshotSha256": "sha256:b2b2dae0ce2b09e35e745314cbf4ed900790246bd1e413ba76f534fd807ca306"
}

[stderr]
