{
  "implementationCommit": "b17b0df8f5a56e66ba15716cfa5754641b176a13",
  "buildLocation": "<differential-worktree>",
  "rootDistMutated": false,
  "readinessBoundary": [
    {
      "framework": "react",
      "packageName": "@oods/components-react",
      "declarations": [
        {
          "path": "packages/components-react/dist/index.d.ts",
          "bytes": 2288,
          "sha256": "sha256:672ff53eeba027cb16c0e618f938096944cf757a86dad16867380cc169c0a594"
        },
        {
          "path": "packages/components-react/dist/ported.d.ts",
          "bytes": 7289,
          "sha256": "sha256:9061c569c47aa40c7b247fdd5c33edcc4d0335a8dee668e862385c3a4dc6fdbc"
        }
      ]
    },
    {
      "framework": "vue",
      "packageName": "@oods/components-vue",
      "declarations": [
        {
          "path": "packages/components-vue/dist/index.d.ts",
          "bytes": 24686,
          "sha256": "sha256:a3300d23e17e3b1915f7d1382eeebe773aa32ddc1f8b7534a066f4c5eea58723"
        },
        {
          "path": "packages/components-vue/dist/ported.d.ts",
          "bytes": 21165,
          "sha256": "sha256:07c4e9868fc05e81942e74ae829fbe852f99f490aef26ec476306eb581adafeb"
        }
      ]
    }
  ]
}
