$ <differential-worktree>/node_modules/.bin/tsx scripts/product-reality/s184-m06-evidence-controls.ts --generation-snapshot
exitCode=0
signal=

[stdout]
{
  "kind": "s184-m06-live-code-generate-snapshot",
  "acquisition": "live-code.generate-handler",
  "cells": [
    {
      "schema": "subscription-list-dark",
      "framework": "react",
      "status": "ok",
      "codeSha256": "sha256:5b1a2a85b33db57f247bee0cfd3b642917dd40f597e51c2ab01544777e10f15b",
      "codeBytes": 9943,
      "artifactContentHash": "sha256:4ddbb51d8e8a3fbc02b2b6e4ee89356eed4face6d5eaeeb92069992a12da1c30",
      "artifactFileSha256": "sha256:5b1a2a85b33db57f247bee0cfd3b642917dd40f597e51c2ab01544777e10f15b"
    },
    {
      "schema": "subscription-list-dark",
      "framework": "vue",
      "status": "ok",
      "codeSha256": "sha256:014ad8987c4602b970532489ff92b160c028be30fadfe2de3303da3434ff0fb0",
      "codeBytes": 9122,
      "artifactContentHash": "sha256:72f605113a16c100ade111a917843150ae7a987fa1d5bffb2830ee459e7a4fb3",
      "artifactFileSha256": "sha256:014ad8987c4602b970532489ff92b160c028be30fadfe2de3303da3434ff0fb0"
    },
    {
      "schema": "subscription-detail-dark",
      "framework": "react",
      "status": "ok",
      "codeSha256": "sha256:8ffd3258ea5f91594a9f52606a5d48065c2dc53726907c15ca007457e2e6ce94",
      "codeBytes": 13057,
      "artifactContentHash": "sha256:789bb394ca6be67dc302d839fbae1d695fd70bb0a4a2413b36b496b4b92a8876",
      "artifactFileSha256": "sha256:8ffd3258ea5f91594a9f52606a5d48065c2dc53726907c15ca007457e2e6ce94"
    },
    {
      "schema": "subscription-detail-dark",
      "framework": "vue",
      "status": "ok",
      "codeSha256": "sha256:65562ed0d81d093f1152bc58072e434b0fe009bad1f2817bf37e614e1b37b000",
      "codeBytes": 12623,
      "artifactContentHash": "sha256:9d9ab09626bef408bea4a713a7b03b489a077dff1704823c699f33db6027dcaf",
      "artifactFileSha256": "sha256:65562ed0d81d093f1152bc58072e434b0fe009bad1f2817bf37e614e1b37b000"
    }
  ],
  "snapshotSha256": "sha256:330eb1c7daccea626d6cfede53855052c2e52da996653656d4c4091866e8403e"
}

[stderr]
