Cluster/workflow/react pass
Article/workflow/react pass
Collection/workflow/react pass
Decision/workflow/react pass
Evidence/workflow/react pass
Document/workflow/react pass
Media/workflow/react pass
Invoice/workflow/react pass
Person/workflow/react pass
Mission/workflow/react pass
Plan/workflow/react pass
Organization/workflow/react pass
Product/workflow/react pass
Project/workflow/react pass
Report/workflow/react pass
Relationship/workflow/react pass
Sprint/workflow/react fail: react typecheck failed (2)

> sprint-workflow-react@1.0.0 typecheck
> tsc --noEmit --pretty false

src/screens/Detail.tsx(145,121): error TS2322: Type '{ children: Element[]; id: string; "data-oods-component": string; "data-layout": string; fields: string[]; patternComponent: string; style: { display: "flex"; flexDirection: "column"; gap: string; }; }' is not assignable to type 'IntrinsicAttributes & StackProps & RefAttributes<HTMLDivElement>'.
  Property 'fields' does not exist on type 'IntrinsicAttributes & StackProps & RefAttributes<HTMLDivElement>'.

Session/workflow/react pass
Transaction/workflow/react pass
Subscription/workflow/react pass
Article/card/react pass
Article/card/vue pass
Article/detail/react pass
Usage/workflow/react pass
Article/detail/vue pass
Article/form/react pass
Article/form/vue pass
Article/inline/vue pass
Article/inline/react pass
Article/list/react pass
Article/timeline/react pass
Article/list/vue pass
User/workflow/react pass
Chunk/inline/react pass
Article/timeline/vue pass
Chunk/inline/vue pass
Cluster/card/react pass
Cluster/card/vue pass
Cluster/detail/react pass
Cluster/form/react pass
Cluster/detail/vue pass
Cluster/form/vue pass
Cluster/inline/react pass
Cluster/inline/vue pass
Cluster/list/react pass
Cluster/timeline/react pass
Cluster/list/vue pass
Collection/card/react pass
Cluster/timeline/vue pass
Collection/card/vue pass
Collection/detail/react pass
Collection/form/react pass
Collection/detail/vue pass
Collection/form/vue pass
Collection/inline/react pass
Collection/inline/vue pass
Collection/list/react pass
Collection/timeline/react pass
Collection/list/vue pass
Collection/timeline/vue pass
Decision/card/vue pass
Decision/detail/react pass
Decision/detail/vue pass
Decision/form/react pass
Decision/form/vue pass
Decision/inline/react pass
Decision/inline/vue pass
Decision/list/react pass
Decision/list/vue pass
Decision/timeline/react pass
Decision/timeline/vue pass
Document/card/react pass
Document/card/vue pass
Document/detail/react pass
Document/detail/vue pass
Document/form/react pass
Document/form/vue pass
Document/inline/react pass
Document/inline/vue pass
Document/list/react pass
Document/list/vue pass
Document/timeline/react pass
Document/timeline/vue pass
Evidence/card/react pass
Evidence/card/vue pass
Evidence/detail/react pass
Evidence/detail/vue pass
Evidence/form/react pass
Evidence/form/vue pass
Evidence/inline/react pass
Evidence/inline/vue pass
Evidence/list/react pass
Evidence/list/vue pass
Evidence/timeline/react pass
Evidence/timeline/vue pass
Invoice/card/vue pass
Invoice/detail/react pass
Invoice/detail/vue pass
Invoice/form/react pass
Invoice/card/react pass
Invoice/form/vue pass
Invoice/inline/react pass
Invoice/inline/vue pass
Invoice/list/react pass
Invoice/timeline/react pass
Invoice/list/vue pass
Invoice/timeline/vue pass
Media/card/react pass
Media/card/vue pass
Media/detail/react pass
Media/detail/vue pass
Media/form/react pass
Media/form/vue pass
Media/inline/react pass
Media/inline/vue pass
Media/list/react pass
Media/list/vue pass
Media/timeline/react pass
Media/timeline/vue pass
Mission/card/react pass
Mission/card/vue pass
Mission/detail/react pass
Mission/detail/vue pass
Mission/form/react pass
Mission/inline/react pass
Mission/form/vue pass
Mission/inline/vue pass
Mission/timeline/react pass
Mission/list/react pass
Mission/list/vue pass
Organization/card/react pass
Mission/timeline/vue pass
Organization/card/vue pass
Organization/detail/react pass
Organization/detail/vue pass
Organization/form/vue pass
Organization/inline/react pass
Organization/form/react pass
Organization/inline/vue pass
Organization/list/react pass
Organization/list/vue pass
Organization/timeline/react pass
Organization/timeline/vue pass
Person/card/react pass
Person/card/vue pass
Person/detail/react pass
Person/form/react pass
Person/detail/vue pass
Person/inline/react pass
Person/inline/vue pass
Person/form/vue pass
Person/list/react pass
Person/list/vue pass
Person/timeline/react pass
Decision/card/react fail: install failed (1)
spawnSync npm ETIMEDOUT
Person/timeline/vue pass
Plan/card/react pass
Plan/card/vue pass
Plan/detail/vue pass
Plan/detail/react pass
Plan/form/react pass
Plan/form/vue pass
Plan/inline/react pass
Plan/list/react pass
Plan/inline/vue pass
Plan/timeline/react pass
Plan/list/vue pass
Product/card/react pass
Plan/timeline/vue pass
Product/detail/react pass
Product/card/vue pass
Product/detail/vue pass
Product/inline/react pass
Product/form/react pass
Product/form/vue pass
Product/inline/vue pass
Product/list/react pass
Product/timeline/react pass
Product/list/vue pass
Project/card/react pass
Project/card/vue pass
Project/detail/react pass
Product/timeline/vue pass
Project/detail/vue pass
Project/form/react pass
Project/inline/react pass
Project/inline/vue pass
Project/list/react pass
Project/list/vue pass
Project/timeline/react pass
Project/timeline/vue pass
Relationship/card/react pass
Relationship/card/vue pass
Relationship/form/react pass
Relationship/detail/react pass
Relationship/detail/vue pass
Relationship/form/vue pass
Relationship/inline/react pass
Relationship/inline/vue pass
Relationship/list/react pass
Relationship/timeline/react pass
Relationship/list/vue pass
Relationship/timeline/vue pass
Report/card/react pass
Report/card/vue pass
Report/detail/react pass
Report/form/react pass
Report/detail/vue pass
Report/inline/react pass
Report/form/vue pass
Report/inline/vue pass
Report/timeline/react pass
Report/list/vue pass
Session/card/react pass
Report/timeline/vue pass
Session/card/vue pass
Session/detail/react pass
Session/form/react pass
Session/detail/vue pass
Session/inline/react pass
Session/form/vue pass
Session/inline/vue pass
Session/list/react pass
Session/list/vue pass
Session/timeline/react pass
Sprint/card/react pass
Session/timeline/vue pass
Sprint/detail/react fail: typecheck failed (2)
src/GeneratedUI.tsx(139,102): error TS2322: Type '{ children: Element[]; id: string; "data-oods-component": string; "data-layout": string; fields: string[]; patternComponent: string; style: { display: "flex"; flexDirection: "column"; gap: string; }; }' is not assignable to type 'IntrinsicAttributes & StackProps & RefAttributes<HTMLDivElement>'.
  Property 'fields' does not exist on type 'IntrinsicAttributes & StackProps & RefAttributes<HTMLDivElement>'.

Sprint/card/vue pass
Report/list/react fail: install failed (1)
npm error code ERESOLVE
npm error ERESOLVE unable to resolve dependency tree
npm error
npm error While resolving: oods-s184-m06-react-live-consumer@1.0.0
npm error Found: react@undefined
npm error node_modules/react
npm error   react@"19.2.0" from the root project
npm error
npm error Could not resolve dependency:
npm error peer react@">=18 <20" from @oods/components-react@0.1.0
npm error node_modules/@oods/components-react
npm error   @oods/components-react@"file:./tarballs/oods-components-react-0.1.0.tgz" from the root project
npm error
npm error Fix the upstream dependency conflict, or retry
npm error this command with --force or --legacy-peer-deps
npm error to accept an incorrect (and potentially broken) dependency resolution.
npm error
npm error
npm error For a full report see:
npm error /var/folders/gd/rty3217130vdbr9_q713nvg80000gn/T/oods-s193-cell-DBR54l/.npm-cache/_logs/2026-09-16T08_24_56_528Z-eresolve-report.txt
npm error A complete log of this run can be found in: /var/folders/gd/rty3217130vdbr9_q713nvg80000gn/T/oods-s193-cell-DBR54l/.npm-cache/_logs/2026-09-16T08_24_56_528Z-debug-0.log

Sprint/detail/vue pass
Project/form/vue pass
Sprint/form/vue pass
Sprint/form/react pass
Sprint/inline/react pass
Sprint/inline/vue pass
Sprint/list/react pass
Sprint/timeline/react pass
Sprint/list/vue pass
Subscription/card/react pass
Sprint/timeline/vue pass
Subscription/card/vue pass
Subscription/detail/react pass
Subscription/form/react pass
Subscription/detail/vue pass
Subscription/inline/react pass
Subscription/form/vue pass
Subscription/inline/vue pass
Subscription/timeline/react pass
Subscription/list/react pass
Subscription/list/vue pass
Subscription/timeline/vue pass
Transaction/card/react pass
Transaction/detail/react pass
Transaction/card/vue pass
Transaction/form/react pass
Transaction/detail/vue pass
Transaction/inline/react pass
Transaction/form/vue pass
Transaction/inline/vue pass
Transaction/list/react pass
Transaction/timeline/react pass
Transaction/list/vue pass
Usage/card/react pass
Transaction/timeline/vue pass
Usage/card/vue pass
Usage/form/react pass
Usage/form/vue pass
Usage/detail/react pass
Usage/inline/react pass
Usage/detail/vue pass
Usage/inline/vue pass
Usage/list/react pass
Usage/timeline/react pass
Usage/list/vue pass
User/card/react pass
Usage/timeline/vue pass
User/detail/react pass
User/card/vue pass
User/form/react pass
User/detail/vue pass
User/inline/react pass
User/form/vue pass
User/inline/vue pass
User/list/react pass
User/timeline/react pass
User/list/vue pass
User/timeline/vue pass
