{"palette":"after","composition":"Subscription-list-light-A","screenshots":3}
{"palette":"after","composition":"Subscription-list-light-B","screenshots":3}
{"palette":"after","composition":"Subscription-list-dark-A","screenshots":3}
{"palette":"after","composition":"Subscription-list-dark-B","screenshots":3}
{"palette":"after","composition":"Subscription-detail-light-A","screenshots":3}
{"palette":"after","composition":"Subscription-detail-light-B","screenshots":3}
{"palette":"after","composition":"Subscription-detail-dark-A","screenshots":3}
{"palette":"after","composition":"Subscription-detail-dark-B","screenshots":3}
{"palette":"after","composition":"Subscription-form-light-A","screenshots":3}
{"palette":"after","composition":"Subscription-form-light-B","screenshots":3}
{"palette":"after","composition":"Subscription-form-dark-A","screenshots":3}
{"palette":"after","composition":"Subscription-form-dark-B","screenshots":3}
{"palette":"after","composition":"Subscription-timeline-light-A","screenshots":3}
{"palette":"after","composition":"Subscription-timeline-light-B","screenshots":3}
{"palette":"after","composition":"Subscription-timeline-dark-A","screenshots":3}
{"palette":"after","composition":"Subscription-timeline-dark-B","screenshots":3}
{"palette":"after","composition":"Subscription-workflow-light-A","screenshots":3}
{"palette":"after","composition":"Subscription-workflow-light-B","screenshots":3}
{"palette":"after","composition":"Subscription-workflow-dark-A","screenshots":3}
{"palette":"after","composition":"Subscription-workflow-dark-B","screenshots":3}
{"palette":"after","composition":"Organization-detail-light-A","screenshots":3}
{"palette":"after","composition":"Organization-detail-light-B","screenshots":3}
{"palette":"after","composition":"Organization-detail-dark-A","screenshots":3}
{"palette":"after","composition":"Organization-detail-dark-B","screenshots":3}
