[baseline-browser-mapping] The data in this module is over two months old.  To ensure accurate Baseline data, please update: `npm i baseline-browser-mapping@latest -D`
   ▲ Next.js 16.0.10 (webpack)
   - Local:         http://127.0.0.1:61858
   - Network:       http://127.0.0.1:61858

 ✓ Starting...
 ✓ Ready in 1233ms
 GET / 200 in 464ms (compile: 444ms, render: 20ms)
 GET / 200 in 5ms (compile: 1026µs, render: 4ms)
 GET / 200 in 6ms (compile: 1020µs, render: 5ms)
 GET / 200 in 5ms (compile: 1483µs, render: 3ms)
 GET / 200 in 4ms (compile: 713µs, render: 4ms)
 GET / 200 in 4ms (compile: 709µs, render: 3ms)
 GET / 200 in 4ms (compile: 659µs, render: 3ms)
[baseline-browser-mapping] The data in this module is over two months old.  To ensure accurate Baseline data, please update: `npm i baseline-browser-mapping@latest -D`
Browserslist: browsers data (caniuse-lite) is 10 months old. Please run:
  npx update-browserslist-db@latest
  Why you should do it regularly: https://github.com/browserslist/update-db#readme
 GET /evidence?project_id=project-palette 200 in 800ms (compile: 793ms, render: 8ms)
 GET /evidence?project_id=project-palette 200 in 6ms (compile: 1321µs, render: 4ms)
 GET /evidence?project_id=project-palette 200 in 4ms (compile: 798µs, render: 4ms)
 GET /evidence?project_id=project-palette 200 in 4ms (compile: 638µs, render: 4ms)
 GET /evidence?project_id=project-palette 200 in 4ms (compile: 559µs, render: 3ms)
 GET /evidence?project_id=project-palette 200 in 4ms (compile: 630µs, render: 3ms)
 GET /missions/mission-palette 200 in 793ms (compile: 787ms, render: 6ms)
 GET /missions/mission-palette 200 in 8ms (compile: 1364µs, render: 7ms)
 GET /missions/mission-palette 200 in 5ms (compile: 1192µs, render: 4ms)
 GET /missions/mission-palette 200 in 4ms (compile: 828µs, render: 4ms)
 GET /missions/mission-palette 200 in 4ms (compile: 764µs, render: 4ms)
 GET /missions/mission-palette 200 in 5ms (compile: 927µs, render: 4ms)
[baseline-browser-mapping] The data in this module is over two months old.  To ensure accurate Baseline data, please update: `npm i baseline-browser-mapping@latest -D`
[?25h
