[baseline-browser-mapping] The data in this module is over two months old.  To ensure accurate Baseline data, please update: `npm i baseline-browser-mapping@latest -D`
   ▲ Next.js 16.0.10 (webpack)
   - Local:         http://127.0.0.1:61645
   - Network:       http://127.0.0.1:61645

 ✓ Starting...
 ✓ Ready in 4.7s
[baseline-browser-mapping] The data in this module is over two months old.  To ensure accurate Baseline data, please update: `npm i baseline-browser-mapping@latest -D`
Browserslist: browsers data (caniuse-lite) is 10 months old. Please run:
  npx update-browserslist-db@latest
  Why you should do it regularly: https://github.com/browserslist/update-db#readme
 GET / 200 in 148ms (compile: 111ms, render: 38ms)
 GET / 200 in 5ms (compile: 869µs, render: 4ms)
 GET / 200 in 12ms (compile: 4ms, render: 8ms)
 GET / 200 in 5ms (compile: 1054µs, render: 4ms)
 GET / 200 in 5ms (compile: 943µs, render: 4ms)
 GET / 200 in 4ms (compile: 777µs, render: 3ms)
 GET / 200 in 4ms (compile: 750µs, render: 4ms)
 ○ Compiling /evidence ...
[baseline-browser-mapping] The data in this module is over two months old.  To ensure accurate Baseline data, please update: `npm i baseline-browser-mapping@latest -D`
[?25h
