$ npm pack <repository-root>/packages/components-vue --json --pack-destination <repository-root>/artifacts/product-reality/sprint-188/m05/app-consumers-final/submitted-packages/tarballs
exitCode=0
signal=

[stdout]

> @oods/components-vue@0.1.0 build <repository-root>/packages/components-vue
> rimraf dist && tsup --config tsup.config.ts && tsup --config tsup.ported.config.ts

CLI Building entry: src/index.ts
CLI Using tsconfig: tsconfig.json
CLI tsup v8.5.0
CLI Using tsup config: <repository-root>/packages/components-vue/tsup.config.ts
CLI Target: es2022
CLI Cleaning output folder
ESM Build start
CJS Build start
CJS dist/index.cjs 113.02 KB
CJS ⚡️ Build success in 195ms
ESM dist/index.js 109.63 KB
ESM ⚡️ Build success in 195ms
DTS Build start
DTS ⚡️ Build success in 1982ms
DTS dist/index.d.ts  104.43 KB
DTS dist/index.d.cts 104.43 KB
CLI Building entry: src/ported.ts
CLI Using tsconfig: tsconfig.json
CLI tsup v8.5.0
CLI Using tsup config: <repository-root>/packages/components-vue/tsup.ported.config.ts
CLI Target: es2022
ESM Build start
CJS Build start
ESM dist/ported.js 34.75 KB
ESM ⚡️ Build success in 79ms
CJS dist/ported.cjs 35.21 KB
CJS ⚡️ Build success in 79ms
DTS Build start
DTS ⚡️ Build success in 1341ms
DTS dist/ported.d.ts  20.67 KB
DTS dist/ported.d.cts 20.67 KB
[
  {
    "id": "@oods/components-vue@0.1.0",
    "name": "@oods/components-vue",
    "version": "0.1.0",
    "size": 81845,
    "unpackedSize": 656339,
    "shasum": "d391e6252e46df1d7d59d524eec88943f52eb007",
    "integrity": "sha512-nNI3E1/u1pUDhy4vbXJVpvybSt2FiXiOuMOUBKXz4ZEy0630AHAma9tP9Iqlw+8hhWcoEiwUyNM/j+AAVewwyg==",
    "filename": "oods-components-vue-0.1.0.tgz",
    "files": [
      {
        "path": "dist/index.cjs",
        "size": 115737,
        "mode": 420
      },
      {
        "path": "dist/index.d.cts",
        "size": 106941,
        "mode": 420
      },
      {
        "path": "dist/index.d.ts",
        "size": 106941,
        "mode": 420
      },
      {
        "path": "dist/index.js",
        "size": 112258,
        "mode": 420
      },
      {
        "path": "dist/ported.cjs",
        "size": 36053,
        "mode": 420
      },
      {
        "path": "dist/ported.d.cts",
        "size": 21165,
        "mode": 420
      },
      {
        "path": "dist/ported.d.ts",
        "size": 21165,
        "mode": 420
      },
      {
        "path": "dist/ported.js",
        "size": 35588,
        "mode": 420
      },
      {
        "path": "evidence/vue-readiness-ported.v1.json",
        "size": 7829,
        "mode": 420
      },
      {
        "path": "evidence/vue-readiness.v1.json",
        "size": 90859,
        "mode": 420
      },
      {
        "path": "package.json",
        "size": 1803,
        "mode": 420
      }
    ],
    "entryCount": 11,
    "bundled": []
  }
]

[stderr]
npm warn Unknown project config "link-workspace-packages". This will stop working in the next major version of npm.

> @oods/components-vue@0.1.0 prepack
> pnpm run build
