{
  "framework": "react",
  "schema": "fresh-S192AuditSort-list",
  "screenshot": {
    "file": "mounted.png",
    "sha256": "sha256:0bb624f4868079523740592b4790c6206e9e9259b38b48eb2277b74499d79441"
  },
  "boundValues": [
    {
      "nodeId": "ve-items-10-0",
      "field": "label",
      "kind": "family-text",
      "selector": "[data-oods-label-cell-primary]",
      "expected": "Consumer label",
      "editable": false,
      "actual": "Consumer label",
      "visible": true,
      "passed": true
    },
    {
      "nodeId": "ve-items-10-0",
      "field": "description",
      "kind": "family-text",
      "selector": "[data-oods-label-cell-description]",
      "expected": "Consumer description",
      "editable": false,
      "actual": "Consumer description",
      "visible": true,
      "passed": true
    },
    {
      "nodeId": "ve-toolbar-actions-18-0",
      "field": "primary_category_id",
      "kind": "family-text",
      "selector": "[data-oods-badge-label]",
      "expected": "consumer-primary-category-id",
      "editable": false,
      "actual": "consumer-primary-category-id",
      "visible": true,
      "passed": true
    }
  ],
  "viewport": {
    "width": 1920,
    "height": 1080
  },
  "mount": "passed",
  "rootId": "screen-list-9",
  "rootCount": 1,
  "hydration": "passed",
  "hydrationProbe": {
    "selector": "[id=\"list-items-5-row-0\"]",
    "selectorCount": 1,
    "eventHandlerAttached": true,
    "reusedServerNodes": {
      "root": true,
      "action": true,
      "everyCapturedNode": true
    },
    "attachment": {
      "attached": true,
      "containerProperty": "__reactContainer$rpfl6nanp8e",
      "rootProperty": "__reactFiber$rpfl6nanp8e"
    }
  },
  "hydrationInvariant": {
    "before": {
      "rootChildren": [
        {
          "tag": "DIV",
          "id": "screen-list-9",
          "component": "Stack"
        }
      ],
      "elements": [
        {
          "tag": "DIV",
          "id": "screen-list-9",
          "component": "Stack",
          "role": null,
          "selected": null,
          "hidden": false
        },
        {
          "tag": "DIV",
          "id": "list-toolbar-4",
          "component": "Stack",
          "role": null,
          "selected": null,
          "hidden": false
        },
        {
          "tag": "DIV",
          "id": null,
          "component": "SearchInput",
          "role": "search",
          "selected": null,
          "hidden": false
        },
        {
          "tag": "INPUT",
          "id": "ve-search-11",
          "component": "Input",
          "role": null,
          "selected": null,
          "hidden": false
        },
        {
          "tag": "SELECT",
          "id": "slot-filters-2",
          "component": "Select",
          "role": null,
          "selected": null,
          "hidden": false
        },
        {
          "tag": "TABLE",
          "id": "ve-search-14",
          "component": "SortIndicator",
          "role": null,
          "selected": null,
          "hidden": false
        },
        {
          "tag": "SECTION",
          "id": "list-items-5",
          "component": null,
          "role": null,
          "selected": null,
          "hidden": false
        },
        {
          "tag": "BUTTON",
          "id": "list-items-5-row-0",
          "component": "Button",
          "role": null,
          "selected": null,
          "hidden": false
        },
        {
          "tag": "SPAN",
          "id": "list-items-5-title-0",
          "component": "Text",
          "role": null,
          "selected": null,
          "hidden": false
        },
        {
          "tag": "SPAN",
          "id": "ve-items-10-0",
          "component": "LabelCell",
          "role": null,
          "selected": null,
          "hidden": false
        },
        {
          "tag": "SPAN",
          "id": "ve-items-15-0",
          "component": "StatusBadge",
          "role": null,
          "selected": null,
          "hidden": false
        },
        {
          "tag": "TIME",
          "id": "ve-items-16-0",
          "component": "RelativeTimestamp",
          "role": null,
          "selected": null,
          "hidden": false
        },
        {
          "tag": "SPAN",
          "id": "ve-items-17-0",
          "component": "PriceBadge",
          "role": null,
          "selected": null,
          "hidden": false
        },
        {
          "tag": "SPAN",
          "id": "ve-toolbar-actions-18-0",
          "component": "ClassificationBadge",
          "role": null,
          "selected": null,
          "hidden": false
        },
        {
          "tag": "DIV",
          "id": "list-pagination-7",
          "component": "Stack",
          "role": null,
          "selected": null,
          "hidden": false
        },
        {
          "tag": "NAV",
          "id": "slot-pagination-8",
          "component": "PaginationBar",
          "role": null,
          "selected": null,
          "hidden": false
        }
      ]
    },
    "after": {
      "rootChildren": [
        {
          "tag": "DIV",
          "id": "screen-list-9",
          "component": "Stack"
        }
      ],
      "elements": [
        {
          "tag": "DIV",
          "id": "screen-list-9",
          "component": "Stack",
          "role": null,
          "selected": null,
          "hidden": false
        },
        {
          "tag": "DIV",
          "id": "list-toolbar-4",
          "component": "Stack",
          "role": null,
          "selected": null,
          "hidden": false
        },
        {
          "tag": "DIV",
          "id": null,
          "component": "SearchInput",
          "role": "search",
          "selected": null,
          "hidden": false
        },
        {
          "tag": "INPUT",
          "id": "ve-search-11",
          "component": "Input",
          "role": null,
          "selected": null,
          "hidden": false
        },
        {
          "tag": "SELECT",
          "id": "slot-filters-2",
          "component": "Select",
          "role": null,
          "selected": null,
          "hidden": false
        },
        {
          "tag": "TABLE",
          "id": "ve-search-14",
          "component": "SortIndicator",
          "role": null,
          "selected": null,
          "hidden": false
        },
        {
          "tag": "SECTION",
          "id": "list-items-5",
          "component": null,
          "role": null,
          "selected": null,
          "hidden": false
        },
        {
          "tag": "BUTTON",
          "id": "list-items-5-row-0",
          "component": "Button",
          "role": null,
          "selected": null,
          "hidden": false
        },
        {
          "tag": "SPAN",
          "id": "list-items-5-title-0",
          "component": "Text",
          "role": null,
          "selected": null,
          "hidden": false
        },
        {
          "tag": "SPAN",
          "id": "ve-items-10-0",
          "component": "LabelCell",
          "role": null,
          "selected": null,
          "hidden": false
        },
        {
          "tag": "SPAN",
          "id": "ve-items-15-0",
          "component": "StatusBadge",
          "role": null,
          "selected": null,
          "hidden": false
        },
        {
          "tag": "TIME",
          "id": "ve-items-16-0",
          "component": "RelativeTimestamp",
          "role": null,
          "selected": null,
          "hidden": false
        },
        {
          "tag": "SPAN",
          "id": "ve-items-17-0",
          "component": "PriceBadge",
          "role": null,
          "selected": null,
          "hidden": false
        },
        {
          "tag": "SPAN",
          "id": "ve-toolbar-actions-18-0",
          "component": "ClassificationBadge",
          "role": null,
          "selected": null,
          "hidden": false
        },
        {
          "tag": "DIV",
          "id": "list-pagination-7",
          "component": "Stack",
          "role": null,
          "selected": null,
          "hidden": false
        },
        {
          "tag": "NAV",
          "id": "slot-pagination-8",
          "component": "PaginationBar",
          "role": null,
          "selected": null,
          "hidden": false
        }
      ]
    },
    "equal": true
  },
  "interactionEvidence": {
    "kind": "action",
    "nodeId": "list-items-5-row",
    "component": "Button",
    "selector": "[id=\"list-items-5-row-0\"]",
    "action": "handleRowClick",
    "status": "passed"
  },
  "labelVisibility": [],
  "runtimeErrors": [],
  "componentCounts": {
    "Button": 1,
    "ClassificationBadge": 1,
    "Input": 1,
    "LabelCell": 1,
    "PaginationBar": 1,
    "PriceBadge": 1,
    "RelativeTimestamp": 1,
    "SearchInput": 1,
    "Select": 1,
    "SortIndicator": 1,
    "Stack": 3,
    "StatusBadge": 1,
    "Text": 1
  },
  "requiredMounts": [
    {
      "nodeId": "screen-list-9",
      "component": "Stack",
      "requiredInitially": true,
      "present": true,
      "passed": true
    },
    {
      "nodeId": "list-toolbar-4",
      "component": "Stack",
      "requiredInitially": true,
      "present": true,
      "passed": true
    },
    {
      "nodeId": "ve-search-14",
      "component": "SortIndicator",
      "requiredInitially": true,
      "present": true,
      "passed": true
    },
    {
      "nodeId": "list-items-5-empty",
      "component": "Banner",
      "requiredInitially": false,
      "reason": "populated collection list-items-5",
      "present": false,
      "passed": true
    },
    {
      "nodeId": "list-pagination-7",
      "component": "Stack",
      "requiredInitially": true,
      "present": true,
      "passed": true
    },
    {
      "nodeId": "list-items-5-title-0",
      "component": "Text",
      "requiredInitially": true,
      "present": true,
      "passed": true
    },
    {
      "nodeId": "ve-items-10-0",
      "component": "LabelCell",
      "requiredInitially": true,
      "present": true,
      "passed": true
    },
    {
      "nodeId": "ve-items-15-0",
      "component": "StatusBadge",
      "requiredInitially": true,
      "present": true,
      "passed": true
    },
    {
      "nodeId": "ve-items-16-0",
      "component": "RelativeTimestamp",
      "requiredInitially": true,
      "present": true,
      "passed": true
    },
    {
      "nodeId": "ve-items-17-0",
      "component": "PriceBadge",
      "requiredInitially": true,
      "present": true,
      "passed": true
    },
    {
      "nodeId": "ve-toolbar-actions-18-0",
      "component": "ClassificationBadge",
      "requiredInitially": true,
      "present": true,
      "passed": true
    }
  ],
  "selectorEvidence": [
    {
      "action": "handleFilter",
      "selector": "[id=\"ve-search-11\"]",
      "count": 1,
      "clicked": true,
      "mode": "clicked"
    },
    {
      "action": "handlePageChange",
      "selector": "[id=\"slot-pagination-8\"] button[aria-label=\"Next page\"]",
      "count": 1,
      "clicked": true,
      "mode": "clicked"
    },
    {
      "action": "handleRowClick",
      "selector": "[id=\"list-items-5-row-0\"]",
      "count": 1,
      "clicked": true,
      "mode": "clicked"
    },
    {
      "action": "handleSortChange",
      "selector": "[data-oods-action=\"handleSortChange\"]",
      "count": 1,
      "clicked": true,
      "mode": "clicked"
    }
  ],
  "actionCounts": {
    "handleFilter": 1,
    "handlePageChange": 1,
    "handleRowClick": 1,
    "handleSortChange": 1
  },
  "actionArgs": {
    "handleFilter": [
      [
        {
          "page": 1,
          "pageSize": 10,
          "total": 20,
          "search": "generated"
        }
      ]
    ],
    "handlePageChange": [
      [
        2
      ]
    ],
    "handleRowClick": [
      [
        "consumer-primary-category-id"
      ]
    ],
    "handleSortChange": [
      [
        {
          "field": "Consumer sortField",
          "direction": "asc",
          "active": true
        }
      ]
    ]
  },
  "actionsFrozen": true,
  "css": {
    "primaryTextToken": "oklch(0.92 0.02 92)",
    "canvasToken": "oklch(0.18 0.05 45)"
  }
}
