$ pnpm --filter @oods/viz-core exec vitest run --testTimeout=20000 --maxWorkers=1 --no-file-parallelism --reporter=default --reporter=json --outputFile=/var/folders/gd/rty3217130vdbr9_q713nvg80000gn/T/oods-s185-m01-baseline-jnEpBb/run-1-viz-core.json
exitCode=0
startedAt=2026-09-17T15:50:46.251Z
endedAt=2026-09-17T15:51:14.621Z
durationMs=28370.001
[stdout]

 RUN  v3.2.4 /Users/systemsystems/portfolio/Design-Tools/OODS-Forge/.worktrees/s204/packages/viz-core
      Coverage enabled with v8

 ✓ test/s179-echarts-render-baseline.spec.ts (5 tests) 1513ms
   ✓ s179 m01 — ECharts 6 SSR normalization baseline > reproduces every stable hash in two actual fresh Node processes  1373ms
 ✓ test/a11y-narrative-honesty-properties-s155.spec.ts (116 tests) 307ms
 ✓ src/a11y/correlation-compiled-superset-oracle-s165.spec.ts (15 tests) 264ms
 ✓ src/a11y/correlation-union-suppressor-s165.spec.ts (55 tests) 104ms
 ✓ src/adapters/vega-lite-adapter.spec.ts (11 tests) 10ms
 ✓ src/patterns/translate-pattern.spec.ts (34 tests) 76ms
 ✓ test/pattern-sources.spec.ts (4 tests) 56ms
 ✓ src/adapters/echarts-adapter.spec.ts (22 tests) 54ms
 ✓ src/adapters/heatmap-visualmap-dimension-s166.spec.ts (7 tests) 50ms
 ✓ test/accuracy-rules-s170.spec.ts (83 tests) 46ms
 ✓ test/chart-titles.s201.spec.ts (4 tests) 35ms
 ✓ test/corpus-narrative-honesty-sweep-s159.spec.ts (35 tests) 43ms
 ✓ test/hc-paint-contract.s199.spec.ts (6 tests) 32ms
 ✓ test/spec-builder.spec.ts (82 tests) 32ms
 ✓ src/a11y/correlation-render-truth-separability-s165.spec.ts (26 tests) 16ms
stdout | test/narrated-value-provenance-sweep-s160.spec.ts > s161 m4 (iv) — corpus DE-VACUATION: the DERIVED path is swept too (override suppressed) > logs how many corpus fixtures carry an override (their derived path now gains real teeth)
s161 m4 (iv): 23/34 corpus fixtures carry an a11y.narrative override — DERIVED-path swept below.

 ✓ test/narrated-value-provenance-sweep-s160.spec.ts (79 tests) 31ms
 ✓ src/a11y/correlation-drawn-cell-key-fineness-s163.spec.ts (8 tests) 15ms
 ✓ test/a11y-multigrouping-projection-properties-s157.spec.ts (9 tests) 26ms
 ✓ src/a11y/correlation-drawn-mark-direction-s164.spec.ts (41 tests) 20ms
 ✓ test/examples-conformance.spec.ts (37 tests) 26ms
 ✓ test/a11y-drawn-value-invariant-properties-s158.spec.ts (68 tests) 14ms
 ✓ test/data-analysis-faceted-and-unknown-mark-trend-s154.spec.ts (15 tests) 19ms
 ✓ test/a11y-aggregate-projection-properties-s156.spec.ts (62 tests) 10ms
 ✓ test/flow-line-adapter.spec.ts (12 tests) 6ms
 ✓ test/data-analysis-predicates.spec.ts (32 tests) 16ms
 ✓ test/golden-echarts-options.spec.ts (16 tests) 11ms
 ✓ test/data-analysis-phantom-trend-f3.spec.ts (7 tests) 11ms
 ✓ src/adapters/pattern-scenes.s199.spec.ts (7 tests) 16ms
 ✓ test/beachhead.spec.ts (12 tests) 13ms
 ✓ test/data-analysis-heatmap-f6d.spec.ts (7 tests) 10ms
 ✓ test/data-analysis-mixed-line-area-trend-s153.spec.ts (10 tests) 10ms
 ✓ test/dashboard-auto-layout.spec.ts (12 tests) 3ms
 ✓ src/a11y/correlation-claim-scope-s165.spec.ts (15 tests) 11ms
 ✓ test/data-analysis-correlation-direction-s161.spec.ts (16 tests) 6ms
stdout | test/narrated-value-coverage-manifest-s161.spec.ts > s161 m6 — the coverage claim is GENERATED from the manifest (non-circular) > GENERATES the coverage string from the manifest (the §7 clause is derived, not hand-written)
s161 m6 GENERATED coverage: correlation partition axis: facet {column, none, row} × grouping {color, detail, none, quant-size} — 7 tuples exercised

 ✓ test/narrated-value-coverage-manifest-s161.spec.ts (10 tests) 6ms
 ✓ test/data-analysis-strip-plot.spec.ts (8 tests) 11ms
 ✓ test/faostat-type-inference.spec.ts (4 tests) 9ms
 ✓ test/dashboard-spec.spec.ts (21 tests) 11ms
 ✓ src/adapters/temporal-utc.s196.spec.ts (15 tests) 9ms
 ✓ src/accuracy/echarts-spatial-graph-rules.spec.ts (66 tests) 9ms
 ✓ src/adapters/layout-layer-order-id-keying-s166.spec.ts (6 tests) 9ms
 ✓ src/a11y/correlation-drawn-cell-direction-s162.spec.ts (7 tests) 8ms
 ✓ test/echarts-visualmap-diverging-center.spec.ts (72 tests) 9ms
 ✓ test/raw-horizontal-bar-measure-channel-s162.spec.ts (11 tests) 4ms
 ✓ src/a11y/a11y-equivalence-applicability-s174.spec.ts (14 tests) 6ms
 ✓ src/adapters/echarts/fallback-palette-v146.spec.ts (5 tests) 5ms
 ✓ src/accuracy/echarts-rules.spec.ts (52 tests) 8ms
 ✓ test/dashboard-kpi.spec.ts (43 tests) 7ms
 ✓ test/choropleth-adapter.spec.ts (19 tests) 7ms
 ✓ test/dashboard-linked-selection.spec.ts (10 tests) 3ms
 ✓ src/adapters/echarts/oods-echarts-chrome-bake.spec.ts (8 tests) 6ms
 ✓ test/golden-profiles.spec.ts (5 tests) 7ms
 ✓ test/spatial-a11y.spec.ts (5 tests) 4ms
 ✓ test/non-cartesian-a11y.spec.ts (12 tests) 9ms
 ✓ src/a11y/drawn-value-guard.spec.ts (21 tests) 5ms
 ✓ test/echarts-facet-limit-visualmap-s161.spec.ts (6 tests) 6ms
 ✓ test/graph-adapter.spec.ts (7 tests) 5ms
 ✓ src/tokens/scoped-resolution.spec.ts (7 tests) 10ms
 ✓ test/treemap-adapter.spec.ts (14 tests) 5ms
 ✓ test/measure-channel-orientation-s161.spec.ts (15 tests) 5ms
 ✓ test/bubble-adapter.spec.ts (8 tests) 5ms
 ✓ src/adapters/median-rule-layer.example.spec.ts (3 tests) 4ms
 ✓ test/dashboard-layout.spec.ts (6 tests) 4ms
 ✓ src/adapters/spatial/echarts-bubble-symbolsize-s172.spec.ts (9 tests) 4ms
 ✓ test/vendored-schema-parity.spec.ts (2 tests) 3ms
 ✓ test/chord-adapter.spec.ts (6 tests) 4ms
 ✓ test/measure-narrative.spec.ts (13 tests) 6ms
 ✓ test/s179-echarts-operands-parity.spec.ts (4 tests) 4ms
 ✓ test/sunburst-adapter.spec.ts (6 tests) 28ms
 ✓ test/sankey-adapter.spec.ts (11 tests) 4ms
 ✓ test/dashboard-cross-filter.spec.ts (9 tests) 3ms
 ✓ test/dashboard-narrative.spec.ts (15 tests) 4ms
 ✓ src/tokens/oods-vega-config.spec.ts (12 tests) 3ms
 ✓ src/spec/re-export-surface.example.spec.ts (1 test) 2ms
 ✓ src/tokens/oods-echarts-chrome.spec.ts (8 tests) 2ms

 Test Files  75 passed (75)
      Tests  1546 passed (1546)
   Start at  10:50:46
   Duration  27.70s (transform 665ms, setup 0ms, collect 12.58s, tests 3.18s, environment 7ms, prepare 3.09s)

JSON report written to /var/folders/gd/rty3217130vdbr9_q713nvg80000gn/T/oods-s185-m01-baseline-jnEpBb/run-1-viz-core.json
 % Coverage report from v8

=============================== Coverage summary ===============================
Statements   : 82.98% ( 10100/12171 )
Branches     : 84.07% ( 3374/4013 )
Functions    : 85.97% ( 564/656 )
Lines        : 82.98% ( 10100/12171 )
================================================================================

[stderr]
