$ npm pack <repository-root>/packages/tokens --json --pack-destination <repository-root>/artifacts/product-reality/sprint-184/m06/live-consumers/submitted-packages/tarballs
exitCode=0
signal=

[stdout]

> @oods/tokens@0.1.0 build <repository-root>/packages/tokens
> rimraf dist && node ./scripts/build.mjs && node ./scripts/build-entry.mjs

✔︎ collision guard: no non-exempt collisions across 6 scopes
Building design tokens with Style Dictionary…

Token collisions detected (2):
Use log.verbosity "verbose" or use CLI option --verbose for more details.
Refer to: https://styledictionary.com/reference/logging/

ios-swift
! dist/ios-swift/OodsTokens.swift, does not exist

compose
! dist/compose/OodsTokens.kt, does not exist

ts
! dist/ts/tokens.ts, does not exist

tailwind
! dist/tailwind/tokens.json, does not exist

ios-swift
✔︎ dist/ios-swift/OodsTokens.swift

compose
✔︎ dist/compose/OodsTokens.kt

ts
✔︎ dist/ts/tokens.ts

tailwind
✔︎ dist/tailwind/tokens.json

Token collisions detected (2):
Use log.verbosity "verbose" or use CLI option --verbose for more details.
Refer to: https://styledictionary.com/reference/logging/

css
✔︎ dist/css/tokens.css

Token collisions detected (2):
Use log.verbosity "verbose" or use CLI option --verbose for more details.
Refer to: https://styledictionary.com/reference/logging/

css
✔︎ dist/css/tokens.css

Token collisions detected (222):
Use log.verbosity "verbose" or use CLI option --verbose for more details.
Refer to: https://styledictionary.com/reference/logging/

css
✔︎ dist/css/tokens.css

Token collisions detected (222):
Use log.verbosity "verbose" or use CLI option --verbose for more details.
Refer to: https://styledictionary.com/reference/logging/

css
✔︎ dist/css/tokens.css

Token collisions detected (2):
Use log.verbosity "verbose" or use CLI option --verbose for more details.
Refer to: https://styledictionary.com/reference/logging/

css
✔︎ dist/css/tokens.css

Token collisions detected (222):
Use log.verbosity "verbose" or use CLI option --verbose for more details.
Refer to: https://styledictionary.com/reference/logging/

css
✔︎ dist/css/tokens.css

Token collisions detected (222):
Use log.verbosity "verbose" or use CLI option --verbose for more details.
Refer to: https://styledictionary.com/reference/logging/

css
✔︎ dist/css/tokens.css

Token collisions detected (2):
Use log.verbosity "verbose" or use CLI option --verbose for more details.
Refer to: https://styledictionary.com/reference/logging/
✔︎ tokens built successfully in 1.64s
   css:      dist/css/tokens.css (6 brand × theme scopes)
   types:    dist/ts/tokens.ts
   tailwind: dist/tailwind/tokens.json
   ios:      dist/ios-swift/OodsTokens.swift
   compose:  dist/compose/OodsTokens.kt
[
  {
    "id": "@oods/tokens@0.1.0",
    "name": "@oods/tokens",
    "version": "0.1.0",
    "size": 179829,
    "unpackedSize": 2296026,
    "shasum": "849580b6e40962f02e9f8523f555cf1ca64f5426",
    "integrity": "sha512-EzeFYEJPXGYIEeb0FdMywRecIzIKg0Xj1FfESSt35GW02sp5BBJoPnUAzUpGl+DWbnKB0ItMLRDrDxC11jWCWg==",
    "filename": "oods-tokens-0.1.0.tgz",
    "files": [
      {
        "path": "CHANGELOG.md",
        "size": 248,
        "mode": 420
      },
      {
        "path": "LICENSE",
        "size": 1075,
        "mode": 420
      },
      {
        "path": "README.md",
        "size": 4747,
        "mode": 420
      },
      {
        "path": "dist/compose/OodsTokens.kt",
        "size": 33565,
        "mode": 420
      },
      {
        "path": "dist/css/tokens.css",
        "size": 133055,
        "mode": 420
      },
      {
        "path": "dist/index.cjs",
        "size": 410,
        "mode": 420
      },
      {
        "path": "dist/index.d.ts",
        "size": 807,
        "mode": 420
      },
      {
        "path": "dist/index.js",
        "size": 425,
        "mode": 420
      },
      {
        "path": "dist/ios-swift/OodsTokens.swift",
        "size": 98291,
        "mode": 420
      },
      {
        "path": "dist/tailwind/tokens.json",
        "size": 1068751,
        "mode": 420
      },
      {
        "path": "dist/ts/tokens.ts",
        "size": 953155,
        "mode": 420
      },
      {
        "path": "package.json",
        "size": 1497,
        "mode": 420
      }
    ],
    "entryCount": 12,
    "bundled": []
  }
]

[stderr]
npm warn Unknown project config "link-workspace-packages". This will stop working in the next major version of npm.

> @oods/tokens@0.1.0 prepack
> pnpm run build
