$ npm pack <repository-root>/packages/components-react --json --pack-destination <repository-root>/artifacts/product-reality/sprint-184/m06/live-consumers/submitted-packages/tarballs
exitCode=0
signal=

[stdout]

> @oods/components-react@0.1.0 build <repository-root>/packages/components-react
> rimraf dist && tsup --config tsup.config.ts

CLI Building entry: src/index.ts, src/ported.tsx, src/status.ts, src/table.tsx, src/types.ts
CLI Using tsconfig: tsconfig.json
CLI tsup v8.5.0
CLI Using tsup config: <repository-root>/packages/components-react/tsup.config.ts
CLI Target: es2022
CLI Cleaning output folder
ESM Build start
CJS Build start
CJS dist/types.cjs  15.00 B
CJS dist/ported.cjs 51.86 KB
CJS dist/status.cjs 11.06 KB
CJS dist/table.cjs  17.07 KB
CJS dist/index.cjs  48.33 KB
CJS ⚡️ Build success in 116ms
ESM dist/table.js          149.00 B
ESM dist/status.js         171.00 B
ESM dist/chunk-BDCNAJ4L.js 19.48 KB
ESM dist/ported.js         20.33 KB
ESM dist/chunk-54KQYKOO.js 10.87 KB
ESM dist/chunk-EHRZ3ATJ.js 6.37 KB
ESM dist/types.js          1.00 B
ESM dist/index.js          10.73 KB
ESM ⚡️ Build success in 117ms
DTS Build start
DTS ⚡️ Build success in 2230ms
DTS dist/index.d.ts   2.23 KB
DTS dist/ported.d.ts  7.12 KB
DTS dist/status.d.ts  1.39 KB
DTS dist/table.d.ts   1.06 KB
DTS dist/types.d.ts   8.97 KB
DTS dist/index.d.cts  2.24 KB
DTS dist/ported.d.cts 7.12 KB
DTS dist/status.d.cts 1.39 KB
DTS dist/table.d.cts  1.07 KB
DTS dist/types.d.cts  8.97 KB
[
  {
    "id": "@oods/components-react@0.1.0",
    "name": "@oods/components-react",
    "version": "0.1.0",
    "size": 46454,
    "unpackedSize": 270737,
    "shasum": "7cc65c7627915d308976a976fc58ce919f96f23e",
    "integrity": "sha512-FFXfmeTf0Ot+wUotEfciMhED3W/VCTr2M0fnD9hlQw4eJXB9pNd+/oEy5zjnw8yv3CidJnqobHqpJJ2sDHwo5A==",
    "filename": "oods-components-react-0.1.0.tgz",
    "files": [
      {
        "path": "dist/chunk-54KQYKOO.js",
        "size": 11126,
        "mode": 420
      },
      {
        "path": "dist/chunk-BDCNAJ4L.js",
        "size": 19943,
        "mode": 420
      },
      {
        "path": "dist/chunk-EHRZ3ATJ.js",
        "size": 6526,
        "mode": 420
      },
      {
        "path": "dist/index.cjs",
        "size": 49490,
        "mode": 420
      },
      {
        "path": "dist/index.d.cts",
        "size": 2291,
        "mode": 420
      },
      {
        "path": "dist/index.d.ts",
        "size": 2288,
        "mode": 420
      },
      {
        "path": "dist/index.js",
        "size": 10988,
        "mode": 420
      },
      {
        "path": "dist/ported.cjs",
        "size": 53103,
        "mode": 420
      },
      {
        "path": "dist/ported.d.cts",
        "size": 7290,
        "mode": 420
      },
      {
        "path": "dist/ported.d.ts",
        "size": 7289,
        "mode": 420
      },
      {
        "path": "dist/ported.js",
        "size": 20817,
        "mode": 420
      },
      {
        "path": "dist/status.cjs",
        "size": 11326,
        "mode": 420
      },
      {
        "path": "dist/status.d.cts",
        "size": 1426,
        "mode": 420
      },
      {
        "path": "dist/status.d.ts",
        "size": 1425,
        "mode": 420
      },
      {
        "path": "dist/status.js",
        "size": 171,
        "mode": 420
      },
      {
        "path": "dist/table.cjs",
        "size": 17476,
        "mode": 420
      },
      {
        "path": "dist/table.d.cts",
        "size": 1091,
        "mode": 420
      },
      {
        "path": "dist/table.d.ts",
        "size": 1090,
        "mode": 420
      },
      {
        "path": "dist/table.js",
        "size": 149,
        "mode": 420
      },
      {
        "path": "dist/types.cjs",
        "size": 15,
        "mode": 420
      },
      {
        "path": "dist/types.d.cts",
        "size": 9182,
        "mode": 420
      },
      {
        "path": "dist/types.d.ts",
        "size": 9182,
        "mode": 420
      },
      {
        "path": "dist/types.js",
        "size": 1,
        "mode": 420
      },
      {
        "path": "evidence/react-ported-readiness.v1.json",
        "size": 7937,
        "mode": 420
      },
      {
        "path": "evidence/react-readiness.v1.json",
        "size": 17010,
        "mode": 420
      },
      {
        "path": "package.json",
        "size": 2105,
        "mode": 420
      }
    ],
    "entryCount": 26,
    "bundled": []
  }
]

[stderr]
npm warn Unknown project config "link-workspace-packages". This will stop working in the next major version of npm.

> @oods/components-react@0.1.0 prepack
> pnpm run build

Generated an empty chunk: "types".
Generated an empty chunk: "types".
