{
  "isolation": {
    "outsidePnpmWorkspace": true,
    "freshNodeModules": true,
    "emptyVerifierOwnedNpmConfiguration": true,
    "installScripts": false,
    "localPackagesFromBuiltTarballsOnly": true,
    "workspaceAliases": false,
    "workspaceSymlinks": false,
    "repositorySourceImports": false,
    "inheritedNodeModules": false,
    "allResolvedPathsOutsideRepository": true,
    "installed": [
      {
        "name": "@oods/tokens",
        "version": "0.1.0",
        "consumerRelative": "node_modules/@oods/tokens"
      },
      {
        "name": "@oods/component-contracts",
        "version": "0.1.0",
        "consumerRelative": "node_modules/@oods/component-contracts"
      },
      {
        "name": "@oods/component-styles",
        "version": "0.1.0",
        "consumerRelative": "node_modules/@oods/component-styles"
      },
      {
        "name": "@oods/components-react",
        "version": "0.1.0",
        "consumerRelative": "node_modules/@oods/components-react"
      }
    ]
  },
  "localTarballs": [
    {
      "name": "@oods/tokens",
      "version": "0.1.0",
      "installSpec": "file:./tarballs/oods-tokens-0.1.0.tgz",
      "sha256": "sha256:6fd4d0e57cc9e2f78dd6702d59d53227adc8cb88ed79f1192bafd199f4172940",
      "bytes": 179829
    },
    {
      "name": "@oods/component-contracts",
      "version": "0.1.0",
      "installSpec": "file:./tarballs/oods-component-contracts-0.1.0.tgz",
      "sha256": "sha256:8270366f28f2396e58598900c72b06e5ce25e6e16f1294f7744c1015769e8629",
      "bytes": 68893
    },
    {
      "name": "@oods/component-styles",
      "version": "0.1.0",
      "installSpec": "file:./tarballs/oods-component-styles-0.1.0.tgz",
      "sha256": "sha256:aa1e6d60dc2880e7ff9c899264d15786a27fcb0b9e8768309479f763cac068ee",
      "bytes": 7604
    },
    {
      "name": "@oods/components-react",
      "version": "0.1.0",
      "installSpec": "file:./tarballs/oods-components-react-0.1.0.tgz",
      "sha256": "sha256:bc777f2655da14ed1dcaa0d124e6ce1b6a08a3406b68b92667d98b34457f73c6",
      "bytes": 55091
    }
  ],
  "resolutions": [
    {
      "specifier": "@oods/component-styles/css",
      "consumerRelative": "node_modules/@oods/component-styles/dist/components.css"
    },
    {
      "specifier": "@oods/component-styles/css-ported",
      "consumerRelative": "node_modules/@oods/component-styles/dist/components-ported.css"
    },
    {
      "specifier": "@oods/components-react",
      "consumerRelative": "node_modules/@oods/components-react/dist/index.js"
    },
    {
      "specifier": "@oods/components-react/ported",
      "consumerRelative": "node_modules/@oods/components-react/dist/ported.js"
    },
    {
      "specifier": "react",
      "consumerRelative": "node_modules/react/index.js"
    },
    {
      "specifier": "react-dom/client",
      "consumerRelative": "node_modules/react-dom/client.js"
    },
    {
      "specifier": "react-dom/server",
      "consumerRelative": "node_modules/react-dom/server.node.js"
    },
    {
      "specifier": "vite",
      "consumerRelative": "node_modules/vite/dist/node/index.js"
    }
  ]
}
