$ npm pack <package-source-root>/packages/components-vue --json --pack-destination <package-source-root>/artifacts/product-reality/sprint-198/m06/apps/submitted-packages/tarballs
exitCode=0
signal=

[stdout]

> @oods/components-vue@0.1.0 build <package-source-root>/packages/components-vue
> rimraf dist && tsup --config tsup.config.ts && tsup --config tsup.ported.config.ts

CLI Building entry: src/index.ts
CLI Using tsconfig: tsconfig.json
CLI tsup v8.5.0
CLI Using tsup config: <package-source-root>/packages/components-vue/tsup.config.ts
CLI Target: es2022
CLI Cleaning output folder
ESM Build start
CJS Build start
ESM dist/index.js 128.54 KB
ESM ⚡️ Build success in 180ms
CJS dist/index.cjs 133.63 KB
CJS ⚡️ Build success in 180ms
DTS Build start
DTS ⚡️ Build success in 2023ms
DTS dist/index.d.ts  141.75 KB
DTS dist/index.d.cts 141.75 KB
CLI Building entry: src/ported.ts
CLI Using tsconfig: tsconfig.json
CLI tsup v8.5.0
CLI Using tsup config: <package-source-root>/packages/components-vue/tsup.ported.config.ts
CLI Target: es2022
ESM Build start
CJS Build start
CJS dist/ported.cjs 46.89 KB
CJS ⚡️ Build success in 92ms
ESM dist/ported.js 46.22 KB
ESM ⚡️ Build success in 92ms
DTS Build start
DTS ⚡️ Build success in 1316ms
DTS dist/ported.d.ts  20.67 KB
DTS dist/ported.d.cts 20.67 KB
[
  {
    "id": "@oods/components-vue@0.1.0",
    "name": "@oods/components-vue",
    "version": "0.1.0",
    "size": 105102,
    "unpackedSize": 945981,
    "shasum": "05b819b92232f0427b6b493d7cf6d3428f405d7a",
    "integrity": "sha512-Wwell0/lFvtmVPH+cAHc21FDpxQNjeDvw8Nxi0KWWPoDl7BcgVc2eCHueKw7GpifXTYWIIzyDgDJeQ7wQXsQng==",
    "filename": "oods-components-vue-0.1.0.tgz",
    "files": [
      {
        "path": "dist/index.cjs",
        "size": 136832,
        "mode": 420
      },
      {
        "path": "dist/index.d.cts",
        "size": 145155,
        "mode": 420
      },
      {
        "path": "dist/index.d.ts",
        "size": 145155,
        "mode": 420
      },
      {
        "path": "dist/index.js",
        "size": 131629,
        "mode": 420
      },
      {
        "path": "dist/ported.cjs",
        "size": 48013,
        "mode": 420
      },
      {
        "path": "dist/ported.d.cts",
        "size": 21166,
        "mode": 420
      },
      {
        "path": "dist/ported.d.ts",
        "size": 21166,
        "mode": 420
      },
      {
        "path": "dist/ported.js",
        "size": 47328,
        "mode": 420
      },
      {
        "path": "evidence/vue-readiness-ported.v1.json",
        "size": 7829,
        "mode": 420
      },
      {
        "path": "evidence/vue-readiness.v1.json",
        "size": 239905,
        "mode": 420
      },
      {
        "path": "package.json",
        "size": 1803,
        "mode": 420
      }
    ],
    "entryCount": 11,
    "bundled": []
  }
]

[stderr]
npm warn Unknown project config "link-workspace-packages". This will stop working in the next major version of npm.

> @oods/components-vue@0.1.0 prepack
> pnpm run build
