{
  "total": 16,
  "reachable": 15,
  "generatedCells": 30,
  "blocked": [
    {
      "schema": "user-form-showcase",
      "cells": [
        {
          "framework": "react",
          "status": "error",
          "issues": [
            {
              "code": "OODS-V007",
              "nodeId": "slot-field-3-13",
              "message": "Field \"address_roles\" has array data, which cannot bind to Input.value on the react target; accepted field kinds: string, number, boolean."
            },
            {
              "code": "OODS-V007",
              "nodeId": "slot-field-5-17",
              "message": "Field \"preference_document\" has unknown data, which cannot bind to Input.value on the react target; accepted field kinds: string, number, boolean."
            },
            {
              "code": "OODS-V007",
              "nodeId": "slot-field-6-19",
              "message": "Field \"state_history\" has array data, which cannot bind to DatePicker.value on the react target; accepted field kinds: string, number, boolean."
            },
            {
              "code": "OODS-V007",
              "nodeId": "slot-field-8-23",
              "message": "Field \"tags\" has array data, which cannot bind to Input.value on the react target; accepted field kinds: string, number, boolean."
            },
            {
              "code": "OODS-V007",
              "nodeId": "slot-field-9-25",
              "message": "Field \"tag_metadata\" has array data, which cannot bind to Input.value on the react target; accepted field kinds: string, number, boolean."
            }
          ]
        },
        {
          "framework": "vue",
          "status": "error",
          "issues": [
            {
              "code": "OODS-V007",
              "nodeId": "slot-field-3-13",
              "message": "Field \"address_roles\" has array data, which cannot bind to Input.value on the vue target; accepted field kinds: string, number, boolean."
            },
            {
              "code": "OODS-V007",
              "nodeId": "slot-field-5-17",
              "message": "Field \"preference_document\" has unknown data, which cannot bind to Input.value on the vue target; accepted field kinds: string, number, boolean."
            },
            {
              "code": "OODS-V007",
              "nodeId": "slot-field-6-19",
              "message": "Field \"state_history\" has array data, which cannot bind to DatePicker.value on the vue target; accepted field kinds: string, number, boolean."
            },
            {
              "code": "OODS-V007",
              "nodeId": "slot-field-8-23",
              "message": "Field \"tags\" has array data, which cannot bind to Input.value on the vue target; accepted field kinds: string, number, boolean."
            },
            {
              "code": "OODS-V007",
              "nodeId": "slot-field-9-25",
              "message": "Field \"tag_metadata\" has array data, which cannot bind to Input.value on the vue target; accepted field kinds: string, number, boolean."
            }
          ]
        }
      ]
    }
  ]
}
