$ npm pack <package-source-root>/packages/tokens --json --pack-destination <repository-root>/artifacts/product-reality/sprint-196/release-ci/submitted-packages/tarballs --ignore-scripts
exitCode=0
signal=

[stdout]
[
  {
    "id": "@oods/tokens@0.1.0",
    "name": "@oods/tokens",
    "version": "0.1.0",
    "size": 235018,
    "unpackedSize": 2946620,
    "shasum": "1bf2e1882fee18693d673ad51feffe13c7516820",
    "integrity": "sha512-sycn1D9JE3sQ8K1L/RwFvuRAafBQuHCg80J3lK6xGYOiKYQRBWwQ4N1FDpVcR0jE045ykS/pV8/2IZlI3CCANQ==",
    "filename": "oods-tokens-0.1.0.tgz",
    "files": [
      {
        "path": "dist/compose/OodsTokens.kt",
        "size": 38994,
        "mode": 420
      },
      {
        "path": "dist/css-variables-by-scope.json",
        "size": 348559,
        "mode": 420
      },
      {
        "path": "dist/css/tokens.css",
        "size": 152444,
        "mode": 420
      },
      {
        "path": "dist/index.cjs",
        "size": 524,
        "mode": 420
      },
      {
        "path": "dist/index.d.ts",
        "size": 976,
        "mode": 420
      },
      {
        "path": "dist/index.js",
        "size": 554,
        "mode": 420
      },
      {
        "path": "dist/ios-swift/OodsTokens.swift",
        "size": 118653,
        "mode": 420
      },
      {
        "path": "dist/tailwind/tokens.json",
        "size": 1208092,
        "mode": 420
      },
      {
        "path": "dist/ts/tokens.ts",
        "size": 1076327,
        "mode": 420
      },
      {
        "path": "package.json",
        "size": 1497,
        "mode": 420
      }
    ],
    "entryCount": 10,
    "bundled": []
  }
]

[stderr]
npm warn Unknown project config "link-workspace-packages". This will stop working in the next major version of npm. See `npm help npmrc` for supported config options.
