2026-09-09T04:12:57.0575713Z Current runner version: '2.337.0'
2026-09-09T04:12:57.0607003Z ##[group]Runner Image Provisioner
2026-09-09T04:12:57.0608233Z Hosted Compute Agent
2026-09-09T04:12:57.0609208Z Version: 20260828.587
2026-09-09T04:12:57.0610225Z Commit: abac92662cab4cc7352de4f9f9d2e2419aad9c29
2026-09-09T04:12:57.0611944Z Build Date: 2026-08-28T16:44:25Z
2026-09-09T04:12:57.0613090Z Worker ID: {169b1d42-bee3-49b3-af9b-f4b88158cb1b}
2026-09-09T04:12:57.0614177Z Azure Region: westus2
2026-09-09T04:12:57.0614996Z ##[endgroup]
2026-09-09T04:12:57.0617073Z ##[group]Operating System
2026-09-09T04:12:57.0618061Z Ubuntu
2026-09-09T04:12:57.0618892Z 24.04.4
2026-09-09T04:12:57.0619660Z LTS
2026-09-09T04:12:57.0620425Z ##[endgroup]
2026-09-09T04:12:57.0621752Z ##[group]Runner Image
2026-09-09T04:12:57.0622666Z Image: ubuntu-24.04
2026-09-09T04:12:57.0623556Z Version: 20260831.293.1
2026-09-09T04:12:57.0625526Z Included Software: https://github.com/actions/runner-images/blob/ubuntu24/20260831.293/images/ubuntu/Ubuntu2404-Readme.md
2026-09-09T04:12:57.0628071Z Image Release: https://github.com/actions/runner-images/releases/tag/ubuntu24%2F20260831.293
2026-09-09T04:12:57.0629556Z ##[endgroup]
2026-09-09T04:12:57.0631650Z ##[group]GITHUB_TOKEN Permissions
2026-09-09T04:12:57.0634070Z Contents: read
2026-09-09T04:12:57.0634776Z Metadata: read
2026-09-09T04:12:57.0635405Z PullRequests: write
2026-09-09T04:12:57.0635974Z ##[endgroup]
2026-09-09T04:12:57.0638210Z Secret source: Actions
2026-09-09T04:12:57.0639313Z Prepare workflow directory
2026-09-09T04:12:57.1096585Z Prepare all required actions
2026-09-09T04:12:57.1150526Z Getting action download info
2026-09-09T04:12:57.4721758Z Download action repository 'actions/checkout@v4' (SHA:11d5960a326750d5838078e36cf38b85af677262)
2026-09-09T04:12:57.7338651Z Download action repository 'pnpm/action-setup@v4' (SHA:b906affcce14559ad1aafd4ab0e942779e9f58b1)
2026-09-09T04:12:58.0029779Z Download action repository 'actions/setup-node@v4' (SHA:49933ea5288caeca8642d1e84afbd3f7d6820020)
2026-09-09T04:12:58.1964241Z Complete job name: typecheck
2026-09-09T04:12:58.2759671Z Node 20 is being deprecated. This workflow is running with Node 24 by default. If you need to temporarily use Node 20, you can set the ACTIONS_ALLOW_USE_UNSECURE_NODE_VERSION=true environment variable. For more information see: https://github.blog/changelog/2025-09-19-deprecation-of-node-20-on-github-actions-runners/
2026-09-09T04:12:58.2768631Z ##[group]Run actions/checkout@v4
2026-09-09T04:12:58.2769367Z with:
2026-09-09T04:12:58.2769818Z   repository: kneelinghorse/OODS-Forge
2026-09-09T04:12:58.2773886Z   token: ***
2026-09-09T04:12:58.2774314Z   ssh-strict: true
2026-09-09T04:12:58.2774748Z   ssh-user: git
2026-09-09T04:12:58.2775184Z   persist-credentials: true
2026-09-09T04:12:58.2775664Z   clean: true
2026-09-09T04:12:58.2776104Z   sparse-checkout-cone-mode: true
2026-09-09T04:12:58.2776612Z   fetch-depth: 1
2026-09-09T04:12:58.2777037Z   fetch-tags: false
2026-09-09T04:12:58.2777478Z   show-progress: true
2026-09-09T04:12:58.2777917Z   lfs: false
2026-09-09T04:12:58.2778378Z   submodules: false
2026-09-09T04:12:58.2778823Z   set-safe-directory: true
2026-09-09T04:12:58.2779325Z   allow-unsafe-pr-checkout: false
2026-09-09T04:12:58.2780097Z env:
2026-09-09T04:12:58.2780501Z   NODE_VERSION: 24
2026-09-09T04:12:58.2781094Z ##[endgroup]
2026-09-09T04:12:58.4036316Z Syncing repository: kneelinghorse/OODS-Forge
2026-09-09T04:12:58.4040103Z ##[group]Getting Git version info
2026-09-09T04:12:58.4046900Z Working directory is '/home/runner/work/OODS-Forge/OODS-Forge'
2026-09-09T04:12:58.4052950Z [command]/usr/bin/git version
2026-09-09T04:12:58.4165506Z git version 2.55.0
2026-09-09T04:12:58.4214818Z ##[endgroup]
2026-09-09T04:12:58.4225054Z Temporarily overriding HOME='/home/runner/work/_temp/ebbf0acc-f735-462a-a232-f53828af2879' before making global git config changes
2026-09-09T04:12:58.4227956Z Adding repository directory to the temporary git global config as a safe directory
2026-09-09T04:12:58.4230513Z [command]/usr/bin/git config --global --add safe.directory /home/runner/work/OODS-Forge/OODS-Forge
2026-09-09T04:12:58.4320610Z Deleting the contents of '/home/runner/work/OODS-Forge/OODS-Forge'
2026-09-09T04:12:58.4323460Z ##[group]Initializing the repository
2026-09-09T04:12:58.4324992Z [command]/usr/bin/git init /home/runner/work/OODS-Forge/OODS-Forge
2026-09-09T04:12:58.4462651Z hint: Using 'master' as the name for the initial branch. This default branch name
2026-09-09T04:12:58.4484335Z hint: will change to "main" in Git 3.0. To configure the initial branch name
2026-09-09T04:12:58.4489472Z hint: to use in all of your new repositories, which will suppress this warning,
2026-09-09T04:12:58.4491806Z hint: call:
2026-09-09T04:12:58.4492862Z hint:
2026-09-09T04:12:58.4494116Z hint: 	git config --global init.defaultBranch <name>
2026-09-09T04:12:58.4495465Z hint:
2026-09-09T04:12:58.4497185Z hint: Names commonly chosen instead of 'master' are 'main', 'trunk' and
2026-09-09T04:12:58.4499210Z hint: 'development'. The just-created branch can be renamed via this command:
2026-09-09T04:12:58.4501071Z hint:
2026-09-09T04:12:58.4502215Z hint: 	git branch -m <name>
2026-09-09T04:12:58.4503483Z hint:
2026-09-09T04:12:58.4504873Z hint: Disable this message with "git config set advice.defaultBranchName false"
2026-09-09T04:12:58.4507128Z Initialized empty Git repository in /home/runner/work/OODS-Forge/OODS-Forge/.git/
2026-09-09T04:12:58.4511141Z [command]/usr/bin/git remote add origin https://github.com/kneelinghorse/OODS-Forge
2026-09-09T04:12:58.4589571Z ##[endgroup]
2026-09-09T04:12:58.4621642Z ##[group]Disabling automatic garbage collection
2026-09-09T04:12:58.4623149Z [command]/usr/bin/git config --local gc.auto 0
2026-09-09T04:12:58.4671945Z ##[endgroup]
2026-09-09T04:12:58.4698587Z ##[group]Setting up auth
2026-09-09T04:12:58.4699719Z [command]/usr/bin/git config --local --name-only --get-regexp core\.sshCommand
2026-09-09T04:12:58.4704392Z [command]/usr/bin/git submodule foreach --recursive sh -c "git config --local --name-only --get-regexp 'core\.sshCommand' && git config --local --unset-all 'core.sshCommand' || :"
2026-09-09T04:12:58.5236406Z [command]/usr/bin/git config --local --name-only --get-regexp http\.https\:\/\/github\.com\/\.extraheader
2026-09-09T04:12:58.5360381Z [command]/usr/bin/git submodule foreach --recursive sh -c "git config --local --name-only --get-regexp 'http\.https\:\/\/github\.com\/\.extraheader' && git config --local --unset-all 'http.https://github.com/.extraheader' || :"
2026-09-09T04:12:58.5539305Z [command]/usr/bin/git config --local --name-only --get-regexp ^includeIf\.gitdir:
2026-09-09T04:12:58.5572749Z [command]/usr/bin/git submodule foreach --recursive git config --local --show-origin --name-only --get-regexp remote.origin.url
2026-09-09T04:12:58.5833129Z [command]/usr/bin/git config --local http.https://github.com/.extraheader AUTHORIZATION: basic ***
2026-09-09T04:12:58.5877482Z ##[endgroup]
2026-09-09T04:12:58.5880231Z ##[group]Fetching the repository
2026-09-09T04:12:58.5890600Z [command]/usr/bin/git -c protocol.version=2 fetch --no-tags --prune --no-recurse-submodules --depth=1 origin +4656b490b7806bfafd811f20bccdbc1d9023f654:refs/remotes/pull/90/merge
2026-09-09T04:13:03.2584310Z From https://github.com/kneelinghorse/OODS-Forge
2026-09-09T04:13:03.2585758Z  * [new ref]         4656b490b7806bfafd811f20bccdbc1d9023f654 -> pull/90/merge
2026-09-09T04:13:03.2611876Z ##[endgroup]
2026-09-09T04:13:03.2613924Z ##[group]Determining the checkout info
2026-09-09T04:13:03.2615397Z ##[endgroup]
2026-09-09T04:13:03.2616653Z [command]/usr/bin/git sparse-checkout disable
2026-09-09T04:13:03.2712319Z [command]/usr/bin/git config --local --unset-all extensions.worktreeConfig
2026-09-09T04:13:03.2784959Z ##[group]Checking out the ref
2026-09-09T04:13:03.2802140Z [command]/usr/bin/git checkout --progress --force refs/remotes/pull/90/merge
2026-09-09T04:13:04.3171454Z Updating files:  60% (11291/18652)
2026-09-09T04:13:04.3322846Z Updating files:  61% (11378/18652)
2026-09-09T04:13:04.3542978Z Updating files:  62% (11565/18652)
2026-09-09T04:13:04.3669034Z Updating files:  63% (11751/18652)
2026-09-09T04:13:04.3971270Z Updating files:  64% (11938/18652)
2026-09-09T04:13:04.4261288Z Updating files:  65% (12124/18652)
2026-09-09T04:13:04.4494342Z Updating files:  66% (12311/18652)
2026-09-09T04:13:04.4772372Z Updating files:  67% (12497/18652)
2026-09-09T04:13:04.5056659Z Updating files:  68% (12684/18652)
2026-09-09T04:13:04.5401055Z Updating files:  69% (12870/18652)
2026-09-09T04:13:04.5793357Z Updating files:  70% (13057/18652)
2026-09-09T04:13:04.6132487Z Updating files:  71% (13243/18652)
2026-09-09T04:13:04.6333992Z Updating files:  72% (13430/18652)
2026-09-09T04:13:04.6611453Z Updating files:  73% (13616/18652)
2026-09-09T04:13:04.6902678Z Updating files:  74% (13803/18652)
2026-09-09T04:13:04.7382908Z Updating files:  75% (13989/18652)
2026-09-09T04:13:04.7692822Z Updating files:  76% (14176/18652)
2026-09-09T04:13:04.7858972Z Updating files:  77% (14363/18652)
2026-09-09T04:13:04.9516676Z Updating files:  78% (14549/18652)
2026-09-09T04:13:04.9726548Z Updating files:  79% (14736/18652)
2026-09-09T04:13:04.9904184Z Updating files:  80% (14922/18652)
2026-09-09T04:13:05.0162269Z Updating files:  81% (15109/18652)
2026-09-09T04:13:05.0437602Z Updating files:  82% (15295/18652)
2026-09-09T04:13:05.0572206Z Updating files:  83% (15482/18652)
2026-09-09T04:13:05.0706047Z Updating files:  84% (15668/18652)
2026-09-09T04:13:05.0845254Z Updating files:  85% (15855/18652)
2026-09-09T04:13:05.0989527Z Updating files:  86% (16041/18652)
2026-09-09T04:13:05.1134468Z Updating files:  87% (16228/18652)
2026-09-09T04:13:05.1268553Z Updating files:  88% (16414/18652)
2026-09-09T04:13:05.1486682Z Updating files:  89% (16601/18652)
2026-09-09T04:13:05.1566939Z Updating files:  90% (16787/18652)
2026-09-09T04:13:05.1758210Z Updating files:  91% (16974/18652)
2026-09-09T04:13:05.1912677Z Updating files:  92% (17160/18652)
2026-09-09T04:13:05.2048113Z Updating files:  93% (17347/18652)
2026-09-09T04:13:05.2202506Z Updating files:  94% (17533/18652)
2026-09-09T04:13:05.2363451Z Updating files:  95% (17720/18652)
2026-09-09T04:13:05.2483473Z Updating files:  96% (17906/18652)
2026-09-09T04:13:05.2622619Z Updating files:  97% (18093/18652)
2026-09-09T04:13:05.2738849Z Updating files:  98% (18279/18652)
2026-09-09T04:13:05.2861695Z Updating files:  99% (18466/18652)
2026-09-09T04:13:05.2863695Z Updating files: 100% (18652/18652)
2026-09-09T04:13:05.2864572Z Updating files: 100% (18652/18652), done.
2026-09-09T04:13:05.3155903Z Note: switching to 'refs/remotes/pull/90/merge'.
2026-09-09T04:13:05.3157001Z 
2026-09-09T04:13:05.3158112Z You are in 'detached HEAD' state. You can look around, make experimental
2026-09-09T04:13:05.3163097Z changes and commit them, and you can discard any commits you make in this
2026-09-09T04:13:05.3164253Z state without impacting any branches by switching back to a branch.
2026-09-09T04:13:05.3164981Z 
2026-09-09T04:13:05.3165515Z If you want to create a new branch to retain commits you create, you may
2026-09-09T04:13:05.3166589Z do so (now or later) by using -c with the switch command. Example:
2026-09-09T04:13:05.3167313Z 
2026-09-09T04:13:05.3167692Z   git switch -c <new-branch-name>
2026-09-09T04:13:05.3168207Z 
2026-09-09T04:13:05.3168571Z Or undo this operation with:
2026-09-09T04:13:05.3191339Z 
2026-09-09T04:13:05.3191729Z   git switch -
2026-09-09T04:13:05.3192187Z 
2026-09-09T04:13:05.3192818Z Turn off this advice by setting config variable advice.detachedHead to false
2026-09-09T04:13:05.3193630Z 
2026-09-09T04:13:05.3194482Z HEAD is now at 4656b49 Merge c32d4189efa0ef8bdbde33cd3419c17a801a7766 into ff804efa84d03401d79b25a0b0e6166991260e63
2026-09-09T04:13:05.3267338Z ##[endgroup]
2026-09-09T04:13:05.3573579Z [command]/usr/bin/git log -1 --format=%H
2026-09-09T04:13:05.3594210Z 4656b490b7806bfafd811f20bccdbc1d9023f654
2026-09-09T04:13:05.3858948Z Node 20 is being deprecated. This workflow is running with Node 24 by default. If you need to temporarily use Node 20, you can set the ACTIONS_ALLOW_USE_UNSECURE_NODE_VERSION=true environment variable. For more information see: https://github.blog/changelog/2025-09-19-deprecation-of-node-20-on-github-actions-runners/
2026-09-09T04:13:05.3861054Z ##[group]Run pnpm/action-setup@v4
2026-09-09T04:13:05.3861314Z with:
2026-09-09T04:13:05.3861509Z   run_install: false
2026-09-09T04:13:05.3861728Z   dest: ~/setup-pnpm
2026-09-09T04:13:05.3861928Z   cache: false
2026-09-09T04:13:05.3862150Z   cache_dependency_path: pnpm-lock.yaml
2026-09-09T04:13:05.3862435Z   package_json_file: package.json
2026-09-09T04:13:05.3862690Z   standalone: false
2026-09-09T04:13:05.3862884Z env:
2026-09-09T04:13:05.3863062Z   NODE_VERSION: 24
2026-09-09T04:13:05.3863258Z ##[endgroup]
2026-09-09T04:13:05.5427810Z ##[group]Running self-installer...
2026-09-09T04:13:06.1079645Z (node:2031) [DEP0169] DeprecationWarning: `url.parse()` behavior is not standardized and prone to errors that have security implications. Use the WHATWG URL API instead. CVEs are not issued for `url.parse()` vulnerabilities.
2026-09-09T04:13:06.1101606Z (Use `node --trace-deprecation ...` to show where the warning was created)
2026-09-09T04:13:06.3317465Z Progress: resolved 1, reused 0, downloaded 0, added 0
2026-09-09T04:13:06.3448751Z Packages: +1
2026-09-09T04:13:06.3449994Z +
2026-09-09T04:13:06.7582873Z Progress: resolved 1, reused 0, downloaded 1, added 1, done
2026-09-09T04:13:06.8169156Z 
2026-09-09T04:13:06.8169886Z dependencies:
2026-09-09T04:13:06.8171031Z + pnpm 9.12.2 (12.3.4 is available)
2026-09-09T04:13:06.8171754Z 
2026-09-09T04:13:06.8211801Z Done in 989ms
2026-09-09T04:13:06.8376337Z ##[endgroup]
2026-09-09T04:13:06.8377277Z Installation Completed!
2026-09-09T04:13:06.8584759Z Node 20 is being deprecated. This workflow is running with Node 24 by default. If you need to temporarily use Node 20, you can set the ACTIONS_ALLOW_USE_UNSECURE_NODE_VERSION=true environment variable. For more information see: https://github.blog/changelog/2025-09-19-deprecation-of-node-20-on-github-actions-runners/
2026-09-09T04:13:06.8586062Z ##[group]Run actions/setup-node@v4
2026-09-09T04:13:06.8586331Z with:
2026-09-09T04:13:06.8586521Z   node-version: 24
2026-09-09T04:13:06.8586723Z   cache: pnpm
2026-09-09T04:13:06.8586920Z   always-auth: false
2026-09-09T04:13:06.8587135Z   check-latest: false
2026-09-09T04:13:06.8589848Z   token: ***
2026-09-09T04:13:06.8590041Z env:
2026-09-09T04:13:06.8590221Z   NODE_VERSION: 24
2026-09-09T04:13:06.8590501Z   PNPM_HOME: /home/runner/setup-pnpm/node_modules/.bin
2026-09-09T04:13:06.8591005Z ##[endgroup]
2026-09-09T04:13:07.0145545Z Found in cache @ /opt/hostedtoolcache/node/24.20.0/x64
2026-09-09T04:13:07.0151873Z (node:2044) [DEP0040] DeprecationWarning: The `punycode` module is deprecated. Please use a userland alternative instead.
2026-09-09T04:13:07.0153607Z ##[group]Environment details
2026-09-09T04:13:07.0162134Z (Use `node --trace-deprecation ...` to show where the warning was created)
2026-09-09T04:13:08.1268817Z node: v24.20.0
2026-09-09T04:13:08.1269589Z npm: 11.19.0
2026-09-09T04:13:08.1270301Z yarn: 1.22.22
2026-09-09T04:13:08.1272822Z ##[endgroup]
2026-09-09T04:13:08.1301433Z [command]/home/runner/setup-pnpm/node_modules/.bin/pnpm store path --silent
2026-09-09T04:13:08.6173317Z /home/runner/setup-pnpm/node_modules/.bin/store/v3
2026-09-09T04:13:08.8828809Z Cache hit for: node-cache-Linux-x64-pnpm-346fdf27377c336c0f2fc93ab64511656b535651b83de275ca810d99237fefe0
2026-09-09T04:13:08.8981219Z (node:2044) [DEP0169] DeprecationWarning: `url.parse()` behavior is not standardized and prone to errors that have security implications. Use the WHATWG URL API instead. CVEs are not issued for `url.parse()` vulnerabilities.
2026-09-09T04:13:10.1851969Z Received 0 of 125350197 (0.0%), 0.0 MBs/sec
2026-09-09T04:13:11.1931750Z Received 92274688 of 125350197 (73.6%), 43.9 MBs/sec
2026-09-09T04:13:11.4003421Z Received 125350197 of 125350197 (100.0%), 53.9 MBs/sec
2026-09-09T04:13:11.4005001Z Cache Size: ~120 MB (125350197 B)
2026-09-09T04:13:11.4102892Z [command]/usr/bin/tar -xf /home/runner/work/_temp/837340fb-18f0-4029-bd04-ffb877419e6d/cache.tzst -P -C /home/runner/work/OODS-Forge/OODS-Forge --use-compress-program unzstd
2026-09-09T04:13:14.4552327Z Cache restored successfully
2026-09-09T04:13:14.4632852Z Cache restored from key: node-cache-Linux-x64-pnpm-346fdf27377c336c0f2fc93ab64511656b535651b83de275ca810d99237fefe0
2026-09-09T04:13:14.4879921Z ##[group]Run pnpm install --frozen-lockfile
2026-09-09T04:13:14.4880373Z [36;1mpnpm install --frozen-lockfile[0m
2026-09-09T04:13:14.5232654Z shell: /usr/bin/bash -e {0}
2026-09-09T04:13:14.5233106Z env:
2026-09-09T04:13:14.5233443Z   NODE_VERSION: 24
2026-09-09T04:13:14.5233908Z   PNPM_HOME: /home/runner/setup-pnpm/node_modules/.bin
2026-09-09T04:13:14.5234466Z ##[endgroup]
2026-09-09T04:13:15.1437622Z Scope: all 22 workspace projects
2026-09-09T04:13:15.2212349Z Lockfile is up to date, resolution step is skipped
2026-09-09T04:13:15.3129447Z Progress: resolved 1, reused 0, downloaded 0, added 0
2026-09-09T04:13:15.4707497Z Packages: +946
2026-09-09T04:13:15.4708329Z ++++++++++++++++++++++++++++++++++++++++++++++++++++++++++++++++++++++++++++++++
2026-09-09T04:13:16.3143212Z Progress: resolved 946, reused 722, downloaded 0, added 0
2026-09-09T04:13:17.3145092Z Progress: resolved 946, reused 945, downloaded 0, added 427
2026-09-09T04:13:18.3147771Z Progress: resolved 946, reused 945, downloaded 0, added 914
2026-09-09T04:13:18.3453730Z Progress: resolved 946, reused 945, downloaded 0, added 946, done
2026-09-09T04:13:19.4831493Z 
2026-09-09T04:13:19.4832515Z dependencies:
2026-09-09T04:13:19.4833563Z + @radix-ui/react-slot 1.2.3
2026-09-09T04:13:19.4841353Z + @rjsf/core 5.24.13
2026-09-09T04:13:19.4843835Z + @rjsf/utils 5.24.13
2026-09-09T04:13:19.4845499Z + @rjsf/validator-ajv8 5.24.13
2026-09-09T04:13:19.4850285Z + @types/geojson 7946.0.16
2026-09-09T04:13:19.4852107Z + @types/topojson-client 3.1.5
2026-09-09T04:13:19.4855419Z + @types/topojson-specification 1.0.5
2026-09-09T04:13:19.4857611Z + ajv 8.17.1
2026-09-09T04:13:19.4863962Z + ajv-formats 3.0.1
2026-09-09T04:13:19.4870499Z + d3-geo 3.1.1
2026-09-09T04:13:19.4871270Z + d3-scale 4.0.2
2026-09-09T04:13:19.4871687Z + echarts 6.0.0
2026-09-09T04:13:19.4872078Z + js-yaml 4.1.0
2026-09-09T04:13:19.4872465Z + luxon 3.7.2
2026-09-09T04:13:19.4872854Z + pg 8.16.3
2026-09-09T04:13:19.4873230Z + react 19.2.0
2026-09-09T04:13:19.4873718Z + react-dom 19.2.0
2026-09-09T04:13:19.4874177Z + react-window 1.8.11
2026-09-09T04:13:19.4874655Z + topojson-client 3.1.0
2026-09-09T04:13:19.4875089Z + vega 6.2.0
2026-09-09T04:13:19.4875516Z + vega-embed 7.1.0
2026-09-09T04:13:19.4875922Z + zod 4.1.12
2026-09-09T04:13:19.4876133Z 
2026-09-09T04:13:19.4876383Z devDependencies:
2026-09-09T04:13:19.4876916Z + @chromatic-com/storybook 4.1.1
2026-09-09T04:13:19.4877597Z + @oods/a11y-tools 0.1.0 <- packages/a11y-tools
2026-09-09T04:13:19.4878541Z + @oods/component-contracts 0.1.0 <- packages/component-contracts
2026-09-09T04:13:19.4879389Z + @oods/tokens 0.1.0 <- packages/tokens
2026-09-09T04:13:19.4880066Z + @oods/viz-core 0.1.0 <- packages/viz-core
2026-09-09T04:13:19.4880891Z + @playwright/test 1.56.1
2026-09-09T04:13:19.4881433Z + @storybook/addon-a11y 9.1.10
2026-09-09T04:13:19.4881993Z + @storybook/addon-docs 9.1.10
2026-09-09T04:13:19.4882589Z + @storybook/addon-onboarding 9.1.10
2026-09-09T04:13:19.4883131Z + @storybook/mdx2-csf 1.1.0
2026-09-09T04:13:19.4883618Z + @storybook/react 9.1.10
2026-09-09T04:13:19.4884152Z + @storybook/react-vite 9.1.10
2026-09-09T04:13:19.4884724Z + @testing-library/jest-dom 6.9.1
2026-09-09T04:13:19.4885295Z + @testing-library/react 16.3.0
2026-09-09T04:13:19.4885888Z + @testing-library/user-event 14.6.1
2026-09-09T04:13:19.4886500Z + @tokens-studio/sd-transforms 1.3.0
2026-09-09T04:13:19.4887038Z + @types/d3-geo 3.1.0
2026-09-09T04:13:19.4887479Z + @types/d3-scale 4.0.9
2026-09-09T04:13:19.4887962Z + @types/js-yaml 4.0.9
2026-09-09T04:13:19.4888422Z + @types/luxon 3.7.1
2026-09-09T04:13:19.4888864Z + @types/node 20.19.21
2026-09-09T04:13:19.4889311Z + @types/pg 8.15.6
2026-09-09T04:13:19.4889738Z + @types/react 19.2.2
2026-09-09T04:13:19.4890608Z + @types/react-dom 19.2.2
2026-09-09T04:13:19.4914374Z + @types/react-window 1.8.8
2026-09-09T04:13:19.4914881Z + @types/semver 7.7.1
2026-09-09T04:13:19.4915442Z + @types/sql.js 1.4.9
2026-09-09T04:13:19.4916006Z + @typescript-eslint/eslint-plugin 6.21.0
2026-09-09T04:13:19.4917003Z + @typescript-eslint/parser 6.21.0
2026-09-09T04:13:19.4917582Z + @vitejs/plugin-react 5.0.4
2026-09-09T04:13:19.4918430Z + @vitest/browser 3.2.4
2026-09-09T04:13:19.4918908Z + @vitest/coverage-v8 3.2.4
2026-09-09T04:13:19.4919376Z + axe-core 4.11.0
2026-09-09T04:13:19.4919777Z + colorjs.io 0.5.2
2026-09-09T04:13:19.4920163Z + dotenv 17.4.2
2026-09-09T04:13:19.4920523Z + eslint 8.57.1
2026-09-09T04:13:19.4921296Z + eslint-plugin-storybook 9.1.10
2026-09-09T04:13:19.4921788Z + globals 17.6.0
2026-09-09T04:13:19.4922165Z + jsdom 24.1.3
2026-09-09T04:13:19.4922650Z + json-schema-to-typescript 13.1.2
2026-09-09T04:13:19.4923179Z + markdown-to-jsx 7.7.15
2026-09-09T04:13:19.4923640Z + pg-mem 3.0.5
2026-09-09T04:13:19.4933616Z + playwright 1.56.1
2026-09-09T04:13:19.4934850Z + prettier 3.6.2
2026-09-09T04:13:19.4935248Z + rimraf 5.0.10
2026-09-09T04:13:19.4935624Z + semver 7.7.3
2026-09-09T04:13:19.4935984Z + sql.js 1.13.0
2026-09-09T04:13:19.4936407Z + storybook 9.1.10
2026-09-09T04:13:19.4936834Z + style-dictionary 4.4.0
2026-09-09T04:13:19.4937308Z + tailwindcss 3.4.18
2026-09-09T04:13:19.4937701Z + tsup 8.5.0
2026-09-09T04:13:19.4938059Z + tsx 4.20.6
2026-09-09T04:13:19.4938429Z + typescript 5.3.3
2026-09-09T04:13:19.4938882Z + vega-lite 6.4.1
2026-09-09T04:13:19.4939358Z + vite-tsconfig-paths 5.1.4
2026-09-09T04:13:19.4942138Z + vitest 3.2.4
2026-09-09T04:13:19.4942648Z + vitest-axe 0.1.0
2026-09-09T04:13:19.4942898Z 
2026-09-09T04:13:19.5541689Z . prepare$ node tools/token-lint/setup-precommit.mjs
2026-09-09T04:13:19.5941619Z . prepare: No .git directory detected; skipping pre-commit hook installation.
2026-09-09T04:13:19.5982256Z . prepare: Done
2026-09-09T04:13:19.6111990Z Done in 5s
2026-09-09T04:13:19.6604116Z ##[group]Run pnpm exec tsc --noEmit
2026-09-09T04:13:19.6604493Z [36;1mpnpm exec tsc --noEmit[0m
2026-09-09T04:13:19.6643334Z shell: /usr/bin/bash -e {0}
2026-09-09T04:13:19.6643599Z env:
2026-09-09T04:13:19.6643789Z   NODE_VERSION: 24
2026-09-09T04:13:19.6644070Z   PNPM_HOME: /home/runner/setup-pnpm/node_modules/.bin
2026-09-09T04:13:19.6644394Z ##[endgroup]
2026-09-09T04:13:38.4272582Z ##[error]scripts/design-loop/serve.ts(14,39): error TS6133: 'digest' is declared but its value is never read.
2026-09-09T04:13:38.5161872Z ##[error]Process completed with exit code 2.
2026-09-09T04:13:38.5265569Z Node 20 is being deprecated. This workflow is running with Node 24 by default. If you need to temporarily use Node 20, you can set the ACTIONS_ALLOW_USE_UNSECURE_NODE_VERSION=true environment variable. For more information see: https://github.blog/changelog/2025-09-19-deprecation-of-node-20-on-github-actions-runners/
2026-09-09T04:13:38.5266836Z Post job cleanup.
2026-09-09T04:13:38.7221745Z Pruning is unnecessary.
2026-09-09T04:13:38.7626823Z Node 20 is being deprecated. This workflow is running with Node 24 by default. If you need to temporarily use Node 20, you can set the ACTIONS_ALLOW_USE_UNSECURE_NODE_VERSION=true environment variable. For more information see: https://github.blog/changelog/2025-09-19-deprecation-of-node-20-on-github-actions-runners/
2026-09-09T04:13:38.7629127Z Post job cleanup.
2026-09-09T04:13:38.8766141Z [command]/usr/bin/git version
2026-09-09T04:13:38.8857280Z git version 2.55.0
2026-09-09T04:13:38.8904458Z Temporarily overriding HOME='/home/runner/work/_temp/71632f47-3863-4426-8663-3b6d54fea86e' before making global git config changes
2026-09-09T04:13:38.8907977Z Adding repository directory to the temporary git global config as a safe directory
2026-09-09T04:13:38.8909563Z [command]/usr/bin/git config --global --add safe.directory /home/runner/work/OODS-Forge/OODS-Forge
2026-09-09T04:13:38.8958163Z [command]/usr/bin/git config --local --name-only --get-regexp core\.sshCommand
2026-09-09T04:13:38.9015649Z [command]/usr/bin/git submodule foreach --recursive sh -c "git config --local --name-only --get-regexp 'core\.sshCommand' && git config --local --unset-all 'core.sshCommand' || :"
2026-09-09T04:13:38.9396257Z [command]/usr/bin/git config --local --name-only --get-regexp http\.https\:\/\/github\.com\/\.extraheader
2026-09-09T04:13:38.9446960Z http.https://github.com/.extraheader
2026-09-09T04:13:38.9450016Z [command]/usr/bin/git config --local --unset-all http.https://github.com/.extraheader
2026-09-09T04:13:38.9537308Z [command]/usr/bin/git submodule foreach --recursive sh -c "git config --local --name-only --get-regexp 'http\.https\:\/\/github\.com\/\.extraheader' && git config --local --unset-all 'http.https://github.com/.extraheader' || :"
2026-09-09T04:13:39.0409908Z [command]/usr/bin/git config --local --name-only --get-regexp ^includeIf\.gitdir:
2026-09-09T04:13:39.0412511Z [command]/usr/bin/git submodule foreach --recursive git config --local --show-origin --name-only --get-regexp remote.origin.url
2026-09-09T04:13:39.1286436Z Cleaning up orphan processes
2026-09-09T04:13:39.1549617Z ##[warning]Node.js 20 is deprecated. The following actions target Node.js 20 but are being forced to run on Node.js 24: actions/checkout@v4, actions/setup-node@v4, pnpm/action-setup@v4. For more information see: https://github.blog/changelog/2025-09-19-deprecation-of-node-20-on-github-actions-runners/
