$ npm pack <repository-root>/packages/tokens --json --pack-destination <repository-root>/artifacts/product-reality/sprint-195/m07/runtime/submitted-packages/tarballs
exitCode=0
signal=

[stdout]

> @oods/tokens@0.1.0 build <repository-root>/packages/tokens
> rimraf dist && node ./scripts/build.mjs && node ./scripts/build-entry.mjs

✔︎ collision guard: no non-exempt collisions across 6 scopes
Building design tokens with Style Dictionary…

Token collisions detected (9):
Use log.verbosity "verbose" or use CLI option --verbose for more details.
Refer to: https://styledictionary.com/reference/logging/

ios-swift
! dist/ios-swift/OodsTokens.swift, does not exist

compose
! dist/compose/OodsTokens.kt, does not exist

ts
! dist/ts/tokens.ts, does not exist

tailwind
! dist/tailwind/tokens.json, does not exist

ios-swift
✔︎ dist/ios-swift/OodsTokens.swift

compose
✔︎ dist/compose/OodsTokens.kt

ts
✔︎ dist/ts/tokens.ts

tailwind
✔︎ dist/tailwind/tokens.json

Token collisions detected (9):
Use log.verbosity "verbose" or use CLI option --verbose for more details.
Refer to: https://styledictionary.com/reference/logging/

css
✔︎ dist/css/tokens.css

Token collisions detected (9):
Use log.verbosity "verbose" or use CLI option --verbose for more details.
Refer to: https://styledictionary.com/reference/logging/

css
✔︎ dist/css/tokens.css

Token collisions detected (257):
Use log.verbosity "verbose" or use CLI option --verbose for more details.
Refer to: https://styledictionary.com/reference/logging/

css
✔︎ dist/css/tokens.css

Token collisions detected (234):
Use log.verbosity "verbose" or use CLI option --verbose for more details.
Refer to: https://styledictionary.com/reference/logging/

css
✔︎ dist/css/tokens.css

Token collisions detected (9):
Use log.verbosity "verbose" or use CLI option --verbose for more details.
Refer to: https://styledictionary.com/reference/logging/

css
✔︎ dist/css/tokens.css

Token collisions detected (257):
Use log.verbosity "verbose" or use CLI option --verbose for more details.
Refer to: https://styledictionary.com/reference/logging/

css
✔︎ dist/css/tokens.css

Token collisions detected (234):
Use log.verbosity "verbose" or use CLI option --verbose for more details.
Refer to: https://styledictionary.com/reference/logging/

css
✔︎ dist/css/tokens.css

Token collisions detected (9):
Use log.verbosity "verbose" or use CLI option --verbose for more details.
Refer to: https://styledictionary.com/reference/logging/
✔︎ tokens built successfully in 1.90s
   css:      dist/css/tokens.css (6 brand × theme scopes)
   types:    dist/ts/tokens.ts
   tailwind: dist/tailwind/tokens.json
   ios:      dist/ios-swift/OodsTokens.swift
   compose:  dist/compose/OodsTokens.kt
[
  {
    "id": "@oods/tokens@0.1.0",
    "name": "@oods/tokens",
    "version": "0.1.0",
    "size": 238478,
    "unpackedSize": 2952690,
    "shasum": "d3881b65dedcad8ab78ec7e8e589e9a7d89d3b66",
    "integrity": "sha512-hPjXPh95vLIQdNERYqdxvimqE+1KHrssVihCKH62Js8+AG5Yym49gLLM3TY/raE/qLIY4j90zFuy8mFUSBnyQQ==",
    "filename": "oods-tokens-0.1.0.tgz",
    "files": [
      {
        "path": "CHANGELOG.md",
        "size": 248,
        "mode": 420
      },
      {
        "path": "LICENSE",
        "size": 1075,
        "mode": 420
      },
      {
        "path": "README.md",
        "size": 4747,
        "mode": 420
      },
      {
        "path": "dist/compose/OodsTokens.kt",
        "size": 38994,
        "mode": 420
      },
      {
        "path": "dist/css-variables-by-scope.json",
        "size": 348559,
        "mode": 420
      },
      {
        "path": "dist/css/tokens.css",
        "size": 152444,
        "mode": 420
      },
      {
        "path": "dist/index.cjs",
        "size": 524,
        "mode": 420
      },
      {
        "path": "dist/index.d.ts",
        "size": 976,
        "mode": 420
      },
      {
        "path": "dist/index.js",
        "size": 554,
        "mode": 420
      },
      {
        "path": "dist/ios-swift/OodsTokens.swift",
        "size": 118653,
        "mode": 420
      },
      {
        "path": "dist/tailwind/tokens.json",
        "size": 1208092,
        "mode": 420
      },
      {
        "path": "dist/ts/tokens.ts",
        "size": 1076327,
        "mode": 420
      },
      {
        "path": "package.json",
        "size": 1497,
        "mode": 420
      }
    ],
    "entryCount": 13,
    "bundled": []
  }
]

[stderr]
npm warn Unknown project config "link-workspace-packages". This will stop working in the next major version of npm.

> @oods/tokens@0.1.0 prepack
> pnpm run build
