{
  "schemaVersion": "1.0.0",
  "mission": "s187-m01",
  "schemaStore": null,
  "freshInputs": [
    {
      "object": "User",
      "context": "detail"
    },
    {
      "object": "Product",
      "context": "detail"
    },
    {
      "object": "Usage",
      "context": "list"
    },
    {
      "object": "Subscription",
      "context": "inline"
    },
    {
      "object": "Transaction",
      "context": "timeline"
    }
  ],
  "kind": "live-code-generate-fingerprint",
  "status": "passed",
  "handler": "code.generate",
  "sourcePolicy": "Every source and artifact fingerprint comes from this invocation; no committed generated artifact is read.",
  "cellCount": 10,
  "cells": [
    {
      "mission": "s187-m01",
      "schema": "fresh-User-detail",
      "schemaRef": "sha256:0b54705b17a2e57ad7b20e9ddd660c5b20da89318860aafc2868683a3a5c8201",
      "composition": {
        "handler": "design.compose",
        "input": {
          "object": "User",
          "context": "detail"
        },
        "sourceHead": "0273e2e82eea68cf64c732907f172192efc75c90",
        "sourceDiffSha256": "sha256:d397684db49086dbd3cef6e3a6e9eaa920296948d10dc5bf0519e56ac19f4918",
        "schemaSha256": "sha256:0b54705b17a2e57ad7b20e9ddd660c5b20da89318860aafc2868683a3a5c8201",
        "composedAt": "2026-09-07T00:13:14.111Z"
      },
      "framework": "react",
      "status": "passed",
      "sourcePath": "live-generation/fresh-User-detail/react/GeneratedUI.tsx",
      "sourceSha256": "sha256:8a709752c37a88c41fa448c08dc3387ca8ebd42eeb865bfac2e7ddbc901250d6",
      "generationLog": "live-generation/fresh-User-detail/react/generation.log",
      "generationFingerprint": {
        "handler": "code.generate",
        "invocation": "live-in-process",
        "profile": "build",
        "sourceOfArtifact": "current-in-run-output",
        "artifactContentHash": "sha256:2d044f5e4fd9b7e25236c1f0bbb4a129b51ec55ed9dd32aa71192a270e446e3d",
        "generatedAt": "2026-09-07T00:13:14.236Z"
      },
      "sourceOwnership": {
        "generatedFile": "src/GeneratedUI.tsx",
        "bindingMarkerCount": 2,
        "actionSelectors": [
          {
            "action": "handleDelete",
            "selector": "[data-oods-action=\"handleDelete\"]",
            "generatedSourceOccurrences": 1,
            "generatedRenderCallOccurrences": 1
          },
          {
            "action": "handleEdit",
            "selector": "[data-oods-action=\"handleEdit\"]",
            "generatedSourceOccurrences": 1,
            "generatedRenderCallOccurrences": 1
          }
        ],
        "generatedOwnsEverySelector": true,
        "generatedForwardsEveryAction": true,
        "consumerEntryFiles": [],
        "selectorOccurrencesInConsumerEntries": 0,
        "consumerComponentDeclarations": [],
        "interaction": {
          "kind": "tabs",
          "nodeId": "detail-tabs-9",
          "component": "Tabs",
          "selector": "[id=\"detail-tabs-9\"]"
        },
        "generatedInteractionNodeOccurrences": 1
      },
      "interaction": {
        "kind": "tabs",
        "nodeId": "detail-tabs-9",
        "component": "Tabs",
        "selector": "[id=\"detail-tabs-9\"]"
      },
      "model": {
        "addressRoles": [],
        "addresses": [],
        "allowedTransitions": [
          "paused",
          "pending_cancellation"
        ],
        "channelCatalog": [],
        "conversations": [],
        "createdAt": "2026-01-02T03:04:05.000Z",
        "defaultAddressRole": "Consumer default address role",
        "deliveryPolicies": [],
        "description": "Consumer description",
        "lastEvent": "subscription.updated",
        "lastEventAt": "2026-09-05T12:00:00.000Z",
        "membershipRecords": [],
        "messageStatuses": [],
        "messages": [],
        "name": "Consumer name",
        "permissionCatalog": [],
        "preferenceDocument": "Consumer preference document",
        "preferenceMetadata": "Consumer preference metadata",
        "preferenceMutations": 0,
        "preferenceNamespaces": [],
        "preferenceVersion": "Consumer preference version",
        "preferredName": "Consumer preferred name",
        "primaryEmail": "consumer@example.test",
        "role": "end_user",
        "roleCatalog": [],
        "roleHierarchyEdges": [],
        "rolePermissions": {},
        "sessionRoles": [],
        "stateHistory": [],
        "status": "active",
        "tagCount": 0,
        "tagMetadata": [],
        "tags": [],
        "templateCatalog": [],
        "timezone": "Consumer timezone",
        "updatedAt": "2026-09-05T12:00:00.000Z",
        "userId": "consumer-user-id"
      }
    },
    {
      "mission": "s187-m01",
      "schema": "fresh-User-detail",
      "schemaRef": "sha256:0b54705b17a2e57ad7b20e9ddd660c5b20da89318860aafc2868683a3a5c8201",
      "composition": {
        "handler": "design.compose",
        "input": {
          "object": "User",
          "context": "detail"
        },
        "sourceHead": "0273e2e82eea68cf64c732907f172192efc75c90",
        "sourceDiffSha256": "sha256:d397684db49086dbd3cef6e3a6e9eaa920296948d10dc5bf0519e56ac19f4918",
        "schemaSha256": "sha256:0b54705b17a2e57ad7b20e9ddd660c5b20da89318860aafc2868683a3a5c8201",
        "composedAt": "2026-09-07T00:13:14.111Z"
      },
      "framework": "vue",
      "status": "passed",
      "sourcePath": "live-generation/fresh-User-detail/vue/GeneratedUI.vue",
      "sourceSha256": "sha256:0b20198820dc542f7aacba75e8a36251b0e46794f9d7d8f1a3d14bd66e75d1bd",
      "generationLog": "live-generation/fresh-User-detail/vue/generation.log",
      "generationFingerprint": {
        "handler": "code.generate",
        "invocation": "live-in-process",
        "profile": "build",
        "sourceOfArtifact": "current-in-run-output",
        "artifactContentHash": "sha256:4b8c0bbb39908d61fd634e1e9843e02a84bb92aeb852cc9e05d8454983725191",
        "generatedAt": "2026-09-07T00:13:14.261Z"
      },
      "sourceOwnership": {
        "generatedFile": "src/GeneratedUI.vue",
        "bindingMarkerCount": 2,
        "actionSelectors": [
          {
            "action": "handleDelete",
            "selector": "[data-oods-action=\"handleDelete\"]",
            "generatedSourceOccurrences": 1,
            "generatedRenderCallOccurrences": 1
          },
          {
            "action": "handleEdit",
            "selector": "[data-oods-action=\"handleEdit\"]",
            "generatedSourceOccurrences": 1,
            "generatedRenderCallOccurrences": 1
          }
        ],
        "generatedOwnsEverySelector": true,
        "generatedForwardsEveryAction": true,
        "consumerEntryFiles": [],
        "selectorOccurrencesInConsumerEntries": 0,
        "consumerComponentDeclarations": [],
        "interaction": {
          "kind": "tabs",
          "nodeId": "detail-tabs-9",
          "component": "Tabs",
          "selector": "[id=\"detail-tabs-9\"]"
        },
        "generatedInteractionNodeOccurrences": 1
      },
      "interaction": {
        "kind": "tabs",
        "nodeId": "detail-tabs-9",
        "component": "Tabs",
        "selector": "[id=\"detail-tabs-9\"]"
      },
      "model": {
        "addressRoles": [],
        "addresses": [],
        "allowedTransitions": [
          "paused",
          "pending_cancellation"
        ],
        "channelCatalog": [],
        "conversations": [],
        "createdAt": "2026-01-02T03:04:05.000Z",
        "defaultAddressRole": "Consumer default address role",
        "deliveryPolicies": [],
        "description": "Consumer description",
        "lastEvent": "subscription.updated",
        "lastEventAt": "2026-09-05T12:00:00.000Z",
        "membershipRecords": [],
        "messageStatuses": [],
        "messages": [],
        "name": "Consumer name",
        "permissionCatalog": [],
        "preferenceDocument": "Consumer preference document",
        "preferenceMetadata": "Consumer preference metadata",
        "preferenceMutations": 0,
        "preferenceNamespaces": [],
        "preferenceVersion": "Consumer preference version",
        "preferredName": "Consumer preferred name",
        "primaryEmail": "consumer@example.test",
        "role": "end_user",
        "roleCatalog": [],
        "roleHierarchyEdges": [],
        "rolePermissions": {},
        "sessionRoles": [],
        "stateHistory": [],
        "status": "active",
        "tagCount": 0,
        "tagMetadata": [],
        "tags": [],
        "templateCatalog": [],
        "timezone": "Consumer timezone",
        "updatedAt": "2026-09-05T12:00:00.000Z",
        "userId": "consumer-user-id"
      }
    },
    {
      "mission": "s187-m01",
      "schema": "fresh-Product-detail",
      "schemaRef": "sha256:e51dde045a0e71ea3ac5de4006589c76c006d6e4a78013f8e1ca8dd90912da82",
      "composition": {
        "handler": "design.compose",
        "input": {
          "object": "Product",
          "context": "detail"
        },
        "sourceHead": "0273e2e82eea68cf64c732907f172192efc75c90",
        "sourceDiffSha256": "sha256:d397684db49086dbd3cef6e3a6e9eaa920296948d10dc5bf0519e56ac19f4918",
        "schemaSha256": "sha256:e51dde045a0e71ea3ac5de4006589c76c006d6e4a78013f8e1ca8dd90912da82",
        "composedAt": "2026-09-07T00:13:14.142Z"
      },
      "framework": "react",
      "status": "passed",
      "sourcePath": "live-generation/fresh-Product-detail/react/GeneratedUI.tsx",
      "sourceSha256": "sha256:bac5784e4add1e81b4aad1aaf9d7e1c770b41b867d49186b489d3ee9ab25db5d",
      "generationLog": "live-generation/fresh-Product-detail/react/generation.log",
      "generationFingerprint": {
        "handler": "code.generate",
        "invocation": "live-in-process",
        "profile": "build",
        "sourceOfArtifact": "current-in-run-output",
        "artifactContentHash": "sha256:dced79fcb50b6177a9c45d984d900277dc2566ec853aba4fcfea0a866073f6de",
        "generatedAt": "2026-09-07T00:13:14.272Z"
      },
      "sourceOwnership": {
        "generatedFile": "src/GeneratedUI.tsx",
        "bindingMarkerCount": 2,
        "actionSelectors": [
          {
            "action": "handleDelete",
            "selector": "[data-oods-action=\"handleDelete\"]",
            "generatedSourceOccurrences": 1,
            "generatedRenderCallOccurrences": 1
          },
          {
            "action": "handleEdit",
            "selector": "[data-oods-action=\"handleEdit\"]",
            "generatedSourceOccurrences": 1,
            "generatedRenderCallOccurrences": 1
          }
        ],
        "generatedOwnsEverySelector": true,
        "generatedForwardsEveryAction": true,
        "consumerEntryFiles": [],
        "selectorOccurrencesInConsumerEntries": 0,
        "consumerComponentDeclarations": [],
        "interaction": {
          "kind": "tabs",
          "nodeId": "detail-tabs-9",
          "component": "Tabs",
          "selector": "[id=\"detail-tabs-9\"]"
        },
        "generatedInteractionNodeOccurrences": 1
      },
      "interaction": {
        "kind": "tabs",
        "nodeId": "detail-tabs-9",
        "component": "Tabs",
        "selector": "[id=\"detail-tabs-9\"]"
      },
      "model": {
        "activeFilters": [],
        "allowedTransitions": [
          "paused",
          "pending_cancellation"
        ],
        "billingInterval": "month",
        "categories": [],
        "classificationMetadata": "Consumer classification metadata",
        "createdAt": "2026-01-02T03:04:05.000Z",
        "currency": "USD",
        "description": "Consumer description",
        "filterCount": 0,
        "filters": [],
        "inventoryStatus": "in_stock",
        "label": "Consumer label",
        "lastEvent": "subscription.updated",
        "lastEventAt": "2026-09-05T12:00:00.000Z",
        "page": 0,
        "pageSize": 0,
        "placeholder": "Consumer placeholder",
        "pricingModel": "Consumer pricing model",
        "primaryCategoryId": "consumer-primary-category-id",
        "primaryCategoryPath": "Consumer primary category path",
        "productId": "consumer-product-id",
        "releaseChannel": "alpha",
        "requiresSubscription": false,
        "searchActive": false,
        "searchQuery": "Consumer searchQuery",
        "sku": "Consumer sku",
        "stateHistory": [],
        "status": "active",
        "summaryBlurb": "Consumer summary blurb",
        "supportLevel": "standard",
        "tagCount": 0,
        "tagPreview": "Consumer tag preview",
        "tags": [],
        "taxBehavior": "exclusive",
        "totalItems": 0,
        "totalPages": 0,
        "unitAmountCents": 0,
        "updatedAt": "2026-09-05T12:00:00.000Z"
      }
    },
    {
      "mission": "s187-m01",
      "schema": "fresh-Product-detail",
      "schemaRef": "sha256:e51dde045a0e71ea3ac5de4006589c76c006d6e4a78013f8e1ca8dd90912da82",
      "composition": {
        "handler": "design.compose",
        "input": {
          "object": "Product",
          "context": "detail"
        },
        "sourceHead": "0273e2e82eea68cf64c732907f172192efc75c90",
        "sourceDiffSha256": "sha256:d397684db49086dbd3cef6e3a6e9eaa920296948d10dc5bf0519e56ac19f4918",
        "schemaSha256": "sha256:e51dde045a0e71ea3ac5de4006589c76c006d6e4a78013f8e1ca8dd90912da82",
        "composedAt": "2026-09-07T00:13:14.142Z"
      },
      "framework": "vue",
      "status": "passed",
      "sourcePath": "live-generation/fresh-Product-detail/vue/GeneratedUI.vue",
      "sourceSha256": "sha256:75a0fed2e66aaecedefab882cd84c6a73a3185482fc3f0eac4293e614118ef1b",
      "generationLog": "live-generation/fresh-Product-detail/vue/generation.log",
      "generationFingerprint": {
        "handler": "code.generate",
        "invocation": "live-in-process",
        "profile": "build",
        "sourceOfArtifact": "current-in-run-output",
        "artifactContentHash": "sha256:8e640f0c6fc091a999a7f25927fdc9dd3cad399b56a098012f47f772949f51de",
        "generatedAt": "2026-09-07T00:13:14.286Z"
      },
      "sourceOwnership": {
        "generatedFile": "src/GeneratedUI.vue",
        "bindingMarkerCount": 2,
        "actionSelectors": [
          {
            "action": "handleDelete",
            "selector": "[data-oods-action=\"handleDelete\"]",
            "generatedSourceOccurrences": 1,
            "generatedRenderCallOccurrences": 1
          },
          {
            "action": "handleEdit",
            "selector": "[data-oods-action=\"handleEdit\"]",
            "generatedSourceOccurrences": 1,
            "generatedRenderCallOccurrences": 1
          }
        ],
        "generatedOwnsEverySelector": true,
        "generatedForwardsEveryAction": true,
        "consumerEntryFiles": [],
        "selectorOccurrencesInConsumerEntries": 0,
        "consumerComponentDeclarations": [],
        "interaction": {
          "kind": "tabs",
          "nodeId": "detail-tabs-9",
          "component": "Tabs",
          "selector": "[id=\"detail-tabs-9\"]"
        },
        "generatedInteractionNodeOccurrences": 1
      },
      "interaction": {
        "kind": "tabs",
        "nodeId": "detail-tabs-9",
        "component": "Tabs",
        "selector": "[id=\"detail-tabs-9\"]"
      },
      "model": {
        "activeFilters": [],
        "allowedTransitions": [
          "paused",
          "pending_cancellation"
        ],
        "billingInterval": "month",
        "categories": [],
        "classificationMetadata": "Consumer classification metadata",
        "createdAt": "2026-01-02T03:04:05.000Z",
        "currency": "USD",
        "description": "Consumer description",
        "filterCount": 0,
        "filters": [],
        "inventoryStatus": "in_stock",
        "label": "Consumer label",
        "lastEvent": "subscription.updated",
        "lastEventAt": "2026-09-05T12:00:00.000Z",
        "page": 0,
        "pageSize": 0,
        "placeholder": "Consumer placeholder",
        "pricingModel": "Consumer pricing model",
        "primaryCategoryId": "consumer-primary-category-id",
        "primaryCategoryPath": "Consumer primary category path",
        "productId": "consumer-product-id",
        "releaseChannel": "alpha",
        "requiresSubscription": false,
        "searchActive": false,
        "searchQuery": "Consumer searchQuery",
        "sku": "Consumer sku",
        "stateHistory": [],
        "status": "active",
        "summaryBlurb": "Consumer summary blurb",
        "supportLevel": "standard",
        "tagCount": 0,
        "tagPreview": "Consumer tag preview",
        "tags": [],
        "taxBehavior": "exclusive",
        "totalItems": 0,
        "totalPages": 0,
        "unitAmountCents": 0,
        "updatedAt": "2026-09-05T12:00:00.000Z"
      }
    },
    {
      "mission": "s187-m01",
      "schema": "fresh-Usage-list",
      "schemaRef": "sha256:538e55a202923e4b5d3f8c2f19a97c11d9f865d93aad9e6d4f979df55a2d88bb",
      "composition": {
        "handler": "design.compose",
        "input": {
          "object": "Usage",
          "context": "list"
        },
        "sourceHead": "0273e2e82eea68cf64c732907f172192efc75c90",
        "sourceDiffSha256": "sha256:d397684db49086dbd3cef6e3a6e9eaa920296948d10dc5bf0519e56ac19f4918",
        "schemaSha256": "sha256:538e55a202923e4b5d3f8c2f19a97c11d9f865d93aad9e6d4f979df55a2d88bb",
        "composedAt": "2026-09-07T00:13:14.157Z"
      },
      "framework": "react",
      "status": "passed",
      "sourcePath": "live-generation/fresh-Usage-list/react/GeneratedUI.tsx",
      "sourceSha256": "sha256:a926b86a410733df9a1edb401643ffa6bcd327aeb7443c17c773b50ce69af93b",
      "generationLog": "live-generation/fresh-Usage-list/react/generation.log",
      "generationFingerprint": {
        "handler": "code.generate",
        "invocation": "live-in-process",
        "profile": "build",
        "sourceOfArtifact": "current-in-run-output",
        "artifactContentHash": "sha256:037adbab12b40f8ca89ef5017f41cae908ba2a72b86bc0e66ed5d1608e0b2442",
        "generatedAt": "2026-09-07T00:13:14.353Z"
      },
      "sourceOwnership": {
        "generatedFile": "src/GeneratedUI.tsx",
        "bindingMarkerCount": 4,
        "actionSelectors": [
          {
            "action": "handleFilter",
            "selector": "[data-oods-action=\"handleFilter\"]",
            "generatedSourceOccurrences": 1,
            "generatedRenderCallOccurrences": 1
          },
          {
            "action": "handleRowClick",
            "selector": "[data-oods-action=\"handleRowClick\"]",
            "generatedSourceOccurrences": 1,
            "generatedRenderCallOccurrences": 1
          },
          {
            "action": "handleSort",
            "selector": "[data-oods-action=\"handleSort\"]",
            "generatedSourceOccurrences": 1,
            "generatedRenderCallOccurrences": 1
          }
        ],
        "generatedOwnsEverySelector": true,
        "generatedForwardsEveryAction": true,
        "consumerEntryFiles": [],
        "selectorOccurrencesInConsumerEntries": 0,
        "consumerComponentDeclarations": [],
        "interaction": {
          "kind": "action",
          "nodeId": "screen-list-9",
          "component": "Stack",
          "selector": "[data-oods-action=\"handleFilter\"]",
          "action": "handleFilter"
        },
        "generatedInteractionNodeOccurrences": 1
      },
      "interaction": {
        "kind": "action",
        "nodeId": "screen-list-9",
        "component": "Stack",
        "selector": "[data-oods-action=\"handleFilter\"]",
        "action": "handleFilter"
      },
      "model": {
        "anomalies": [],
        "consumedQuantity": 0,
        "createdAt": "2026-01-02T03:04:05.000Z",
        "includedQuantity": 0,
        "lastEvent": "subscription.updated",
        "lastEventAt": "2026-09-05T12:00:00.000Z",
        "lastReportedAt": "2026-09-05T12:00:00.000Z",
        "meterId": "consumer-meter-id",
        "meterName": "Consumer meter name",
        "overageRateMinor": 0,
        "periodEnd": "2026-09-05",
        "periodStart": "2026-09-05",
        "projectedOverageMinor": 0,
        "provider": "Consumer provider",
        "rolloverStrategy": "Consumer rollover strategy",
        "samples": [],
        "status": "ok",
        "subscriptionId": "sub-s184-001",
        "trendPercent": 0,
        "unitLabel": "Consumer unit label",
        "updatedAt": "2026-09-05T12:00:00.000Z",
        "usageId": "consumer-usage-id",
        "varianceMinor": 0
      }
    },
    {
      "mission": "s187-m01",
      "schema": "fresh-Usage-list",
      "schemaRef": "sha256:538e55a202923e4b5d3f8c2f19a97c11d9f865d93aad9e6d4f979df55a2d88bb",
      "composition": {
        "handler": "design.compose",
        "input": {
          "object": "Usage",
          "context": "list"
        },
        "sourceHead": "0273e2e82eea68cf64c732907f172192efc75c90",
        "sourceDiffSha256": "sha256:d397684db49086dbd3cef6e3a6e9eaa920296948d10dc5bf0519e56ac19f4918",
        "schemaSha256": "sha256:538e55a202923e4b5d3f8c2f19a97c11d9f865d93aad9e6d4f979df55a2d88bb",
        "composedAt": "2026-09-07T00:13:14.157Z"
      },
      "framework": "vue",
      "status": "passed",
      "sourcePath": "live-generation/fresh-Usage-list/vue/GeneratedUI.vue",
      "sourceSha256": "sha256:00ce8147af91344427c4a71d73a47820d9beaba59a8957d70edda4d371c0eefc",
      "generationLog": "live-generation/fresh-Usage-list/vue/generation.log",
      "generationFingerprint": {
        "handler": "code.generate",
        "invocation": "live-in-process",
        "profile": "build",
        "sourceOfArtifact": "current-in-run-output",
        "artifactContentHash": "sha256:eea4b21c86c4b5b119a4e332bff8bee7a6524950968ba0c5b9e177697f047b63",
        "generatedAt": "2026-09-07T00:13:14.386Z"
      },
      "sourceOwnership": {
        "generatedFile": "src/GeneratedUI.vue",
        "bindingMarkerCount": 4,
        "actionSelectors": [
          {
            "action": "handleFilter",
            "selector": "[data-oods-action=\"handleFilter\"]",
            "generatedSourceOccurrences": 1,
            "generatedRenderCallOccurrences": 1
          },
          {
            "action": "handleRowClick",
            "selector": "[data-oods-action=\"handleRowClick\"]",
            "generatedSourceOccurrences": 1,
            "generatedRenderCallOccurrences": 1
          },
          {
            "action": "handleSort",
            "selector": "[data-oods-action=\"handleSort\"]",
            "generatedSourceOccurrences": 1,
            "generatedRenderCallOccurrences": 1
          }
        ],
        "generatedOwnsEverySelector": true,
        "generatedForwardsEveryAction": true,
        "consumerEntryFiles": [],
        "selectorOccurrencesInConsumerEntries": 0,
        "consumerComponentDeclarations": [],
        "interaction": {
          "kind": "action",
          "nodeId": "screen-list-9",
          "component": "Stack",
          "selector": "[data-oods-action=\"handleFilter\"]",
          "action": "handleFilter"
        },
        "generatedInteractionNodeOccurrences": 1
      },
      "interaction": {
        "kind": "action",
        "nodeId": "screen-list-9",
        "component": "Stack",
        "selector": "[data-oods-action=\"handleFilter\"]",
        "action": "handleFilter"
      },
      "model": {
        "anomalies": [],
        "consumedQuantity": 0,
        "createdAt": "2026-01-02T03:04:05.000Z",
        "includedQuantity": 0,
        "lastEvent": "subscription.updated",
        "lastEventAt": "2026-09-05T12:00:00.000Z",
        "lastReportedAt": "2026-09-05T12:00:00.000Z",
        "meterId": "consumer-meter-id",
        "meterName": "Consumer meter name",
        "overageRateMinor": 0,
        "periodEnd": "2026-09-05",
        "periodStart": "2026-09-05",
        "projectedOverageMinor": 0,
        "provider": "Consumer provider",
        "rolloverStrategy": "Consumer rollover strategy",
        "samples": [],
        "status": "ok",
        "subscriptionId": "sub-s184-001",
        "trendPercent": 0,
        "unitLabel": "Consumer unit label",
        "updatedAt": "2026-09-05T12:00:00.000Z",
        "usageId": "consumer-usage-id",
        "varianceMinor": 0
      }
    },
    {
      "mission": "s187-m01",
      "schema": "fresh-Subscription-inline",
      "schemaRef": "sha256:f4868d0dffd8cee3549b19bd74db34cab56bc3ff13e8b4bfe5d155f184d0bb80",
      "composition": {
        "handler": "design.compose",
        "input": {
          "object": "Subscription",
          "context": "inline"
        },
        "sourceHead": "0273e2e82eea68cf64c732907f172192efc75c90",
        "sourceDiffSha256": "sha256:d397684db49086dbd3cef6e3a6e9eaa920296948d10dc5bf0519e56ac19f4918",
        "schemaSha256": "sha256:f4868d0dffd8cee3549b19bd74db34cab56bc3ff13e8b4bfe5d155f184d0bb80",
        "composedAt": "2026-09-07T00:13:14.194Z"
      },
      "framework": "react",
      "status": "passed",
      "sourcePath": "live-generation/fresh-Subscription-inline/react/GeneratedUI.tsx",
      "sourceSha256": "sha256:7660984b0e3e6362aedbbd7adabeaad9e54b8608560deab1a55b2056ecade7c5",
      "generationLog": "live-generation/fresh-Subscription-inline/react/generation.log",
      "generationFingerprint": {
        "handler": "code.generate",
        "invocation": "live-in-process",
        "profile": "build",
        "sourceOfArtifact": "current-in-run-output",
        "artifactContentHash": "sha256:51e07ed6756bd1f836dba56ac90aeb60cc5b38743aa48853cb5766d1a054b17d",
        "generatedAt": "2026-09-07T00:13:14.399Z"
      },
      "sourceOwnership": {
        "generatedFile": "src/GeneratedUI.tsx",
        "bindingMarkerCount": 1,
        "actionSelectors": [],
        "generatedOwnsEverySelector": true,
        "generatedForwardsEveryAction": true,
        "consumerEntryFiles": [],
        "selectorOccurrencesInConsumerEntries": 0,
        "consumerComponentDeclarations": [],
        "interaction": {
          "kind": "field",
          "nodeId": "slot-search-1",
          "component": "SearchInput",
          "selector": "[id=\"slot-search-1\"]",
          "inputType": "text"
        },
        "generatedInteractionNodeOccurrences": 1
      },
      "interaction": {
        "kind": "field",
        "nodeId": "slot-search-1",
        "component": "SearchInput",
        "selector": "[id=\"slot-search-1\"]",
        "inputType": "text"
      },
      "model": {
        "allowedTransitions": [
          "paused",
          "pending_cancellation"
        ],
        "amount": 129900,
        "archiveMetadata": {},
        "archiveReason": "Consumer archive reason",
        "archivedAt": "Consumer archived at",
        "archivedBy": "Consumer archived by",
        "billingInterval": "month",
        "cancelAtPeriodEnd": false,
        "cancellationReason": "Requested by account owner",
        "cancellationReasonCode": "customer_request",
        "cancellationRequestedAt": "2026-09-05T12:00:00.000Z",
        "createdAt": "2026-01-02T03:04:05.000Z",
        "currency": "USD",
        "currentPeriodEnd": "2026-10-01T00:00:00.000Z",
        "currentPeriodProgress": 0.42,
        "currentPeriodStart": "2026-09-01T00:00:00.000Z",
        "customerEmail": "billing@example.test",
        "customerName": "Northwind Research",
        "isArchived": false,
        "lastEvent": "subscription.updated",
        "lastEventAt": "2026-09-05T12:00:00.000Z",
        "lastPaymentAt": "2026-09-01T00:00:00.000Z",
        "nextPaymentDueAt": "2026-10-01T00:00:00.000Z",
        "paymentMethodType": "card",
        "paymentStatus": "succeeded",
        "planCode": "enterprise-monthly",
        "planInterval": "month",
        "planName": "Enterprise",
        "prorationAmount": 0,
        "prorationDate": 0,
        "restorationMetadata": {},
        "restoredAt": "Consumer restored at",
        "stateHistory": [],
        "status": "active",
        "subscriptionId": "sub-s184-001",
        "updatedAt": "2026-09-05T12:00:00.000Z"
      }
    },
    {
      "mission": "s187-m01",
      "schema": "fresh-Subscription-inline",
      "schemaRef": "sha256:f4868d0dffd8cee3549b19bd74db34cab56bc3ff13e8b4bfe5d155f184d0bb80",
      "composition": {
        "handler": "design.compose",
        "input": {
          "object": "Subscription",
          "context": "inline"
        },
        "sourceHead": "0273e2e82eea68cf64c732907f172192efc75c90",
        "sourceDiffSha256": "sha256:d397684db49086dbd3cef6e3a6e9eaa920296948d10dc5bf0519e56ac19f4918",
        "schemaSha256": "sha256:f4868d0dffd8cee3549b19bd74db34cab56bc3ff13e8b4bfe5d155f184d0bb80",
        "composedAt": "2026-09-07T00:13:14.194Z"
      },
      "framework": "vue",
      "status": "passed",
      "sourcePath": "live-generation/fresh-Subscription-inline/vue/GeneratedUI.vue",
      "sourceSha256": "sha256:d0a9b5de27c70ff28e4a56e3a595494c70f55affb338320ce0599be70c5d43fa",
      "generationLog": "live-generation/fresh-Subscription-inline/vue/generation.log",
      "generationFingerprint": {
        "handler": "code.generate",
        "invocation": "live-in-process",
        "profile": "build",
        "sourceOfArtifact": "current-in-run-output",
        "artifactContentHash": "sha256:0e8c1d7398e9beaae1e7911d13cab71d089531fea65b5dfe09f08d62d353bd64",
        "generatedAt": "2026-09-07T00:13:14.405Z"
      },
      "sourceOwnership": {
        "generatedFile": "src/GeneratedUI.vue",
        "bindingMarkerCount": 1,
        "actionSelectors": [],
        "generatedOwnsEverySelector": true,
        "generatedForwardsEveryAction": true,
        "consumerEntryFiles": [],
        "selectorOccurrencesInConsumerEntries": 0,
        "consumerComponentDeclarations": [],
        "interaction": {
          "kind": "field",
          "nodeId": "slot-search-1",
          "component": "SearchInput",
          "selector": "[id=\"slot-search-1\"]",
          "inputType": "text"
        },
        "generatedInteractionNodeOccurrences": 1
      },
      "interaction": {
        "kind": "field",
        "nodeId": "slot-search-1",
        "component": "SearchInput",
        "selector": "[id=\"slot-search-1\"]",
        "inputType": "text"
      },
      "model": {
        "allowedTransitions": [
          "paused",
          "pending_cancellation"
        ],
        "amount": 129900,
        "archiveMetadata": {},
        "archiveReason": "Consumer archive reason",
        "archivedAt": "Consumer archived at",
        "archivedBy": "Consumer archived by",
        "billingInterval": "month",
        "cancelAtPeriodEnd": false,
        "cancellationReason": "Requested by account owner",
        "cancellationReasonCode": "customer_request",
        "cancellationRequestedAt": "2026-09-05T12:00:00.000Z",
        "createdAt": "2026-01-02T03:04:05.000Z",
        "currency": "USD",
        "currentPeriodEnd": "2026-10-01T00:00:00.000Z",
        "currentPeriodProgress": 0.42,
        "currentPeriodStart": "2026-09-01T00:00:00.000Z",
        "customerEmail": "billing@example.test",
        "customerName": "Northwind Research",
        "isArchived": false,
        "lastEvent": "subscription.updated",
        "lastEventAt": "2026-09-05T12:00:00.000Z",
        "lastPaymentAt": "2026-09-01T00:00:00.000Z",
        "nextPaymentDueAt": "2026-10-01T00:00:00.000Z",
        "paymentMethodType": "card",
        "paymentStatus": "succeeded",
        "planCode": "enterprise-monthly",
        "planInterval": "month",
        "planName": "Enterprise",
        "prorationAmount": 0,
        "prorationDate": 0,
        "restorationMetadata": {},
        "restoredAt": "Consumer restored at",
        "stateHistory": [],
        "status": "active",
        "subscriptionId": "sub-s184-001",
        "updatedAt": "2026-09-05T12:00:00.000Z"
      }
    },
    {
      "mission": "s187-m01",
      "schema": "fresh-Transaction-timeline",
      "schemaRef": "sha256:f21006eff2927eb4a375fe3a3149176717ec9606dd584accf9391f122c8dbf4c",
      "composition": {
        "handler": "design.compose",
        "input": {
          "object": "Transaction",
          "context": "timeline"
        },
        "sourceHead": "0273e2e82eea68cf64c732907f172192efc75c90",
        "sourceDiffSha256": "sha256:d397684db49086dbd3cef6e3a6e9eaa920296948d10dc5bf0519e56ac19f4918",
        "schemaSha256": "sha256:f21006eff2927eb4a375fe3a3149176717ec9606dd584accf9391f122c8dbf4c",
        "composedAt": "2026-09-07T00:13:14.234Z"
      },
      "framework": "react",
      "status": "passed",
      "sourcePath": "live-generation/fresh-Transaction-timeline/react/GeneratedUI.tsx",
      "sourceSha256": "sha256:62736f13e5fb9effc98d1d5b149c3c1f5fedcd4b5488d14b5a6dd6a802e44b97",
      "generationLog": "live-generation/fresh-Transaction-timeline/react/generation.log",
      "generationFingerprint": {
        "handler": "code.generate",
        "invocation": "live-in-process",
        "profile": "build",
        "sourceOfArtifact": "current-in-run-output",
        "artifactContentHash": "sha256:14a2d5002801358e79ec51dea2a2c4c635e0908f400da4d1cb3b86509ab521e2",
        "generatedAt": "2026-09-07T00:13:14.419Z"
      },
      "sourceOwnership": {
        "generatedFile": "src/GeneratedUI.tsx",
        "bindingMarkerCount": 0,
        "actionSelectors": [],
        "generatedOwnsEverySelector": true,
        "generatedForwardsEveryAction": true,
        "consumerEntryFiles": [],
        "selectorOccurrencesInConsumerEntries": 0,
        "consumerComponentDeclarations": [],
        "interaction": {
          "kind": "none",
          "reason": "no interactive element declared",
          "disabledPaginationNodeIds": []
        },
        "generatedInteractionNodeOccurrences": 0
      },
      "interaction": {
        "kind": "none",
        "reason": "no interactive element declared",
        "disabledPaginationNodeIds": []
      },
      "model": {
        "allowedTransitions": [
          "paused",
          "pending_cancellation"
        ],
        "archiveMetadata": {},
        "archiveReason": "Consumer archive reason",
        "archivedAt": "Consumer archived at",
        "archivedBy": "Consumer archived by",
        "billingInterval": "month",
        "cancelAtPeriodEnd": false,
        "cancellationReason": "Requested by account owner",
        "cancellationReasonCode": "customer_request",
        "cancellationRequestedAt": "2026-09-05T12:00:00.000Z",
        "channel": "online",
        "createdAt": "2026-01-02T03:04:05.000Z",
        "currency": "USD",
        "isArchived": false,
        "lastEvent": "subscription.updated",
        "lastEventAt": "2026-09-05T12:00:00.000Z",
        "occurredAt": "2026-09-05T12:00:00.000Z",
        "organizationId": "consumer-organization-id",
        "paymentMethod": "card",
        "paymentReference": "Consumer payment reference",
        "pricingModel": "Consumer pricing model",
        "restorationMetadata": {},
        "restoredAt": "Consumer restored at",
        "riskScore": 0,
        "stateHistory": [],
        "status": "active",
        "taxBehavior": "exclusive",
        "transactionId": "consumer-transaction-id",
        "unitAmountCents": 0,
        "updatedAt": "2026-09-05T12:00:00.000Z",
        "userId": "consumer-user-id"
      }
    },
    {
      "mission": "s187-m01",
      "schema": "fresh-Transaction-timeline",
      "schemaRef": "sha256:f21006eff2927eb4a375fe3a3149176717ec9606dd584accf9391f122c8dbf4c",
      "composition": {
        "handler": "design.compose",
        "input": {
          "object": "Transaction",
          "context": "timeline"
        },
        "sourceHead": "0273e2e82eea68cf64c732907f172192efc75c90",
        "sourceDiffSha256": "sha256:d397684db49086dbd3cef6e3a6e9eaa920296948d10dc5bf0519e56ac19f4918",
        "schemaSha256": "sha256:f21006eff2927eb4a375fe3a3149176717ec9606dd584accf9391f122c8dbf4c",
        "composedAt": "2026-09-07T00:13:14.234Z"
      },
      "framework": "vue",
      "status": "passed",
      "sourcePath": "live-generation/fresh-Transaction-timeline/vue/GeneratedUI.vue",
      "sourceSha256": "sha256:cdcc93ae7064fc188dcd7179d38ae6e9f63f70b998f4034cc4feeb6a697ce0b6",
      "generationLog": "live-generation/fresh-Transaction-timeline/vue/generation.log",
      "generationFingerprint": {
        "handler": "code.generate",
        "invocation": "live-in-process",
        "profile": "build",
        "sourceOfArtifact": "current-in-run-output",
        "artifactContentHash": "sha256:1784a25dac67d5f9a6461f5fdd5e6f71fdcbb6aaa59bc0e4edf9149ce4d93d07",
        "generatedAt": "2026-09-07T00:13:14.425Z"
      },
      "sourceOwnership": {
        "generatedFile": "src/GeneratedUI.vue",
        "bindingMarkerCount": 0,
        "actionSelectors": [],
        "generatedOwnsEverySelector": true,
        "generatedForwardsEveryAction": true,
        "consumerEntryFiles": [],
        "selectorOccurrencesInConsumerEntries": 0,
        "consumerComponentDeclarations": [],
        "interaction": {
          "kind": "none",
          "reason": "no interactive element declared",
          "disabledPaginationNodeIds": []
        },
        "generatedInteractionNodeOccurrences": 0
      },
      "interaction": {
        "kind": "none",
        "reason": "no interactive element declared",
        "disabledPaginationNodeIds": []
      },
      "model": {
        "allowedTransitions": [
          "paused",
          "pending_cancellation"
        ],
        "archiveMetadata": {},
        "archiveReason": "Consumer archive reason",
        "archivedAt": "Consumer archived at",
        "archivedBy": "Consumer archived by",
        "billingInterval": "month",
        "cancelAtPeriodEnd": false,
        "cancellationReason": "Requested by account owner",
        "cancellationReasonCode": "customer_request",
        "cancellationRequestedAt": "2026-09-05T12:00:00.000Z",
        "channel": "online",
        "createdAt": "2026-01-02T03:04:05.000Z",
        "currency": "USD",
        "isArchived": false,
        "lastEvent": "subscription.updated",
        "lastEventAt": "2026-09-05T12:00:00.000Z",
        "occurredAt": "2026-09-05T12:00:00.000Z",
        "organizationId": "consumer-organization-id",
        "paymentMethod": "card",
        "paymentReference": "Consumer payment reference",
        "pricingModel": "Consumer pricing model",
        "restorationMetadata": {},
        "restoredAt": "Consumer restored at",
        "riskScore": 0,
        "stateHistory": [],
        "status": "active",
        "taxBehavior": "exclusive",
        "transactionId": "consumer-transaction-id",
        "unitAmountCents": 0,
        "updatedAt": "2026-09-05T12:00:00.000Z",
        "userId": "consumer-user-id"
      }
    }
  ]
}
