Collecting jsonschema
  Using cached jsonschema-4.26.0-py3-none-any.whl.metadata (7.6 kB)
Collecting PyYAML
  Using cached pyyaml-6.0.3-cp313-cp313-macosx_11_0_arm64.whl.metadata (2.4 kB)
Collecting attrs>=22.2.0 (from jsonschema)
  Using cached attrs-26.1.0-py3-none-any.whl.metadata (8.8 kB)
Collecting jsonschema-specifications>=2023.03.6 (from jsonschema)
  Using cached jsonschema_specifications-2025.9.1-py3-none-any.whl.metadata (2.9 kB)
Collecting referencing>=0.28.4 (from jsonschema)
  Using cached referencing-0.37.0-py3-none-any.whl.metadata (2.8 kB)
Collecting rpds-py>=0.25.0 (from jsonschema)
  Downloading rpds_py-2026.6.3-cp313-cp313-macosx_11_0_arm64.whl.metadata (4.1 kB)
Using cached jsonschema-4.26.0-py3-none-any.whl (90 kB)
Using cached pyyaml-6.0.3-cp313-cp313-macosx_11_0_arm64.whl (173 kB)
Using cached attrs-26.1.0-py3-none-any.whl (67 kB)
Using cached jsonschema_specifications-2025.9.1-py3-none-any.whl (18 kB)
Using cached referencing-0.37.0-py3-none-any.whl (26 kB)
Downloading rpds_py-2026.6.3-cp313-cp313-macosx_11_0_arm64.whl (338 kB)
Installing collected packages: rpds-py, PyYAML, attrs, referencing, jsonschema-specifications, jsonschema

Successfully installed PyYAML-6.0.3 attrs-26.1.0 jsonschema-4.26.0 jsonschema-specifications-2025.9.1 referencing-0.37.0 rpds-py-2026.6.3

[notice] A new release of pip is available: 25.1.1 -> 26.2.1
[notice] To update, run: /private/tmp/forge-s187-refresh-venv/bin/python3.13 -m pip install --upgrade pip
