$ npm pack <package-source-root>/packages/component-styles --json --pack-destination <package-source-root>/artifacts/product-reality/sprint-198/m02/runtime/submitted-packages/tarballs
exitCode=0
signal=

[stdout]

> @oods/component-styles@0.1.0 build <package-source-root>/packages/component-styles
> rimraf dist && tsup --config tsup.config.ts && node scripts/copy-css.mjs

CLI Building entry: src/index.ts, src/ported.ts
CLI Using tsconfig: tsconfig.json
CLI tsup v8.5.0
CLI Using tsup config: <package-source-root>/packages/component-styles/tsup.config.ts
CLI Target: es2022
ESM Build start
CJS Build start
ESM dist/ported.js         513.00 B
ESM dist/index.js          143.00 B
ESM dist/chunk-G34QIFQW.js 2.63 KB
ESM ⚡️ Build success in 27ms
CJS dist/index.cjs  2.78 KB
CJS dist/ported.cjs 2.73 KB
CJS ⚡️ Build success in 27ms
DTS Build start
DTS ⚡️ Build success in 1112ms
DTS dist/index.d.ts   2.60 KB
DTS dist/ported.d.ts  500.00 B
DTS dist/index.d.cts  2.60 KB
DTS dist/ported.d.cts 500.00 B
[
  {
    "id": "@oods/component-styles@0.1.0",
    "name": "@oods/component-styles",
    "version": "0.1.0",
    "size": 13027,
    "unpackedSize": 93411,
    "shasum": "d2bb4db0551282fad6335de733641e30a838ab0c",
    "integrity": "sha512-W8zH774Ofvak8QoixbiIEIiRpZu/S6xBUL7CQYHPza+BtAbDK5zzuJjVOwYA1eYIO7SQgcXRj/806GRzkGszLg==",
    "filename": "oods-component-styles-0.1.0.tgz",
    "files": [
      {
        "path": "dist/chunk-G34QIFQW.js",
        "size": 2697,
        "mode": 420
      },
      {
        "path": "dist/components-ported.css",
        "size": 5586,
        "mode": 420
      },
      {
        "path": "dist/components.css",
        "size": 64839,
        "mode": 420
      },
      {
        "path": "dist/index.cjs",
        "size": 2842,
        "mode": 420
      },
      {
        "path": "dist/index.d.cts",
        "size": 2663,
        "mode": 420
      },
      {
        "path": "dist/index.d.ts",
        "size": 2663,
        "mode": 420
      },
      {
        "path": "dist/index.js",
        "size": 143,
        "mode": 420
      },
      {
        "path": "dist/ported.cjs",
        "size": 2799,
        "mode": 420
      },
      {
        "path": "dist/ported.d.cts",
        "size": 500,
        "mode": 420
      },
      {
        "path": "dist/ported.d.ts",
        "size": 500,
        "mode": 420
      },
      {
        "path": "dist/ported.js",
        "size": 513,
        "mode": 420
      },
      {
        "path": "dist/statusables.css",
        "size": 6329,
        "mode": 420
      },
      {
        "path": "package.json",
        "size": 1337,
        "mode": 420
      }
    ],
    "entryCount": 13,
    "bundled": []
  }
]

[stderr]
npm warn Unknown project config "link-workspace-packages". This will stop working in the next major version of npm.

> @oods/component-styles@0.1.0 prepack
> pnpm run build
