$ npm pack <repository-root>/packages/component-styles --json --pack-destination <repository-root>/artifacts/product-reality/sprint-187/m04/live-attempt-1/submitted-packages/tarballs
exitCode=0
signal=

[stdout]

> @oods/component-styles@0.1.0 build <repository-root>/packages/component-styles
> rimraf dist && tsup --config tsup.config.ts && node scripts/copy-css.mjs

CLI Building entry: src/index.ts, src/ported.ts
CLI Using tsconfig: tsconfig.json
CLI tsup v8.5.0
CLI Using tsup config: <repository-root>/packages/component-styles/tsup.config.ts
CLI Target: es2022
ESM Build start
CJS Build start
CJS dist/index.cjs  1.79 KB
CJS dist/ported.cjs 1.74 KB
CJS ⚡️ Build success in 36ms
ESM dist/index.js          143.00 B
ESM dist/chunk-YGZX6FLD.js 1.64 KB
ESM dist/ported.js         513.00 B
ESM ⚡️ Build success in 36ms
DTS Build start
DTS ⚡️ Build success in 3763ms
DTS dist/index.d.ts   1.70 KB
DTS dist/ported.d.ts  500.00 B
DTS dist/index.d.cts  1.70 KB
DTS dist/ported.d.cts 500.00 B
[
  {
    "id": "@oods/component-styles@0.1.0",
    "name": "@oods/component-styles",
    "version": "0.1.0",
    "size": 10091,
    "unpackedSize": 76100,
    "shasum": "0fd5270a654f0bfbf9223535b3a240b5709a4b79",
    "integrity": "sha512-ghiSOn9EwTchdH5qUwQ2Qv5XNZrv6Qh4fRFbs18XUwC1Ecqw7HNpkJrQ334p/YnBcrTfBDxfZf5gpyu8x6RFMQ==",
    "filename": "oods-component-styles-0.1.0.tgz",
    "files": [
      {
        "path": "dist/chunk-YGZX6FLD.js",
        "size": 1683,
        "mode": 420
      },
      {
        "path": "dist/components-ported.css",
        "size": 5586,
        "mode": 420
      },
      {
        "path": "dist/components.css",
        "size": 52418,
        "mode": 420
      },
      {
        "path": "dist/index.cjs",
        "size": 1828,
        "mode": 420
      },
      {
        "path": "dist/index.d.cts",
        "size": 1739,
        "mode": 420
      },
      {
        "path": "dist/index.d.ts",
        "size": 1739,
        "mode": 420
      },
      {
        "path": "dist/index.js",
        "size": 143,
        "mode": 420
      },
      {
        "path": "dist/ported.cjs",
        "size": 1785,
        "mode": 420
      },
      {
        "path": "dist/ported.d.cts",
        "size": 500,
        "mode": 420
      },
      {
        "path": "dist/ported.d.ts",
        "size": 500,
        "mode": 420
      },
      {
        "path": "dist/ported.js",
        "size": 513,
        "mode": 420
      },
      {
        "path": "dist/statusables.css",
        "size": 6329,
        "mode": 420
      },
      {
        "path": "package.json",
        "size": 1337,
        "mode": 420
      }
    ],
    "entryCount": 13,
    "bundled": []
  }
]

[stderr]
npm warn Unknown project config "link-workspace-packages". This will stop working in the next major version of npm.

> @oods/component-styles@0.1.0 prepack
> pnpm run build
