{
  "total": 16,
  "reachable": 11,
  "generatedCells": 22,
  "blocked": [
    {
      "schema": "test-tagged-schema",
      "cells": [
        {
          "framework": "react",
          "status": "error",
          "issues": []
        },
        {
          "framework": "vue",
          "status": "error",
          "issues": []
        }
      ]
    },
    {
      "schema": "user-detail-showcase",
      "cells": [
        {
          "framework": "react",
          "status": "error",
          "issues": []
        },
        {
          "framework": "vue",
          "status": "error",
          "issues": []
        }
      ]
    },
    {
      "schema": "user-form-showcase",
      "cells": [
        {
          "framework": "react",
          "status": "error",
          "issues": []
        },
        {
          "framework": "vue",
          "status": "error",
          "issues": []
        }
      ]
    },
    {
      "schema": "user-list-showcase",
      "cells": [
        {
          "framework": "react",
          "status": "error",
          "issues": []
        },
        {
          "framework": "vue",
          "status": "error",
          "issues": []
        }
      ]
    },
    {
      "schema": "user-timeline-showcase",
      "cells": [
        {
          "framework": "react",
          "status": "error",
          "issues": []
        },
        {
          "framework": "vue",
          "status": "error",
          "issues": []
        }
      ]
    }
  ]
}
