$ npm pack <package-source-root>/packages/components-react --json --pack-destination <repository-root>/artifacts/product-reality/sprint-196/release-ci/submitted-packages/tarballs --ignore-scripts
exitCode=0
signal=

[stdout]
[
  {
    "id": "@oods/components-react@0.1.0",
    "name": "@oods/components-react",
    "version": "0.1.0",
    "size": 95423,
    "unpackedSize": 751854,
    "shasum": "7f6bd5abbc79ad91cbc6d16043446aa6db015d6e",
    "integrity": "sha512-qIXHVGZ8/reOE9vZ9kXrW3VksSLqPxgwmViFo+gikZSg2AMyB6MBo0MV2uvN3F5/vU/1GxT1lZTvZvnXtka/yg==",
    "filename": "oods-components-react-0.1.0.tgz",
    "files": [
      {
        "path": "dist/chunk-G74PKSW3.js",
        "size": 11149,
        "mode": 420
      },
      {
        "path": "dist/chunk-XMIP5ZGO.js",
        "size": 41361,
        "mode": 420
      },
      {
        "path": "dist/chunk-YCI5AEWL.js",
        "size": 6526,
        "mode": 420
      },
      {
        "path": "dist/index.cjs",
        "size": 156796,
        "mode": 420
      },
      {
        "path": "dist/index.d.cts",
        "size": 21822,
        "mode": 420
      },
      {
        "path": "dist/index.d.ts",
        "size": 21818,
        "mode": 420
      },
      {
        "path": "dist/index.js",
        "size": 89232,
        "mode": 420
      },
      {
        "path": "dist/ported.cjs",
        "size": 54025,
        "mode": 420
      },
      {
        "path": "dist/ported.d.cts",
        "size": 7290,
        "mode": 420
      },
      {
        "path": "dist/ported.d.ts",
        "size": 7289,
        "mode": 420
      },
      {
        "path": "dist/ported.js",
        "size": 192,
        "mode": 420
      },
      {
        "path": "dist/status.cjs",
        "size": 11349,
        "mode": 420
      },
      {
        "path": "dist/status.d.cts",
        "size": 1426,
        "mode": 420
      },
      {
        "path": "dist/status.d.ts",
        "size": 1425,
        "mode": 420
      },
      {
        "path": "dist/status.js",
        "size": 171,
        "mode": 420
      },
      {
        "path": "dist/table.cjs",
        "size": 17476,
        "mode": 420
      },
      {
        "path": "dist/table.d.cts",
        "size": 1091,
        "mode": 420
      },
      {
        "path": "dist/table.d.ts",
        "size": 1090,
        "mode": 420
      },
      {
        "path": "dist/table.js",
        "size": 149,
        "mode": 420
      },
      {
        "path": "dist/types.cjs",
        "size": 15,
        "mode": 420
      },
      {
        "path": "dist/types.d.cts",
        "size": 24366,
        "mode": 420
      },
      {
        "path": "dist/types.d.ts",
        "size": 24366,
        "mode": 420
      },
      {
        "path": "dist/types.js",
        "size": 1,
        "mode": 420
      },
      {
        "path": "evidence/react-ported-readiness.v1.json",
        "size": 7937,
        "mode": 420
      },
      {
        "path": "evidence/react-readiness.v1.json",
        "size": 241397,
        "mode": 420
      },
      {
        "path": "package.json",
        "size": 2095,
        "mode": 420
      }
    ],
    "entryCount": 26,
    "bundled": []
  }
]

[stderr]
npm warn Unknown project config "link-workspace-packages". This will stop working in the next major version of npm. See `npm help npmrc` for supported config options.
