{
  "isolation": {
    "outsidePnpmWorkspace": true,
    "freshNodeModules": true,
    "emptyVerifierOwnedNpmConfiguration": true,
    "installScripts": false,
    "localPackagesFromBuiltTarballsOnly": true,
    "workspaceAliases": false,
    "workspaceSymlinks": false,
    "repositorySourceImports": false,
    "inheritedNodeModules": false,
    "allResolvedPathsOutsideRepository": true,
    "installed": [
      {
        "name": "@oods/tokens",
        "version": "0.1.0",
        "consumerRelative": "node_modules/@oods/tokens"
      },
      {
        "name": "@oods/component-contracts",
        "version": "0.1.0",
        "consumerRelative": "node_modules/@oods/component-contracts"
      },
      {
        "name": "@oods/component-styles",
        "version": "0.1.0",
        "consumerRelative": "node_modules/@oods/component-styles"
      },
      {
        "name": "@oods/components-react",
        "version": "0.1.0",
        "consumerRelative": "node_modules/@oods/components-react"
      }
    ]
  },
  "localTarballs": [
    {
      "name": "@oods/tokens",
      "version": "0.1.0",
      "installSpec": "file:./tarballs/oods-tokens-0.1.0.tgz",
      "sha256": "sha256:6fd4d0e57cc9e2f78dd6702d59d53227adc8cb88ed79f1192bafd199f4172940",
      "bytes": 179829
    },
    {
      "name": "@oods/component-contracts",
      "version": "0.1.0",
      "installSpec": "file:./tarballs/oods-component-contracts-0.1.0.tgz",
      "sha256": "sha256:87035aff21cc81bb53c74644e8fc17d88a407a9f44207cadb8b242a747cfa8b4",
      "bytes": 100423
    },
    {
      "name": "@oods/component-styles",
      "version": "0.1.0",
      "installSpec": "file:./tarballs/oods-component-styles-0.1.0.tgz",
      "sha256": "sha256:91c076cc9f5d6ba0dcd63a1d34a62683985d0d7dd547d1d78bd5e8fa1f7346d6",
      "bytes": 10814
    },
    {
      "name": "@oods/components-react",
      "version": "0.1.0",
      "installSpec": "file:./tarballs/oods-components-react-0.1.0.tgz",
      "sha256": "sha256:0cabbee1f92022ba24390da7e1cd8608e76ce74e644a56f8719bbd02668e6511",
      "bytes": 80101
    }
  ],
  "resolutions": [
    {
      "specifier": "@oods/component-styles/css",
      "consumerRelative": "node_modules/@oods/component-styles/dist/components.css"
    },
    {
      "specifier": "@oods/components-react",
      "consumerRelative": "node_modules/@oods/components-react/dist/index.js"
    },
    {
      "specifier": "react",
      "consumerRelative": "node_modules/react/index.js"
    },
    {
      "specifier": "react-dom/client",
      "consumerRelative": "node_modules/react-dom/client.js"
    },
    {
      "specifier": "react-dom/server",
      "consumerRelative": "node_modules/react-dom/server.node.js"
    },
    {
      "specifier": "vite",
      "consumerRelative": "node_modules/vite/dist/node/index.js"
    }
  ]
}
