{
  "phase": "after",
  "rows": 8,
  "coverage": [
    {
      "chartType": "treemap",
      "coverage": "certified",
      "conformant": true
    },
    {
      "chartType": "sunburst",
      "coverage": "certified",
      "conformant": true
    },
    {
      "chartType": "sankey",
      "coverage": "certified",
      "conformant": true
    },
    {
      "chartType": "chord",
      "coverage": "certified",
      "conformant": true
    },
    {
      "chartType": "force_graph",
      "coverage": "certified",
      "conformant": true
    },
    {
      "chartType": "choropleth",
      "coverage": "certified",
      "conformant": true
    },
    {
      "chartType": "bubble_map",
      "coverage": "certified",
      "conformant": false
    },
    {
      "chartType": "flow_map",
      "coverage": "certified",
      "conformant": true
    }
  ]
}
