{
  "phase": "before",
  "rows": 8,
  "coverage": [
    {
      "chartType": "treemap",
      "coverage": "uncertified",
      "conformant": null
    },
    {
      "chartType": "sunburst",
      "coverage": "uncertified",
      "conformant": null
    },
    {
      "chartType": "sankey",
      "coverage": "uncertified",
      "conformant": null
    },
    {
      "chartType": "chord",
      "coverage": "uncertified",
      "conformant": null
    },
    {
      "chartType": "force_graph",
      "coverage": "uncertified",
      "conformant": null
    },
    {
      "chartType": "choropleth",
      "coverage": "uncertified",
      "conformant": null
    },
    {
      "chartType": "bubble_map",
      "coverage": "uncertified",
      "conformant": null
    },
    {
      "chartType": "flow_map",
      "coverage": "uncertified",
      "conformant": null
    }
  ]
}
