{
  "isolation": {
    "outsidePnpmWorkspace": true,
    "freshNodeModules": true,
    "emptyVerifierOwnedNpmConfiguration": true,
    "installScripts": false,
    "localPackagesFromBuiltTarballsOnly": true,
    "workspaceAliases": false,
    "workspaceSymlinks": false,
    "repositorySourceImports": false,
    "inheritedNodeModules": false,
    "allResolvedPathsOutsideRepository": true,
    "installed": [
      {
        "name": "@oods/tokens",
        "version": "0.1.0",
        "consumerRelative": "node_modules/@oods/tokens"
      },
      {
        "name": "@oods/component-contracts",
        "version": "0.1.0",
        "consumerRelative": "node_modules/@oods/component-contracts"
      },
      {
        "name": "@oods/component-styles",
        "version": "0.1.0",
        "consumerRelative": "node_modules/@oods/component-styles"
      },
      {
        "name": "@oods/components-vue",
        "version": "0.1.0",
        "consumerRelative": "node_modules/@oods/components-vue"
      }
    ]
  },
  "localTarballs": [
    {
      "name": "@oods/tokens",
      "version": "0.1.0",
      "installSpec": "file:./tarballs/oods-tokens-0.1.0.tgz",
      "sha256": "sha256:6fd4d0e57cc9e2f78dd6702d59d53227adc8cb88ed79f1192bafd199f4172940",
      "bytes": 179829
    },
    {
      "name": "@oods/component-contracts",
      "version": "0.1.0",
      "installSpec": "file:./tarballs/oods-component-contracts-0.1.0.tgz",
      "sha256": "sha256:49bc0f0790df9cb7fab4707006f83fad3cafbca5fef3e92c8caa8a8a4c8675f0",
      "bytes": 71960
    },
    {
      "name": "@oods/component-styles",
      "version": "0.1.0",
      "installSpec": "file:./tarballs/oods-component-styles-0.1.0.tgz",
      "sha256": "sha256:48a7034340542b45cf9f39f75e67fb51ce19d25197d7eceb563fbfb7aec9df90",
      "bytes": 7845
    },
    {
      "name": "@oods/components-vue",
      "version": "0.1.0",
      "installSpec": "file:./tarballs/oods-components-vue-0.1.0.tgz",
      "sha256": "sha256:bb1d9ede3369262cf398a1032e5622d45a7e496001bf5f47a23e64aed47d492a",
      "bytes": 50196
    }
  ],
  "resolutions": [
    {
      "specifier": "@oods/component-styles/css",
      "consumerRelative": "node_modules/@oods/component-styles/dist/components.css"
    },
    {
      "specifier": "@oods/component-styles/css-ported",
      "consumerRelative": "node_modules/@oods/component-styles/dist/components-ported.css"
    },
    {
      "specifier": "@oods/components-vue",
      "consumerRelative": "node_modules/@oods/components-vue/dist/index.js"
    },
    {
      "specifier": "@oods/components-vue/ported",
      "consumerRelative": "node_modules/@oods/components-vue/dist/ported.js"
    },
    {
      "specifier": "@vitejs/plugin-vue",
      "consumerRelative": "node_modules/@vitejs/plugin-vue/dist/index.mjs"
    },
    {
      "specifier": "@vue/server-renderer",
      "consumerRelative": "node_modules/@vue/server-renderer/index.js"
    },
    {
      "specifier": "vite",
      "consumerRelative": "node_modules/vite/dist/node/index.js"
    },
    {
      "specifier": "vue",
      "consumerRelative": "node_modules/vue/index.mjs"
    }
  ]
}
