{
  "observedAt": "2026-09-11T14:42:52.973474+00:00",
  "head": "1f69c957f4435a0a2f18b168b684de050f7a5f22",
  "porcelain": "?? artifacts/product-reality/sprint-190/delivery/\n",
  "listener": "COMMAND   PID          USER   FD   TYPE             DEVICE SIZE/OFF NODE NAME\nnode    72801 systemsystems   14u  IPv4 0xe8282b642bddecab      0t0  TCP 127.0.0.1:4466 (LISTEN)\n",
  "health": {
    "status": "ok",
    "bridge": "ready",
    "toolset": {
      "mode": "default",
      "enabledCount": 21,
      "registrySource": "dist/tools/registry.json"
    },
    "revision": {
      "commit": "1f69c957f4435a0a2f18b168b684de050f7a5f22",
      "structuredDataManifestHash": "sha256:993644cc01a5f150ea42d2882a953577a0066a6cecb3f74032e1877d6e4e620d"
    }
  }
}
PID 72801 store files 17 compiled files 865
