$ pnpm --filter @oods/components-vue run build && pnpm --filter @oods/components-vue exec vitest run test/interactions.spec.ts -t 'B-09 emits Vue update:modelValue and change for controlled fields'
exitCode=0
signal=

[stdout]

> @oods/components-vue@0.1.0 build /private<disposable-checkout>/packages/components-vue
> rimraf dist && tsup --config tsup.config.ts

CLI Building entry: src/index.ts
CLI Using tsconfig: tsconfig.json
CLI tsup v8.5.0
CLI Using tsup config: /private<disposable-checkout>/packages/components-vue/tsup.config.ts
CLI Target: es2022
CLI Cleaning output folder
ESM Build start
CJS Build start
CJS dist/index.cjs 29.66 KB
CJS ⚡️ Build success in 89ms
ESM dist/index.js 28.98 KB
ESM ⚡️ Build success in 89ms
DTS Build start
DTS ⚡️ Build success in 1381ms
DTS dist/index.d.ts  23.98 KB
DTS dist/index.d.cts 23.98 KB

 RUN  v3.2.4 /private<disposable-checkout>/packages/components-vue

 ✓ test/interactions.spec.ts (7 tests | 6 skipped) 14ms

 Test Files  1 passed (1)
      Tests  1 passed | 6 skipped (7)
   Start at  05:09:40
   Duration  516ms (transform 47ms, setup 0ms, collect 99ms, tests 14ms, environment 209ms, prepare 39ms)


[stderr]
