Article/workflow/react pass
Media/workflow/react pass
Invoice/workflow/react pass
Organization/workflow/react pass
Plan/workflow/react pass
Product/workflow/react pass
Relationship/workflow/react pass
Subscription/workflow/react pass
Article/card/react pass
Article/card/vue pass
Article/detail/react pass
Article/detail/vue pass
Transaction/workflow/react pass
Usage/workflow/react pass
Article/form/react pass
User/workflow/react pass
Article/form/vue pass
Article/inline/react pass
Article/inline/vue pass
Article/list/react pass
Article/list/vue pass
Article/timeline/react pass
Article/timeline/vue pass
Invoice/card/react pass
Invoice/card/vue pass
Invoice/form/react pass
Invoice/detail/react pass
Invoice/form/vue pass
Invoice/detail/vue pass
Invoice/inline/react pass
Invoice/inline/vue pass
Invoice/timeline/react pass
Invoice/list/react pass
Invoice/list/vue pass
Media/card/react pass
Invoice/timeline/vue pass
Media/card/vue pass
Media/detail/react pass
Media/detail/vue pass
Media/form/react pass
Media/inline/react pass
Media/form/vue pass
Media/inline/vue pass
Media/timeline/react pass
Media/list/react pass
Media/list/vue pass
Organization/card/react pass
Media/timeline/vue pass
Organization/card/vue pass
Organization/detail/react pass
Organization/form/react pass
Organization/detail/vue pass
Organization/inline/react pass
Organization/form/vue pass
Organization/inline/vue pass
Organization/timeline/react pass
Organization/list/react pass
Organization/list/vue pass
Plan/card/react pass
Organization/timeline/vue pass
Plan/card/vue pass
Plan/detail/react pass
Plan/form/react pass
Plan/detail/vue pass
Plan/form/vue pass
Plan/inline/react pass
Plan/inline/vue pass
Plan/timeline/react pass
Plan/list/react pass
Plan/list/vue pass
Plan/timeline/vue pass
Product/card/react pass
Product/card/vue pass
Product/detail/react pass
Product/form/react pass
Product/form/vue pass
Product/detail/vue pass
Product/inline/react pass
Product/inline/vue pass
Product/list/react pass
Product/list/vue pass
Relationship/card/react pass
Relationship/card/vue pass
Product/timeline/react pass
Product/timeline/vue pass
Relationship/detail/vue pass
Relationship/form/vue pass
Relationship/inline/react pass
Relationship/inline/vue pass
Relationship/detail/react pass
Relationship/list/vue pass
Relationship/form/react pass
Relationship/list/react pass
Subscription/card/react pass
Relationship/timeline/react pass
Subscription/detail/react pass
Relationship/timeline/vue pass
Subscription/card/vue pass
Subscription/form/react pass
Subscription/detail/vue pass
Subscription/form/vue pass
Subscription/inline/react pass
Subscription/inline/vue pass
Subscription/list/react pass
Subscription/timeline/react pass
Subscription/list/vue pass
Transaction/card/react pass
Subscription/timeline/vue pass
Transaction/card/vue pass
Transaction/detail/react pass
Transaction/detail/vue pass
Transaction/form/react pass
Transaction/inline/react pass
Transaction/form/vue pass
Transaction/inline/vue pass
Transaction/list/react pass
Transaction/timeline/react pass
Transaction/list/vue pass
Usage/card/react pass
Transaction/timeline/vue pass
Usage/card/vue pass
Usage/form/react pass
Usage/form/vue pass
Usage/detail/react pass
Usage/inline/react pass
Usage/detail/vue pass
Usage/inline/vue pass
Usage/list/react pass
Usage/timeline/react pass
Usage/list/vue pass
Usage/timeline/vue pass
User/card/react pass
User/card/vue pass
User/detail/react pass
User/form/react pass
User/detail/vue pass
User/inline/react pass
User/form/vue pass
User/inline/vue pass
User/list/react pass
User/timeline/react pass
User/list/vue pass
User/timeline/vue pass
