$ npm pack <repository-root>/packages/component-contracts --json --pack-destination <repository-root>/artifacts/product-reality/sprint-186/m03/live-consumers/submitted-packages/tarballs
exitCode=0
signal=

[stdout]

> @oods/component-contracts@0.1.0 build <repository-root>/packages/component-contracts
> rimraf dist && tsup --config tsup.config.ts

CLI Building entry: src/index.ts
CLI Using tsconfig: tsconfig.json
CLI tsup v8.5.0
CLI Using tsup config: <repository-root>/packages/component-contracts/tsup.config.ts
CLI Target: es2022
CLI Cleaning output folder
ESM Build start
CJS Build start
CJS dist/index.cjs 302.69 KB
CJS ⚡️ Build success in 461ms
ESM dist/index.js 302.00 KB
ESM ⚡️ Build success in 462ms
DTS Build start
DTS ⚡️ Build success in 2631ms
DTS dist/index.d.ts  8.98 KB
DTS dist/index.d.cts 8.98 KB
[
  {
    "id": "@oods/component-contracts@0.1.0",
    "name": "@oods/component-contracts",
    "version": "0.1.0",
    "size": 71960,
    "unpackedSize": 1419692,
    "shasum": "b6a623f5cd993a805e6b13ff0f2db393536b0744",
    "integrity": "sha512-gm/aKFlS1EdcGCU9uRzp4GFmWi0mIl70ZhVP1TnF0cr+OXew8SBxi3/eaTLCAy+lZdETEyzT63A85KC/C9A+ow==",
    "filename": "oods-component-contracts-0.1.0.tgz",
    "files": [
      {
        "path": "dist/index.cjs",
        "size": 309956,
        "mode": 420
      },
      {
        "path": "dist/index.d.cts",
        "size": 9191,
        "mode": 420
      },
      {
        "path": "dist/index.d.ts",
        "size": 9191,
        "mode": 420
      },
      {
        "path": "dist/index.js",
        "size": 309253,
        "mode": 420
      },
      {
        "path": "package.json",
        "size": 1269,
        "mode": 420
      },
      {
        "path": "registry/component-capability-baseline.v1.json",
        "size": 149297,
        "mode": 420
      },
      {
        "path": "registry/component-capability-closeout.s182.v1.json",
        "size": 255063,
        "mode": 420
      },
      {
        "path": "registry/component-capability-foundation-v1.s182.v1.json",
        "size": 259610,
        "mode": 420
      },
      {
        "path": "registry/component-intake.v1.json",
        "size": 67627,
        "mode": 420
      },
      {
        "path": "registry/component-reconciliation.proposed.v1.json",
        "size": 49235,
        "mode": 420
      }
    ],
    "entryCount": 10,
    "bundled": []
  }
]

[stderr]
npm warn Unknown project config "link-workspace-packages". This will stop working in the next major version of npm.

> @oods/component-contracts@0.1.0 prepack
> pnpm run build
