$ npm pack <package-source-root>/packages/components-react --json --pack-destination <package-source-root>/artifacts/product-reality/sprint-201/m06/before/apps/submitted-packages/tarballs
exitCode=0
signal=

[stdout]

> @oods/components-react@0.1.0 build <package-source-root>/packages/components-react
> rimraf dist && tsup --config tsup.config.ts

CLI Building entry: src/index.ts, src/ported.tsx, src/status.ts, src/table.tsx, src/types.ts
CLI Using tsconfig: tsconfig.json
CLI tsup v8.5.0
CLI Using tsup config: <package-source-root>/packages/components-react/tsup.config.ts
CLI Target: es2022
CLI Cleaning output folder
ESM Build start
CJS Build start
CJS dist/status.cjs 11.08 KB
CJS dist/table.cjs  17.07 KB
CJS dist/ported.cjs 51.19 KB
CJS dist/index.cjs  151.83 KB
CJS dist/types.cjs  15.00 B
CJS ⚡️ Build success in 231ms
DTS Build start
ESM dist/table.js          149.00 B
ESM dist/ported.js         192.00 B
ESM dist/chunk-G74PKSW3.js 10.89 KB
ESM dist/status.js         171.00 B
ESM dist/chunk-YCI5AEWL.js 6.37 KB
ESM dist/chunk-XFC4LEY7.js 38.82 KB
ESM dist/types.js          1.00 B
ESM dist/index.js          87.40 KB
ESM ⚡️ Build success in 232ms
DTS ⚡️ Build success in 2301ms
DTS dist/index.d.ts   21.48 KB
DTS dist/ported.d.ts  7.12 KB
DTS dist/status.d.ts  1.39 KB
DTS dist/table.d.ts   1.06 KB
DTS dist/types.d.ts   23.79 KB
DTS dist/index.d.cts  21.48 KB
DTS dist/ported.d.cts 7.12 KB
DTS dist/status.d.cts 1.39 KB
DTS dist/table.d.cts  1.07 KB
DTS dist/types.d.cts  23.79 KB
[
  {
    "id": "@oods/components-react@0.1.0",
    "name": "@oods/components-react",
    "version": "0.1.0",
    "size": 93826,
    "unpackedSize": 750237,
    "shasum": "058bb21cfbbc5254034262fa6461378f7ebbb10f",
    "integrity": "sha512-/L6i3ESwY9NaZ52wOpfm7+aMx8niBQJg5a9ENfS1OhoT/kunVU3F2P6p9GyawURY13o3xZxBMLrFxZYcPoVkWA==",
    "filename": "oods-components-react-0.1.0.tgz",
    "files": [
      {
        "path": "dist/chunk-G74PKSW3.js",
        "size": 11149,
        "mode": 420
      },
      {
        "path": "dist/chunk-XFC4LEY7.js",
        "size": 39752,
        "mode": 420
      },
      {
        "path": "dist/chunk-YCI5AEWL.js",
        "size": 6526,
        "mode": 420
      },
      {
        "path": "dist/index.cjs",
        "size": 155479,
        "mode": 420
      },
      {
        "path": "dist/index.d.cts",
        "size": 21999,
        "mode": 420
      },
      {
        "path": "dist/index.d.ts",
        "size": 21995,
        "mode": 420
      },
      {
        "path": "dist/index.js",
        "size": 89500,
        "mode": 420
      },
      {
        "path": "dist/ported.cjs",
        "size": 52414,
        "mode": 420
      },
      {
        "path": "dist/ported.d.cts",
        "size": 7290,
        "mode": 420
      },
      {
        "path": "dist/ported.d.ts",
        "size": 7289,
        "mode": 420
      },
      {
        "path": "dist/ported.js",
        "size": 192,
        "mode": 420
      },
      {
        "path": "dist/status.cjs",
        "size": 11349,
        "mode": 420
      },
      {
        "path": "dist/status.d.cts",
        "size": 1426,
        "mode": 420
      },
      {
        "path": "dist/status.d.ts",
        "size": 1425,
        "mode": 420
      },
      {
        "path": "dist/status.js",
        "size": 171,
        "mode": 420
      },
      {
        "path": "dist/table.cjs",
        "size": 17476,
        "mode": 420
      },
      {
        "path": "dist/table.d.cts",
        "size": 1091,
        "mode": 420
      },
      {
        "path": "dist/table.d.ts",
        "size": 1090,
        "mode": 420
      },
      {
        "path": "dist/table.js",
        "size": 149,
        "mode": 420
      },
      {
        "path": "dist/types.cjs",
        "size": 15,
        "mode": 420
      },
      {
        "path": "dist/types.d.cts",
        "size": 24366,
        "mode": 420
      },
      {
        "path": "dist/types.d.ts",
        "size": 24366,
        "mode": 420
      },
      {
        "path": "dist/types.js",
        "size": 1,
        "mode": 420
      },
      {
        "path": "evidence/react-ported-readiness.v1.json",
        "size": 7937,
        "mode": 420
      },
      {
        "path": "evidence/react-readiness.v1.json",
        "size": 243891,
        "mode": 420
      },
      {
        "path": "package.json",
        "size": 1899,
        "mode": 420
      }
    ],
    "entryCount": 26,
    "bundled": []
  }
]

[stderr]
npm warn Unknown project config "link-workspace-packages". This will stop working in the next major version of npm.

> @oods/components-react@0.1.0 prepack
> pnpm run build

Generated an empty chunk: "types".
Generated an empty chunk: "types".
