$ npm pack <package-source-root>/packages/tokens --json --pack-destination <package-source-root>/artifacts/product-reality/sprint-200/m02/runtime/submitted-packages/tarballs
exitCode=0
signal=

[stdout]

> @oods/tokens@0.1.0 build <package-source-root>/packages/tokens
> rimraf dist && node ./scripts/build.mjs && node ./scripts/build-entry.mjs

✔︎ collision guard: no non-exempt collisions across 6 scopes
Building design tokens with Style Dictionary…

Token collisions detected (9):
Use log.verbosity "verbose" or use CLI option --verbose for more details.
Refer to: https://styledictionary.com/reference/logging/

ios-swift
! dist/ios-swift/OodsTokens.swift, does not exist

compose
! dist/compose/OodsTokens.kt, does not exist

ts
! dist/ts/tokens.ts, does not exist

tailwind
! dist/tailwind/tokens.json, does not exist

ios-swift
✔︎ dist/ios-swift/OodsTokens.swift

compose
✔︎ dist/compose/OodsTokens.kt

ts
✔︎ dist/ts/tokens.ts

tailwind
✔︎ dist/tailwind/tokens.json

Token collisions detected (9):
Use log.verbosity "verbose" or use CLI option --verbose for more details.
Refer to: https://styledictionary.com/reference/logging/

css
✔︎ dist/css/tokens.css

Token collisions detected (9):
Use log.verbosity "verbose" or use CLI option --verbose for more details.
Refer to: https://styledictionary.com/reference/logging/

css
✔︎ dist/css/tokens.css

Token collisions detected (426):
Use log.verbosity "verbose" or use CLI option --verbose for more details.
Refer to: https://styledictionary.com/reference/logging/

css
✔︎ dist/css/tokens.css

Token collisions detected (376):
Use log.verbosity "verbose" or use CLI option --verbose for more details.
Refer to: https://styledictionary.com/reference/logging/

css
✔︎ dist/css/tokens.css

Token collisions detected (9):
Use log.verbosity "verbose" or use CLI option --verbose for more details.
Refer to: https://styledictionary.com/reference/logging/

css
✔︎ dist/css/tokens.css

Token collisions detected (426):
Use log.verbosity "verbose" or use CLI option --verbose for more details.
Refer to: https://styledictionary.com/reference/logging/

css
✔︎ dist/css/tokens.css

Token collisions detected (376):
Use log.verbosity "verbose" or use CLI option --verbose for more details.
Refer to: https://styledictionary.com/reference/logging/

css
✔︎ dist/css/tokens.css

Token collisions detected (9):
Use log.verbosity "verbose" or use CLI option --verbose for more details.
Refer to: https://styledictionary.com/reference/logging/
✔︎ tokens built successfully in 2.06s
   css:      dist/css/tokens.css (6 brand × theme scopes)
   types:    dist/ts/tokens.ts
   tailwind: dist/tailwind/tokens.json
   ios:      dist/ios-swift/OodsTokens.swift
   compose:  dist/compose/OodsTokens.kt
[
  {
    "id": "@oods/tokens@0.1.0",
    "name": "@oods/tokens",
    "version": "0.1.0",
    "size": 248267,
    "unpackedSize": 3490489,
    "shasum": "205ef1590d630d8d34351b625d70b40b2d94b4c3",
    "integrity": "sha512-6edPBXOVO/x2Xw34rXDBMHqtVWXTDgsAvk0qKwEnCyfIBz1W9lHmvHnesPXXI1ioznYZL0vdwGodY5SbTZ3BVw==",
    "filename": "oods-tokens-0.1.0.tgz",
    "files": [
      {
        "path": "CHANGELOG.md",
        "size": 248,
        "mode": 420
      },
      {
        "path": "LICENSE",
        "size": 1075,
        "mode": 420
      },
      {
        "path": "README.md",
        "size": 4747,
        "mode": 420
      },
      {
        "path": "dist/compose/OodsTokens.kt",
        "size": 43809,
        "mode": 420
      },
      {
        "path": "dist/css-variables-by-scope.json",
        "size": 392772,
        "mode": 420
      },
      {
        "path": "dist/css/tokens.css",
        "size": 203915,
        "mode": 420
      },
      {
        "path": "dist/index.cjs",
        "size": 524,
        "mode": 420
      },
      {
        "path": "dist/index.d.ts",
        "size": 976,
        "mode": 420
      },
      {
        "path": "dist/index.js",
        "size": 554,
        "mode": 420
      },
      {
        "path": "dist/ios-swift/OodsTokens.swift",
        "size": 148290,
        "mode": 420
      },
      {
        "path": "dist/tailwind/tokens.json",
        "size": 1421309,
        "mode": 420
      },
      {
        "path": "dist/ts/tokens.ts",
        "size": 1270827,
        "mode": 420
      },
      {
        "path": "package.json",
        "size": 1443,
        "mode": 420
      }
    ],
    "entryCount": 13,
    "bundled": []
  }
]

[stderr]
npm warn Unknown project config "link-workspace-packages". This will stop working in the next major version of npm.

> @oods/tokens@0.1.0 prepack
> pnpm run build
