$ npm pack <repository-root>/packages/components-react --json --pack-destination <repository-root>/artifacts/product-reality/sprint-189/m06/final-proof/app-consumers/submitted-packages/tarballs
exitCode=0
signal=

[stdout]

> @oods/components-react@0.1.0 build <repository-root>/packages/components-react
> rimraf dist && tsup --config tsup.config.ts

CLI Building entry: src/index.ts, src/ported.tsx, src/status.ts, src/table.tsx, src/types.ts
CLI Using tsconfig: tsconfig.json
CLI tsup v8.5.0
CLI Using tsup config: <repository-root>/packages/components-react/tsup.config.ts
CLI Target: es2022
CLI Cleaning output folder
ESM Build start
CJS Build start
CJS dist/table.cjs  17.07 KB
CJS dist/types.cjs  15.00 B
CJS dist/status.cjs 11.08 KB
CJS dist/ported.cjs 52.61 KB
CJS dist/index.cjs  134.47 KB
CJS ⚡️ Build success in 216ms
ESM dist/types.js          1.00 B
ESM dist/table.js          149.00 B
ESM dist/chunk-YCI5AEWL.js 6.37 KB
ESM dist/ported.js         192.00 B
ESM dist/chunk-CNG2WL22.js 40.25 KB
ESM dist/status.js         171.00 B
ESM dist/chunk-G74PKSW3.js 10.89 KB
ESM dist/index.js          70.83 KB
ESM ⚡️ Build success in 217ms
DTS Build start
DTS ⚡️ Build success in 1936ms
DTS dist/index.d.ts   13.05 KB
DTS dist/ported.d.ts  7.12 KB
DTS dist/status.d.ts  1.39 KB
DTS dist/table.d.ts   1.06 KB
DTS dist/types.d.ts   23.74 KB
DTS dist/index.d.cts  13.06 KB
DTS dist/ported.d.cts 7.12 KB
DTS dist/status.d.cts 1.39 KB
DTS dist/table.d.cts  1.07 KB
DTS dist/types.d.cts  23.74 KB
[
  {
    "id": "@oods/components-react@0.1.0",
    "name": "@oods/components-react",
    "version": "0.1.0",
    "size": 81359,
    "unpackedSize": 548371,
    "shasum": "e99f6afdd00ec2f0f82da9a62ff3341e766d1fd8",
    "integrity": "sha512-33lxUvSLyqcNb9YLh20qyORzFHPA8MAwZQ6MvOW1Q8zCsLVhgYcc0IZITulaRzsgUdK2mLpcd1EdqJA145Pm0w==",
    "filename": "oods-components-react-0.1.0.tgz",
    "files": [
      {
        "path": "dist/chunk-CNG2WL22.js",
        "size": 41213,
        "mode": 420
      },
      {
        "path": "dist/chunk-G74PKSW3.js",
        "size": 11149,
        "mode": 420
      },
      {
        "path": "dist/chunk-YCI5AEWL.js",
        "size": 6526,
        "mode": 420
      },
      {
        "path": "dist/index.cjs",
        "size": 137694,
        "mode": 420
      },
      {
        "path": "dist/index.d.cts",
        "size": 13371,
        "mode": 420
      },
      {
        "path": "dist/index.d.ts",
        "size": 13367,
        "mode": 420
      },
      {
        "path": "dist/index.js",
        "size": 72529,
        "mode": 420
      },
      {
        "path": "dist/ported.cjs",
        "size": 53877,
        "mode": 420
      },
      {
        "path": "dist/ported.d.cts",
        "size": 7290,
        "mode": 420
      },
      {
        "path": "dist/ported.d.ts",
        "size": 7289,
        "mode": 420
      },
      {
        "path": "dist/ported.js",
        "size": 192,
        "mode": 420
      },
      {
        "path": "dist/status.cjs",
        "size": 11349,
        "mode": 420
      },
      {
        "path": "dist/status.d.cts",
        "size": 1426,
        "mode": 420
      },
      {
        "path": "dist/status.d.ts",
        "size": 1425,
        "mode": 420
      },
      {
        "path": "dist/status.js",
        "size": 171,
        "mode": 420
      },
      {
        "path": "dist/table.cjs",
        "size": 17476,
        "mode": 420
      },
      {
        "path": "dist/table.d.cts",
        "size": 1091,
        "mode": 420
      },
      {
        "path": "dist/table.d.ts",
        "size": 1090,
        "mode": 420
      },
      {
        "path": "dist/table.js",
        "size": 149,
        "mode": 420
      },
      {
        "path": "dist/types.cjs",
        "size": 15,
        "mode": 420
      },
      {
        "path": "dist/types.d.cts",
        "size": 24307,
        "mode": 420
      },
      {
        "path": "dist/types.d.ts",
        "size": 24307,
        "mode": 420
      },
      {
        "path": "dist/types.js",
        "size": 1,
        "mode": 420
      },
      {
        "path": "evidence/react-ported-readiness.v1.json",
        "size": 7937,
        "mode": 420
      },
      {
        "path": "evidence/react-readiness.v1.json",
        "size": 91035,
        "mode": 420
      },
      {
        "path": "package.json",
        "size": 2095,
        "mode": 420
      }
    ],
    "entryCount": 26,
    "bundled": []
  }
]

[stderr]
npm warn Unknown project config "link-workspace-packages". This will stop working in the next major version of npm.

> @oods/components-react@0.1.0 prepack
> pnpm run build

Generated an empty chunk: "types".
Generated an empty chunk: "types".
