{
  "framework": "react",
  "schema": "fresh-Subscription-form",
  "boundValues": [
    {
      "nodeId": "ve-title-27",
      "field": "cancellation_reason",
      "kind": "native-value",
      "selector": "textarea[name=\"reason\"]",
      "expected": "Consumer cancellation reason",
      "editable": false,
      "actual": "Consumer cancellation reason",
      "visible": true,
      "passed": true
    },
    {
      "nodeId": "ve-title-27",
      "field": "cancellation_reason_code",
      "kind": "native-value",
      "selector": "select[name=\"reasonCode\"]",
      "expected": "budget",
      "editable": false,
      "actual": "budget",
      "visible": true,
      "passed": true
    },
    {
      "nodeId": "slot-field-8-23",
      "field": "amount",
      "editable": true,
      "kind": "numeric-input",
      "expected": "0",
      "actual": "0",
      "visible": true,
      "passed": true
    }
  ],
  "viewport": {
    "width": 1920,
    "height": 1080
  },
  "mount": "passed",
  "rootId": "screen-form-11",
  "rootCount": 1,
  "hydration": "passed",
  "hydrationProbe": {
    "selector": "[data-oods-action=\"handleChange\"]",
    "selectorCount": 1,
    "eventHandlerAttached": true,
    "reusedServerNodes": {
      "root": true,
      "action": true,
      "everyCapturedNode": true
    },
    "attachment": {
      "attached": true,
      "containerProperty": "__reactContainer$vr4omk7pdck",
      "rootProperty": "__reactFiber$vr4omk7pdck"
    }
  },
  "hydrationInvariant": {
    "before": {
      "rootChildren": [
        {
          "tag": "DIV",
          "id": "screen-form-11",
          "component": "Stack"
        },
        {
          "tag": "DIV",
          "id": "",
          "component": null
        }
      ],
      "elements": [
        {
          "tag": "DIV",
          "id": "screen-form-11",
          "component": "Stack",
          "role": null,
          "selected": null,
          "hidden": false
        },
        {
          "tag": "DIV",
          "id": "form-title-1",
          "component": "Stack",
          "role": null,
          "selected": null,
          "hidden": false
        },
        {
          "tag": "DIV",
          "id": "ve-title-26",
          "component": "StatusSelector",
          "role": null,
          "selected": null,
          "hidden": false
        },
        {
          "tag": "FORM",
          "id": "ve-title-27",
          "component": "CancellationForm",
          "role": null,
          "selected": null,
          "hidden": false
        },
        {
          "tag": "DIV",
          "id": "form-fields-8",
          "component": "Stack",
          "role": null,
          "selected": null,
          "hidden": false
        },
        {
          "tag": "DIV",
          "id": "form-field-group-2",
          "component": "Stack",
          "role": null,
          "selected": null,
          "hidden": false
        },
        {
          "tag": "TEXTAREA",
          "id": "slot-field-0-3",
          "component": "Textarea",
          "role": null,
          "selected": null,
          "hidden": false
        },
        {
          "tag": "DIV",
          "id": "form-field-group-4",
          "component": "Stack",
          "role": null,
          "selected": null,
          "hidden": false
        },
        {
          "tag": "INPUT",
          "id": "slot-field-1-5",
          "component": "Checkbox",
          "role": null,
          "selected": null,
          "hidden": false
        },
        {
          "tag": "DIV",
          "id": "form-field-group-6",
          "component": "Stack",
          "role": null,
          "selected": null,
          "hidden": false
        },
        {
          "tag": "TEXTAREA",
          "id": "slot-field-2-7",
          "component": "Textarea",
          "role": null,
          "selected": null,
          "hidden": false
        },
        {
          "tag": "DIV",
          "id": "form-field-group-12",
          "component": "Stack",
          "role": null,
          "selected": null,
          "hidden": false
        },
        {
          "tag": "INPUT",
          "id": "slot-field-3-13",
          "component": "DatePicker",
          "role": null,
          "selected": null,
          "hidden": false
        },
        {
          "tag": "DIV",
          "id": "form-field-group-14",
          "component": "Stack",
          "role": null,
          "selected": null,
          "hidden": false
        },
        {
          "tag": "INPUT",
          "id": "slot-field-4-15",
          "component": "Input",
          "role": null,
          "selected": null,
          "hidden": false
        },
        {
          "tag": "DIV",
          "id": "form-field-group-16",
          "component": "Stack",
          "role": null,
          "selected": null,
          "hidden": false
        },
        {
          "tag": "SELECT",
          "id": "slot-field-5-17",
          "component": "Select",
          "role": null,
          "selected": null,
          "hidden": false
        },
        {
          "tag": "DIV",
          "id": "form-field-group-18",
          "component": "Stack",
          "role": null,
          "selected": null,
          "hidden": false
        },
        {
          "tag": "INPUT",
          "id": "slot-field-6-19",
          "component": "Input",
          "role": null,
          "selected": null,
          "hidden": false
        },
        {
          "tag": "DIV",
          "id": "form-field-group-20",
          "component": "Stack",
          "role": null,
          "selected": null,
          "hidden": false
        },
        {
          "tag": "INPUT",
          "id": "slot-field-7-21",
          "component": "Input",
          "role": null,
          "selected": null,
          "hidden": false
        },
        {
          "tag": "DIV",
          "id": "form-field-group-22",
          "component": "Stack",
          "role": null,
          "selected": null,
          "hidden": false
        },
        {
          "tag": "INPUT",
          "id": "slot-field-8-23",
          "component": "Input",
          "role": null,
          "selected": null,
          "hidden": false
        },
        {
          "tag": "DIV",
          "id": "form-field-group-24",
          "component": "Stack",
          "role": null,
          "selected": null,
          "hidden": false
        },
        {
          "tag": "INPUT",
          "id": "slot-field-9-25",
          "component": "Input",
          "role": null,
          "selected": null,
          "hidden": false
        },
        {
          "tag": "DIV",
          "id": "form-actions-9",
          "component": "Stack",
          "role": null,
          "selected": null,
          "hidden": false
        },
        {
          "tag": "BUTTON",
          "id": "form-submit-10",
          "component": "Button",
          "role": null,
          "selected": null,
          "hidden": false
        },
        {
          "tag": "DIV",
          "id": null,
          "component": null,
          "role": "group",
          "selected": null,
          "hidden": false
        }
      ]
    },
    "after": {
      "rootChildren": [
        {
          "tag": "DIV",
          "id": "screen-form-11",
          "component": "Stack"
        },
        {
          "tag": "DIV",
          "id": "",
          "component": null
        }
      ],
      "elements": [
        {
          "tag": "DIV",
          "id": "screen-form-11",
          "component": "Stack",
          "role": null,
          "selected": null,
          "hidden": false
        },
        {
          "tag": "DIV",
          "id": "form-title-1",
          "component": "Stack",
          "role": null,
          "selected": null,
          "hidden": false
        },
        {
          "tag": "DIV",
          "id": "ve-title-26",
          "component": "StatusSelector",
          "role": null,
          "selected": null,
          "hidden": false
        },
        {
          "tag": "FORM",
          "id": "ve-title-27",
          "component": "CancellationForm",
          "role": null,
          "selected": null,
          "hidden": false
        },
        {
          "tag": "DIV",
          "id": "form-fields-8",
          "component": "Stack",
          "role": null,
          "selected": null,
          "hidden": false
        },
        {
          "tag": "DIV",
          "id": "form-field-group-2",
          "component": "Stack",
          "role": null,
          "selected": null,
          "hidden": false
        },
        {
          "tag": "TEXTAREA",
          "id": "slot-field-0-3",
          "component": "Textarea",
          "role": null,
          "selected": null,
          "hidden": false
        },
        {
          "tag": "DIV",
          "id": "form-field-group-4",
          "component": "Stack",
          "role": null,
          "selected": null,
          "hidden": false
        },
        {
          "tag": "INPUT",
          "id": "slot-field-1-5",
          "component": "Checkbox",
          "role": null,
          "selected": null,
          "hidden": false
        },
        {
          "tag": "DIV",
          "id": "form-field-group-6",
          "component": "Stack",
          "role": null,
          "selected": null,
          "hidden": false
        },
        {
          "tag": "TEXTAREA",
          "id": "slot-field-2-7",
          "component": "Textarea",
          "role": null,
          "selected": null,
          "hidden": false
        },
        {
          "tag": "DIV",
          "id": "form-field-group-12",
          "component": "Stack",
          "role": null,
          "selected": null,
          "hidden": false
        },
        {
          "tag": "INPUT",
          "id": "slot-field-3-13",
          "component": "DatePicker",
          "role": null,
          "selected": null,
          "hidden": false
        },
        {
          "tag": "DIV",
          "id": "form-field-group-14",
          "component": "Stack",
          "role": null,
          "selected": null,
          "hidden": false
        },
        {
          "tag": "INPUT",
          "id": "slot-field-4-15",
          "component": "Input",
          "role": null,
          "selected": null,
          "hidden": false
        },
        {
          "tag": "DIV",
          "id": "form-field-group-16",
          "component": "Stack",
          "role": null,
          "selected": null,
          "hidden": false
        },
        {
          "tag": "SELECT",
          "id": "slot-field-5-17",
          "component": "Select",
          "role": null,
          "selected": null,
          "hidden": false
        },
        {
          "tag": "DIV",
          "id": "form-field-group-18",
          "component": "Stack",
          "role": null,
          "selected": null,
          "hidden": false
        },
        {
          "tag": "INPUT",
          "id": "slot-field-6-19",
          "component": "Input",
          "role": null,
          "selected": null,
          "hidden": false
        },
        {
          "tag": "DIV",
          "id": "form-field-group-20",
          "component": "Stack",
          "role": null,
          "selected": null,
          "hidden": false
        },
        {
          "tag": "INPUT",
          "id": "slot-field-7-21",
          "component": "Input",
          "role": null,
          "selected": null,
          "hidden": false
        },
        {
          "tag": "DIV",
          "id": "form-field-group-22",
          "component": "Stack",
          "role": null,
          "selected": null,
          "hidden": false
        },
        {
          "tag": "INPUT",
          "id": "slot-field-8-23",
          "component": "Input",
          "role": null,
          "selected": null,
          "hidden": false
        },
        {
          "tag": "DIV",
          "id": "form-field-group-24",
          "component": "Stack",
          "role": null,
          "selected": null,
          "hidden": false
        },
        {
          "tag": "INPUT",
          "id": "slot-field-9-25",
          "component": "Input",
          "role": null,
          "selected": null,
          "hidden": false
        },
        {
          "tag": "DIV",
          "id": "form-actions-9",
          "component": "Stack",
          "role": null,
          "selected": null,
          "hidden": false
        },
        {
          "tag": "BUTTON",
          "id": "form-submit-10",
          "component": "Button",
          "role": null,
          "selected": null,
          "hidden": false
        },
        {
          "tag": "DIV",
          "id": null,
          "component": null,
          "role": "group",
          "selected": null,
          "hidden": false
        }
      ]
    },
    "equal": true
  },
  "interactionEvidence": {
    "kind": "action",
    "nodeId": "screen-form-11",
    "component": "Stack",
    "selector": "[data-oods-action=\"handleChange\"]",
    "action": "handleChange",
    "status": "passed",
    "cancellationControls": [
      {
        "nodeId": "ve-title-27",
        "before": {
          "reason": "Consumer cancellation reason",
          "code": "budget"
        },
        "after": {
          "reason": "Local cancellation reason",
          "code": "no_longer_needed"
        },
        "prevented": true,
        "actionCountsUnchanged": true,
        "passed": true
      }
    ],
    "cancellationScope": "local native controls and prevented submission only; no cancellation, save or persistence action",
    "numericUpdates": [
      {
        "nodeId": "slot-field-8-23",
        "values": [
          {
            "expected": "7",
            "actual": "7"
          },
          {
            "expected": "0",
            "actual": "0"
          }
        ],
        "passed": true
      }
    ],
    "numericScope": "generated local numeric editor state; no application filtering is claimed"
  },
  "labelVisibility": [],
  "runtimeErrors": [],
  "componentCounts": {
    "Button": 1,
    "CancellationForm": 1,
    "Checkbox": 1,
    "DatePicker": 1,
    "Input": 5,
    "Select": 1,
    "Stack": 14,
    "StatusSelector": 1,
    "Textarea": 2
  },
  "requiredMounts": [
    {
      "nodeId": "screen-form-11",
      "component": "Stack",
      "requiredInitially": true,
      "present": true,
      "passed": true
    },
    {
      "nodeId": "form-title-1",
      "component": "Stack",
      "requiredInitially": true,
      "present": true,
      "passed": true
    },
    {
      "nodeId": "ve-title-26",
      "component": "StatusSelector",
      "requiredInitially": true,
      "present": true,
      "passed": true
    },
    {
      "nodeId": "ve-title-27",
      "component": "CancellationForm",
      "requiredInitially": true,
      "present": true,
      "passed": true
    },
    {
      "nodeId": "form-fields-8",
      "component": "Stack",
      "requiredInitially": true,
      "present": true,
      "passed": true
    },
    {
      "nodeId": "form-field-group-2",
      "component": "Stack",
      "requiredInitially": true,
      "present": true,
      "passed": true
    },
    {
      "nodeId": "slot-field-0-3",
      "component": "Textarea",
      "requiredInitially": true,
      "present": true,
      "passed": true
    },
    {
      "nodeId": "form-field-group-4",
      "component": "Stack",
      "requiredInitially": true,
      "present": true,
      "passed": true
    },
    {
      "nodeId": "slot-field-1-5",
      "component": "Checkbox",
      "requiredInitially": true,
      "present": true,
      "passed": true
    },
    {
      "nodeId": "form-field-group-6",
      "component": "Stack",
      "requiredInitially": true,
      "present": true,
      "passed": true
    },
    {
      "nodeId": "slot-field-2-7",
      "component": "Textarea",
      "requiredInitially": true,
      "present": true,
      "passed": true
    },
    {
      "nodeId": "form-field-group-12",
      "component": "Stack",
      "requiredInitially": true,
      "present": true,
      "passed": true
    },
    {
      "nodeId": "slot-field-3-13",
      "component": "DatePicker",
      "requiredInitially": true,
      "present": true,
      "passed": true
    },
    {
      "nodeId": "form-field-group-14",
      "component": "Stack",
      "requiredInitially": true,
      "present": true,
      "passed": true
    },
    {
      "nodeId": "slot-field-4-15",
      "component": "Input",
      "requiredInitially": true,
      "present": true,
      "passed": true
    },
    {
      "nodeId": "form-field-group-16",
      "component": "Stack",
      "requiredInitially": true,
      "present": true,
      "passed": true
    },
    {
      "nodeId": "slot-field-5-17",
      "component": "Select",
      "requiredInitially": true,
      "present": true,
      "passed": true
    },
    {
      "nodeId": "form-field-group-18",
      "component": "Stack",
      "requiredInitially": true,
      "present": true,
      "passed": true
    },
    {
      "nodeId": "slot-field-6-19",
      "component": "Input",
      "requiredInitially": true,
      "present": true,
      "passed": true
    },
    {
      "nodeId": "form-field-group-20",
      "component": "Stack",
      "requiredInitially": true,
      "present": true,
      "passed": true
    },
    {
      "nodeId": "slot-field-7-21",
      "component": "Input",
      "requiredInitially": true,
      "present": true,
      "passed": true
    },
    {
      "nodeId": "form-field-group-22",
      "component": "Stack",
      "requiredInitially": true,
      "present": true,
      "passed": true
    },
    {
      "nodeId": "slot-field-8-23",
      "component": "Input",
      "requiredInitially": true,
      "present": true,
      "passed": true
    },
    {
      "nodeId": "form-field-group-24",
      "component": "Stack",
      "requiredInitially": true,
      "present": true,
      "passed": true
    },
    {
      "nodeId": "slot-field-9-25",
      "component": "Input",
      "requiredInitially": true,
      "present": true,
      "passed": true
    },
    {
      "nodeId": "form-actions-9",
      "component": "Stack",
      "requiredInitially": true,
      "present": true,
      "passed": true
    },
    {
      "nodeId": "form-submit-10",
      "component": "Button",
      "requiredInitially": true,
      "present": true,
      "passed": true
    }
  ],
  "selectorEvidence": [
    {
      "action": "handleChange",
      "selector": "[data-oods-action=\"handleChange\"]",
      "count": 1,
      "clicked": true,
      "mode": "clicked"
    },
    {
      "action": "handleSubmit",
      "selector": "[data-oods-action=\"handleSubmit\"]",
      "count": 1,
      "clicked": true,
      "mode": "clicked"
    }
  ],
  "actionCounts": {
    "handleChange": 1,
    "handleSubmit": 1
  },
  "actionArgs": {
    "handleChange": [
      []
    ],
    "handleSubmit": [
      []
    ]
  },
  "actionsFrozen": true,
  "css": {
    "primaryTextToken": "oklch(0.92 0.02 92)",
    "canvasToken": "oklch(0.18 0.05 45)"
  }
}
