{
  "framework": "react",
  "schema": "fresh-Product-list",
  "boundValues": [
    {
      "nodeId": "slot-search-1",
      "field": "searchQuery",
      "editable": false,
      "kind": "query-input",
      "expected": "Consumer searchQuery",
      "actual": "Consumer searchQuery",
      "visible": true,
      "passed": true
    },
    {
      "nodeId": "ve-toolbar-actions-17",
      "field": "primary_category_id",
      "kind": "family-text",
      "selector": "[data-oods-badge-label]",
      "expected": "consumer-primary-category-id",
      "editable": false,
      "actual": "consumer-primary-category-id",
      "visible": true,
      "passed": true
    },
    {
      "nodeId": "ve-items-10",
      "field": "label",
      "kind": "family-text",
      "selector": "[data-oods-label-cell-primary]",
      "expected": "Consumer label",
      "editable": false,
      "actual": "Consumer label",
      "visible": true,
      "passed": true
    },
    {
      "nodeId": "ve-items-10",
      "field": "description",
      "kind": "family-text",
      "selector": "[data-oods-label-cell-description]",
      "expected": "Consumer description",
      "editable": false,
      "actual": "Consumer description",
      "visible": true,
      "passed": true
    }
  ],
  "viewport": {
    "width": 1920,
    "height": 1080
  },
  "mount": "passed",
  "rootId": "screen-list-9",
  "rootCount": 1,
  "hydration": "passed",
  "hydrationProbe": {
    "selector": "[data-oods-action=\"handleFilter\"]",
    "selectorCount": 1,
    "eventHandlerAttached": true,
    "reusedServerNodes": {
      "root": true,
      "action": true,
      "everyCapturedNode": true
    },
    "attachment": {
      "attached": true,
      "containerProperty": "__reactContainer$h43r4ejz92j",
      "rootProperty": "__reactFiber$h43r4ejz92j"
    }
  },
  "hydrationInvariant": {
    "before": {
      "rootChildren": [
        {
          "tag": "DIV",
          "id": "screen-list-9",
          "component": "Stack"
        },
        {
          "tag": "DIV",
          "id": "",
          "component": null
        }
      ],
      "elements": [
        {
          "tag": "DIV",
          "id": "screen-list-9",
          "component": "Stack",
          "role": null,
          "selected": null,
          "hidden": false
        },
        {
          "tag": "DIV",
          "id": "list-toolbar-4",
          "component": "Stack",
          "role": null,
          "selected": null,
          "hidden": false
        },
        {
          "tag": "DIV",
          "id": null,
          "component": "SearchInput",
          "role": "search",
          "selected": null,
          "hidden": false
        },
        {
          "tag": "INPUT",
          "id": "slot-search-1",
          "component": "SearchInput",
          "role": null,
          "selected": null,
          "hidden": false
        },
        {
          "tag": "ASIDE",
          "id": "slot-filters-2",
          "component": "FilterPanel",
          "role": "region",
          "selected": null,
          "hidden": false
        },
        {
          "tag": "DIV",
          "id": "slot-toolbar-actions-3",
          "component": "Stack",
          "role": null,
          "selected": null,
          "hidden": false
        },
        {
          "tag": "NAV",
          "id": "ve-toolbar-actions-12",
          "component": "PaginationBar",
          "role": null,
          "selected": null,
          "hidden": false
        },
        {
          "tag": "SPAN",
          "id": "ve-toolbar-actions-17",
          "component": "ClassificationBadge",
          "role": null,
          "selected": null,
          "hidden": false
        },
        {
          "tag": "DIV",
          "id": "list-items-5",
          "component": "Stack",
          "role": null,
          "selected": null,
          "hidden": false
        },
        {
          "tag": "DIV",
          "id": "slot-items-6",
          "component": "Stack",
          "role": null,
          "selected": null,
          "hidden": false
        },
        {
          "tag": "SPAN",
          "id": "ve-items-10",
          "component": "LabelCell",
          "role": null,
          "selected": null,
          "hidden": false
        },
        {
          "tag": "SPAN",
          "id": "ve-items-14",
          "component": "StatusBadge",
          "role": null,
          "selected": null,
          "hidden": false
        },
        {
          "tag": "TIME",
          "id": "ve-items-15",
          "component": "RelativeTimestamp",
          "role": null,
          "selected": null,
          "hidden": false
        },
        {
          "tag": "SPAN",
          "id": "ve-items-16",
          "component": "PriceBadge",
          "role": null,
          "selected": null,
          "hidden": false
        },
        {
          "tag": "DIV",
          "id": "list-pagination-7",
          "component": "Stack",
          "role": null,
          "selected": null,
          "hidden": false
        },
        {
          "tag": "NAV",
          "id": "slot-pagination-8",
          "component": "PaginationBar",
          "role": null,
          "selected": null,
          "hidden": false
        },
        {
          "tag": "DIV",
          "id": null,
          "component": null,
          "role": "group",
          "selected": null,
          "hidden": false
        }
      ]
    },
    "after": {
      "rootChildren": [
        {
          "tag": "DIV",
          "id": "screen-list-9",
          "component": "Stack"
        },
        {
          "tag": "DIV",
          "id": "",
          "component": null
        }
      ],
      "elements": [
        {
          "tag": "DIV",
          "id": "screen-list-9",
          "component": "Stack",
          "role": null,
          "selected": null,
          "hidden": false
        },
        {
          "tag": "DIV",
          "id": "list-toolbar-4",
          "component": "Stack",
          "role": null,
          "selected": null,
          "hidden": false
        },
        {
          "tag": "DIV",
          "id": null,
          "component": "SearchInput",
          "role": "search",
          "selected": null,
          "hidden": false
        },
        {
          "tag": "INPUT",
          "id": "slot-search-1",
          "component": "SearchInput",
          "role": null,
          "selected": null,
          "hidden": false
        },
        {
          "tag": "ASIDE",
          "id": "slot-filters-2",
          "component": "FilterPanel",
          "role": "region",
          "selected": null,
          "hidden": false
        },
        {
          "tag": "DIV",
          "id": "slot-toolbar-actions-3",
          "component": "Stack",
          "role": null,
          "selected": null,
          "hidden": false
        },
        {
          "tag": "NAV",
          "id": "ve-toolbar-actions-12",
          "component": "PaginationBar",
          "role": null,
          "selected": null,
          "hidden": false
        },
        {
          "tag": "SPAN",
          "id": "ve-toolbar-actions-17",
          "component": "ClassificationBadge",
          "role": null,
          "selected": null,
          "hidden": false
        },
        {
          "tag": "DIV",
          "id": "list-items-5",
          "component": "Stack",
          "role": null,
          "selected": null,
          "hidden": false
        },
        {
          "tag": "DIV",
          "id": "slot-items-6",
          "component": "Stack",
          "role": null,
          "selected": null,
          "hidden": false
        },
        {
          "tag": "SPAN",
          "id": "ve-items-10",
          "component": "LabelCell",
          "role": null,
          "selected": null,
          "hidden": false
        },
        {
          "tag": "SPAN",
          "id": "ve-items-14",
          "component": "StatusBadge",
          "role": null,
          "selected": null,
          "hidden": false
        },
        {
          "tag": "TIME",
          "id": "ve-items-15",
          "component": "RelativeTimestamp",
          "role": null,
          "selected": null,
          "hidden": false
        },
        {
          "tag": "SPAN",
          "id": "ve-items-16",
          "component": "PriceBadge",
          "role": null,
          "selected": null,
          "hidden": false
        },
        {
          "tag": "DIV",
          "id": "list-pagination-7",
          "component": "Stack",
          "role": null,
          "selected": null,
          "hidden": false
        },
        {
          "tag": "NAV",
          "id": "slot-pagination-8",
          "component": "PaginationBar",
          "role": null,
          "selected": null,
          "hidden": false
        },
        {
          "tag": "DIV",
          "id": null,
          "component": null,
          "role": "group",
          "selected": null,
          "hidden": false
        }
      ]
    },
    "equal": true
  },
  "interactionEvidence": {
    "kind": "action",
    "nodeId": "screen-list-9",
    "component": "Stack",
    "selector": "[data-oods-action=\"handleFilter\"]",
    "action": "handleFilter",
    "status": "passed"
  },
  "labelVisibility": [],
  "runtimeErrors": [],
  "componentCounts": {
    "ClassificationBadge": 1,
    "FilterPanel": 1,
    "LabelCell": 1,
    "PaginationBar": 2,
    "PriceBadge": 1,
    "RelativeTimestamp": 1,
    "SearchInput": 2,
    "Stack": 6,
    "StatusBadge": 1
  },
  "requiredMounts": [
    {
      "nodeId": "screen-list-9",
      "component": "Stack",
      "requiredInitially": true,
      "present": true,
      "passed": true
    },
    {
      "nodeId": "list-toolbar-4",
      "component": "Stack",
      "requiredInitially": true,
      "present": true,
      "passed": true
    },
    {
      "nodeId": "slot-search-1",
      "component": "SearchInput",
      "requiredInitially": true,
      "present": true,
      "passed": true
    },
    {
      "nodeId": "slot-filters-2",
      "component": "FilterPanel",
      "requiredInitially": true,
      "present": true,
      "passed": true
    },
    {
      "nodeId": "slot-toolbar-actions-3",
      "component": "Stack",
      "requiredInitially": true,
      "present": true,
      "passed": true
    },
    {
      "nodeId": "ve-toolbar-actions-12",
      "component": "PaginationBar",
      "requiredInitially": true,
      "present": true,
      "passed": true
    },
    {
      "nodeId": "ve-toolbar-actions-17",
      "component": "ClassificationBadge",
      "requiredInitially": true,
      "present": true,
      "passed": true
    },
    {
      "nodeId": "list-items-5",
      "component": "Stack",
      "requiredInitially": true,
      "present": true,
      "passed": true
    },
    {
      "nodeId": "slot-items-6",
      "component": "Stack",
      "requiredInitially": true,
      "present": true,
      "passed": true
    },
    {
      "nodeId": "ve-items-10",
      "component": "LabelCell",
      "requiredInitially": true,
      "present": true,
      "passed": true
    },
    {
      "nodeId": "ve-items-14",
      "component": "StatusBadge",
      "requiredInitially": true,
      "present": true,
      "passed": true
    },
    {
      "nodeId": "ve-items-15",
      "component": "RelativeTimestamp",
      "requiredInitially": true,
      "present": true,
      "passed": true
    },
    {
      "nodeId": "ve-items-16",
      "component": "PriceBadge",
      "requiredInitially": true,
      "present": true,
      "passed": true
    },
    {
      "nodeId": "list-pagination-7",
      "component": "Stack",
      "requiredInitially": true,
      "present": true,
      "passed": true
    },
    {
      "nodeId": "slot-pagination-8",
      "component": "PaginationBar",
      "requiredInitially": true,
      "present": true,
      "passed": true
    }
  ],
  "selectorEvidence": [
    {
      "action": "handleFilter",
      "selector": "[data-oods-action=\"handleFilter\"]",
      "count": 1,
      "clicked": true,
      "mode": "clicked"
    },
    {
      "action": "handleRowClick",
      "selector": "[data-oods-action=\"handleRowClick\"]",
      "count": 1,
      "clicked": true,
      "mode": "clicked"
    },
    {
      "action": "handleSort",
      "selector": "[data-oods-action=\"handleSort\"]",
      "count": 1,
      "clicked": true,
      "mode": "clicked"
    }
  ],
  "actionCounts": {
    "handleFilter": 1,
    "handleRowClick": 1,
    "handleSort": 1
  },
  "actionArgs": {
    "handleFilter": [
      [
        {}
      ]
    ],
    "handleRowClick": [
      [
        "consumer-product-id"
      ]
    ],
    "handleSort": [
      [
        "status"
      ]
    ]
  },
  "actionsFrozen": true,
  "css": {
    "primaryTextToken": "oklch(0.92 0.02 92)",
    "canvasToken": "oklch(0.18 0.05 45)"
  }
}
