$ npm pack <repository-root>/packages/component-contracts --json --pack-destination /tmp/forge-s189-loop-m06-corrective/packages-zQSEjW/submitted-packages/tarballs
exitCode=0
signal=

[stdout]

> @oods/component-contracts@0.1.0 build <repository-root>/packages/component-contracts
> rimraf dist && tsup --config tsup.config.ts

CLI Building entry: src/index.ts
CLI Using tsconfig: tsconfig.json
CLI tsup v8.5.0
CLI Using tsup config: <repository-root>/packages/component-contracts/tsup.config.ts
CLI Target: es2022
CLI Cleaning output folder
ESM Build start
CJS Build start
CJS dist/index.cjs 381.55 KB
CJS ⚡️ Build success in 203ms
ESM dist/index.js 380.29 KB
ESM ⚡️ Build success in 204ms
DTS Build start
DTS ⚡️ Build success in 1080ms
DTS dist/index.d.ts  13.74 KB
DTS dist/index.d.cts 13.74 KB
[
  {
    "id": "@oods/component-contracts@0.1.0",
    "name": "@oods/component-contracts",
    "version": "0.1.0",
    "size": 101999,
    "unpackedSize": 1613429,
    "shasum": "46c95862c8db2882431576ec23050f568590d25d",
    "integrity": "sha512-BVs3tWqNaCqGAHcxSCNswpjtiPo7xQ/IPuxEoxN/AcST+0jJA7p3A/9aoKkfLsKE+UKnoqo5cdrviHn7xbyPtw==",
    "filename": "oods-component-contracts-0.1.0.tgz",
    "files": [
      {
        "path": "dist/index.cjs",
        "size": 390707,
        "mode": 420
      },
      {
        "path": "dist/index.d.cts",
        "size": 14066,
        "mode": 420
      },
      {
        "path": "dist/index.d.ts",
        "size": 14066,
        "mode": 420
      },
      {
        "path": "dist/index.js",
        "size": 389415,
        "mode": 420
      },
      {
        "path": "package.json",
        "size": 1269,
        "mode": 420
      },
      {
        "path": "registry/component-capability-baseline.v1.json",
        "size": 172138,
        "mode": 420
      },
      {
        "path": "registry/component-capability-closeout.s182.v1.json",
        "size": 255063,
        "mode": 420
      },
      {
        "path": "registry/component-capability-foundation-v1.s182.v1.json",
        "size": 259610,
        "mode": 420
      },
      {
        "path": "registry/component-intake.v1.json",
        "size": 67627,
        "mode": 420
      },
      {
        "path": "registry/component-obligation-scope.v1.json",
        "size": 233,
        "mode": 420
      },
      {
        "path": "registry/component-reconciliation.proposed.v1.json",
        "size": 49235,
        "mode": 420
      }
    ],
    "entryCount": 11,
    "bundled": []
  }
]

[stderr]
npm warn Unknown env config "enable-pre-post-scripts". This will stop working in the next major version of npm.
npm warn Unknown env config "store-dir". This will stop working in the next major version of npm.
npm warn Unknown env config "link-workspace-packages". This will stop working in the next major version of npm.
npm warn Unknown project config "link-workspace-packages". This will stop working in the next major version of npm.

> @oods/component-contracts@0.1.0 prepack
> pnpm run build
