after Organization [
  {
    framework: 'react',
    errors: [],
    overflow: [ [Object], [Object], [Object] ]
  },
  {
    framework: 'vue',
    errors: [],
    overflow: [ [Object], [Object], [Object] ]
  }
]
after User [
  {
    framework: 'react',
    errors: [],
    overflow: [ [Object], [Object], [Object] ]
  },
  {
    framework: 'vue',
    errors: [],
    overflow: [ [Object], [Object], [Object] ]
  }
]
after Subscription [
  {
    framework: 'react',
    errors: [],
    overflow: [ [Object], [Object], [Object] ]
  },
  {
    framework: 'vue',
    errors: [],
    overflow: [ [Object], [Object], [Object] ]
  }
]
after Invoice [
  {
    framework: 'react',
    errors: [],
    overflow: [ [Object], [Object], [Object] ]
  },
  {
    framework: 'vue',
    errors: [],
    overflow: [ [Object], [Object], [Object] ]
  }
]
after Plan [
  {
    framework: 'react',
    errors: [],
    overflow: [ [Object], [Object], [Object] ]
  },
  {
    framework: 'vue',
    errors: [],
    overflow: [ [Object], [Object], [Object] ]
  }
]
