Evidence/workflow/react pass
Article/workflow/react pass
Document/workflow/react pass
Collection/workflow/react pass
Invoice/workflow/react fail: Filter choices must match the declared enum or workflow lifecycle states
+ actual - expected

  [
    '',
+   'status sample 1',
+   'status sample 10',
+   'status sample 2',
+   'status sample 3',
+   'status sample 4',
+   'status sample 5',
+   'status sample 6',
+   'status sample 7',
+   'status sample 8',
+   'status sample 9'
  ]

Media/workflow/react pass
Organization/workflow/react pass
Mission/workflow/react pass
