{
  "observedAt": "2026-09-11T20:24:03.468722+00:00",
  "head": "5b25c3c9ec795315bf52a698d135c96bffd66393",
  "porcelain": "?? artifacts/product-reality/sprint-190/delivery/\n",
  "listener": "COMMAND  PID          USER   FD   TYPE             DEVICE SIZE/OFF NODE NAME\nnode    7019 systemsystems   14u  IPv4 0xe8282b642bddecab      0t0  TCP 127.0.0.1:4466 (LISTEN)\n",
  "health": {
    "status": "ok",
    "bridge": "ready",
    "toolset": {
      "mode": "default",
      "enabledCount": 19,
      "registrySource": "dist/tools/registry.json"
    },
    "revision": {
      "commit": "5b25c3c9ec795315bf52a698d135c96bffd66393",
      "structuredDataManifestHash": "sha256:993644cc01a5f150ea42d2882a953577a0066a6cecb3f74032e1877d6e4e620d"
    }
  }
}
PID 7019 store files 17 compiled files 851
