$ npm pack <repository-root>/packages/component-contracts --json --pack-destination <repository-root>/artifacts/product-reality/sprint-193/m02/submitted-packages/tarballs
exitCode=0
signal=

[stdout]

> @oods/component-contracts@0.1.0 build <repository-root>/packages/component-contracts
> rimraf dist && tsup --config tsup.config.ts

CLI Building entry: src/index.ts
CLI Using tsconfig: tsconfig.json
CLI tsup v8.5.0
CLI Using tsup config: <repository-root>/packages/component-contracts/tsup.config.ts
CLI Target: es2022
CLI Cleaning output folder
ESM Build start
CJS Build start
DTS Build start
ESM dist/index.js 660.61 KB
ESM ⚡️ Build success in 230ms
CJS dist/index.cjs 662.01 KB
CJS ⚡️ Build success in 230ms
DTS ⚡️ Build success in 1123ms
DTS dist/index.d.ts  70.56 KB
DTS dist/index.d.cts 70.56 KB
[
  {
    "id": "@oods/component-contracts@0.1.0",
    "name": "@oods/component-contracts",
    "version": "0.1.0",
    "size": 161181,
    "unpackedSize": 2949235,
    "shasum": "eb4905df4a779525c6f03a9986841a7bd9ca9070",
    "integrity": "sha512-s6fuj0mxw3bj+4LUIfPsZ7lJzxtc2PC4wCMB27/+HsBfAApbrFgKJM3EJzWqtTzilVp8ScA8GTWM/fgVPWa4ZQ==",
    "filename": "oods-component-contracts-0.1.0.tgz",
    "files": [
      {
        "path": "dist/index.cjs",
        "size": 677894,
        "mode": 420
      },
      {
        "path": "dist/index.d.cts",
        "size": 72256,
        "mode": 420
      },
      {
        "path": "dist/index.d.ts",
        "size": 72256,
        "mode": 420
      },
      {
        "path": "dist/index.js",
        "size": 676464,
        "mode": 420
      },
      {
        "path": "package.json",
        "size": 1267,
        "mode": 420
      },
      {
        "path": "registry/component-capability-baseline.v1.json",
        "size": 172138,
        "mode": 420
      },
      {
        "path": "registry/component-capability-closeout.s182.v1.json",
        "size": 255063,
        "mode": 420
      },
      {
        "path": "registry/component-capability-foundation-v1.s182.v1.json",
        "size": 259610,
        "mode": 420
      },
      {
        "path": "registry/component-capability-ledger.v1.json",
        "size": 355399,
        "mode": 420
      },
      {
        "path": "registry/component-intake.v1.json",
        "size": 67627,
        "mode": 420
      },
      {
        "path": "registry/component-obligation-scope.v1.json",
        "size": 234,
        "mode": 420
      },
      {
        "path": "registry/component-reconciliation.proposed.v1.json",
        "size": 49235,
        "mode": 420
      },
      {
        "path": "registry/component-reconciliation.proposed.v2.json",
        "size": 117654,
        "mode": 420
      },
      {
        "path": "registry/historical/component-capability-baseline.v1.json",
        "size": 172138,
        "mode": 420
      }
    ],
    "entryCount": 14,
    "bundled": []
  }
]

[stderr]
npm warn Unknown project config "link-workspace-packages". This will stop working in the next major version of npm.

> @oods/component-contracts@0.1.0 prepack
> pnpm run build
