{
  "framework": "react",
  "schema": "cmos-dashboard-redesign",
  "mount": "passed",
  "rootId": "screen-dashboard-24",
  "rootCount": 1,
  "hydration": "passed",
  "hydrationProbe": {
    "selector": null,
    "selectorCount": 0,
    "eventHandlerAttached": false,
    "reusedServerNodes": {
      "root": true,
      "action": true,
      "everyCapturedNode": true
    },
    "attachment": {
      "attached": true,
      "containerProperty": "__reactContainer$4f62eby5vbx",
      "rootProperty": "__reactFiber$4f62eby5vbx"
    }
  },
  "hydrationInvariant": {
    "before": {
      "rootChildren": [
        {
          "tag": "DIV",
          "id": "screen-dashboard-24",
          "component": "Stack"
        }
      ],
      "elements": [
        {
          "tag": "DIV",
          "id": "screen-dashboard-24",
          "component": "Stack",
          "role": null,
          "selected": null,
          "hidden": false
        },
        {
          "tag": "DIV",
          "id": "dashboard-header-1",
          "component": "Stack",
          "role": null,
          "selected": null,
          "hidden": false
        },
        {
          "tag": "HEADER",
          "id": "slot-header-2",
          "component": "DetailHeader",
          "role": null,
          "selected": null,
          "hidden": false
        },
        {
          "tag": "DIV",
          "id": "dashboard-metrics-3",
          "component": "Grid",
          "role": null,
          "selected": null,
          "hidden": false
        },
        {
          "tag": "DIV",
          "id": "dashboard-section-4",
          "component": "Stack",
          "role": null,
          "selected": null,
          "hidden": false
        },
        {
          "tag": "SPAN",
          "id": "dashboard-section-title-5",
          "component": "Text",
          "role": null,
          "selected": null,
          "hidden": false
        },
        {
          "tag": "DIV",
          "id": "slot-metrics-6",
          "component": "VizAreaPreview",
          "role": null,
          "selected": null,
          "hidden": false
        },
        {
          "tag": "DIV",
          "id": "dashboard-body-20",
          "component": "Card",
          "role": null,
          "selected": null,
          "hidden": false
        },
        {
          "tag": "DIV",
          "id": "dashboard-main-7",
          "component": "Stack",
          "role": null,
          "selected": null,
          "hidden": false
        },
        {
          "tag": "DIV",
          "id": "dashboard-section-8",
          "component": "Stack",
          "role": null,
          "selected": null,
          "hidden": false
        },
        {
          "tag": "SPAN",
          "id": "dashboard-section-title-9",
          "component": "Text",
          "role": null,
          "selected": null,
          "hidden": false
        },
        {
          "tag": "DIV",
          "id": "slot-main-content-10",
          "component": "Card",
          "role": null,
          "selected": null,
          "hidden": false
        },
        {
          "tag": "DIV",
          "id": "dashboard-section-11",
          "component": "Stack",
          "role": null,
          "selected": null,
          "hidden": false
        },
        {
          "tag": "SPAN",
          "id": "dashboard-section-title-12",
          "component": "Text",
          "role": null,
          "selected": null,
          "hidden": false
        },
        {
          "tag": "NAV",
          "id": "slot-main-section-1-13",
          "component": "PaginationBar",
          "role": null,
          "selected": null,
          "hidden": false
        },
        {
          "tag": "DIV",
          "id": "dashboard-section-14",
          "component": "Stack",
          "role": null,
          "selected": null,
          "hidden": false
        },
        {
          "tag": "SPAN",
          "id": "dashboard-section-title-15",
          "component": "Text",
          "role": null,
          "selected": null,
          "hidden": false
        },
        {
          "tag": "DIV",
          "id": "slot-main-section-2-16",
          "component": "Card",
          "role": null,
          "selected": null,
          "hidden": false
        },
        {
          "tag": "DIV",
          "id": "dashboard-section-17",
          "component": "Stack",
          "role": null,
          "selected": null,
          "hidden": false
        },
        {
          "tag": "SPAN",
          "id": "dashboard-section-title-18",
          "component": "Text",
          "role": null,
          "selected": null,
          "hidden": false
        },
        {
          "tag": "DIV",
          "id": "slot-main-section-3-19",
          "component": "Card",
          "role": null,
          "selected": null,
          "hidden": false
        },
        {
          "tag": "DIV",
          "id": "dashboard-sidebar-21",
          "component": "Stack",
          "role": null,
          "selected": null,
          "hidden": false
        },
        {
          "tag": "DIV",
          "id": "dashboard-section-22",
          "component": "Stack",
          "role": null,
          "selected": null,
          "hidden": false
        },
        {
          "tag": "DIV",
          "id": "slot-sidebar-23",
          "component": "Stack",
          "role": null,
          "selected": null,
          "hidden": false
        }
      ]
    },
    "after": {
      "rootChildren": [
        {
          "tag": "DIV",
          "id": "screen-dashboard-24",
          "component": "Stack"
        }
      ],
      "elements": [
        {
          "tag": "DIV",
          "id": "screen-dashboard-24",
          "component": "Stack",
          "role": null,
          "selected": null,
          "hidden": false
        },
        {
          "tag": "DIV",
          "id": "dashboard-header-1",
          "component": "Stack",
          "role": null,
          "selected": null,
          "hidden": false
        },
        {
          "tag": "HEADER",
          "id": "slot-header-2",
          "component": "DetailHeader",
          "role": null,
          "selected": null,
          "hidden": false
        },
        {
          "tag": "DIV",
          "id": "dashboard-metrics-3",
          "component": "Grid",
          "role": null,
          "selected": null,
          "hidden": false
        },
        {
          "tag": "DIV",
          "id": "dashboard-section-4",
          "component": "Stack",
          "role": null,
          "selected": null,
          "hidden": false
        },
        {
          "tag": "SPAN",
          "id": "dashboard-section-title-5",
          "component": "Text",
          "role": null,
          "selected": null,
          "hidden": false
        },
        {
          "tag": "DIV",
          "id": "slot-metrics-6",
          "component": "VizAreaPreview",
          "role": null,
          "selected": null,
          "hidden": false
        },
        {
          "tag": "DIV",
          "id": "dashboard-body-20",
          "component": "Card",
          "role": null,
          "selected": null,
          "hidden": false
        },
        {
          "tag": "DIV",
          "id": "dashboard-main-7",
          "component": "Stack",
          "role": null,
          "selected": null,
          "hidden": false
        },
        {
          "tag": "DIV",
          "id": "dashboard-section-8",
          "component": "Stack",
          "role": null,
          "selected": null,
          "hidden": false
        },
        {
          "tag": "SPAN",
          "id": "dashboard-section-title-9",
          "component": "Text",
          "role": null,
          "selected": null,
          "hidden": false
        },
        {
          "tag": "DIV",
          "id": "slot-main-content-10",
          "component": "Card",
          "role": null,
          "selected": null,
          "hidden": false
        },
        {
          "tag": "DIV",
          "id": "dashboard-section-11",
          "component": "Stack",
          "role": null,
          "selected": null,
          "hidden": false
        },
        {
          "tag": "SPAN",
          "id": "dashboard-section-title-12",
          "component": "Text",
          "role": null,
          "selected": null,
          "hidden": false
        },
        {
          "tag": "NAV",
          "id": "slot-main-section-1-13",
          "component": "PaginationBar",
          "role": null,
          "selected": null,
          "hidden": false
        },
        {
          "tag": "DIV",
          "id": "dashboard-section-14",
          "component": "Stack",
          "role": null,
          "selected": null,
          "hidden": false
        },
        {
          "tag": "SPAN",
          "id": "dashboard-section-title-15",
          "component": "Text",
          "role": null,
          "selected": null,
          "hidden": false
        },
        {
          "tag": "DIV",
          "id": "slot-main-section-2-16",
          "component": "Card",
          "role": null,
          "selected": null,
          "hidden": false
        },
        {
          "tag": "DIV",
          "id": "dashboard-section-17",
          "component": "Stack",
          "role": null,
          "selected": null,
          "hidden": false
        },
        {
          "tag": "SPAN",
          "id": "dashboard-section-title-18",
          "component": "Text",
          "role": null,
          "selected": null,
          "hidden": false
        },
        {
          "tag": "DIV",
          "id": "slot-main-section-3-19",
          "component": "Card",
          "role": null,
          "selected": null,
          "hidden": false
        },
        {
          "tag": "DIV",
          "id": "dashboard-sidebar-21",
          "component": "Stack",
          "role": null,
          "selected": null,
          "hidden": false
        },
        {
          "tag": "DIV",
          "id": "dashboard-section-22",
          "component": "Stack",
          "role": null,
          "selected": null,
          "hidden": false
        },
        {
          "tag": "DIV",
          "id": "slot-sidebar-23",
          "component": "Stack",
          "role": null,
          "selected": null,
          "hidden": false
        }
      ]
    },
    "equal": true
  },
  "interactionEvidence": {
    "kind": "none",
    "reason": "no enabled interaction declared; unbound PaginationBar defaults to zero items",
    "disabledPaginationNodeIds": [
      "slot-main-section-1-13"
    ],
    "status": "not-applicable",
    "disabledControls": [
      {
        "nodeId": "slot-main-section-1-13",
        "count": 2,
        "observations": [
          {
            "visible": true,
            "disabled": true
          },
          {
            "visible": true,
            "disabled": true
          }
        ],
        "unchanged": true,
        "passed": true
      }
    ]
  },
  "labelVisibility": [
    {
      "component": "DetailHeader",
      "rootId": "slot-header-2",
      "text": "Details",
      "visible": true,
      "passed": true
    }
  ],
  "runtimeErrors": [],
  "componentCounts": {
    "Card": 4,
    "DetailHeader": 1,
    "Grid": 1,
    "PaginationBar": 1,
    "Stack": 11,
    "Text": 5,
    "VizAreaPreview": 1
  },
  "requiredMounts": [
    {
      "nodeId": "screen-dashboard-24",
      "component": "Stack",
      "requiredInitially": true,
      "present": true,
      "passed": true
    },
    {
      "nodeId": "dashboard-header-1",
      "component": "Stack",
      "requiredInitially": true,
      "present": true,
      "passed": true
    },
    {
      "nodeId": "slot-header-2",
      "component": "DetailHeader",
      "requiredInitially": true,
      "present": true,
      "passed": true
    },
    {
      "nodeId": "dashboard-metrics-3",
      "component": "Grid",
      "requiredInitially": true,
      "present": true,
      "passed": true
    },
    {
      "nodeId": "dashboard-section-4",
      "component": "Stack",
      "requiredInitially": true,
      "present": true,
      "passed": true
    },
    {
      "nodeId": "dashboard-section-title-5",
      "component": "Text",
      "requiredInitially": true,
      "present": true,
      "passed": true
    },
    {
      "nodeId": "slot-metrics-6",
      "component": "VizAreaPreview",
      "requiredInitially": true,
      "present": true,
      "passed": true
    },
    {
      "nodeId": "dashboard-body-20",
      "component": "Card",
      "requiredInitially": true,
      "present": true,
      "passed": true
    },
    {
      "nodeId": "dashboard-main-7",
      "component": "Stack",
      "requiredInitially": true,
      "present": true,
      "passed": true
    },
    {
      "nodeId": "dashboard-section-8",
      "component": "Stack",
      "requiredInitially": true,
      "present": true,
      "passed": true
    },
    {
      "nodeId": "dashboard-section-title-9",
      "component": "Text",
      "requiredInitially": true,
      "present": true,
      "passed": true
    },
    {
      "nodeId": "slot-main-content-10",
      "component": "Card",
      "requiredInitially": true,
      "present": true,
      "passed": true
    },
    {
      "nodeId": "dashboard-section-11",
      "component": "Stack",
      "requiredInitially": true,
      "present": true,
      "passed": true
    },
    {
      "nodeId": "dashboard-section-title-12",
      "component": "Text",
      "requiredInitially": true,
      "present": true,
      "passed": true
    },
    {
      "nodeId": "slot-main-section-1-13",
      "component": "PaginationBar",
      "requiredInitially": true,
      "present": true,
      "passed": true
    },
    {
      "nodeId": "dashboard-section-14",
      "component": "Stack",
      "requiredInitially": true,
      "present": true,
      "passed": true
    },
    {
      "nodeId": "dashboard-section-title-15",
      "component": "Text",
      "requiredInitially": true,
      "present": true,
      "passed": true
    },
    {
      "nodeId": "slot-main-section-2-16",
      "component": "Card",
      "requiredInitially": true,
      "present": true,
      "passed": true
    },
    {
      "nodeId": "dashboard-section-17",
      "component": "Stack",
      "requiredInitially": true,
      "present": true,
      "passed": true
    },
    {
      "nodeId": "dashboard-section-title-18",
      "component": "Text",
      "requiredInitially": true,
      "present": true,
      "passed": true
    },
    {
      "nodeId": "slot-main-section-3-19",
      "component": "Card",
      "requiredInitially": true,
      "present": true,
      "passed": true
    },
    {
      "nodeId": "dashboard-sidebar-21",
      "component": "Stack",
      "requiredInitially": true,
      "present": true,
      "passed": true
    },
    {
      "nodeId": "dashboard-section-22",
      "component": "Stack",
      "requiredInitially": true,
      "present": true,
      "passed": true
    },
    {
      "nodeId": "slot-sidebar-23",
      "component": "Stack",
      "requiredInitially": true,
      "present": true,
      "passed": true
    }
  ],
  "selectorEvidence": [],
  "actionCounts": {},
  "actionArgs": {},
  "actionsFrozen": true,
  "css": {
    "primaryTextToken": "oklch(0.92 0.02 92)",
    "canvasToken": "oklch(0.18 0.05 45)"
  }
}
