$ npm pack <repository-root>/packages/components-react --json --pack-destination <repository-root>/artifacts/product-reality/sprint-187/m01/live-attempt-3/submitted-packages/tarballs
exitCode=0
signal=

[stdout]

> @oods/components-react@0.1.0 build <repository-root>/packages/components-react
> rimraf dist && tsup --config tsup.config.ts

CLI Building entry: src/index.ts, src/ported.tsx, src/status.ts, src/table.tsx, src/types.ts
CLI Using tsconfig: tsconfig.json
CLI tsup v8.5.0
CLI Using tsup config: <repository-root>/packages/components-react/tsup.config.ts
CLI Target: es2022
CLI Cleaning output folder
ESM Build start
CJS Build start
ESM dist/ported.js         192.00 B
ESM dist/table.js          149.00 B
ESM dist/status.js         171.00 B
ESM dist/chunk-EHRZ3ATJ.js 6.37 KB
ESM dist/types.js          1.00 B
ESM dist/chunk-SARVSWN3.js 39.68 KB
ESM dist/chunk-54KQYKOO.js 10.87 KB
ESM dist/index.js          48.56 KB
ESM ⚡️ Build success in 536ms
CJS dist/types.cjs  15.00 B
CJS dist/status.cjs 11.06 KB
CJS dist/table.cjs  17.07 KB
CJS dist/ported.cjs 51.91 KB
CJS dist/index.cjs  109.51 KB
CJS ⚡️ Build success in 537ms
DTS Build start
DTS ⚡️ Build success in 6123ms
DTS dist/index.d.ts   7.61 KB
DTS dist/ported.d.ts  7.12 KB
DTS dist/status.d.ts  1.39 KB
DTS dist/table.d.ts   1.06 KB
DTS dist/types.d.ts   19.10 KB
DTS dist/index.d.cts  7.62 KB
DTS dist/ported.d.cts 7.12 KB
DTS dist/status.d.cts 1.39 KB
DTS dist/table.d.cts  1.07 KB
DTS dist/types.d.cts  19.10 KB
[
  {
    "id": "@oods/components-react@0.1.0",
    "name": "@oods/components-react",
    "version": "0.1.0",
    "size": 69693,
    "unpackedSize": 450037,
    "shasum": "01b9ee3b65ae9c860e1cc36ab0de46ed5fc538f7",
    "integrity": "sha512-vlKaoYXtadIJjk013zY9NgBun9TJh7ulTo/kOCtfRA9RGAWUIx5RszfXTQ870vnNkMXvr3iAV9OCuiZZNnziFQ==",
    "filename": "oods-components-react-0.1.0.tgz",
    "files": [
      {
        "path": "dist/chunk-54KQYKOO.js",
        "size": 11126,
        "mode": 420
      },
      {
        "path": "dist/chunk-EHRZ3ATJ.js",
        "size": 6526,
        "mode": 420
      },
      {
        "path": "dist/chunk-SARVSWN3.js",
        "size": 40635,
        "mode": 420
      },
      {
        "path": "dist/index.cjs",
        "size": 112140,
        "mode": 420
      },
      {
        "path": "dist/index.d.cts",
        "size": 7801,
        "mode": 420
      },
      {
        "path": "dist/index.d.ts",
        "size": 7797,
        "mode": 420
      },
      {
        "path": "dist/index.js",
        "size": 49728,
        "mode": 420
      },
      {
        "path": "dist/ported.cjs",
        "size": 53153,
        "mode": 420
      },
      {
        "path": "dist/ported.d.cts",
        "size": 7290,
        "mode": 420
      },
      {
        "path": "dist/ported.d.ts",
        "size": 7289,
        "mode": 420
      },
      {
        "path": "dist/ported.js",
        "size": 192,
        "mode": 420
      },
      {
        "path": "dist/status.cjs",
        "size": 11326,
        "mode": 420
      },
      {
        "path": "dist/status.d.cts",
        "size": 1426,
        "mode": 420
      },
      {
        "path": "dist/status.d.ts",
        "size": 1425,
        "mode": 420
      },
      {
        "path": "dist/status.js",
        "size": 171,
        "mode": 420
      },
      {
        "path": "dist/table.cjs",
        "size": 17476,
        "mode": 420
      },
      {
        "path": "dist/table.d.cts",
        "size": 1091,
        "mode": 420
      },
      {
        "path": "dist/table.d.ts",
        "size": 1090,
        "mode": 420
      },
      {
        "path": "dist/table.js",
        "size": 149,
        "mode": 420
      },
      {
        "path": "dist/types.cjs",
        "size": 15,
        "mode": 420
      },
      {
        "path": "dist/types.d.cts",
        "size": 19559,
        "mode": 420
      },
      {
        "path": "dist/types.d.ts",
        "size": 19559,
        "mode": 420
      },
      {
        "path": "dist/types.js",
        "size": 1,
        "mode": 420
      },
      {
        "path": "evidence/react-ported-readiness.v1.json",
        "size": 7937,
        "mode": 420
      },
      {
        "path": "evidence/react-readiness.v1.json",
        "size": 63040,
        "mode": 420
      },
      {
        "path": "package.json",
        "size": 2095,
        "mode": 420
      }
    ],
    "entryCount": 26,
    "bundled": []
  }
]

[stderr]
npm warn Unknown project config "link-workspace-packages". This will stop working in the next major version of npm.

> @oods/components-react@0.1.0 prepack
> pnpm run build

Generated an empty chunk: "types".
Generated an empty chunk: "types".
