{
  "schemaVersion": "1.0.0",
  "mission": "s186-m04",
  "kind": "live-schema-workflow-clean-consumer-proof",
  "status": "passed",
  "selected": 16,
  "passed": 16,
  "notApplicable": 0,
  "applicable": 16,
  "failed": 0,
  "skipped": 0,
  "schemaCount": 1,
  "frameworkCount": 2,
  "cellCount": 2,
  "expectedCellCount": 2,
  "equalityRule": "Every selected immutable saved schema runs the eight named gates in React and Vue. Non-applicable interaction gates require schema-derived reasons, remain named, and are excluded from the applicable denominator; they never count as passed.",
  "generationPolicy": "code.generate is invoked live once per schema/framework cell and only that in-run artifact is consumed.",
  "consumerPolicy": "Consumers are outside the workspace, begin without node_modules, use empty npm configs, and install OODS packages only from exact tarballs produced by npm pack after each package prepack build.",
  "logPathPolicy": "Every gate log path is relative to this report artifact root, including paths repeated in nested cell reports.",
  "cells": [
    {
      "schema": "user-timeline-showcase",
      "schemaRef": "compose-4ad26895",
      "framework": "react",
      "status": "passed",
      "selected": 8,
      "passed": 8,
      "notApplicable": 0,
      "failed": 0,
      "skipped": 0,
      "gates": [
        {
          "name": "fresh-exact-tarball-install",
          "status": "passed",
          "logs": [
            "cells/user-timeline-showcase/react/logs/install.log",
            "cells/user-timeline-showcase/react/logs/isolation.log"
          ],
          "detail": {
            "localTarballCount": 4,
            "isolation": {
              "outsidePnpmWorkspace": true,
              "freshNodeModules": true,
              "emptyVerifierOwnedNpmConfiguration": true,
              "installScripts": false,
              "localPackagesFromBuiltTarballsOnly": true,
              "workspaceAliases": false,
              "workspaceSymlinks": false,
              "repositorySourceImports": false,
              "inheritedNodeModules": false,
              "allResolvedPathsOutsideRepository": true,
              "installed": [
                {
                  "name": "@oods/tokens",
                  "version": "0.1.0",
                  "consumerRelative": "node_modules/@oods/tokens"
                },
                {
                  "name": "@oods/component-contracts",
                  "version": "0.1.0",
                  "consumerRelative": "node_modules/@oods/component-contracts"
                },
                {
                  "name": "@oods/component-styles",
                  "version": "0.1.0",
                  "consumerRelative": "node_modules/@oods/component-styles"
                },
                {
                  "name": "@oods/components-react",
                  "version": "0.1.0",
                  "consumerRelative": "node_modules/@oods/components-react"
                }
              ]
            },
            "resolutions": [
              {
                "specifier": "@oods/component-styles/css",
                "consumerRelative": "node_modules/@oods/component-styles/dist/components.css"
              },
              {
                "specifier": "@oods/component-styles/css-ported",
                "consumerRelative": "node_modules/@oods/component-styles/dist/components-ported.css"
              },
              {
                "specifier": "@oods/components-react",
                "consumerRelative": "node_modules/@oods/components-react/dist/index.js"
              },
              {
                "specifier": "@oods/components-react/ported",
                "consumerRelative": "node_modules/@oods/components-react/dist/ported.js"
              },
              {
                "specifier": "react",
                "consumerRelative": "node_modules/react/index.js"
              },
              {
                "specifier": "react-dom/client",
                "consumerRelative": "node_modules/react-dom/client.js"
              },
              {
                "specifier": "react-dom/server",
                "consumerRelative": "node_modules/react-dom/server.node.js"
              },
              {
                "specifier": "vite",
                "consumerRelative": "node_modules/vite/dist/node/index.js"
              }
            ]
          }
        },
        {
          "name": "strict-typecheck",
          "status": "passed",
          "logs": [
            "cells/user-timeline-showcase/react/logs/typecheck.log"
          ],
          "detail": {
            "exitCode": 0
          }
        },
        {
          "name": "production-build",
          "status": "passed",
          "logs": [
            "cells/user-timeline-showcase/react/logs/production-build.log"
          ],
          "detail": {
            "exitCode": 0
          }
        },
        {
          "name": "server-render",
          "status": "passed",
          "logs": [
            "cells/user-timeline-showcase/react/logs/server-render-build.log",
            "cells/user-timeline-showcase/react/logs/server-render-render.log"
          ],
          "detail": {
            "bytes": 7749,
            "sha256": "sha256:02f36e10f12fddcce54b8763f426a389177900b107c1d843b1d0588e12925d11",
            "requiredSsrNodes": [
              {
                "nodeId": "screen-detail-13",
                "component": "Stack",
                "requiredInitially": true,
                "present": true,
                "passed": true
              },
              {
                "nodeId": "detail-header-1",
                "component": "Stack",
                "requiredInitially": true,
                "present": true,
                "passed": true
              },
              {
                "nodeId": "slot-header-2",
                "component": "Text",
                "requiredInitially": true,
                "present": true,
                "passed": true
              },
              {
                "nodeId": "detail-body-10",
                "component": "Card",
                "requiredInitially": true,
                "present": true,
                "passed": true
              },
              {
                "nodeId": "detail-tabs-9",
                "component": "Tabs",
                "requiredInitially": true,
                "present": true,
                "passed": true
              },
              {
                "nodeId": "detail-tab-panel-3",
                "component": "Stack",
                "requiredInitially": true,
                "present": true,
                "passed": true
              },
              {
                "nodeId": "slot-tab-0-4",
                "component": "StatusTimeline",
                "requiredInitially": true,
                "present": true,
                "passed": true
              },
              {
                "nodeId": "pg-status-timeline-31",
                "component": "Text",
                "requiredInitially": true,
                "present": true,
                "passed": true
              },
              {
                "nodeId": "pg-status-timeline-32",
                "component": "Text",
                "requiredInitially": true,
                "present": true,
                "passed": true
              },
              {
                "nodeId": "detail-tab-panel-5",
                "component": "Stack",
                "requiredInitially": false,
                "reason": "inactive initial Tabs panel detail-tab-panel-5 under detail-tabs-9",
                "present": false,
                "passed": true
              },
              {
                "nodeId": "slot-tab-1-6",
                "component": "AuditEvent",
                "requiredInitially": false,
                "reason": "inactive initial Tabs panel detail-tab-panel-5 under detail-tabs-9",
                "present": false,
                "passed": true
              },
              {
                "nodeId": "detail-tab-panel-7",
                "component": "Stack",
                "requiredInitially": false,
                "reason": "inactive initial Tabs panel detail-tab-panel-7 under detail-tabs-9",
                "present": false,
                "passed": true
              },
              {
                "nodeId": "slot-tab-2-8",
                "component": "AddressValidationTimeline",
                "requiredInitially": false,
                "reason": "inactive initial Tabs panel detail-tab-panel-7 under detail-tabs-9",
                "present": false,
                "passed": true
              },
              {
                "nodeId": "detail-tab-panel-14",
                "component": "Stack",
                "requiredInitially": false,
                "reason": "inactive initial Tabs panel detail-tab-panel-14 under detail-tabs-9",
                "present": false,
                "passed": true
              },
              {
                "nodeId": "slot-tab-3-15",
                "component": "PreferenceTimeline",
                "requiredInitially": false,
                "reason": "inactive initial Tabs panel detail-tab-panel-14 under detail-tabs-9",
                "present": false,
                "passed": true
              },
              {
                "nodeId": "detail-tab-panel-16",
                "component": "Stack",
                "requiredInitially": false,
                "reason": "inactive initial Tabs panel detail-tab-panel-16 under detail-tabs-9",
                "present": false,
                "passed": true
              },
              {
                "nodeId": "slot-tab-4-17",
                "component": "MembershipAuditTimeline",
                "requiredInitially": false,
                "reason": "inactive initial Tabs panel detail-tab-panel-16 under detail-tabs-9",
                "present": false,
                "passed": true
              },
              {
                "nodeId": "detail-tab-panel-18",
                "component": "Stack",
                "requiredInitially": false,
                "reason": "inactive initial Tabs panel detail-tab-panel-18 under detail-tabs-9",
                "present": false,
                "passed": true
              },
              {
                "nodeId": "slot-tab-5-19",
                "component": "MessageEventTimeline",
                "requiredInitially": false,
                "reason": "inactive initial Tabs panel detail-tab-panel-18 under detail-tabs-9",
                "present": false,
                "passed": true
              },
              {
                "nodeId": "detail-tab-panel-20",
                "component": "Stack",
                "requiredInitially": false,
                "reason": "inactive initial Tabs panel detail-tab-panel-20 under detail-tabs-9",
                "present": false,
                "passed": true
              },
              {
                "nodeId": "slot-tab-6-21",
                "component": "Stack",
                "requiredInitially": false,
                "reason": "inactive initial Tabs panel detail-tab-panel-20 under detail-tabs-9",
                "present": false,
                "passed": true
              },
              {
                "nodeId": "detail-tab-panel-22",
                "component": "Stack",
                "requiredInitially": false,
                "reason": "inactive initial Tabs panel detail-tab-panel-22 under detail-tabs-9",
                "present": false,
                "passed": true
              },
              {
                "nodeId": "slot-tab-7-23",
                "component": "Card",
                "requiredInitially": false,
                "reason": "inactive initial Tabs panel detail-tab-panel-22 under detail-tabs-9",
                "present": false,
                "passed": true
              },
              {
                "nodeId": "detail-meta-11",
                "component": "Stack",
                "requiredInitially": true,
                "present": true,
                "passed": true
              },
              {
                "nodeId": "slot-metadata-12",
                "component": "AuditTimeline",
                "requiredInitially": true,
                "present": true,
                "passed": true
              }
            ]
          }
        },
        {
          "name": "mount",
          "status": "passed",
          "logs": [
            "cells/user-timeline-showcase/react/logs/browser-proof.log"
          ],
          "detail": {
            "rootId": "screen-detail-13",
            "componentCounts": {
              "AuditTimeline": 1,
              "Card": 1,
              "Stack": 4,
              "StatusTimeline": 1,
              "Tabs": 1,
              "Text": 3
            },
            "mountedExpectedComponents": [
              "AuditTimeline",
              "Card",
              "Stack",
              "StatusTimeline",
              "Tabs",
              "Text"
            ],
            "generatedCoreComponents": [
              "AddressValidationTimeline",
              "AuditEvent",
              "Card",
              "MembershipAuditTimeline",
              "MessageEventTimeline",
              "PreferenceTimeline",
              "Stack",
              "Tabs",
              "Text"
            ],
            "generatedPortedComponents": [
              "AuditTimeline",
              "StatusTimeline"
            ],
            "labelVisibility": [],
            "requiredMounts": [
              {
                "nodeId": "screen-detail-13",
                "component": "Stack",
                "requiredInitially": true,
                "present": true,
                "passed": true
              },
              {
                "nodeId": "detail-header-1",
                "component": "Stack",
                "requiredInitially": true,
                "present": true,
                "passed": true
              },
              {
                "nodeId": "slot-header-2",
                "component": "Text",
                "requiredInitially": true,
                "present": true,
                "passed": true
              },
              {
                "nodeId": "detail-body-10",
                "component": "Card",
                "requiredInitially": true,
                "present": true,
                "passed": true
              },
              {
                "nodeId": "detail-tabs-9",
                "component": "Tabs",
                "requiredInitially": true,
                "present": true,
                "passed": true
              },
              {
                "nodeId": "detail-tab-panel-3",
                "component": "Stack",
                "requiredInitially": true,
                "present": true,
                "passed": true
              },
              {
                "nodeId": "slot-tab-0-4",
                "component": "StatusTimeline",
                "requiredInitially": true,
                "present": true,
                "passed": true
              },
              {
                "nodeId": "pg-status-timeline-31",
                "component": "Text",
                "requiredInitially": true,
                "present": true,
                "passed": true
              },
              {
                "nodeId": "pg-status-timeline-32",
                "component": "Text",
                "requiredInitially": true,
                "present": true,
                "passed": true
              },
              {
                "nodeId": "detail-tab-panel-5",
                "component": "Stack",
                "requiredInitially": false,
                "reason": "inactive initial Tabs panel detail-tab-panel-5 under detail-tabs-9",
                "present": false,
                "passed": true
              },
              {
                "nodeId": "slot-tab-1-6",
                "component": "AuditEvent",
                "requiredInitially": false,
                "reason": "inactive initial Tabs panel detail-tab-panel-5 under detail-tabs-9",
                "present": false,
                "passed": true
              },
              {
                "nodeId": "detail-tab-panel-7",
                "component": "Stack",
                "requiredInitially": false,
                "reason": "inactive initial Tabs panel detail-tab-panel-7 under detail-tabs-9",
                "present": false,
                "passed": true
              },
              {
                "nodeId": "slot-tab-2-8",
                "component": "AddressValidationTimeline",
                "requiredInitially": false,
                "reason": "inactive initial Tabs panel detail-tab-panel-7 under detail-tabs-9",
                "present": false,
                "passed": true
              },
              {
                "nodeId": "detail-tab-panel-14",
                "component": "Stack",
                "requiredInitially": false,
                "reason": "inactive initial Tabs panel detail-tab-panel-14 under detail-tabs-9",
                "present": false,
                "passed": true
              },
              {
                "nodeId": "slot-tab-3-15",
                "component": "PreferenceTimeline",
                "requiredInitially": false,
                "reason": "inactive initial Tabs panel detail-tab-panel-14 under detail-tabs-9",
                "present": false,
                "passed": true
              },
              {
                "nodeId": "detail-tab-panel-16",
                "component": "Stack",
                "requiredInitially": false,
                "reason": "inactive initial Tabs panel detail-tab-panel-16 under detail-tabs-9",
                "present": false,
                "passed": true
              },
              {
                "nodeId": "slot-tab-4-17",
                "component": "MembershipAuditTimeline",
                "requiredInitially": false,
                "reason": "inactive initial Tabs panel detail-tab-panel-16 under detail-tabs-9",
                "present": false,
                "passed": true
              },
              {
                "nodeId": "detail-tab-panel-18",
                "component": "Stack",
                "requiredInitially": false,
                "reason": "inactive initial Tabs panel detail-tab-panel-18 under detail-tabs-9",
                "present": false,
                "passed": true
              },
              {
                "nodeId": "slot-tab-5-19",
                "component": "MessageEventTimeline",
                "requiredInitially": false,
                "reason": "inactive initial Tabs panel detail-tab-panel-18 under detail-tabs-9",
                "present": false,
                "passed": true
              },
              {
                "nodeId": "detail-tab-panel-20",
                "component": "Stack",
                "requiredInitially": false,
                "reason": "inactive initial Tabs panel detail-tab-panel-20 under detail-tabs-9",
                "present": false,
                "passed": true
              },
              {
                "nodeId": "slot-tab-6-21",
                "component": "Stack",
                "requiredInitially": false,
                "reason": "inactive initial Tabs panel detail-tab-panel-20 under detail-tabs-9",
                "present": false,
                "passed": true
              },
              {
                "nodeId": "detail-tab-panel-22",
                "component": "Stack",
                "requiredInitially": false,
                "reason": "inactive initial Tabs panel detail-tab-panel-22 under detail-tabs-9",
                "present": false,
                "passed": true
              },
              {
                "nodeId": "slot-tab-7-23",
                "component": "Card",
                "requiredInitially": false,
                "reason": "inactive initial Tabs panel detail-tab-panel-22 under detail-tabs-9",
                "present": false,
                "passed": true
              },
              {
                "nodeId": "detail-meta-11",
                "component": "Stack",
                "requiredInitially": true,
                "present": true,
                "passed": true
              },
              {
                "nodeId": "slot-metadata-12",
                "component": "AuditTimeline",
                "requiredInitially": true,
                "present": true,
                "passed": true
              }
            ]
          }
        },
        {
          "name": "hydration",
          "status": "passed",
          "logs": [
            "cells/user-timeline-showcase/react/logs/browser-proof.log"
          ],
          "detail": {
            "hydrationInvariant": {
              "before": {
                "rootChildren": [
                  {
                    "tag": "DIV",
                    "id": "screen-detail-13",
                    "component": "Stack"
                  }
                ],
                "elements": [
                  {
                    "tag": "DIV",
                    "id": "screen-detail-13",
                    "component": "Stack",
                    "role": null,
                    "selected": null,
                    "hidden": false
                  },
                  {
                    "tag": "DIV",
                    "id": "detail-header-1",
                    "component": "Stack",
                    "role": null,
                    "selected": null,
                    "hidden": false
                  },
                  {
                    "tag": "SPAN",
                    "id": "slot-header-2",
                    "component": "Text",
                    "role": null,
                    "selected": null,
                    "hidden": false
                  },
                  {
                    "tag": "DIV",
                    "id": "detail-body-10",
                    "component": "Card",
                    "role": null,
                    "selected": null,
                    "hidden": false
                  },
                  {
                    "tag": "DIV",
                    "id": "detail-tabs-9",
                    "component": "Tabs",
                    "role": null,
                    "selected": null,
                    "hidden": false
                  },
                  {
                    "tag": "DIV",
                    "id": null,
                    "component": null,
                    "role": "tablist",
                    "selected": null,
                    "hidden": false
                  },
                  {
                    "tag": "BUTTON",
                    "id": "_R_6_-tab-detail-tab-panel-3",
                    "component": null,
                    "role": "tab",
                    "selected": "true",
                    "hidden": false
                  },
                  {
                    "tag": "BUTTON",
                    "id": "_R_6_-tab-detail-tab-panel-5",
                    "component": null,
                    "role": "tab",
                    "selected": "false",
                    "hidden": false
                  },
                  {
                    "tag": "BUTTON",
                    "id": "_R_6_-tab-detail-tab-panel-7",
                    "component": null,
                    "role": "tab",
                    "selected": "false",
                    "hidden": false
                  },
                  {
                    "tag": "BUTTON",
                    "id": "_R_6_-tab-detail-tab-panel-14",
                    "component": null,
                    "role": "tab",
                    "selected": "false",
                    "hidden": false
                  },
                  {
                    "tag": "BUTTON",
                    "id": "_R_6_-tab-detail-tab-panel-16",
                    "component": null,
                    "role": "tab",
                    "selected": "false",
                    "hidden": false
                  },
                  {
                    "tag": "BUTTON",
                    "id": "_R_6_-tab-detail-tab-panel-18",
                    "component": null,
                    "role": "tab",
                    "selected": "false",
                    "hidden": false
                  },
                  {
                    "tag": "BUTTON",
                    "id": "_R_6_-tab-detail-tab-panel-20",
                    "component": null,
                    "role": "tab",
                    "selected": "false",
                    "hidden": false
                  },
                  {
                    "tag": "BUTTON",
                    "id": "_R_6_-tab-detail-tab-panel-22",
                    "component": null,
                    "role": "tab",
                    "selected": "false",
                    "hidden": false
                  },
                  {
                    "tag": "DIV",
                    "id": "_R_6_-panel-detail-tab-panel-3",
                    "component": null,
                    "role": "tabpanel",
                    "selected": null,
                    "hidden": false
                  },
                  {
                    "tag": "DIV",
                    "id": "detail-tab-panel-3",
                    "component": "Stack",
                    "role": null,
                    "selected": null,
                    "hidden": false
                  },
                  {
                    "tag": "DIV",
                    "id": "slot-tab-0-4",
                    "component": "StatusTimeline",
                    "role": "log",
                    "selected": null,
                    "hidden": false
                  },
                  {
                    "tag": "SPAN",
                    "id": "pg-status-timeline-31",
                    "component": "Text",
                    "role": null,
                    "selected": null,
                    "hidden": false
                  },
                  {
                    "tag": "SPAN",
                    "id": "pg-status-timeline-32",
                    "component": "Text",
                    "role": null,
                    "selected": null,
                    "hidden": false
                  },
                  {
                    "tag": "DIV",
                    "id": "_R_6_-panel-detail-tab-panel-5",
                    "component": null,
                    "role": "tabpanel",
                    "selected": null,
                    "hidden": true
                  },
                  {
                    "tag": "DIV",
                    "id": "_R_6_-panel-detail-tab-panel-7",
                    "component": null,
                    "role": "tabpanel",
                    "selected": null,
                    "hidden": true
                  },
                  {
                    "tag": "DIV",
                    "id": "_R_6_-panel-detail-tab-panel-14",
                    "component": null,
                    "role": "tabpanel",
                    "selected": null,
                    "hidden": true
                  },
                  {
                    "tag": "DIV",
                    "id": "_R_6_-panel-detail-tab-panel-16",
                    "component": null,
                    "role": "tabpanel",
                    "selected": null,
                    "hidden": true
                  },
                  {
                    "tag": "DIV",
                    "id": "_R_6_-panel-detail-tab-panel-18",
                    "component": null,
                    "role": "tabpanel",
                    "selected": null,
                    "hidden": true
                  },
                  {
                    "tag": "DIV",
                    "id": "_R_6_-panel-detail-tab-panel-20",
                    "component": null,
                    "role": "tabpanel",
                    "selected": null,
                    "hidden": true
                  },
                  {
                    "tag": "DIV",
                    "id": "_R_6_-panel-detail-tab-panel-22",
                    "component": null,
                    "role": "tabpanel",
                    "selected": null,
                    "hidden": true
                  },
                  {
                    "tag": "DIV",
                    "id": "detail-meta-11",
                    "component": "Stack",
                    "role": null,
                    "selected": null,
                    "hidden": false
                  },
                  {
                    "tag": "DIV",
                    "id": "slot-metadata-12",
                    "component": "AuditTimeline",
                    "role": "log",
                    "selected": null,
                    "hidden": false
                  }
                ]
              },
              "after": {
                "rootChildren": [
                  {
                    "tag": "DIV",
                    "id": "screen-detail-13",
                    "component": "Stack"
                  }
                ],
                "elements": [
                  {
                    "tag": "DIV",
                    "id": "screen-detail-13",
                    "component": "Stack",
                    "role": null,
                    "selected": null,
                    "hidden": false
                  },
                  {
                    "tag": "DIV",
                    "id": "detail-header-1",
                    "component": "Stack",
                    "role": null,
                    "selected": null,
                    "hidden": false
                  },
                  {
                    "tag": "SPAN",
                    "id": "slot-header-2",
                    "component": "Text",
                    "role": null,
                    "selected": null,
                    "hidden": false
                  },
                  {
                    "tag": "DIV",
                    "id": "detail-body-10",
                    "component": "Card",
                    "role": null,
                    "selected": null,
                    "hidden": false
                  },
                  {
                    "tag": "DIV",
                    "id": "detail-tabs-9",
                    "component": "Tabs",
                    "role": null,
                    "selected": null,
                    "hidden": false
                  },
                  {
                    "tag": "DIV",
                    "id": null,
                    "component": null,
                    "role": "tablist",
                    "selected": null,
                    "hidden": false
                  },
                  {
                    "tag": "BUTTON",
                    "id": "_R_6_-tab-detail-tab-panel-3",
                    "component": null,
                    "role": "tab",
                    "selected": "true",
                    "hidden": false
                  },
                  {
                    "tag": "BUTTON",
                    "id": "_R_6_-tab-detail-tab-panel-5",
                    "component": null,
                    "role": "tab",
                    "selected": "false",
                    "hidden": false
                  },
                  {
                    "tag": "BUTTON",
                    "id": "_R_6_-tab-detail-tab-panel-7",
                    "component": null,
                    "role": "tab",
                    "selected": "false",
                    "hidden": false
                  },
                  {
                    "tag": "BUTTON",
                    "id": "_R_6_-tab-detail-tab-panel-14",
                    "component": null,
                    "role": "tab",
                    "selected": "false",
                    "hidden": false
                  },
                  {
                    "tag": "BUTTON",
                    "id": "_R_6_-tab-detail-tab-panel-16",
                    "component": null,
                    "role": "tab",
                    "selected": "false",
                    "hidden": false
                  },
                  {
                    "tag": "BUTTON",
                    "id": "_R_6_-tab-detail-tab-panel-18",
                    "component": null,
                    "role": "tab",
                    "selected": "false",
                    "hidden": false
                  },
                  {
                    "tag": "BUTTON",
                    "id": "_R_6_-tab-detail-tab-panel-20",
                    "component": null,
                    "role": "tab",
                    "selected": "false",
                    "hidden": false
                  },
                  {
                    "tag": "BUTTON",
                    "id": "_R_6_-tab-detail-tab-panel-22",
                    "component": null,
                    "role": "tab",
                    "selected": "false",
                    "hidden": false
                  },
                  {
                    "tag": "DIV",
                    "id": "_R_6_-panel-detail-tab-panel-3",
                    "component": null,
                    "role": "tabpanel",
                    "selected": null,
                    "hidden": false
                  },
                  {
                    "tag": "DIV",
                    "id": "detail-tab-panel-3",
                    "component": "Stack",
                    "role": null,
                    "selected": null,
                    "hidden": false
                  },
                  {
                    "tag": "DIV",
                    "id": "slot-tab-0-4",
                    "component": "StatusTimeline",
                    "role": "log",
                    "selected": null,
                    "hidden": false
                  },
                  {
                    "tag": "SPAN",
                    "id": "pg-status-timeline-31",
                    "component": "Text",
                    "role": null,
                    "selected": null,
                    "hidden": false
                  },
                  {
                    "tag": "SPAN",
                    "id": "pg-status-timeline-32",
                    "component": "Text",
                    "role": null,
                    "selected": null,
                    "hidden": false
                  },
                  {
                    "tag": "DIV",
                    "id": "_R_6_-panel-detail-tab-panel-5",
                    "component": null,
                    "role": "tabpanel",
                    "selected": null,
                    "hidden": true
                  },
                  {
                    "tag": "DIV",
                    "id": "_R_6_-panel-detail-tab-panel-7",
                    "component": null,
                    "role": "tabpanel",
                    "selected": null,
                    "hidden": true
                  },
                  {
                    "tag": "DIV",
                    "id": "_R_6_-panel-detail-tab-panel-14",
                    "component": null,
                    "role": "tabpanel",
                    "selected": null,
                    "hidden": true
                  },
                  {
                    "tag": "DIV",
                    "id": "_R_6_-panel-detail-tab-panel-16",
                    "component": null,
                    "role": "tabpanel",
                    "selected": null,
                    "hidden": true
                  },
                  {
                    "tag": "DIV",
                    "id": "_R_6_-panel-detail-tab-panel-18",
                    "component": null,
                    "role": "tabpanel",
                    "selected": null,
                    "hidden": true
                  },
                  {
                    "tag": "DIV",
                    "id": "_R_6_-panel-detail-tab-panel-20",
                    "component": null,
                    "role": "tabpanel",
                    "selected": null,
                    "hidden": true
                  },
                  {
                    "tag": "DIV",
                    "id": "_R_6_-panel-detail-tab-panel-22",
                    "component": null,
                    "role": "tabpanel",
                    "selected": null,
                    "hidden": true
                  },
                  {
                    "tag": "DIV",
                    "id": "detail-meta-11",
                    "component": "Stack",
                    "role": null,
                    "selected": null,
                    "hidden": false
                  },
                  {
                    "tag": "DIV",
                    "id": "slot-metadata-12",
                    "component": "AuditTimeline",
                    "role": "log",
                    "selected": null,
                    "hidden": false
                  }
                ]
              },
              "equal": true
            },
            "runtimeErrors": []
          }
        },
        {
          "name": "shared-css-resolution",
          "status": "passed",
          "logs": [
            "cells/user-timeline-showcase/react/logs/css-proof.log",
            "cells/user-timeline-showcase/react/logs/browser-proof.log"
          ],
          "detail": {
            "files": [
              "index-B9DM2aFG.css"
            ],
            "bytes": 314223,
            "sha256": "sha256:e3f7dc29119965cf68c52bbc715cf40c48c283c568963a02299956d37972716b",
            "core": true,
            "ported": true,
            "requiresPorted": true,
            "tokens": true,
            "browser": {
              "primaryTextToken": "oklch(0.92 0.02 92)",
              "canvasToken": "oklch(0.18 0.05 45)"
            }
          }
        },
        {
          "name": "interaction-evidence",
          "status": "passed",
          "logs": [
            "cells/user-timeline-showcase/react/logs/browser-proof.log",
            "cells/user-timeline-showcase/react/logs/source-ownership.log"
          ],
          "detail": {
            "interactionEvidence": {
              "kind": "tabs",
              "nodeId": "detail-tabs-9",
              "component": "Tabs",
              "selector": "[id=\"detail-tabs-9\"]",
              "status": "passed",
              "before": "_R_6_-tab-detail-tab-panel-3",
              "after": "_R_6_-tab-detail-tab-panel-5",
              "panelId": "_R_6_-panel-detail-tab-panel-5",
              "panelVisible": true,
              "selectedCount": 1
            },
            "selectorEvidence": [],
            "actionCounts": {},
            "actionArgs": {},
            "expectedArguments": {},
            "sourceOwnership": {
              "generatedFile": "src/GeneratedUI.tsx",
              "bindingMarkerCount": 0,
              "actionSelectors": [],
              "generatedOwnsEverySelector": true,
              "generatedForwardsEveryAction": true,
              "consumerEntryFiles": [
                "index.html",
                "src/consumer-data.ts",
                "src/consumer.css",
                "src/main.tsx",
                "src/ssr.tsx",
                "src/window.d.ts",
                "tsconfig.json",
                "vite.config.mjs"
              ],
              "selectorOccurrencesInConsumerEntries": 0,
              "consumerComponentDeclarations": [],
              "interaction": {
                "kind": "tabs",
                "nodeId": "detail-tabs-9",
                "component": "Tabs",
                "selector": "[id=\"detail-tabs-9\"]"
              },
              "generatedInteractionNodeOccurrences": 1
            }
          }
        }
      ],
      "accounting": {
        "totalGateCount": 8,
        "applicableGateCount": 8,
        "provenCount": 8,
        "notApplicableCount": 0,
        "notApplicable": [],
        "namedUnprovenCount": 0,
        "namedUnproven": [],
        "balanced": true
      },
      "generation": {
        "sourcePath": "live-generation/user-timeline-showcase/react/GeneratedUI.tsx",
        "sourceSha256": "sha256:15dc306b2b128d22297399f3c90701bd30f5ec68fc7fc1171fced2975e77e200",
        "artifactContentHash": "sha256:98f5dbe32fdae08d7a4e32c37a58a65993aa9f8849ab9be5d80d3d7a911aa173",
        "generationLog": "live-generation/user-timeline-showcase/react/generation.log",
        "fingerprint": {
          "handler": "code.generate",
          "invocation": "live-in-process",
          "profile": "build",
          "sourceOfArtifact": "current-in-run-output",
          "artifactContentHash": "sha256:98f5dbe32fdae08d7a4e32c37a58a65993aa9f8849ab9be5d80d3d7a911aa173",
          "generatedAt": "2026-09-06T16:48:09.953Z"
        }
      },
      "sourceOwnership": {
        "generatedFile": "src/GeneratedUI.tsx",
        "bindingMarkerCount": 0,
        "actionSelectors": [],
        "generatedOwnsEverySelector": true,
        "generatedForwardsEveryAction": true,
        "consumerEntryFiles": [
          "index.html",
          "src/consumer-data.ts",
          "src/consumer.css",
          "src/main.tsx",
          "src/ssr.tsx",
          "src/window.d.ts",
          "tsconfig.json",
          "vite.config.mjs"
        ],
        "selectorOccurrencesInConsumerEntries": 0,
        "consumerComponentDeclarations": [],
        "interaction": {
          "kind": "tabs",
          "nodeId": "detail-tabs-9",
          "component": "Tabs",
          "selector": "[id=\"detail-tabs-9\"]"
        },
        "generatedInteractionNodeOccurrences": 1
      },
      "report": "cells/user-timeline-showcase/react/report.json",
      "reportSha256": "sha256:f0bde6e25227608d3e9f8e1407eda529d41876afa80145cc815dda7831814199"
    },
    {
      "schema": "user-timeline-showcase",
      "schemaRef": "compose-4ad26895",
      "framework": "vue",
      "status": "passed",
      "selected": 8,
      "passed": 8,
      "notApplicable": 0,
      "failed": 0,
      "skipped": 0,
      "gates": [
        {
          "name": "fresh-exact-tarball-install",
          "status": "passed",
          "logs": [
            "cells/user-timeline-showcase/vue/logs/install.log",
            "cells/user-timeline-showcase/vue/logs/isolation.log"
          ],
          "detail": {
            "localTarballCount": 4,
            "isolation": {
              "outsidePnpmWorkspace": true,
              "freshNodeModules": true,
              "emptyVerifierOwnedNpmConfiguration": true,
              "installScripts": false,
              "localPackagesFromBuiltTarballsOnly": true,
              "workspaceAliases": false,
              "workspaceSymlinks": false,
              "repositorySourceImports": false,
              "inheritedNodeModules": false,
              "allResolvedPathsOutsideRepository": true,
              "installed": [
                {
                  "name": "@oods/tokens",
                  "version": "0.1.0",
                  "consumerRelative": "node_modules/@oods/tokens"
                },
                {
                  "name": "@oods/component-contracts",
                  "version": "0.1.0",
                  "consumerRelative": "node_modules/@oods/component-contracts"
                },
                {
                  "name": "@oods/component-styles",
                  "version": "0.1.0",
                  "consumerRelative": "node_modules/@oods/component-styles"
                },
                {
                  "name": "@oods/components-vue",
                  "version": "0.1.0",
                  "consumerRelative": "node_modules/@oods/components-vue"
                }
              ]
            },
            "resolutions": [
              {
                "specifier": "@oods/component-styles/css",
                "consumerRelative": "node_modules/@oods/component-styles/dist/components.css"
              },
              {
                "specifier": "@oods/component-styles/css-ported",
                "consumerRelative": "node_modules/@oods/component-styles/dist/components-ported.css"
              },
              {
                "specifier": "@oods/components-vue",
                "consumerRelative": "node_modules/@oods/components-vue/dist/index.js"
              },
              {
                "specifier": "@oods/components-vue/ported",
                "consumerRelative": "node_modules/@oods/components-vue/dist/ported.js"
              },
              {
                "specifier": "@vitejs/plugin-vue",
                "consumerRelative": "node_modules/@vitejs/plugin-vue/dist/index.mjs"
              },
              {
                "specifier": "@vue/server-renderer",
                "consumerRelative": "node_modules/@vue/server-renderer/index.js"
              },
              {
                "specifier": "vite",
                "consumerRelative": "node_modules/vite/dist/node/index.js"
              },
              {
                "specifier": "vue",
                "consumerRelative": "node_modules/vue/index.mjs"
              }
            ]
          }
        },
        {
          "name": "strict-typecheck",
          "status": "passed",
          "logs": [
            "cells/user-timeline-showcase/vue/logs/typecheck.log"
          ],
          "detail": {
            "exitCode": 0
          }
        },
        {
          "name": "production-build",
          "status": "passed",
          "logs": [
            "cells/user-timeline-showcase/vue/logs/production-build.log"
          ],
          "detail": {
            "exitCode": 0
          }
        },
        {
          "name": "server-render",
          "status": "passed",
          "logs": [
            "cells/user-timeline-showcase/vue/logs/server-render-build.log",
            "cells/user-timeline-showcase/vue/logs/server-render-render.log"
          ],
          "detail": {
            "bytes": 12046,
            "sha256": "sha256:7f51d5bd9fb941ace5979732166035a5790642b6fa9496088a72988c86cef2db",
            "requiredSsrNodes": [
              {
                "nodeId": "screen-detail-13",
                "component": "Stack",
                "requiredInitially": true,
                "present": true,
                "passed": true
              },
              {
                "nodeId": "detail-header-1",
                "component": "Stack",
                "requiredInitially": true,
                "present": true,
                "passed": true
              },
              {
                "nodeId": "slot-header-2",
                "component": "Text",
                "requiredInitially": true,
                "present": true,
                "passed": true
              },
              {
                "nodeId": "detail-body-10",
                "component": "Card",
                "requiredInitially": true,
                "present": true,
                "passed": true
              },
              {
                "nodeId": "detail-tabs-9",
                "component": "Tabs",
                "requiredInitially": true,
                "present": true,
                "passed": true
              },
              {
                "nodeId": "detail-tab-panel-3",
                "component": "Stack",
                "requiredInitially": true,
                "present": true,
                "passed": true
              },
              {
                "nodeId": "slot-tab-0-4",
                "component": "StatusTimeline",
                "requiredInitially": true,
                "present": true,
                "passed": true
              },
              {
                "nodeId": "pg-status-timeline-31",
                "component": "Text",
                "requiredInitially": true,
                "present": true,
                "passed": true
              },
              {
                "nodeId": "pg-status-timeline-32",
                "component": "Text",
                "requiredInitially": true,
                "present": true,
                "passed": true
              },
              {
                "nodeId": "detail-tab-panel-5",
                "component": "Stack",
                "requiredInitially": false,
                "reason": "inactive initial Tabs panel detail-tab-panel-5 under detail-tabs-9",
                "present": true,
                "passed": true
              },
              {
                "nodeId": "slot-tab-1-6",
                "component": "AuditEvent",
                "requiredInitially": false,
                "reason": "inactive initial Tabs panel detail-tab-panel-5 under detail-tabs-9",
                "present": true,
                "passed": true
              },
              {
                "nodeId": "detail-tab-panel-7",
                "component": "Stack",
                "requiredInitially": false,
                "reason": "inactive initial Tabs panel detail-tab-panel-7 under detail-tabs-9",
                "present": true,
                "passed": true
              },
              {
                "nodeId": "slot-tab-2-8",
                "component": "AddressValidationTimeline",
                "requiredInitially": false,
                "reason": "inactive initial Tabs panel detail-tab-panel-7 under detail-tabs-9",
                "present": true,
                "passed": true
              },
              {
                "nodeId": "detail-tab-panel-14",
                "component": "Stack",
                "requiredInitially": false,
                "reason": "inactive initial Tabs panel detail-tab-panel-14 under detail-tabs-9",
                "present": true,
                "passed": true
              },
              {
                "nodeId": "slot-tab-3-15",
                "component": "PreferenceTimeline",
                "requiredInitially": false,
                "reason": "inactive initial Tabs panel detail-tab-panel-14 under detail-tabs-9",
                "present": true,
                "passed": true
              },
              {
                "nodeId": "detail-tab-panel-16",
                "component": "Stack",
                "requiredInitially": false,
                "reason": "inactive initial Tabs panel detail-tab-panel-16 under detail-tabs-9",
                "present": true,
                "passed": true
              },
              {
                "nodeId": "slot-tab-4-17",
                "component": "MembershipAuditTimeline",
                "requiredInitially": false,
                "reason": "inactive initial Tabs panel detail-tab-panel-16 under detail-tabs-9",
                "present": true,
                "passed": true
              },
              {
                "nodeId": "detail-tab-panel-18",
                "component": "Stack",
                "requiredInitially": false,
                "reason": "inactive initial Tabs panel detail-tab-panel-18 under detail-tabs-9",
                "present": true,
                "passed": true
              },
              {
                "nodeId": "slot-tab-5-19",
                "component": "MessageEventTimeline",
                "requiredInitially": false,
                "reason": "inactive initial Tabs panel detail-tab-panel-18 under detail-tabs-9",
                "present": true,
                "passed": true
              },
              {
                "nodeId": "detail-tab-panel-20",
                "component": "Stack",
                "requiredInitially": false,
                "reason": "inactive initial Tabs panel detail-tab-panel-20 under detail-tabs-9",
                "present": true,
                "passed": true
              },
              {
                "nodeId": "slot-tab-6-21",
                "component": "Stack",
                "requiredInitially": false,
                "reason": "inactive initial Tabs panel detail-tab-panel-20 under detail-tabs-9",
                "present": true,
                "passed": true
              },
              {
                "nodeId": "detail-tab-panel-22",
                "component": "Stack",
                "requiredInitially": false,
                "reason": "inactive initial Tabs panel detail-tab-panel-22 under detail-tabs-9",
                "present": true,
                "passed": true
              },
              {
                "nodeId": "slot-tab-7-23",
                "component": "Card",
                "requiredInitially": false,
                "reason": "inactive initial Tabs panel detail-tab-panel-22 under detail-tabs-9",
                "present": true,
                "passed": true
              },
              {
                "nodeId": "detail-meta-11",
                "component": "Stack",
                "requiredInitially": true,
                "present": true,
                "passed": true
              },
              {
                "nodeId": "slot-metadata-12",
                "component": "AuditTimeline",
                "requiredInitially": true,
                "present": true,
                "passed": true
              }
            ]
          }
        },
        {
          "name": "mount",
          "status": "passed",
          "logs": [
            "cells/user-timeline-showcase/vue/logs/browser-proof.log"
          ],
          "detail": {
            "rootId": "screen-detail-13",
            "componentCounts": {
              "AddressValidationTimeline": 1,
              "AuditEvent": 1,
              "AuditTimeline": 1,
              "Card": 2,
              "MembershipAuditTimeline": 1,
              "MessageEventTimeline": 1,
              "PreferenceTimeline": 1,
              "Stack": 12,
              "StatusTimeline": 1,
              "Tabs": 1,
              "Text": 3
            },
            "mountedExpectedComponents": [
              "AddressValidationTimeline",
              "AuditEvent",
              "AuditTimeline",
              "Card",
              "MembershipAuditTimeline",
              "MessageEventTimeline",
              "PreferenceTimeline",
              "Stack",
              "StatusTimeline",
              "Tabs",
              "Text"
            ],
            "generatedCoreComponents": [
              "AddressValidationTimeline",
              "AuditEvent",
              "Card",
              "MembershipAuditTimeline",
              "MessageEventTimeline",
              "PreferenceTimeline",
              "Stack",
              "Tabs",
              "Text"
            ],
            "generatedPortedComponents": [
              "AuditTimeline",
              "StatusTimeline"
            ],
            "labelVisibility": [],
            "requiredMounts": [
              {
                "nodeId": "screen-detail-13",
                "component": "Stack",
                "requiredInitially": true,
                "present": true,
                "passed": true
              },
              {
                "nodeId": "detail-header-1",
                "component": "Stack",
                "requiredInitially": true,
                "present": true,
                "passed": true
              },
              {
                "nodeId": "slot-header-2",
                "component": "Text",
                "requiredInitially": true,
                "present": true,
                "passed": true
              },
              {
                "nodeId": "detail-body-10",
                "component": "Card",
                "requiredInitially": true,
                "present": true,
                "passed": true
              },
              {
                "nodeId": "detail-tabs-9",
                "component": "Tabs",
                "requiredInitially": true,
                "present": true,
                "passed": true
              },
              {
                "nodeId": "detail-tab-panel-3",
                "component": "Stack",
                "requiredInitially": true,
                "present": true,
                "passed": true
              },
              {
                "nodeId": "slot-tab-0-4",
                "component": "StatusTimeline",
                "requiredInitially": true,
                "present": true,
                "passed": true
              },
              {
                "nodeId": "pg-status-timeline-31",
                "component": "Text",
                "requiredInitially": true,
                "present": true,
                "passed": true
              },
              {
                "nodeId": "pg-status-timeline-32",
                "component": "Text",
                "requiredInitially": true,
                "present": true,
                "passed": true
              },
              {
                "nodeId": "detail-tab-panel-5",
                "component": "Stack",
                "requiredInitially": false,
                "reason": "inactive initial Tabs panel detail-tab-panel-5 under detail-tabs-9",
                "present": true,
                "passed": true
              },
              {
                "nodeId": "slot-tab-1-6",
                "component": "AuditEvent",
                "requiredInitially": false,
                "reason": "inactive initial Tabs panel detail-tab-panel-5 under detail-tabs-9",
                "present": true,
                "passed": true
              },
              {
                "nodeId": "detail-tab-panel-7",
                "component": "Stack",
                "requiredInitially": false,
                "reason": "inactive initial Tabs panel detail-tab-panel-7 under detail-tabs-9",
                "present": true,
                "passed": true
              },
              {
                "nodeId": "slot-tab-2-8",
                "component": "AddressValidationTimeline",
                "requiredInitially": false,
                "reason": "inactive initial Tabs panel detail-tab-panel-7 under detail-tabs-9",
                "present": true,
                "passed": true
              },
              {
                "nodeId": "detail-tab-panel-14",
                "component": "Stack",
                "requiredInitially": false,
                "reason": "inactive initial Tabs panel detail-tab-panel-14 under detail-tabs-9",
                "present": true,
                "passed": true
              },
              {
                "nodeId": "slot-tab-3-15",
                "component": "PreferenceTimeline",
                "requiredInitially": false,
                "reason": "inactive initial Tabs panel detail-tab-panel-14 under detail-tabs-9",
                "present": true,
                "passed": true
              },
              {
                "nodeId": "detail-tab-panel-16",
                "component": "Stack",
                "requiredInitially": false,
                "reason": "inactive initial Tabs panel detail-tab-panel-16 under detail-tabs-9",
                "present": true,
                "passed": true
              },
              {
                "nodeId": "slot-tab-4-17",
                "component": "MembershipAuditTimeline",
                "requiredInitially": false,
                "reason": "inactive initial Tabs panel detail-tab-panel-16 under detail-tabs-9",
                "present": true,
                "passed": true
              },
              {
                "nodeId": "detail-tab-panel-18",
                "component": "Stack",
                "requiredInitially": false,
                "reason": "inactive initial Tabs panel detail-tab-panel-18 under detail-tabs-9",
                "present": true,
                "passed": true
              },
              {
                "nodeId": "slot-tab-5-19",
                "component": "MessageEventTimeline",
                "requiredInitially": false,
                "reason": "inactive initial Tabs panel detail-tab-panel-18 under detail-tabs-9",
                "present": true,
                "passed": true
              },
              {
                "nodeId": "detail-tab-panel-20",
                "component": "Stack",
                "requiredInitially": false,
                "reason": "inactive initial Tabs panel detail-tab-panel-20 under detail-tabs-9",
                "present": true,
                "passed": true
              },
              {
                "nodeId": "slot-tab-6-21",
                "component": "Stack",
                "requiredInitially": false,
                "reason": "inactive initial Tabs panel detail-tab-panel-20 under detail-tabs-9",
                "present": true,
                "passed": true
              },
              {
                "nodeId": "detail-tab-panel-22",
                "component": "Stack",
                "requiredInitially": false,
                "reason": "inactive initial Tabs panel detail-tab-panel-22 under detail-tabs-9",
                "present": true,
                "passed": true
              },
              {
                "nodeId": "slot-tab-7-23",
                "component": "Card",
                "requiredInitially": false,
                "reason": "inactive initial Tabs panel detail-tab-panel-22 under detail-tabs-9",
                "present": true,
                "passed": true
              },
              {
                "nodeId": "detail-meta-11",
                "component": "Stack",
                "requiredInitially": true,
                "present": true,
                "passed": true
              },
              {
                "nodeId": "slot-metadata-12",
                "component": "AuditTimeline",
                "requiredInitially": true,
                "present": true,
                "passed": true
              }
            ]
          }
        },
        {
          "name": "hydration",
          "status": "passed",
          "logs": [
            "cells/user-timeline-showcase/vue/logs/browser-proof.log"
          ],
          "detail": {
            "hydrationInvariant": {
              "before": {
                "rootChildren": [
                  {
                    "tag": "DIV",
                    "id": "screen-detail-13",
                    "component": "Stack"
                  }
                ],
                "elements": [
                  {
                    "tag": "DIV",
                    "id": "screen-detail-13",
                    "component": "Stack",
                    "role": null,
                    "selected": null,
                    "hidden": false
                  },
                  {
                    "tag": "DIV",
                    "id": "detail-header-1",
                    "component": "Stack",
                    "role": null,
                    "selected": null,
                    "hidden": false
                  },
                  {
                    "tag": "SPAN",
                    "id": "slot-header-2",
                    "component": "Text",
                    "role": null,
                    "selected": null,
                    "hidden": false
                  },
                  {
                    "tag": "DIV",
                    "id": "detail-body-10",
                    "component": "Card",
                    "role": null,
                    "selected": null,
                    "hidden": false
                  },
                  {
                    "tag": "DIV",
                    "id": "detail-tabs-9",
                    "component": "Tabs",
                    "role": null,
                    "selected": null,
                    "hidden": false
                  },
                  {
                    "tag": "DIV",
                    "id": null,
                    "component": null,
                    "role": "tablist",
                    "selected": null,
                    "hidden": false
                  },
                  {
                    "tag": "BUTTON",
                    "id": "oods-v-0-tab-detail-tab-panel-3",
                    "component": null,
                    "role": "tab",
                    "selected": "true",
                    "hidden": false
                  },
                  {
                    "tag": "BUTTON",
                    "id": "oods-v-0-tab-detail-tab-panel-5",
                    "component": null,
                    "role": "tab",
                    "selected": "false",
                    "hidden": false
                  },
                  {
                    "tag": "BUTTON",
                    "id": "oods-v-0-tab-detail-tab-panel-7",
                    "component": null,
                    "role": "tab",
                    "selected": "false",
                    "hidden": false
                  },
                  {
                    "tag": "BUTTON",
                    "id": "oods-v-0-tab-detail-tab-panel-14",
                    "component": null,
                    "role": "tab",
                    "selected": "false",
                    "hidden": false
                  },
                  {
                    "tag": "BUTTON",
                    "id": "oods-v-0-tab-detail-tab-panel-16",
                    "component": null,
                    "role": "tab",
                    "selected": "false",
                    "hidden": false
                  },
                  {
                    "tag": "BUTTON",
                    "id": "oods-v-0-tab-detail-tab-panel-18",
                    "component": null,
                    "role": "tab",
                    "selected": "false",
                    "hidden": false
                  },
                  {
                    "tag": "BUTTON",
                    "id": "oods-v-0-tab-detail-tab-panel-20",
                    "component": null,
                    "role": "tab",
                    "selected": "false",
                    "hidden": false
                  },
                  {
                    "tag": "BUTTON",
                    "id": "oods-v-0-tab-detail-tab-panel-22",
                    "component": null,
                    "role": "tab",
                    "selected": "false",
                    "hidden": false
                  },
                  {
                    "tag": "DIV",
                    "id": "oods-v-0-panel-detail-tab-panel-3",
                    "component": null,
                    "role": "tabpanel",
                    "selected": null,
                    "hidden": false
                  },
                  {
                    "tag": "DIV",
                    "id": "detail-tab-panel-3",
                    "component": "Stack",
                    "role": null,
                    "selected": null,
                    "hidden": false
                  },
                  {
                    "tag": "DIV",
                    "id": "slot-tab-0-4",
                    "component": "StatusTimeline",
                    "role": "log",
                    "selected": null,
                    "hidden": false
                  },
                  {
                    "tag": "SPAN",
                    "id": "pg-status-timeline-31",
                    "component": "Text",
                    "role": null,
                    "selected": null,
                    "hidden": false
                  },
                  {
                    "tag": "SPAN",
                    "id": "pg-status-timeline-32",
                    "component": "Text",
                    "role": null,
                    "selected": null,
                    "hidden": false
                  },
                  {
                    "tag": "DIV",
                    "id": "oods-v-0-panel-detail-tab-panel-5",
                    "component": null,
                    "role": "tabpanel",
                    "selected": null,
                    "hidden": true
                  },
                  {
                    "tag": "DIV",
                    "id": "detail-tab-panel-5",
                    "component": "Stack",
                    "role": null,
                    "selected": null,
                    "hidden": false
                  },
                  {
                    "tag": "ARTICLE",
                    "id": "slot-tab-1-6",
                    "component": "AuditEvent",
                    "role": null,
                    "selected": null,
                    "hidden": false
                  },
                  {
                    "tag": "DIV",
                    "id": "oods-v-0-panel-detail-tab-panel-7",
                    "component": null,
                    "role": "tabpanel",
                    "selected": null,
                    "hidden": true
                  },
                  {
                    "tag": "DIV",
                    "id": "detail-tab-panel-7",
                    "component": "Stack",
                    "role": null,
                    "selected": null,
                    "hidden": false
                  },
                  {
                    "tag": "DIV",
                    "id": "slot-tab-2-8",
                    "component": "AddressValidationTimeline",
                    "role": "log",
                    "selected": null,
                    "hidden": false
                  },
                  {
                    "tag": "DIV",
                    "id": "oods-v-0-panel-detail-tab-panel-14",
                    "component": null,
                    "role": "tabpanel",
                    "selected": null,
                    "hidden": true
                  },
                  {
                    "tag": "DIV",
                    "id": "detail-tab-panel-14",
                    "component": "Stack",
                    "role": null,
                    "selected": null,
                    "hidden": false
                  },
                  {
                    "tag": "DIV",
                    "id": "slot-tab-3-15",
                    "component": "PreferenceTimeline",
                    "role": "log",
                    "selected": null,
                    "hidden": false
                  },
                  {
                    "tag": "DIV",
                    "id": "oods-v-0-panel-detail-tab-panel-16",
                    "component": null,
                    "role": "tabpanel",
                    "selected": null,
                    "hidden": true
                  },
                  {
                    "tag": "DIV",
                    "id": "detail-tab-panel-16",
                    "component": "Stack",
                    "role": null,
                    "selected": null,
                    "hidden": false
                  },
                  {
                    "tag": "DIV",
                    "id": "slot-tab-4-17",
                    "component": "MembershipAuditTimeline",
                    "role": "log",
                    "selected": null,
                    "hidden": false
                  },
                  {
                    "tag": "DIV",
                    "id": "oods-v-0-panel-detail-tab-panel-18",
                    "component": null,
                    "role": "tabpanel",
                    "selected": null,
                    "hidden": true
                  },
                  {
                    "tag": "DIV",
                    "id": "detail-tab-panel-18",
                    "component": "Stack",
                    "role": null,
                    "selected": null,
                    "hidden": false
                  },
                  {
                    "tag": "DIV",
                    "id": "slot-tab-5-19",
                    "component": "MessageEventTimeline",
                    "role": "log",
                    "selected": null,
                    "hidden": false
                  },
                  {
                    "tag": "DIV",
                    "id": "oods-v-0-panel-detail-tab-panel-20",
                    "component": null,
                    "role": "tabpanel",
                    "selected": null,
                    "hidden": true
                  },
                  {
                    "tag": "DIV",
                    "id": "detail-tab-panel-20",
                    "component": "Stack",
                    "role": null,
                    "selected": null,
                    "hidden": false
                  },
                  {
                    "tag": "DIV",
                    "id": "slot-tab-6-21",
                    "component": "Stack",
                    "role": null,
                    "selected": null,
                    "hidden": false
                  },
                  {
                    "tag": "DIV",
                    "id": "oods-v-0-panel-detail-tab-panel-22",
                    "component": null,
                    "role": "tabpanel",
                    "selected": null,
                    "hidden": true
                  },
                  {
                    "tag": "DIV",
                    "id": "detail-tab-panel-22",
                    "component": "Stack",
                    "role": null,
                    "selected": null,
                    "hidden": false
                  },
                  {
                    "tag": "DIV",
                    "id": "slot-tab-7-23",
                    "component": "Card",
                    "role": null,
                    "selected": null,
                    "hidden": false
                  },
                  {
                    "tag": "DIV",
                    "id": "detail-meta-11",
                    "component": "Stack",
                    "role": null,
                    "selected": null,
                    "hidden": false
                  },
                  {
                    "tag": "DIV",
                    "id": "slot-metadata-12",
                    "component": "AuditTimeline",
                    "role": "log",
                    "selected": null,
                    "hidden": false
                  }
                ]
              },
              "after": {
                "rootChildren": [
                  {
                    "tag": "DIV",
                    "id": "screen-detail-13",
                    "component": "Stack"
                  }
                ],
                "elements": [
                  {
                    "tag": "DIV",
                    "id": "screen-detail-13",
                    "component": "Stack",
                    "role": null,
                    "selected": null,
                    "hidden": false
                  },
                  {
                    "tag": "DIV",
                    "id": "detail-header-1",
                    "component": "Stack",
                    "role": null,
                    "selected": null,
                    "hidden": false
                  },
                  {
                    "tag": "SPAN",
                    "id": "slot-header-2",
                    "component": "Text",
                    "role": null,
                    "selected": null,
                    "hidden": false
                  },
                  {
                    "tag": "DIV",
                    "id": "detail-body-10",
                    "component": "Card",
                    "role": null,
                    "selected": null,
                    "hidden": false
                  },
                  {
                    "tag": "DIV",
                    "id": "detail-tabs-9",
                    "component": "Tabs",
                    "role": null,
                    "selected": null,
                    "hidden": false
                  },
                  {
                    "tag": "DIV",
                    "id": null,
                    "component": null,
                    "role": "tablist",
                    "selected": null,
                    "hidden": false
                  },
                  {
                    "tag": "BUTTON",
                    "id": "oods-v-0-tab-detail-tab-panel-3",
                    "component": null,
                    "role": "tab",
                    "selected": "true",
                    "hidden": false
                  },
                  {
                    "tag": "BUTTON",
                    "id": "oods-v-0-tab-detail-tab-panel-5",
                    "component": null,
                    "role": "tab",
                    "selected": "false",
                    "hidden": false
                  },
                  {
                    "tag": "BUTTON",
                    "id": "oods-v-0-tab-detail-tab-panel-7",
                    "component": null,
                    "role": "tab",
                    "selected": "false",
                    "hidden": false
                  },
                  {
                    "tag": "BUTTON",
                    "id": "oods-v-0-tab-detail-tab-panel-14",
                    "component": null,
                    "role": "tab",
                    "selected": "false",
                    "hidden": false
                  },
                  {
                    "tag": "BUTTON",
                    "id": "oods-v-0-tab-detail-tab-panel-16",
                    "component": null,
                    "role": "tab",
                    "selected": "false",
                    "hidden": false
                  },
                  {
                    "tag": "BUTTON",
                    "id": "oods-v-0-tab-detail-tab-panel-18",
                    "component": null,
                    "role": "tab",
                    "selected": "false",
                    "hidden": false
                  },
                  {
                    "tag": "BUTTON",
                    "id": "oods-v-0-tab-detail-tab-panel-20",
                    "component": null,
                    "role": "tab",
                    "selected": "false",
                    "hidden": false
                  },
                  {
                    "tag": "BUTTON",
                    "id": "oods-v-0-tab-detail-tab-panel-22",
                    "component": null,
                    "role": "tab",
                    "selected": "false",
                    "hidden": false
                  },
                  {
                    "tag": "DIV",
                    "id": "oods-v-0-panel-detail-tab-panel-3",
                    "component": null,
                    "role": "tabpanel",
                    "selected": null,
                    "hidden": false
                  },
                  {
                    "tag": "DIV",
                    "id": "detail-tab-panel-3",
                    "component": "Stack",
                    "role": null,
                    "selected": null,
                    "hidden": false
                  },
                  {
                    "tag": "DIV",
                    "id": "slot-tab-0-4",
                    "component": "StatusTimeline",
                    "role": "log",
                    "selected": null,
                    "hidden": false
                  },
                  {
                    "tag": "SPAN",
                    "id": "pg-status-timeline-31",
                    "component": "Text",
                    "role": null,
                    "selected": null,
                    "hidden": false
                  },
                  {
                    "tag": "SPAN",
                    "id": "pg-status-timeline-32",
                    "component": "Text",
                    "role": null,
                    "selected": null,
                    "hidden": false
                  },
                  {
                    "tag": "DIV",
                    "id": "oods-v-0-panel-detail-tab-panel-5",
                    "component": null,
                    "role": "tabpanel",
                    "selected": null,
                    "hidden": true
                  },
                  {
                    "tag": "DIV",
                    "id": "detail-tab-panel-5",
                    "component": "Stack",
                    "role": null,
                    "selected": null,
                    "hidden": false
                  },
                  {
                    "tag": "ARTICLE",
                    "id": "slot-tab-1-6",
                    "component": "AuditEvent",
                    "role": null,
                    "selected": null,
                    "hidden": false
                  },
                  {
                    "tag": "DIV",
                    "id": "oods-v-0-panel-detail-tab-panel-7",
                    "component": null,
                    "role": "tabpanel",
                    "selected": null,
                    "hidden": true
                  },
                  {
                    "tag": "DIV",
                    "id": "detail-tab-panel-7",
                    "component": "Stack",
                    "role": null,
                    "selected": null,
                    "hidden": false
                  },
                  {
                    "tag": "DIV",
                    "id": "slot-tab-2-8",
                    "component": "AddressValidationTimeline",
                    "role": "log",
                    "selected": null,
                    "hidden": false
                  },
                  {
                    "tag": "DIV",
                    "id": "oods-v-0-panel-detail-tab-panel-14",
                    "component": null,
                    "role": "tabpanel",
                    "selected": null,
                    "hidden": true
                  },
                  {
                    "tag": "DIV",
                    "id": "detail-tab-panel-14",
                    "component": "Stack",
                    "role": null,
                    "selected": null,
                    "hidden": false
                  },
                  {
                    "tag": "DIV",
                    "id": "slot-tab-3-15",
                    "component": "PreferenceTimeline",
                    "role": "log",
                    "selected": null,
                    "hidden": false
                  },
                  {
                    "tag": "DIV",
                    "id": "oods-v-0-panel-detail-tab-panel-16",
                    "component": null,
                    "role": "tabpanel",
                    "selected": null,
                    "hidden": true
                  },
                  {
                    "tag": "DIV",
                    "id": "detail-tab-panel-16",
                    "component": "Stack",
                    "role": null,
                    "selected": null,
                    "hidden": false
                  },
                  {
                    "tag": "DIV",
                    "id": "slot-tab-4-17",
                    "component": "MembershipAuditTimeline",
                    "role": "log",
                    "selected": null,
                    "hidden": false
                  },
                  {
                    "tag": "DIV",
                    "id": "oods-v-0-panel-detail-tab-panel-18",
                    "component": null,
                    "role": "tabpanel",
                    "selected": null,
                    "hidden": true
                  },
                  {
                    "tag": "DIV",
                    "id": "detail-tab-panel-18",
                    "component": "Stack",
                    "role": null,
                    "selected": null,
                    "hidden": false
                  },
                  {
                    "tag": "DIV",
                    "id": "slot-tab-5-19",
                    "component": "MessageEventTimeline",
                    "role": "log",
                    "selected": null,
                    "hidden": false
                  },
                  {
                    "tag": "DIV",
                    "id": "oods-v-0-panel-detail-tab-panel-20",
                    "component": null,
                    "role": "tabpanel",
                    "selected": null,
                    "hidden": true
                  },
                  {
                    "tag": "DIV",
                    "id": "detail-tab-panel-20",
                    "component": "Stack",
                    "role": null,
                    "selected": null,
                    "hidden": false
                  },
                  {
                    "tag": "DIV",
                    "id": "slot-tab-6-21",
                    "component": "Stack",
                    "role": null,
                    "selected": null,
                    "hidden": false
                  },
                  {
                    "tag": "DIV",
                    "id": "oods-v-0-panel-detail-tab-panel-22",
                    "component": null,
                    "role": "tabpanel",
                    "selected": null,
                    "hidden": true
                  },
                  {
                    "tag": "DIV",
                    "id": "detail-tab-panel-22",
                    "component": "Stack",
                    "role": null,
                    "selected": null,
                    "hidden": false
                  },
                  {
                    "tag": "DIV",
                    "id": "slot-tab-7-23",
                    "component": "Card",
                    "role": null,
                    "selected": null,
                    "hidden": false
                  },
                  {
                    "tag": "DIV",
                    "id": "detail-meta-11",
                    "component": "Stack",
                    "role": null,
                    "selected": null,
                    "hidden": false
                  },
                  {
                    "tag": "DIV",
                    "id": "slot-metadata-12",
                    "component": "AuditTimeline",
                    "role": "log",
                    "selected": null,
                    "hidden": false
                  }
                ]
              },
              "equal": true
            },
            "runtimeErrors": []
          }
        },
        {
          "name": "shared-css-resolution",
          "status": "passed",
          "logs": [
            "cells/user-timeline-showcase/vue/logs/css-proof.log",
            "cells/user-timeline-showcase/vue/logs/browser-proof.log"
          ],
          "detail": {
            "files": [
              "index-Dw5r4yAP.css"
            ],
            "bytes": 314335,
            "sha256": "sha256:9867a82f5a81708f1a7d31c7120003756f9fafc5bd495b9fb58b6c20b1fc62b2",
            "core": true,
            "ported": true,
            "requiresPorted": true,
            "tokens": true,
            "browser": {
              "primaryTextToken": "oklch(0.92 0.02 92)",
              "canvasToken": "oklch(0.18 0.05 45)"
            }
          }
        },
        {
          "name": "interaction-evidence",
          "status": "passed",
          "logs": [
            "cells/user-timeline-showcase/vue/logs/browser-proof.log",
            "cells/user-timeline-showcase/vue/logs/source-ownership.log"
          ],
          "detail": {
            "interactionEvidence": {
              "kind": "tabs",
              "nodeId": "detail-tabs-9",
              "component": "Tabs",
              "selector": "[id=\"detail-tabs-9\"]",
              "status": "passed",
              "before": "oods-v-0-tab-detail-tab-panel-3",
              "after": "oods-v-0-tab-detail-tab-panel-5",
              "panelId": "oods-v-0-panel-detail-tab-panel-5",
              "panelVisible": true,
              "selectedCount": 1
            },
            "selectorEvidence": [],
            "actionCounts": {},
            "actionArgs": {},
            "expectedArguments": {},
            "sourceOwnership": {
              "generatedFile": "src/GeneratedUI.vue",
              "bindingMarkerCount": 0,
              "actionSelectors": [],
              "generatedOwnsEverySelector": true,
              "generatedForwardsEveryAction": true,
              "consumerEntryFiles": [
                "index.html",
                "src/consumer-data.ts",
                "src/consumer.css",
                "src/main.ts",
                "src/ssr.ts",
                "src/window.d.ts",
                "tsconfig.json",
                "vite.config.mjs"
              ],
              "selectorOccurrencesInConsumerEntries": 0,
              "consumerComponentDeclarations": [],
              "interaction": {
                "kind": "tabs",
                "nodeId": "detail-tabs-9",
                "component": "Tabs",
                "selector": "[id=\"detail-tabs-9\"]"
              },
              "generatedInteractionNodeOccurrences": 1
            }
          }
        }
      ],
      "accounting": {
        "totalGateCount": 8,
        "applicableGateCount": 8,
        "provenCount": 8,
        "notApplicableCount": 0,
        "notApplicable": [],
        "namedUnprovenCount": 0,
        "namedUnproven": [],
        "balanced": true
      },
      "generation": {
        "sourcePath": "live-generation/user-timeline-showcase/vue/GeneratedUI.vue",
        "sourceSha256": "sha256:81be48b7c35d85de4551a9661a37b122102473a06bf0609aa91c6f204214a044",
        "artifactContentHash": "sha256:0d12f9a96400c59ace1a9b0e23e635f79774d2829fe8c73abc6aa49582a028e1",
        "generationLog": "live-generation/user-timeline-showcase/vue/generation.log",
        "fingerprint": {
          "handler": "code.generate",
          "invocation": "live-in-process",
          "profile": "build",
          "sourceOfArtifact": "current-in-run-output",
          "artifactContentHash": "sha256:0d12f9a96400c59ace1a9b0e23e635f79774d2829fe8c73abc6aa49582a028e1",
          "generatedAt": "2026-09-06T16:48:09.976Z"
        }
      },
      "sourceOwnership": {
        "generatedFile": "src/GeneratedUI.vue",
        "bindingMarkerCount": 0,
        "actionSelectors": [],
        "generatedOwnsEverySelector": true,
        "generatedForwardsEveryAction": true,
        "consumerEntryFiles": [
          "index.html",
          "src/consumer-data.ts",
          "src/consumer.css",
          "src/main.ts",
          "src/ssr.ts",
          "src/window.d.ts",
          "tsconfig.json",
          "vite.config.mjs"
        ],
        "selectorOccurrencesInConsumerEntries": 0,
        "consumerComponentDeclarations": [],
        "interaction": {
          "kind": "tabs",
          "nodeId": "detail-tabs-9",
          "component": "Tabs",
          "selector": "[id=\"detail-tabs-9\"]"
        },
        "generatedInteractionNodeOccurrences": 1
      },
      "report": "cells/user-timeline-showcase/vue/report.json",
      "reportSha256": "sha256:6701a47fcd2307323be984190a2a000f10f20a20c2ee498862bddf461ef91506"
    }
  ]
}
