$ pnpm --filter @oods/components-vue run build && pnpm --filter @oods/components-vue exec vitest run test/interactions.spec.ts -t 'B-10 moves Vue Tabs selection and focus with ArrowRight'
exitCode=0
signal=

[stdout]

> @oods/components-vue@0.1.0 build /private<disposable-checkout>/packages/components-vue
> rimraf dist && tsup --config tsup.config.ts

CLI Building entry: src/index.ts
CLI Using tsconfig: tsconfig.json
CLI tsup v8.5.0
CLI Using tsup config: /private<disposable-checkout>/packages/components-vue/tsup.config.ts
CLI Target: es2022
CLI Cleaning output folder
ESM Build start
CJS Build start
ESM dist/index.js 28.98 KB
ESM ⚡️ Build success in 74ms
CJS dist/index.cjs 29.66 KB
CJS ⚡️ Build success in 74ms
DTS Build start
DTS ⚡️ Build success in 1383ms
DTS dist/index.d.ts  23.98 KB
DTS dist/index.d.cts 23.98 KB

 RUN  v3.2.4 /private<disposable-checkout>/packages/components-vue

 ✓ test/interactions.spec.ts (7 tests | 6 skipped) 21ms

 Test Files  1 passed (1)
      Tests  1 passed | 6 skipped (7)
   Start at  05:10:19
   Duration  656ms (transform 51ms, setup 0ms, collect 104ms, tests 21ms, environment 235ms, prepare 71ms)


[stderr]
