{
  "total": 16,
  "reachable": 14,
  "generatedCells": 28,
  "blocked": [
    {
      "schema": "user-form-showcase",
      "cells": [
        {
          "framework": "react",
          "status": "error",
          "issues": [
            {
              "code": "OODS-N015",
              "nodeId": "ve-title-26",
              "message": "Component StatusSelector is not emission-eligible for react; evidence state: unavailable."
            },
            {
              "code": "OODS-N015",
              "nodeId": "ve-title-27",
              "message": "Component TagInput is not emission-eligible for react; evidence state: implemented-unverified."
            },
            {
              "code": "OODS-N015",
              "nodeId": "ve-title-28",
              "message": "Component AddressEditor is not emission-eligible for react; evidence state: unavailable."
            },
            {
              "code": "OODS-N015",
              "nodeId": "ve-field-0-29",
              "message": "Component PreferenceEditor is not emission-eligible for react; evidence state: unavailable."
            },
            {
              "code": "OODS-N015",
              "nodeId": "ve-field-0-30",
              "message": "Component RoleAssignmentForm is not emission-eligible for react; evidence state: unavailable."
            },
            {
              "code": "OODS-N015",
              "nodeId": "ve-field-0-31",
              "message": "Component TemplatePicker is not emission-eligible for react; evidence state: unavailable."
            }
          ]
        },
        {
          "framework": "vue",
          "status": "error",
          "issues": [
            {
              "code": "OODS-N015",
              "nodeId": "ve-title-26",
              "message": "Component StatusSelector is not emission-eligible for vue; evidence state: unavailable."
            },
            {
              "code": "OODS-N015",
              "nodeId": "ve-title-27",
              "message": "Component TagInput is not emission-eligible for vue; evidence state: unavailable."
            },
            {
              "code": "OODS-N015",
              "nodeId": "ve-title-28",
              "message": "Component AddressEditor is not emission-eligible for vue; evidence state: unavailable."
            },
            {
              "code": "OODS-N015",
              "nodeId": "ve-field-0-29",
              "message": "Component PreferenceEditor is not emission-eligible for vue; evidence state: unavailable."
            },
            {
              "code": "OODS-N015",
              "nodeId": "ve-field-0-30",
              "message": "Component RoleAssignmentForm is not emission-eligible for vue; evidence state: unavailable."
            },
            {
              "code": "OODS-N015",
              "nodeId": "ve-field-0-31",
              "message": "Component TemplatePicker is not emission-eligible for vue; evidence state: unavailable."
            }
          ]
        }
      ]
    },
    {
      "schema": "user-timeline-showcase",
      "cells": [
        {
          "framework": "react",
          "status": "error",
          "issues": [
            {
              "code": "OODS-N015",
              "nodeId": "slot-tab-1-6",
              "message": "Component AuditEvent is not emission-eligible for react; evidence state: unavailable."
            },
            {
              "code": "OODS-N015",
              "nodeId": "slot-tab-2-8",
              "message": "Component AddressValidationTimeline is not emission-eligible for react; evidence state: unavailable."
            },
            {
              "code": "OODS-N015",
              "nodeId": "slot-tab-3-15",
              "message": "Component PreferenceTimeline is not emission-eligible for react; evidence state: unavailable."
            },
            {
              "code": "OODS-N015",
              "nodeId": "slot-tab-4-17",
              "message": "Component MembershipAuditTimeline is not emission-eligible for react; evidence state: unavailable."
            },
            {
              "code": "OODS-N015",
              "nodeId": "slot-tab-5-19",
              "message": "Component MessageEventTimeline is not emission-eligible for react; evidence state: unavailable."
            }
          ]
        },
        {
          "framework": "vue",
          "status": "error",
          "issues": [
            {
              "code": "OODS-N015",
              "nodeId": "slot-tab-1-6",
              "message": "Component AuditEvent is not emission-eligible for vue; evidence state: unavailable."
            },
            {
              "code": "OODS-N015",
              "nodeId": "slot-tab-2-8",
              "message": "Component AddressValidationTimeline is not emission-eligible for vue; evidence state: unavailable."
            },
            {
              "code": "OODS-N015",
              "nodeId": "slot-tab-3-15",
              "message": "Component PreferenceTimeline is not emission-eligible for vue; evidence state: unavailable."
            },
            {
              "code": "OODS-N015",
              "nodeId": "slot-tab-4-17",
              "message": "Component MembershipAuditTimeline is not emission-eligible for vue; evidence state: unavailable."
            },
            {
              "code": "OODS-N015",
              "nodeId": "slot-tab-5-19",
              "message": "Component MessageEventTimeline is not emission-eligible for vue; evidence state: unavailable."
            }
          ]
        }
      ]
    }
  ]
}
census exit=0
