$ npm pack <repository-root>/packages/components-vue --json --pack-destination <repository-root>/artifacts/product-reality/sprint-184/m04/packed-consumers/submitted-packages/tarballs
exitCode=0
signal=

[stdout]

> @oods/components-vue@0.1.0 build <repository-root>/packages/components-vue
> rimraf dist && tsup --config tsup.config.ts && tsup --config tsup.ported.config.ts

CLI Building entry: src/index.ts
CLI Using tsconfig: tsconfig.json
CLI tsup v8.5.0
CLI Using tsup config: <repository-root>/packages/components-vue/tsup.config.ts
CLI Target: es2022
CLI Cleaning output folder
ESM Build start
CJS Build start
CJS dist/index.cjs 29.93 KB
CJS ⚡️ Build success in 73ms
ESM dist/index.js 29.25 KB
ESM ⚡️ Build success in 73ms
DTS Build start
DTS ⚡️ Build success in 1222ms
DTS dist/index.d.ts  24.11 KB
DTS dist/index.d.cts 24.11 KB
CLI Building entry: src/ported.ts
CLI Using tsconfig: tsconfig.json
CLI tsup v8.5.0
CLI Using tsup config: <repository-root>/packages/components-vue/tsup.ported.config.ts
CLI Target: es2022
ESM Build start
CJS Build start
ESM dist/ported.js 34.75 KB
ESM ⚡️ Build success in 73ms
CJS dist/ported.cjs 35.21 KB
CJS ⚡️ Build success in 73ms
DTS Build start
DTS ⚡️ Build success in 1190ms
DTS dist/ported.d.ts  20.67 KB
DTS dist/ported.d.cts 20.67 KB
[
  {
    "id": "@oods/components-vue@0.1.0",
    "name": "@oods/components-vue",
    "version": "0.1.0",
    "size": 34482,
    "unpackedSize": 246711,
    "shasum": "843b0b017df87a1af00a8f895aac896f0665cef1",
    "integrity": "sha512-KAMuyvA39FIfrJnlVUZRZYsGE2btty/94gOuEoV70hxFlWmvDrvtVDINlXaAFn/nawY2wdAYSSSaDGXiKo9yGA==",
    "filename": "oods-components-vue-0.1.0.tgz",
    "files": [
      {
        "path": "dist/index.cjs",
        "size": 30647,
        "mode": 420
      },
      {
        "path": "dist/index.d.cts",
        "size": 24686,
        "mode": 420
      },
      {
        "path": "dist/index.d.ts",
        "size": 24686,
        "mode": 420
      },
      {
        "path": "dist/index.js",
        "size": 29952,
        "mode": 420
      },
      {
        "path": "dist/ported.cjs",
        "size": 36053,
        "mode": 420
      },
      {
        "path": "dist/ported.d.cts",
        "size": 21165,
        "mode": 420
      },
      {
        "path": "dist/ported.d.ts",
        "size": 21165,
        "mode": 420
      },
      {
        "path": "dist/ported.js",
        "size": 35588,
        "mode": 420
      },
      {
        "path": "evidence/vue-readiness-ported.v1.json",
        "size": 7829,
        "mode": 420
      },
      {
        "path": "evidence/vue-readiness.v1.json",
        "size": 13127,
        "mode": 420
      },
      {
        "path": "package.json",
        "size": 1813,
        "mode": 420
      }
    ],
    "entryCount": 11,
    "bundled": []
  }
]

[stderr]
npm warn Unknown project config "link-workspace-packages". This will stop working in the next major version of npm.

> @oods/components-vue@0.1.0 prepack
> pnpm run build
