{
  "framework": "react",
  "schema": "fresh-Organization-card",
  "boundValues": [
    {
      "nodeId": "ve-footer-10",
      "field": "owner_type",
      "kind": "family-text",
      "selector": "[data-meta-item]:nth-of-type(2)",
      "expected": "Owner Type: Consumer owner type",
      "editable": false,
      "actual": "Owner Type: Consumer owner type",
      "visible": true,
      "passed": true
    },
    {
      "nodeId": "ve-footer-10",
      "field": "ownership_role",
      "kind": "family-text",
      "selector": "[data-meta-item]:nth-of-type(3)",
      "expected": "Role: Consumer ownership role",
      "editable": false,
      "actual": "Role: Consumer ownership role",
      "visible": true,
      "passed": true
    },
    {
      "nodeId": "ve-footer-11",
      "field": "tag_count",
      "kind": "family-text",
      "selector": "dl > [data-summary-item]:first-child > dd",
      "expected": "0",
      "editable": false,
      "actual": "0",
      "visible": true,
      "passed": true
    },
    {
      "nodeId": "ve-footer-11",
      "field": "tags",
      "kind": "family-text",
      "selector": "dl > [data-summary-item]:last-child > dd",
      "expected": "Consumer tag",
      "editable": false,
      "actual": "Consumer tag",
      "visible": true,
      "passed": true
    }
  ],
  "viewport": {
    "width": 1920,
    "height": 1080
  },
  "mount": "passed",
  "rootId": "screen-card-7",
  "rootCount": 1,
  "hydration": "passed",
  "hydrationProbe": {
    "selector": null,
    "selectorCount": 0,
    "eventHandlerAttached": false,
    "reusedServerNodes": {
      "root": true,
      "action": true,
      "everyCapturedNode": true
    },
    "attachment": {
      "attached": true,
      "containerProperty": "__reactContainer$cvvjg1hyy4v",
      "rootProperty": "__reactFiber$cvvjg1hyy4v"
    }
  },
  "hydrationInvariant": {
    "before": {
      "rootChildren": [
        {
          "tag": "DIV",
          "id": "screen-card-7",
          "component": "Card"
        }
      ],
      "elements": [
        {
          "tag": "DIV",
          "id": "screen-card-7",
          "component": "Card",
          "role": null,
          "selected": null,
          "hidden": false
        },
        {
          "tag": "DIV",
          "id": "card-header-1",
          "component": "Stack",
          "role": null,
          "selected": null,
          "hidden": false
        },
        {
          "tag": "DIV",
          "id": "slot-header-2",
          "component": "Stack",
          "role": null,
          "selected": null,
          "hidden": false
        },
        {
          "tag": "HEADER",
          "id": "ve-header-8",
          "component": "CardHeader",
          "role": null,
          "selected": null,
          "hidden": false
        },
        {
          "tag": "SPAN",
          "id": "ve-header-9",
          "component": "StatusBadge",
          "role": null,
          "selected": null,
          "hidden": false
        },
        {
          "tag": "DIV",
          "id": "card-body-3",
          "component": "Stack",
          "role": null,
          "selected": null,
          "hidden": false
        },
        {
          "tag": "DIV",
          "id": "slot-body-4",
          "component": "Card",
          "role": null,
          "selected": null,
          "hidden": false
        },
        {
          "tag": "DIV",
          "id": "card-footer-5",
          "component": "Stack",
          "role": null,
          "selected": null,
          "hidden": false
        },
        {
          "tag": "DIV",
          "id": "slot-footer-6",
          "component": "Stack",
          "role": null,
          "selected": null,
          "hidden": false
        },
        {
          "tag": "DIV",
          "id": "ve-footer-10",
          "component": "OwnershipMeta",
          "role": null,
          "selected": null,
          "hidden": false
        },
        {
          "tag": "SECTION",
          "id": "ve-footer-11",
          "component": "TagSummary",
          "role": null,
          "selected": null,
          "hidden": false
        }
      ]
    },
    "after": {
      "rootChildren": [
        {
          "tag": "DIV",
          "id": "screen-card-7",
          "component": "Card"
        }
      ],
      "elements": [
        {
          "tag": "DIV",
          "id": "screen-card-7",
          "component": "Card",
          "role": null,
          "selected": null,
          "hidden": false
        },
        {
          "tag": "DIV",
          "id": "card-header-1",
          "component": "Stack",
          "role": null,
          "selected": null,
          "hidden": false
        },
        {
          "tag": "DIV",
          "id": "slot-header-2",
          "component": "Stack",
          "role": null,
          "selected": null,
          "hidden": false
        },
        {
          "tag": "HEADER",
          "id": "ve-header-8",
          "component": "CardHeader",
          "role": null,
          "selected": null,
          "hidden": false
        },
        {
          "tag": "SPAN",
          "id": "ve-header-9",
          "component": "StatusBadge",
          "role": null,
          "selected": null,
          "hidden": false
        },
        {
          "tag": "DIV",
          "id": "card-body-3",
          "component": "Stack",
          "role": null,
          "selected": null,
          "hidden": false
        },
        {
          "tag": "DIV",
          "id": "slot-body-4",
          "component": "Card",
          "role": null,
          "selected": null,
          "hidden": false
        },
        {
          "tag": "DIV",
          "id": "card-footer-5",
          "component": "Stack",
          "role": null,
          "selected": null,
          "hidden": false
        },
        {
          "tag": "DIV",
          "id": "slot-footer-6",
          "component": "Stack",
          "role": null,
          "selected": null,
          "hidden": false
        },
        {
          "tag": "DIV",
          "id": "ve-footer-10",
          "component": "OwnershipMeta",
          "role": null,
          "selected": null,
          "hidden": false
        },
        {
          "tag": "SECTION",
          "id": "ve-footer-11",
          "component": "TagSummary",
          "role": null,
          "selected": null,
          "hidden": false
        }
      ]
    },
    "equal": true
  },
  "interactionEvidence": {
    "kind": "none",
    "reason": "no interactive element declared",
    "disabledPaginationNodeIds": [],
    "status": "not-applicable",
    "disabledControls": []
  },
  "labelVisibility": [
    {
      "component": "CardHeader",
      "rootId": "ve-header-8",
      "text": "Consumer label",
      "visible": true,
      "passed": true
    }
  ],
  "runtimeErrors": [],
  "componentCounts": {
    "Card": 2,
    "CardHeader": 1,
    "OwnershipMeta": 1,
    "Stack": 5,
    "StatusBadge": 1,
    "TagSummary": 1
  },
  "requiredMounts": [
    {
      "nodeId": "screen-card-7",
      "component": "Card",
      "requiredInitially": true,
      "present": true,
      "passed": true
    },
    {
      "nodeId": "card-header-1",
      "component": "Stack",
      "requiredInitially": true,
      "present": true,
      "passed": true
    },
    {
      "nodeId": "slot-header-2",
      "component": "Stack",
      "requiredInitially": true,
      "present": true,
      "passed": true
    },
    {
      "nodeId": "ve-header-8",
      "component": "CardHeader",
      "requiredInitially": true,
      "present": true,
      "passed": true
    },
    {
      "nodeId": "ve-header-9",
      "component": "StatusBadge",
      "requiredInitially": true,
      "present": true,
      "passed": true
    },
    {
      "nodeId": "card-body-3",
      "component": "Stack",
      "requiredInitially": true,
      "present": true,
      "passed": true
    },
    {
      "nodeId": "slot-body-4",
      "component": "Card",
      "requiredInitially": true,
      "present": true,
      "passed": true
    },
    {
      "nodeId": "card-footer-5",
      "component": "Stack",
      "requiredInitially": true,
      "present": true,
      "passed": true
    },
    {
      "nodeId": "slot-footer-6",
      "component": "Stack",
      "requiredInitially": true,
      "present": true,
      "passed": true
    },
    {
      "nodeId": "ve-footer-10",
      "component": "OwnershipMeta",
      "requiredInitially": true,
      "present": true,
      "passed": true
    },
    {
      "nodeId": "ve-footer-11",
      "component": "TagSummary",
      "requiredInitially": true,
      "present": true,
      "passed": true
    }
  ],
  "selectorEvidence": [],
  "actionCounts": {},
  "actionArgs": {},
  "actionsFrozen": true,
  "css": {
    "primaryTextToken": "oklch(0.92 0.02 92)",
    "canvasToken": "oklch(0.18 0.05 45)"
  }
}
