{
  "generatedFile": "src/GeneratedUI.tsx",
  "bindingMarkerCount": 0,
  "actionSelectors": [],
  "generatedOwnsEverySelector": true,
  "generatedForwardsEveryAction": true,
  "consumerEntryFiles": [
    "index.html",
    "src/consumer-data.ts",
    "src/consumer.css",
    "src/main.tsx",
    "src/ssr.tsx",
    "src/window.d.ts",
    "tsconfig.json",
    "vite.config.mjs"
  ],
  "selectorOccurrencesInConsumerEntries": 0,
  "consumerComponentDeclarations": [],
  "interaction": {
    "kind": "none",
    "reason": "no interactive element declared",
    "disabledPaginationNodeIds": []
  },
  "generatedInteractionNodeOccurrences": 0
}
