{
  "isolation": {
    "outsidePnpmWorkspace": true,
    "freshNodeModules": true,
    "emptyVerifierOwnedNpmConfiguration": true,
    "installScripts": false,
    "localPackagesFromBuiltTarballsOnly": true,
    "workspaceAliases": false,
    "workspaceSymlinks": false,
    "repositorySourceImports": false,
    "inheritedNodeModules": false,
    "allResolvedPathsOutsideRepository": true,
    "installed": [
      {
        "name": "@oods/tokens",
        "version": "0.1.0",
        "consumerRelative": "node_modules/@oods/tokens"
      },
      {
        "name": "@oods/component-contracts",
        "version": "0.1.0",
        "consumerRelative": "node_modules/@oods/component-contracts"
      },
      {
        "name": "@oods/component-styles",
        "version": "0.1.0",
        "consumerRelative": "node_modules/@oods/component-styles"
      },
      {
        "name": "@oods/components-vue",
        "version": "0.1.0",
        "consumerRelative": "node_modules/@oods/components-vue"
      }
    ]
  },
  "localTarballs": [
    {
      "name": "@oods/tokens",
      "version": "0.1.0",
      "installSpec": "file:./tarballs/oods-tokens-0.1.0.tgz",
      "sha256": "sha256:6fd4d0e57cc9e2f78dd6702d59d53227adc8cb88ed79f1192bafd199f4172940",
      "bytes": 179829
    },
    {
      "name": "@oods/component-contracts",
      "version": "0.1.0",
      "installSpec": "file:./tarballs/oods-component-contracts-0.1.0.tgz",
      "sha256": "sha256:da08d2a7e030e46925e8b5d280494cf4a08272e5b509083bf4dd8353f90de2a0",
      "bytes": 75377
    },
    {
      "name": "@oods/component-styles",
      "version": "0.1.0",
      "installSpec": "file:./tarballs/oods-component-styles-0.1.0.tgz",
      "sha256": "sha256:ea76d7c14346afb28e7fc50d60b5a6e58c427ea48f76400c9aca580b8265ee6c",
      "bytes": 8299
    },
    {
      "name": "@oods/components-vue",
      "version": "0.1.0",
      "installSpec": "file:./tarballs/oods-components-vue-0.1.0.tgz",
      "sha256": "sha256:3ba213cdaeca48aab23e012c7ba1311125dfe3c1d993d8571cdf3619cd6dd44e",
      "bytes": 52867
    }
  ],
  "resolutions": [
    {
      "specifier": "@oods/component-styles/css",
      "consumerRelative": "node_modules/@oods/component-styles/dist/components.css"
    },
    {
      "specifier": "@oods/component-styles/css-ported",
      "consumerRelative": "node_modules/@oods/component-styles/dist/components-ported.css"
    },
    {
      "specifier": "@oods/components-vue",
      "consumerRelative": "node_modules/@oods/components-vue/dist/index.js"
    },
    {
      "specifier": "@oods/components-vue/ported",
      "consumerRelative": "node_modules/@oods/components-vue/dist/ported.js"
    },
    {
      "specifier": "@vitejs/plugin-vue",
      "consumerRelative": "node_modules/@vitejs/plugin-vue/dist/index.mjs"
    },
    {
      "specifier": "@vue/server-renderer",
      "consumerRelative": "node_modules/@vue/server-renderer/index.js"
    },
    {
      "specifier": "vite",
      "consumerRelative": "node_modules/vite/dist/node/index.js"
    },
    {
      "specifier": "vue",
      "consumerRelative": "node_modules/vue/index.mjs"
    }
  ]
}
