$ npm pack <package-source-root>/packages/components-vue --json --pack-destination <package-source-root>/artifacts/product-reality/sprint-205/m06/runtime/submitted-packages/tarballs
exitCode=0
signal=

[stdout]

> @oods/components-vue@0.1.0 build <package-source-root>/packages/components-vue
> rimraf dist && tsup --config tsup.config.ts && tsup --config tsup.ported.config.ts

CLI Building entry: src/index.ts
CLI Using tsconfig: tsconfig.json
CLI tsup v8.5.0
CLI Using tsup config: <package-source-root>/packages/components-vue/tsup.config.ts
CLI Target: es2022
CLI Cleaning output folder
ESM Build start
CJS Build start
ESM dist/index.js 128.21 KB
ESM ⚡️ Build success in 295ms
CJS dist/index.cjs 133.35 KB
CJS ⚡️ Build success in 296ms
DTS Build start
DTS ⚡️ Build success in 2284ms
DTS dist/index.d.ts  142.78 KB
DTS dist/index.d.cts 142.78 KB
CLI Building entry: src/ported.ts
CLI Using tsconfig: tsconfig.json
CLI tsup v8.5.0
CLI Using tsup config: <package-source-root>/packages/components-vue/tsup.ported.config.ts
CLI Target: es2022
ESM Build start
CJS Build start
CJS dist/ported.cjs 45.78 KB
CJS ⚡️ Build success in 98ms
ESM dist/ported.js 45.11 KB
ESM ⚡️ Build success in 99ms
DTS Build start
DTS ⚡️ Build success in 1407ms
DTS dist/ported.d.ts  20.67 KB
DTS dist/ported.d.cts 20.67 KB
[
  {
    "id": "@oods/components-vue@0.1.0",
    "name": "@oods/components-vue",
    "version": "0.1.0",
    "size": 104466,
    "unpackedSize": 947458,
    "shasum": "002b9b3a3ac16d48816d991bcd1c4251b4dc8358",
    "integrity": "sha512-9ot3evgTnfq3Nhu+cqamkFg/yN9lUtCSI/K0+pG+XsJYGaV0i+iLIVuTa+cYsON96CqTlYZ0sBRBdDvt5Alftw==",
    "filename": "oods-components-vue-0.1.0.tgz",
    "files": [
      {
        "path": "dist/index.cjs",
        "size": 136546,
        "mode": 420
      },
      {
        "path": "dist/index.d.cts",
        "size": 146202,
        "mode": 420
      },
      {
        "path": "dist/index.d.ts",
        "size": 146202,
        "mode": 420
      },
      {
        "path": "dist/index.js",
        "size": 131292,
        "mode": 420
      },
      {
        "path": "dist/ported.cjs",
        "size": 46875,
        "mode": 420
      },
      {
        "path": "dist/ported.d.cts",
        "size": 21166,
        "mode": 420
      },
      {
        "path": "dist/ported.d.ts",
        "size": 21166,
        "mode": 420
      },
      {
        "path": "dist/ported.js",
        "size": 46190,
        "mode": 420
      },
      {
        "path": "evidence/vue-readiness-ported.v1.json",
        "size": 7829,
        "mode": 420
      },
      {
        "path": "evidence/vue-readiness.v1.json",
        "size": 242381,
        "mode": 420
      },
      {
        "path": "package.json",
        "size": 1609,
        "mode": 420
      }
    ],
    "entryCount": 11,
    "bundled": []
  }
]

[stderr]
npm warn Unknown project config "link-workspace-packages". This will stop working in the next major version of npm.

> @oods/components-vue@0.1.0 prepack
> pnpm run build
