$ pnpm --filter @oods/viz-render exec vitest run --testTimeout=20000 --reporter=default --reporter=json --outputFile=/var/folders/gd/rty3217130vdbr9_q713nvg80000gn/T/oods-s185-m01-baseline-jXIrVS/run-1-viz-render.json
exitCode=0
startedAt=2026-09-18T10:52:03.004Z
endedAt=2026-09-18T10:52:12.476Z
durationMs=9471.784
[stdout]

 RUN  v3.2.4 /Users/systemsystems/portfolio/Design-Tools/OODS-Forge/.worktrees/s205/packages/viz-render
      Coverage enabled with v8

 ✓ test/echarts-svg-normalizer.spec.ts (10 tests) 7ms
 ✓ test/certified-runtime-matrix.spec.ts (4 tests) 10ms
 ✓ test/echarts-worker-realm-restoration.s180.spec.ts (1 test) 495ms
   ✓ s180 ECharts worker realm restoration > restores the exact RNG and clock references after an in-process force job  493ms
 ✓ test/hc-renderer-contract.s199.spec.ts (3 tests) 404ms
   ✓ native renderer paint boundaries (s199) > native chord preserves the source ribbon fill and suppresses only its meaningless zero-width stroke  359ms
 ✓ test/emitter.spec.ts (12 tests) 883ms
   ✓ renderVegaLiteToSvg > renders a Vega-Lite spec to an SVG string (headless, no DOM)  383ms
 ✓ test/echarts-normalized-hash-matrix.s179.spec.ts (11 tests) 466ms
 ✓ test/echarts-render-worker.spec.ts (31 tests) 6848ms
   ✓ ECharts render worker contract > closes the zrender timing branch under ambient poison and 101 uncached fonts  477ms
   ✓ ECharts render worker contract > registers each fresh geo family before setOption and types a skipped first registration as no-map  1779ms
   ✓ ECharts render worker contract > keeps the registry bounded across 1,000 unique caller IDs and FeatureCollections  3016ms
   ✓ ECharts render worker contract > resolves and renders through both built ESM and CJS public entries  615ms

 Test Files  7 passed (7)
      Tests  72 passed (72)
   Start at  05:52:03
   Duration  8.47s (transform 597ms, setup 0ms, collect 3.22s, tests 9.11s, environment 1ms, prepare 650ms)

JSON report written to /var/folders/gd/rty3217130vdbr9_q713nvg80000gn/T/oods-s185-m01-baseline-jXIrVS/run-1-viz-render.json
 % Coverage report from v8

=============================== Coverage summary ===============================
Statements   : 91.34% ( 802/878 )
Branches     : 86.11% ( 248/288 )
Functions    : 91.48% ( 43/47 )
Lines        : 91.34% ( 802/878 )
================================================================================

[stderr]
