
> @oods/component-contracts@0.1.0 test /Users/systemsystems/portfolio/Design-Tools/OODS-Forge/.worktrees/s204/packages/component-contracts
> vitest run --config vitest.config.ts


 RUN  v3.2.4 /Users/systemsystems/portfolio/Design-Tools/OODS-Forge/.worktrees/s204/packages/component-contracts

 ✓ test/record-events.s198.spec.ts (3 tests) 17ms
 ✓ test/trait-recipes.spec.ts (3 tests) 15ms
 ✓ test/breadth-contracts.s186.spec.ts (48 tests) 23ms
 ✓ test/disputed.spec.ts (3 tests) 49ms
 ✓ test/contracts.spec.ts (7 tests) 19ms
 ✓ test/ported-contracts.s184.spec.ts (4 tests) 16ms
 ✓ test/viz-controls.spec.ts (6 tests) 5ms
 ✓ test/measured-contracts.s192.spec.ts (3 tests) 7ms
 ✓ test/breadth-contracts.s185.spec.ts (15 tests) 6ms
 ✓ test/workflow-states.s184.spec.ts (2 tests) 6ms
 ✓ test/static-svg.spec.ts (31 tests) 9ms
 ✓ test/breadth-contracts.s187.spec.ts (15 tests) 5ms
 ✓ test/read-only-collections.s198.spec.ts (2 tests) 2ms
 ✓ test/contract-amendments.s184.spec.ts (2 tests) 2ms
 ✓ test/measured-ledger.s192.spec.ts (2 tests) 983ms
   ✓ Sprint 192 evidence-derived ledger and pending classification > retains historical bytes while exposing the new, still-unapproved proposal  935ms
 ✓ test/readiness-measurements.s192.spec.ts (4 tests) 1471ms
   ✓ readiness publishes measured semantics > react: theme claims require measured roots in all six cells  941ms
   ✓ readiness publishes measured semantics > vue: theme claims require measured roots in all six cells  483ms
 ✓ test/baseline-fold.s185.spec.ts (9 tests) 534ms

 Test Files  17 passed (17)
      Tests  159 passed (159)
   Start at  21:31:07
   Duration  4.31s (transform 557ms, setup 0ms, collect 5.45s, tests 3.17s, environment 2ms, prepare 1.24s)

