{
  "framework": "react",
  "schema": "user-list-showcase",
  "mount": "passed",
  "rootId": "screen-list-9",
  "rootCount": 1,
  "hydration": "passed",
  "hydrationProbe": {
    "selector": "[data-oods-action=\"handleFilter\"]",
    "selectorCount": 1,
    "eventHandlerAttached": true,
    "reusedServerNodes": {
      "root": true,
      "action": true,
      "everyCapturedNode": true
    },
    "attachment": {
      "attached": true,
      "containerProperty": "__reactContainer$9q8d8y5fz7",
      "rootProperty": "__reactFiber$9q8d8y5fz7"
    }
  },
  "hydrationInvariant": {
    "before": {
      "rootChildren": [
        {
          "tag": "DIV",
          "id": "screen-list-9",
          "component": "Stack"
        },
        {
          "tag": "DIV",
          "id": "",
          "component": null
        }
      ],
      "elements": [
        {
          "tag": "DIV",
          "id": "screen-list-9",
          "component": "Stack",
          "role": null,
          "selected": null,
          "hidden": false
        },
        {
          "tag": "DIV",
          "id": "list-toolbar-4",
          "component": "Stack",
          "role": null,
          "selected": null,
          "hidden": false
        },
        {
          "tag": "DIV",
          "id": "slot-search-1",
          "component": "Stack",
          "role": null,
          "selected": null,
          "hidden": false
        },
        {
          "tag": "DIV",
          "id": null,
          "component": "SearchInput",
          "role": "search",
          "selected": null,
          "hidden": false
        },
        {
          "tag": "INPUT",
          "id": "primary-search-17",
          "component": "SearchInput",
          "role": null,
          "selected": null,
          "hidden": false
        },
        {
          "tag": "SPAN",
          "id": "ve-search-10",
          "component": "MessageStatusBadge",
          "role": null,
          "selected": null,
          "hidden": false
        },
        {
          "tag": "SELECT",
          "id": "slot-filters-2",
          "component": "Select",
          "role": null,
          "selected": null,
          "hidden": false
        },
        {
          "tag": "DIV",
          "id": "slot-toolbar-actions-3",
          "component": "Stack",
          "role": null,
          "selected": null,
          "hidden": false
        },
        {
          "tag": "BUTTON",
          "id": "primary-toolbar-actions-18",
          "component": "Button",
          "role": null,
          "selected": null,
          "hidden": false
        },
        {
          "tag": "SPAN",
          "id": "ve-toolbar-actions-14",
          "component": "AddressSummaryBadge",
          "role": null,
          "selected": null,
          "hidden": false
        },
        {
          "tag": "SPAN",
          "id": "ve-toolbar-actions-15",
          "component": "PreferenceSummaryBadge",
          "role": null,
          "selected": null,
          "hidden": false
        },
        {
          "tag": "SPAN",
          "id": "ve-toolbar-actions-16",
          "component": "RoleBadgeList",
          "role": null,
          "selected": null,
          "hidden": false
        },
        {
          "tag": "DIV",
          "id": "list-items-5",
          "component": "Stack",
          "role": null,
          "selected": null,
          "hidden": false
        },
        {
          "tag": "DIV",
          "id": "slot-items-6",
          "component": "Stack",
          "role": null,
          "selected": null,
          "hidden": false
        },
        {
          "tag": "SPAN",
          "id": "ve-items-11",
          "component": "StatusBadge",
          "role": null,
          "selected": null,
          "hidden": false
        },
        {
          "tag": "TIME",
          "id": "ve-items-12",
          "component": "RelativeTimestamp",
          "role": null,
          "selected": null,
          "hidden": false
        },
        {
          "tag": "DIV",
          "id": "ve-items-13",
          "component": "TagPills",
          "role": null,
          "selected": null,
          "hidden": false
        },
        {
          "tag": "DIV",
          "id": "list-pagination-7",
          "component": "Stack",
          "role": null,
          "selected": null,
          "hidden": false
        },
        {
          "tag": "NAV",
          "id": "slot-pagination-8",
          "component": "PaginationBar",
          "role": null,
          "selected": null,
          "hidden": false
        },
        {
          "tag": "DIV",
          "id": null,
          "component": null,
          "role": "group",
          "selected": null,
          "hidden": false
        }
      ]
    },
    "after": {
      "rootChildren": [
        {
          "tag": "DIV",
          "id": "screen-list-9",
          "component": "Stack"
        },
        {
          "tag": "DIV",
          "id": "",
          "component": null
        }
      ],
      "elements": [
        {
          "tag": "DIV",
          "id": "screen-list-9",
          "component": "Stack",
          "role": null,
          "selected": null,
          "hidden": false
        },
        {
          "tag": "DIV",
          "id": "list-toolbar-4",
          "component": "Stack",
          "role": null,
          "selected": null,
          "hidden": false
        },
        {
          "tag": "DIV",
          "id": "slot-search-1",
          "component": "Stack",
          "role": null,
          "selected": null,
          "hidden": false
        },
        {
          "tag": "DIV",
          "id": null,
          "component": "SearchInput",
          "role": "search",
          "selected": null,
          "hidden": false
        },
        {
          "tag": "INPUT",
          "id": "primary-search-17",
          "component": "SearchInput",
          "role": null,
          "selected": null,
          "hidden": false
        },
        {
          "tag": "SPAN",
          "id": "ve-search-10",
          "component": "MessageStatusBadge",
          "role": null,
          "selected": null,
          "hidden": false
        },
        {
          "tag": "SELECT",
          "id": "slot-filters-2",
          "component": "Select",
          "role": null,
          "selected": null,
          "hidden": false
        },
        {
          "tag": "DIV",
          "id": "slot-toolbar-actions-3",
          "component": "Stack",
          "role": null,
          "selected": null,
          "hidden": false
        },
        {
          "tag": "BUTTON",
          "id": "primary-toolbar-actions-18",
          "component": "Button",
          "role": null,
          "selected": null,
          "hidden": false
        },
        {
          "tag": "SPAN",
          "id": "ve-toolbar-actions-14",
          "component": "AddressSummaryBadge",
          "role": null,
          "selected": null,
          "hidden": false
        },
        {
          "tag": "SPAN",
          "id": "ve-toolbar-actions-15",
          "component": "PreferenceSummaryBadge",
          "role": null,
          "selected": null,
          "hidden": false
        },
        {
          "tag": "SPAN",
          "id": "ve-toolbar-actions-16",
          "component": "RoleBadgeList",
          "role": null,
          "selected": null,
          "hidden": false
        },
        {
          "tag": "DIV",
          "id": "list-items-5",
          "component": "Stack",
          "role": null,
          "selected": null,
          "hidden": false
        },
        {
          "tag": "DIV",
          "id": "slot-items-6",
          "component": "Stack",
          "role": null,
          "selected": null,
          "hidden": false
        },
        {
          "tag": "SPAN",
          "id": "ve-items-11",
          "component": "StatusBadge",
          "role": null,
          "selected": null,
          "hidden": false
        },
        {
          "tag": "TIME",
          "id": "ve-items-12",
          "component": "RelativeTimestamp",
          "role": null,
          "selected": null,
          "hidden": false
        },
        {
          "tag": "DIV",
          "id": "ve-items-13",
          "component": "TagPills",
          "role": null,
          "selected": null,
          "hidden": false
        },
        {
          "tag": "DIV",
          "id": "list-pagination-7",
          "component": "Stack",
          "role": null,
          "selected": null,
          "hidden": false
        },
        {
          "tag": "NAV",
          "id": "slot-pagination-8",
          "component": "PaginationBar",
          "role": null,
          "selected": null,
          "hidden": false
        },
        {
          "tag": "DIV",
          "id": null,
          "component": null,
          "role": "group",
          "selected": null,
          "hidden": false
        }
      ]
    },
    "equal": true
  },
  "interactionEvidence": {
    "kind": "action",
    "nodeId": "screen-list-9",
    "component": "Stack",
    "selector": "[data-oods-action=\"handleFilter\"]",
    "action": "handleFilter",
    "status": "passed"
  },
  "labelVisibility": [],
  "runtimeErrors": [],
  "componentCounts": {
    "AddressSummaryBadge": 1,
    "Button": 1,
    "MessageStatusBadge": 1,
    "PaginationBar": 1,
    "PreferenceSummaryBadge": 1,
    "RelativeTimestamp": 1,
    "RoleBadgeList": 1,
    "SearchInput": 2,
    "Select": 1,
    "Stack": 7,
    "StatusBadge": 1,
    "TagPills": 1
  },
  "requiredMounts": [
    {
      "nodeId": "screen-list-9",
      "component": "Stack",
      "requiredInitially": true,
      "present": true,
      "passed": true
    },
    {
      "nodeId": "list-toolbar-4",
      "component": "Stack",
      "requiredInitially": true,
      "present": true,
      "passed": true
    },
    {
      "nodeId": "slot-search-1",
      "component": "Stack",
      "requiredInitially": true,
      "present": true,
      "passed": true
    },
    {
      "nodeId": "primary-search-17",
      "component": "SearchInput",
      "requiredInitially": true,
      "present": true,
      "passed": true
    },
    {
      "nodeId": "ve-search-10",
      "component": "MessageStatusBadge",
      "requiredInitially": true,
      "present": true,
      "passed": true
    },
    {
      "nodeId": "slot-filters-2",
      "component": "Select",
      "requiredInitially": true,
      "present": true,
      "passed": true
    },
    {
      "nodeId": "slot-toolbar-actions-3",
      "component": "Stack",
      "requiredInitially": true,
      "present": true,
      "passed": true
    },
    {
      "nodeId": "primary-toolbar-actions-18",
      "component": "Button",
      "requiredInitially": true,
      "present": true,
      "passed": true
    },
    {
      "nodeId": "ve-toolbar-actions-14",
      "component": "AddressSummaryBadge",
      "requiredInitially": true,
      "present": true,
      "passed": true
    },
    {
      "nodeId": "ve-toolbar-actions-15",
      "component": "PreferenceSummaryBadge",
      "requiredInitially": true,
      "present": true,
      "passed": true
    },
    {
      "nodeId": "ve-toolbar-actions-16",
      "component": "RoleBadgeList",
      "requiredInitially": true,
      "present": true,
      "passed": true
    },
    {
      "nodeId": "list-items-5",
      "component": "Stack",
      "requiredInitially": true,
      "present": true,
      "passed": true
    },
    {
      "nodeId": "slot-items-6",
      "component": "Stack",
      "requiredInitially": true,
      "present": true,
      "passed": true
    },
    {
      "nodeId": "ve-items-11",
      "component": "StatusBadge",
      "requiredInitially": true,
      "present": true,
      "passed": true
    },
    {
      "nodeId": "ve-items-12",
      "component": "RelativeTimestamp",
      "requiredInitially": true,
      "present": true,
      "passed": true
    },
    {
      "nodeId": "ve-items-13",
      "component": "TagPills",
      "requiredInitially": true,
      "present": true,
      "passed": true
    },
    {
      "nodeId": "list-pagination-7",
      "component": "Stack",
      "requiredInitially": true,
      "present": true,
      "passed": true
    },
    {
      "nodeId": "slot-pagination-8",
      "component": "PaginationBar",
      "requiredInitially": true,
      "present": true,
      "passed": true
    }
  ],
  "selectorEvidence": [
    {
      "action": "handleFilter",
      "selector": "[data-oods-action=\"handleFilter\"]",
      "count": 1,
      "clicked": true
    },
    {
      "action": "handleRowClick",
      "selector": "[data-oods-action=\"handleRowClick\"]",
      "count": 1,
      "clicked": true
    },
    {
      "action": "handleSort",
      "selector": "[data-oods-action=\"handleSort\"]",
      "count": 1,
      "clicked": true
    }
  ],
  "actionCounts": {
    "handleFilter": 1,
    "handleRowClick": 1,
    "handleSort": 1
  },
  "actionArgs": {
    "handleFilter": [
      [
        {}
      ]
    ],
    "handleRowClick": [
      [
        "consumer-user-id"
      ]
    ],
    "handleSort": [
      [
        "status"
      ]
    ]
  },
  "actionsFrozen": true,
  "css": {
    "primaryTextToken": "oklch(0.92 0.02 92)",
    "canvasToken": "oklch(0.18 0.05 45)"
  }
}
