2026-09-12T01:15:04.3650831Z Current runner version: '2.337.0'
2026-09-12T01:15:04.3687083Z ##[group]Runner Image Provisioner
2026-09-12T01:15:04.3688373Z Hosted Compute Agent
2026-09-12T01:15:04.3689645Z Version: 20260828.587
2026-09-12T01:15:04.3690750Z Commit: abac92662cab4cc7352de4f9f9d2e2419aad9c29
2026-09-12T01:15:04.3692452Z Build Date: 2026-08-28T16:44:25Z
2026-09-12T01:15:04.3693699Z Worker ID: {f1797020-3be2-47a4-9c3f-fa07fe188f9e}
2026-09-12T01:15:04.3694920Z Azure Region: eastus
2026-09-12T01:15:04.3696064Z ##[endgroup]
2026-09-12T01:15:04.3698271Z ##[group]Operating System
2026-09-12T01:15:04.3699484Z Ubuntu
2026-09-12T01:15:04.3700440Z 24.04.5
2026-09-12T01:15:04.3701544Z LTS
2026-09-12T01:15:04.3702633Z ##[endgroup]
2026-09-12T01:15:04.3703633Z ##[group]Runner Image
2026-09-12T01:15:04.3704749Z Image: ubuntu-24.04
2026-09-12T01:15:04.3705724Z Version: 20260907.300.1
2026-09-12T01:15:04.3708009Z Included Software: https://github.com/actions/runner-images/blob/ubuntu24/20260907.300/images/ubuntu/Ubuntu2404-Readme.md
2026-09-12T01:15:04.3710880Z Image Release: https://github.com/actions/runner-images/releases/tag/ubuntu24%2F20260907.300
2026-09-12T01:15:04.3713072Z ##[endgroup]
2026-09-12T01:15:04.3715138Z ##[group]GITHUB_TOKEN Permissions
2026-09-12T01:15:04.3717958Z Contents: read
2026-09-12T01:15:04.3718928Z Metadata: read
2026-09-12T01:15:04.3719949Z PullRequests: write
2026-09-12T01:15:04.3720997Z ##[endgroup]
2026-09-12T01:15:04.3724208Z Secret source: Actions
2026-09-12T01:15:04.3725940Z Cache mode: write
2026-09-12T01:15:04.3727027Z Prepare workflow directory
2026-09-12T01:15:04.4291627Z Prepare all required actions
2026-09-12T01:15:04.4361236Z Getting action download info
2026-09-12T01:15:04.9019992Z Download action repository 'actions/checkout@v4' (SHA:11d5960a326750d5838078e36cf38b85af677262)
2026-09-12T01:15:05.0504013Z Download action repository 'pnpm/action-setup@v4' (SHA:b906affcce14559ad1aafd4ab0e942779e9f58b1)
2026-09-12T01:15:05.2578536Z Download action repository 'actions/setup-node@v4' (SHA:49933ea5288caeca8642d1e84afbd3f7d6820020)
2026-09-12T01:15:05.4497790Z Complete job name: typecheck
2026-09-12T01:15:05.5282504Z Node 20 is being deprecated. This workflow is running with Node 24 by default. If you need to temporarily use Node 20, you can set the ACTIONS_ALLOW_USE_UNSECURE_NODE_VERSION=true environment variable. For more information see: https://github.blog/changelog/2025-09-19-deprecation-of-node-20-on-github-actions-runners/
2026-09-12T01:15:05.5291954Z ##[group]Run actions/checkout@v4
2026-09-12T01:15:05.5293040Z with:
2026-09-12T01:15:05.5293565Z   repository: kneelinghorse/OODS-Forge
2026-09-12T01:15:05.5297389Z   token: ***
2026-09-12T01:15:05.5297892Z   ssh-strict: true
2026-09-12T01:15:05.5298390Z   ssh-user: git
2026-09-12T01:15:05.5298901Z   persist-credentials: true
2026-09-12T01:15:05.5299450Z   clean: true
2026-09-12T01:15:05.5299950Z   sparse-checkout-cone-mode: true
2026-09-12T01:15:05.5300541Z   fetch-depth: 1
2026-09-12T01:15:05.5301025Z   fetch-tags: false
2026-09-12T01:15:05.5301762Z   show-progress: true
2026-09-12T01:15:05.5302323Z   lfs: false
2026-09-12T01:15:05.5302840Z   submodules: false
2026-09-12T01:15:05.5303356Z   set-safe-directory: true
2026-09-12T01:15:05.5303928Z   allow-unsafe-pr-checkout: false
2026-09-12T01:15:05.5304790Z env:
2026-09-12T01:15:05.5305257Z   NODE_VERSION: 24
2026-09-12T01:15:05.5305761Z ##[endgroup]
2026-09-12T01:15:05.6567127Z Syncing repository: kneelinghorse/OODS-Forge
2026-09-12T01:15:05.6571042Z ##[group]Getting Git version info
2026-09-12T01:15:05.6573212Z Working directory is '/home/runner/work/OODS-Forge/OODS-Forge'
2026-09-12T01:15:05.6575740Z [command]/usr/bin/git version
2026-09-12T01:15:05.6577234Z git version 2.55.0
2026-09-12T01:15:05.6650472Z ##[endgroup]
2026-09-12T01:15:05.6660455Z Temporarily overriding HOME='/home/runner/work/_temp/52b1b113-be54-4a02-9e26-85eb70124df4' before making global git config changes
2026-09-12T01:15:05.6664880Z Adding repository directory to the temporary git global config as a safe directory
2026-09-12T01:15:05.6668115Z [command]/usr/bin/git config --global --add safe.directory /home/runner/work/OODS-Forge/OODS-Forge
2026-09-12T01:15:05.6807334Z Deleting the contents of '/home/runner/work/OODS-Forge/OODS-Forge'
2026-09-12T01:15:05.6810007Z ##[group]Initializing the repository
2026-09-12T01:15:05.6812361Z [command]/usr/bin/git init /home/runner/work/OODS-Forge/OODS-Forge
2026-09-12T01:15:05.6930507Z hint: Using 'master' as the name for the initial branch. This default branch name
2026-09-12T01:15:05.6982997Z hint: will change to "main" in Git 3.0. To configure the initial branch name
2026-09-12T01:15:05.6985318Z hint: to use in all of your new repositories, which will suppress this warning,
2026-09-12T01:15:05.7103516Z hint: call:
2026-09-12T01:15:05.7122359Z hint:
2026-09-12T01:15:05.7163847Z hint: 	git config --global init.defaultBranch <name>
2026-09-12T01:15:05.7165192Z hint:
2026-09-12T01:15:05.7166982Z hint: Names commonly chosen instead of 'master' are 'main', 'trunk' and
2026-09-12T01:15:05.7169225Z hint: 'development'. The just-created branch can be renamed via this command:
2026-09-12T01:15:05.7170824Z hint:
2026-09-12T01:15:05.7172542Z hint: 	git branch -m <name>
2026-09-12T01:15:05.7173759Z hint:
2026-09-12T01:15:05.7175512Z hint: Disable this message with "git config set advice.defaultBranchName false"
2026-09-12T01:15:05.7180543Z Initialized empty Git repository in /home/runner/work/OODS-Forge/OODS-Forge/.git/
2026-09-12T01:15:05.7184947Z [command]/usr/bin/git remote add origin https://github.com/kneelinghorse/OODS-Forge
2026-09-12T01:15:05.7188853Z ##[endgroup]
2026-09-12T01:15:05.7190665Z ##[group]Disabling automatic garbage collection
2026-09-12T01:15:05.7192474Z [command]/usr/bin/git config --local gc.auto 0
2026-09-12T01:15:05.7195642Z ##[endgroup]
2026-09-12T01:15:05.7197190Z ##[group]Setting up auth
2026-09-12T01:15:05.7198628Z [command]/usr/bin/git config --local --name-only --get-regexp core\.sshCommand
2026-09-12T01:15:05.7220878Z [command]/usr/bin/git submodule foreach --recursive sh -c "git config --local --name-only --get-regexp 'core\.sshCommand' && git config --local --unset-all 'core.sshCommand' || :"
2026-09-12T01:15:05.7853804Z [command]/usr/bin/git config --local --name-only --get-regexp http\.https\:\/\/github\.com\/\.extraheader
2026-09-12T01:15:05.7862165Z [command]/usr/bin/git submodule foreach --recursive sh -c "git config --local --name-only --get-regexp 'http\.https\:\/\/github\.com\/\.extraheader' && git config --local --unset-all 'http.https://github.com/.extraheader' || :"
2026-09-12T01:15:05.8072246Z [command]/usr/bin/git config --local --name-only --get-regexp ^includeIf\.gitdir:
2026-09-12T01:15:05.8105066Z [command]/usr/bin/git submodule foreach --recursive git config --local --show-origin --name-only --get-regexp remote.origin.url
2026-09-12T01:15:05.8361629Z [command]/usr/bin/git config --local http.https://github.com/.extraheader AUTHORIZATION: basic ***
2026-09-12T01:15:05.8395760Z ##[endgroup]
2026-09-12T01:15:05.8398073Z ##[group]Fetching the repository
2026-09-12T01:15:05.8407336Z [command]/usr/bin/git -c protocol.version=2 fetch --no-tags --prune --no-recurse-submodules --depth=1 origin +4787733b6bfd48aedde0d5f850a0e9d87643356f:refs/remotes/pull/101/merge
2026-09-12T01:15:16.0193375Z From https://github.com/kneelinghorse/OODS-Forge
2026-09-12T01:15:16.0194571Z  * [new ref]           4787733b6bfd48aedde0d5f850a0e9d87643356f -> pull/101/merge
2026-09-12T01:15:16.0197204Z ##[endgroup]
2026-09-12T01:15:16.0198362Z ##[group]Determining the checkout info
2026-09-12T01:15:16.0199483Z ##[endgroup]
2026-09-12T01:15:16.0204483Z [command]/usr/bin/git sparse-checkout disable
2026-09-12T01:15:16.0268912Z [command]/usr/bin/git config --local --unset-all extensions.worktreeConfig
2026-09-12T01:15:16.0304461Z ##[group]Checking out the ref
2026-09-12T01:15:16.0307801Z [command]/usr/bin/git checkout --progress --force refs/remotes/pull/101/merge
2026-09-12T01:15:17.1389329Z Updating files:  16% (10307/63292)
2026-09-12T01:15:17.2006091Z Updating files:  17% (10760/63292)
2026-09-12T01:15:17.2597309Z Updating files:  18% (11393/63292)
2026-09-12T01:15:17.3588088Z Updating files:  19% (12026/63292)
2026-09-12T01:15:17.4561396Z Updating files:  20% (12659/63292)
2026-09-12T01:15:17.5435820Z Updating files:  21% (13292/63292)
2026-09-12T01:15:17.6304722Z Updating files:  22% (13925/63292)
2026-09-12T01:15:17.7077728Z Updating files:  23% (14558/63292)
2026-09-12T01:15:17.8058463Z Updating files:  24% (15191/63292)
2026-09-12T01:15:17.8740419Z Updating files:  25% (15823/63292)
2026-09-12T01:15:17.9426100Z Updating files:  26% (16456/63292)
2026-09-12T01:15:18.0013966Z Updating files:  27% (17089/63292)
2026-09-12T01:15:18.0680570Z Updating files:  28% (17722/63292)
2026-09-12T01:15:18.0895713Z Updating files:  29% (18355/63292)
2026-09-12T01:15:18.1842947Z Updating files:  29% (18496/63292)
2026-09-12T01:15:18.2681761Z Updating files:  30% (18988/63292)
2026-09-12T01:15:18.3542898Z Updating files:  31% (19621/63292)
2026-09-12T01:15:18.4524751Z Updating files:  32% (20254/63292)
2026-09-12T01:15:18.5346753Z Updating files:  33% (20887/63292)
2026-09-12T01:15:18.6268030Z Updating files:  34% (21520/63292)
2026-09-12T01:15:18.9024804Z Updating files:  35% (22153/63292)
2026-09-12T01:15:18.9560930Z Updating files:  36% (22786/63292)
2026-09-12T01:15:18.9970572Z Updating files:  37% (23419/63292)
2026-09-12T01:15:19.0895903Z Updating files:  38% (24051/63292)
2026-09-12T01:15:19.1287109Z Updating files:  38% (24458/63292)
2026-09-12T01:15:19.2627779Z Updating files:  39% (24684/63292)
2026-09-12T01:15:19.3957363Z Updating files:  40% (25317/63292)
2026-09-12T01:15:19.4397980Z Updating files:  41% (25950/63292)
2026-09-12T01:15:19.4900846Z Updating files:  42% (26583/63292)
2026-09-12T01:15:19.5903577Z Updating files:  43% (27216/63292)
2026-09-12T01:15:19.6413211Z Updating files:  44% (27849/63292)
2026-09-12T01:15:19.6990021Z Updating files:  45% (28482/63292)
2026-09-12T01:15:19.7675652Z Updating files:  46% (29115/63292)
2026-09-12T01:15:19.8199607Z Updating files:  47% (29748/63292)
2026-09-12T01:15:19.8720451Z Updating files:  48% (30381/63292)
2026-09-12T01:15:19.9530576Z Updating files:  49% (31014/63292)
2026-09-12T01:15:20.0393275Z Updating files:  50% (31646/63292)
2026-09-12T01:15:20.0896579Z Updating files:  51% (32279/63292)
2026-09-12T01:15:20.1135110Z Updating files:  51% (32779/63292)
2026-09-12T01:15:20.2053456Z Updating files:  52% (32912/63292)
2026-09-12T01:15:20.2928110Z Updating files:  53% (33545/63292)
2026-09-12T01:15:20.4457112Z Updating files:  54% (34178/63292)
2026-09-12T01:15:20.5096849Z Updating files:  55% (34811/63292)
2026-09-12T01:15:20.5794562Z Updating files:  56% (35444/63292)
2026-09-12T01:15:20.7369150Z Updating files:  57% (36077/63292)
2026-09-12T01:15:20.7957468Z Updating files:  58% (36710/63292)
2026-09-12T01:15:20.8842782Z Updating files:  59% (37343/63292)
2026-09-12T01:15:21.0136459Z Updating files:  60% (37976/63292)
2026-09-12T01:15:21.0624175Z Updating files:  61% (38609/63292)
2026-09-12T01:15:21.0898863Z Updating files:  62% (39242/63292)
2026-09-12T01:15:21.1172652Z Updating files:  62% (39577/63292)
2026-09-12T01:15:21.1884166Z Updating files:  63% (39874/63292)
2026-09-12T01:15:21.2840307Z Updating files:  64% (40507/63292)
2026-09-12T01:15:21.3630087Z Updating files:  65% (41140/63292)
2026-09-12T01:15:21.4145543Z Updating files:  66% (41773/63292)
2026-09-12T01:15:21.4687251Z Updating files:  67% (42406/63292)
2026-09-12T01:15:21.5565408Z Updating files:  68% (43039/63292)
2026-09-12T01:15:21.6509322Z Updating files:  69% (43672/63292)
2026-09-12T01:15:21.7032922Z Updating files:  70% (44305/63292)
2026-09-12T01:15:21.7648113Z Updating files:  71% (44938/63292)
2026-09-12T01:15:21.9100732Z Updating files:  72% (45571/63292)
2026-09-12T01:15:22.0002529Z Updating files:  73% (46204/63292)
2026-09-12T01:15:22.0854772Z Updating files:  74% (46837/63292)
2026-09-12T01:15:22.0902010Z Updating files:  75% (47469/63292)
2026-09-12T01:15:22.1373101Z Updating files:  75% (47512/63292)
2026-09-12T01:15:22.1908651Z Updating files:  76% (48102/63292)
2026-09-12T01:15:22.2807007Z Updating files:  77% (48735/63292)
2026-09-12T01:15:22.3646988Z Updating files:  78% (49368/63292)
2026-09-12T01:15:22.4224745Z Updating files:  79% (50001/63292)
2026-09-12T01:15:22.4820542Z Updating files:  80% (50634/63292)
2026-09-12T01:15:22.5312199Z Updating files:  81% (51267/63292)
2026-09-12T01:15:22.5808903Z Updating files:  82% (51900/63292)
2026-09-12T01:15:22.6406629Z Updating files:  83% (52533/63292)
2026-09-12T01:15:22.7224221Z Updating files:  84% (53166/63292)
2026-09-12T01:15:22.8179498Z Updating files:  85% (53799/63292)
2026-09-12T01:15:22.9230802Z Updating files:  86% (54432/63292)
2026-09-12T01:15:23.0122257Z Updating files:  87% (55065/63292)
2026-09-12T01:15:23.1772263Z Updating files:  88% (55697/63292)
2026-09-12T01:15:23.2610353Z Updating files:  88% (55839/63292)
2026-09-12T01:15:23.3127097Z Updating files:  89% (56330/63292)
2026-09-12T01:15:23.3633333Z Updating files:  90% (56963/63292)
2026-09-12T01:15:23.4458043Z Updating files:  91% (57596/63292)
2026-09-12T01:15:23.5752392Z Updating files:  92% (58229/63292)
2026-09-12T01:15:24.0705201Z Updating files:  93% (58862/63292)
2026-09-12T01:15:24.0923959Z Updating files:  94% (59495/63292)
2026-09-12T01:15:24.1352351Z Updating files:  94% (59632/63292)
2026-09-12T01:15:24.1804814Z Updating files:  95% (60128/63292)
2026-09-12T01:15:24.2289017Z Updating files:  96% (60761/63292)
2026-09-12T01:15:24.2802679Z Updating files:  97% (61394/63292)
2026-09-12T01:15:24.3279346Z Updating files:  98% (62027/63292)
2026-09-12T01:15:24.3731947Z Updating files:  99% (62660/63292)
2026-09-12T01:15:24.3733921Z Updating files: 100% (63292/63292)
2026-09-12T01:15:24.3734710Z Updating files: 100% (63292/63292), done.
2026-09-12T01:15:24.4905175Z Note: switching to 'refs/remotes/pull/101/merge'.
2026-09-12T01:15:24.4907010Z 
2026-09-12T01:15:24.4907661Z You are in 'detached HEAD' state. You can look around, make experimental
2026-09-12T01:15:24.4908713Z changes and commit them, and you can discard any commits you make in this
2026-09-12T01:15:24.4909747Z state without impacting any branches by switching back to a branch.
2026-09-12T01:15:24.4910778Z 
2026-09-12T01:15:24.4911626Z If you want to create a new branch to retain commits you create, you may
2026-09-12T01:15:24.4916540Z do so (now or later) by using -c with the switch command. Example:
2026-09-12T01:15:24.4917217Z 
2026-09-12T01:15:24.4917579Z   git switch -c <new-branch-name>
2026-09-12T01:15:24.4918179Z 
2026-09-12T01:15:24.4918532Z Or undo this operation with:
2026-09-12T01:15:24.4918986Z 
2026-09-12T01:15:24.4919312Z   git switch -
2026-09-12T01:15:24.4919690Z 
2026-09-12T01:15:24.4927592Z Turn off this advice by setting config variable advice.detachedHead to false
2026-09-12T01:15:24.4928377Z 
2026-09-12T01:15:24.4929163Z HEAD is now at 4787733b Merge 39deb793a3161621b5a0893618f9d40201c22256 into 3872feaf4372fe66a10d1746537649df386c37f4
2026-09-12T01:15:24.5057333Z ##[endgroup]
2026-09-12T01:15:24.5093065Z [command]/usr/bin/git log -1 --format=%H
2026-09-12T01:15:24.5122828Z 4787733b6bfd48aedde0d5f850a0e9d87643356f
2026-09-12T01:15:24.5368793Z Node 20 is being deprecated. This workflow is running with Node 24 by default. If you need to temporarily use Node 20, you can set the ACTIONS_ALLOW_USE_UNSECURE_NODE_VERSION=true environment variable. For more information see: https://github.blog/changelog/2025-09-19-deprecation-of-node-20-on-github-actions-runners/
2026-09-12T01:15:24.5372153Z ##[group]Run pnpm/action-setup@v4
2026-09-12T01:15:24.5372617Z with:
2026-09-12T01:15:24.5372954Z   run_install: false
2026-09-12T01:15:24.5373341Z   dest: ~/setup-pnpm
2026-09-12T01:15:24.5373708Z   cache: false
2026-09-12T01:15:24.5374096Z   cache_dependency_path: pnpm-lock.yaml
2026-09-12T01:15:24.5374585Z   package_json_file: package.json
2026-09-12T01:15:24.5375000Z   standalone: false
2026-09-12T01:15:24.5375350Z env:
2026-09-12T01:15:24.5375666Z   NODE_VERSION: 24
2026-09-12T01:15:24.5376014Z ##[endgroup]
2026-09-12T01:15:24.7071826Z ##[group]Running self-installer...
2026-09-12T01:15:25.3993463Z (node:2061) [DEP0169] DeprecationWarning: `url.parse()` behavior is not standardized and prone to errors that have security implications. Use the WHATWG URL API instead. CVEs are not issued for `url.parse()` vulnerabilities.
2026-09-12T01:15:25.4000502Z (Use `node --trace-deprecation ...` to show where the warning was created)
2026-09-12T01:15:25.6482196Z Progress: resolved 1, reused 0, downloaded 0, added 0
2026-09-12T01:15:25.6485583Z Packages: +1
2026-09-12T01:15:25.6612561Z +
2026-09-12T01:15:26.0753813Z Progress: resolved 1, reused 0, downloaded 1, added 1, done
2026-09-12T01:15:26.1392510Z 
2026-09-12T01:15:26.1393460Z dependencies:
2026-09-12T01:15:26.1394104Z + pnpm 9.12.2 (12.4.1 is available)
2026-09-12T01:15:26.1394467Z 
2026-09-12T01:15:26.1946477Z Done in 1.1s
2026-09-12T01:15:26.2142759Z ##[endgroup]
2026-09-12T01:15:26.2143691Z Installation Completed!
2026-09-12T01:15:26.2325221Z Node 20 is being deprecated. This workflow is running with Node 24 by default. If you need to temporarily use Node 20, you can set the ACTIONS_ALLOW_USE_UNSECURE_NODE_VERSION=true environment variable. For more information see: https://github.blog/changelog/2025-09-19-deprecation-of-node-20-on-github-actions-runners/
2026-09-12T01:15:26.2326563Z ##[group]Run actions/setup-node@v4
2026-09-12T01:15:26.2326827Z with:
2026-09-12T01:15:26.2327025Z   node-version: 24
2026-09-12T01:15:26.2327234Z   cache: pnpm
2026-09-12T01:15:26.2327438Z   always-auth: false
2026-09-12T01:15:26.2327660Z   check-latest: false
2026-09-12T01:15:26.2329879Z   token: ***
2026-09-12T01:15:26.2330077Z env:
2026-09-12T01:15:26.2330263Z   NODE_VERSION: 24
2026-09-12T01:15:26.2330546Z   PNPM_HOME: /home/runner/setup-pnpm/node_modules/.bin
2026-09-12T01:15:26.2330867Z ##[endgroup]
2026-09-12T01:15:26.4557422Z (node:2074) [DEP0040] DeprecationWarning: The `punycode` module is deprecated. Please use a userland alternative instead.
2026-09-12T01:15:26.4572284Z (Use `node --trace-deprecation ...` to show where the warning was created)
2026-09-12T01:15:26.5260105Z Found in cache @ /opt/hostedtoolcache/node/24.20.0/x64
2026-09-12T01:15:26.5522566Z ##[group]Environment details
2026-09-12T01:15:30.0415526Z node: v24.20.0
2026-09-12T01:15:30.0416553Z npm: 11.19.0
2026-09-12T01:15:30.0417439Z yarn: 1.22.22
2026-09-12T01:15:30.0419147Z ##[endgroup]
2026-09-12T01:15:30.0444800Z [command]/home/runner/setup-pnpm/node_modules/.bin/pnpm store path --silent
2026-09-12T01:15:30.6240183Z /home/runner/setup-pnpm/node_modules/.bin/store/v3
2026-09-12T01:15:30.7029508Z Cache hit for: node-cache-Linux-x64-pnpm-575290c1778133c82f44b50f7de059cbeee877a37bdee24ee6acaecd39951ea1
2026-09-12T01:15:30.7188312Z (node:2074) [DEP0169] DeprecationWarning: `url.parse()` behavior is not standardized and prone to errors that have security implications. Use the WHATWG URL API instead. CVEs are not issued for `url.parse()` vulnerabilities.
2026-09-12T01:15:31.4592901Z Received 125400025 of 125400025 (100.0%), 171.8 MBs/sec
2026-09-12T01:15:31.4595341Z Cache Size: ~120 MB (125400025 B)
2026-09-12T01:15:31.4633172Z [command]/usr/bin/tar -xf /home/runner/work/_temp/7592bd2d-8b76-4e42-b046-da84985bd99c/cache.tzst -P -C /home/runner/work/OODS-Forge/OODS-Forge --use-compress-program unzstd
2026-09-12T01:15:34.1872881Z Cache restored successfully
2026-09-12T01:15:34.3380693Z Cache restored from key: node-cache-Linux-x64-pnpm-575290c1778133c82f44b50f7de059cbeee877a37bdee24ee6acaecd39951ea1
2026-09-12T01:15:34.3636548Z ##[group]Run pnpm install --frozen-lockfile
2026-09-12T01:15:34.3636986Z [36;1mpnpm install --frozen-lockfile[0m
2026-09-12T01:15:34.4239310Z shell: /usr/bin/bash -e {0}
2026-09-12T01:15:34.4239603Z env:
2026-09-12T01:15:34.4239816Z   NODE_VERSION: 24
2026-09-12T01:15:34.4240121Z   PNPM_HOME: /home/runner/setup-pnpm/node_modules/.bin
2026-09-12T01:15:34.4240454Z ##[endgroup]
2026-09-12T01:15:34.9718569Z Scope: all 22 workspace projects
2026-09-12T01:15:35.0451801Z Lockfile is up to date, resolution step is skipped
2026-09-12T01:15:35.1395849Z Progress: resolved 1, reused 0, downloaded 0, added 0
2026-09-12T01:15:35.2802616Z Packages: +946
2026-09-12T01:15:35.2803385Z ++++++++++++++++++++++++++++++++++++++++++++++++++++++++++++++++++++++++++++++++
2026-09-12T01:15:36.1413383Z Progress: resolved 946, reused 728, downloaded 0, added 0
2026-09-12T01:15:37.1424569Z Progress: resolved 946, reused 945, downloaded 0, added 431
2026-09-12T01:15:37.9879990Z Progress: resolved 946, reused 945, downloaded 0, added 946, done
2026-09-12T01:15:39.3590777Z 
2026-09-12T01:15:39.3591935Z dependencies:
2026-09-12T01:15:39.3593132Z + @radix-ui/react-slot 1.2.3
2026-09-12T01:15:39.3594003Z + @rjsf/core 5.24.13
2026-09-12T01:15:39.3597550Z + @rjsf/utils 5.24.13
2026-09-12T01:15:39.3599920Z + @rjsf/validator-ajv8 5.24.13
2026-09-12T01:15:39.3601898Z + @types/geojson 7946.0.16
2026-09-12T01:15:39.3603451Z + @types/topojson-client 3.1.5
2026-09-12T01:15:39.3604382Z + @types/topojson-specification 1.0.5
2026-09-12T01:15:39.3605196Z + ajv 8.17.1
2026-09-12T01:15:39.3626815Z + ajv-formats 3.0.1
2026-09-12T01:15:39.3627464Z + d3-geo 3.1.1
2026-09-12T01:15:39.3628092Z + d3-scale 4.0.2
2026-09-12T01:15:39.3628684Z + echarts 6.0.0
2026-09-12T01:15:39.3629293Z + js-yaml 4.1.0
2026-09-12T01:15:39.3629926Z + luxon 3.7.2
2026-09-12T01:15:39.3631654Z + pg 8.16.3
2026-09-12T01:15:39.3632291Z + react 19.2.0
2026-09-12T01:15:39.3632940Z + react-dom 19.2.0
2026-09-12T01:15:39.3633751Z + react-window 1.8.11
2026-09-12T01:15:39.3634533Z + topojson-client 3.1.0
2026-09-12T01:15:39.3660522Z + vega 6.2.0
2026-09-12T01:15:39.3662609Z + vega-embed 7.1.0
2026-09-12T01:15:39.3672551Z + zod 4.1.12
2026-09-12T01:15:39.3678034Z 
2026-09-12T01:15:39.3678476Z devDependencies:
2026-09-12T01:15:39.3679281Z + @chromatic-com/storybook 4.1.1
2026-09-12T01:15:39.3680848Z + @oods/a11y-tools 0.1.0 <- packages/a11y-tools
2026-09-12T01:15:39.3683264Z + @oods/component-contracts 0.1.0 <- packages/component-contracts
2026-09-12T01:15:39.3684386Z + @oods/tokens 0.1.0 <- packages/tokens
2026-09-12T01:15:39.3692541Z + @oods/viz-core 0.1.0 <- packages/viz-core
2026-09-12T01:15:39.3693406Z + @playwright/test 1.56.1
2026-09-12T01:15:39.3694189Z + @storybook/addon-a11y 9.1.10
2026-09-12T01:15:39.3694941Z + @storybook/addon-docs 9.1.10
2026-09-12T01:15:39.3695720Z + @storybook/addon-onboarding 9.1.10
2026-09-12T01:15:39.3696565Z + @storybook/mdx2-csf 1.1.0
2026-09-12T01:15:39.3702147Z + @storybook/react 9.1.10
2026-09-12T01:15:39.3703192Z + @storybook/react-vite 9.1.10
2026-09-12T01:15:39.3704298Z + @testing-library/dom 10.4.1
2026-09-12T01:15:39.3705412Z + @testing-library/jest-dom 6.9.1
2026-09-12T01:15:39.3706741Z + @testing-library/react 16.3.0
2026-09-12T01:15:39.3707599Z + @testing-library/user-event 14.6.1
2026-09-12T01:15:39.3708659Z + @tokens-studio/sd-transforms 1.3.0
2026-09-12T01:15:39.3709877Z + @types/d3-geo 3.1.0
2026-09-12T01:15:39.3710593Z + @types/d3-scale 4.0.9
2026-09-12T01:15:39.3712171Z + @types/js-yaml 4.0.9
2026-09-12T01:15:39.3712868Z + @types/luxon 3.7.1
2026-09-12T01:15:39.3728884Z + @types/node 20.19.21
2026-09-12T01:15:39.3753052Z + @types/pg 8.15.6
2026-09-12T01:15:39.3754734Z + @types/react 19.2.2
2026-09-12T01:15:39.3755945Z + @types/react-dom 19.2.2
2026-09-12T01:15:39.3757929Z + @types/react-window 1.8.8
2026-09-12T01:15:39.3780231Z + @types/semver 7.7.1
2026-09-12T01:15:39.3781542Z + @types/sql.js 1.4.9
2026-09-12T01:15:39.3782659Z + @typescript-eslint/eslint-plugin 6.21.0
2026-09-12T01:15:39.3784152Z + @typescript-eslint/parser 6.21.0
2026-09-12T01:15:39.3796068Z + @vitejs/plugin-react 5.0.4
2026-09-12T01:15:39.3808068Z + @vitest/browser 3.2.4
2026-09-12T01:15:39.3811805Z + @vitest/coverage-v8 3.2.4
2026-09-12T01:15:39.3814095Z + axe-core 4.11.0
2026-09-12T01:15:39.3831809Z + colorjs.io 0.5.2
2026-09-12T01:15:39.3844627Z + dotenv 17.4.2
2026-09-12T01:15:39.3845422Z + eslint 8.57.1
2026-09-12T01:15:39.3846168Z + eslint-plugin-storybook 9.1.10
2026-09-12T01:15:39.3846852Z + globals 17.6.0
2026-09-12T01:15:39.3847474Z + jsdom 24.1.3
2026-09-12T01:15:39.3848209Z + json-schema-to-typescript 13.1.2
2026-09-12T01:15:39.3849042Z + markdown-to-jsx 7.7.15
2026-09-12T01:15:39.3850058Z + pg-mem 3.0.5
2026-09-12T01:15:39.3850677Z + playwright 1.56.1
2026-09-12T01:15:39.3851536Z + postcss 8.5.28
2026-09-12T01:15:39.3866588Z + prettier 3.6.2
2026-09-12T01:15:39.3872978Z + rimraf 5.0.10
2026-09-12T01:15:39.3885624Z + semver 7.7.3
2026-09-12T01:15:39.3942476Z + sql.js 1.13.0
2026-09-12T01:15:39.3943130Z + storybook 9.1.10
2026-09-12T01:15:39.3944034Z + style-dictionary 4.4.0
2026-09-12T01:15:39.3945346Z + tailwindcss 3.4.18
2026-09-12T01:15:39.3946248Z + tsup 8.5.0
2026-09-12T01:15:39.3947378Z + tsx 4.20.6
2026-09-12T01:15:39.3948250Z + typescript 5.3.3
2026-09-12T01:15:39.3949342Z + vega-lite 6.4.1
2026-09-12T01:15:39.3950223Z + vite-tsconfig-paths 5.1.4
2026-09-12T01:15:39.3951621Z + vitest 3.2.4
2026-09-12T01:15:39.3960288Z + vitest-axe 0.1.0
2026-09-12T01:15:39.3960577Z 
2026-09-12T01:15:39.4316174Z . prepare$ node tools/token-lint/setup-precommit.mjs
2026-09-12T01:15:39.4723038Z . prepare: No .git directory detected; skipping pre-commit hook installation.
2026-09-12T01:15:39.4750435Z . prepare: Done
2026-09-12T01:15:39.4912577Z Done in 5s
2026-09-12T01:15:39.5286234Z ##[group]Run pnpm exec tsc --noEmit
2026-09-12T01:15:39.5286604Z [36;1mpnpm exec tsc --noEmit[0m
2026-09-12T01:15:39.5324394Z shell: /usr/bin/bash -e {0}
2026-09-12T01:15:39.5324677Z env:
2026-09-12T01:15:39.5324888Z   NODE_VERSION: 24
2026-09-12T01:15:39.5325183Z   PNPM_HOME: /home/runner/setup-pnpm/node_modules/.bin
2026-09-12T01:15:39.5325517Z ##[endgroup]
2026-09-12T01:15:59.5746859Z ##[group]Run pnpm --filter @oods/tokens run build
2026-09-12T01:15:59.5747583Z [36;1mpnpm --filter @oods/tokens run build[0m
2026-09-12T01:15:59.5834028Z shell: /usr/bin/bash -e {0}
2026-09-12T01:15:59.5834318Z env:
2026-09-12T01:15:59.5834532Z   NODE_VERSION: 24
2026-09-12T01:15:59.5834830Z   PNPM_HOME: /home/runner/setup-pnpm/node_modules/.bin
2026-09-12T01:15:59.5835176Z ##[endgroup]
2026-09-12T01:16:00.0705066Z 
2026-09-12T01:16:00.0710922Z > @oods/tokens@0.1.0 build /home/runner/work/OODS-Forge/OODS-Forge/packages/tokens
2026-09-12T01:16:00.0712901Z > rimraf dist && node ./scripts/build.mjs && node ./scripts/build-entry.mjs
2026-09-12T01:16:00.0714054Z 
2026-09-12T01:16:00.4387326Z ✔︎ collision guard: no non-exempt collisions across 6 scopes
2026-09-12T01:16:00.4390054Z Building design tokens with Style Dictionary…
2026-09-12T01:16:00.5300311Z 
2026-09-12T01:16:00.5332411Z Token collisions detected (9):
2026-09-12T01:16:00.5333720Z Use log.verbosity "verbose" or use CLI option --verbose for more details.
2026-09-12T01:16:00.5336497Z Refer to: https://styledictionary.com/reference/logging/
2026-09-12T01:16:01.0473695Z 
2026-09-12T01:16:01.0474852Z ios-swift
2026-09-12T01:16:01.0492360Z ! dist/ios-swift/OodsTokens.swift, does not exist
2026-09-12T01:16:01.0511705Z 
2026-09-12T01:16:01.0518682Z compose
2026-09-12T01:16:01.0532152Z ! dist/compose/OodsTokens.kt, does not exist
2026-09-12T01:16:01.1856602Z 
2026-09-12T01:16:01.1857471Z ts
2026-09-12T01:16:01.1858332Z ! dist/ts/tokens.ts, does not exist
2026-09-12T01:16:01.1869345Z 
2026-09-12T01:16:01.1869804Z tailwind
2026-09-12T01:16:01.1870761Z ! dist/tailwind/tokens.json, does not exist
2026-09-12T01:16:02.0738633Z 
2026-09-12T01:16:02.0745360Z ios-swift
2026-09-12T01:16:02.0746844Z ✔︎ dist/ios-swift/OodsTokens.swift
2026-09-12T01:16:02.0747666Z 
2026-09-12T01:16:02.0748091Z compose
2026-09-12T01:16:02.0748956Z ✔︎ dist/compose/OodsTokens.kt
2026-09-12T01:16:02.1449416Z 
2026-09-12T01:16:02.1450158Z ts
2026-09-12T01:16:02.1451530Z ✔︎ dist/ts/tokens.ts
2026-09-12T01:16:02.1452157Z 
2026-09-12T01:16:02.1452509Z tailwind
2026-09-12T01:16:02.1453197Z ✔︎ dist/tailwind/tokens.json
2026-09-12T01:16:02.2301074Z 
2026-09-12T01:16:02.2302078Z Token collisions detected (9):
2026-09-12T01:16:02.2303231Z Use log.verbosity "verbose" or use CLI option --verbose for more details.
2026-09-12T01:16:02.2304372Z Refer to: https://styledictionary.com/reference/logging/
2026-09-12T01:16:02.4367613Z 
2026-09-12T01:16:02.4368398Z css
2026-09-12T01:16:02.4369626Z ✔︎ dist/css/tokens.css
2026-09-12T01:16:02.4827279Z 
2026-09-12T01:16:02.4827995Z Token collisions detected (9):
2026-09-12T01:16:02.4829160Z Use log.verbosity "verbose" or use CLI option --verbose for more details.
2026-09-12T01:16:02.4830355Z Refer to: https://styledictionary.com/reference/logging/
2026-09-12T01:16:02.6465169Z 
2026-09-12T01:16:02.6466092Z css
2026-09-12T01:16:02.6467158Z ✔︎ dist/css/tokens.css
2026-09-12T01:16:02.8007127Z 
2026-09-12T01:16:02.8045144Z Token collisions detected (257):
2026-09-12T01:16:02.8052416Z Use log.verbosity "verbose" or use CLI option --verbose for more details.
2026-09-12T01:16:02.8060188Z Refer to: https://styledictionary.com/reference/logging/
2026-09-12T01:16:02.9460595Z 
2026-09-12T01:16:02.9461539Z css
2026-09-12T01:16:02.9462597Z ✔︎ dist/css/tokens.css
2026-09-12T01:16:03.0822062Z 
2026-09-12T01:16:03.0842532Z Token collisions detected (234):
2026-09-12T01:16:03.0856039Z Use log.verbosity "verbose" or use CLI option --verbose for more details.
2026-09-12T01:16:03.0872245Z Refer to: https://styledictionary.com/reference/logging/
2026-09-12T01:16:03.2322377Z 
2026-09-12T01:16:03.2323241Z css
2026-09-12T01:16:03.2324303Z ✔︎ dist/css/tokens.css
2026-09-12T01:16:03.3868783Z 
2026-09-12T01:16:03.3870188Z Token collisions detected (9):
2026-09-12T01:16:03.3871604Z Use log.verbosity "verbose" or use CLI option --verbose for more details.
2026-09-12T01:16:03.3872882Z Refer to: https://styledictionary.com/reference/logging/
2026-09-12T01:16:03.5362817Z 
2026-09-12T01:16:03.5365277Z css
2026-09-12T01:16:03.5366462Z ✔︎ dist/css/tokens.css
2026-09-12T01:16:03.6804336Z 
2026-09-12T01:16:03.6805180Z Token collisions detected (257):
2026-09-12T01:16:03.6806393Z Use log.verbosity "verbose" or use CLI option --verbose for more details.
2026-09-12T01:16:03.6807629Z Refer to: https://styledictionary.com/reference/logging/
2026-09-12T01:16:03.8236099Z 
2026-09-12T01:16:03.8236683Z css
2026-09-12T01:16:03.8237667Z ✔︎ dist/css/tokens.css
2026-09-12T01:16:03.9542503Z 
2026-09-12T01:16:03.9543417Z Token collisions detected (234):
2026-09-12T01:16:03.9544736Z Use log.verbosity "verbose" or use CLI option --verbose for more details.
2026-09-12T01:16:03.9545961Z Refer to: https://styledictionary.com/reference/logging/
2026-09-12T01:16:04.1345066Z 
2026-09-12T01:16:04.1345761Z css
2026-09-12T01:16:04.1346869Z ✔︎ dist/css/tokens.css
2026-09-12T01:16:04.2652359Z 
2026-09-12T01:16:04.2654008Z Token collisions detected (9):
2026-09-12T01:16:04.2655366Z Use log.verbosity "verbose" or use CLI option --verbose for more details.
2026-09-12T01:16:04.2656609Z Refer to: https://styledictionary.com/reference/logging/
2026-09-12T01:16:04.4129572Z ✔︎ tokens built successfully in 3.98s
2026-09-12T01:16:04.4130691Z    css:      dist/css/tokens.css (6 brand × theme scopes)
2026-09-12T01:16:04.4131846Z    types:    dist/ts/tokens.ts
2026-09-12T01:16:04.4132604Z    tailwind: dist/tailwind/tokens.json
2026-09-12T01:16:04.4133360Z    ios:      dist/ios-swift/OodsTokens.swift
2026-09-12T01:16:04.4134098Z    compose:  dist/compose/OodsTokens.kt
2026-09-12T01:16:04.5306442Z ##[group]Run pnpm --filter @oods/viz-core run typecheck
2026-09-12T01:16:04.5307175Z [36;1mpnpm --filter @oods/viz-core run typecheck[0m
2026-09-12T01:16:04.5358337Z shell: /usr/bin/bash -e {0}
2026-09-12T01:16:04.5358618Z env:
2026-09-12T01:16:04.5358831Z   NODE_VERSION: 24
2026-09-12T01:16:04.5359116Z   PNPM_HOME: /home/runner/setup-pnpm/node_modules/.bin
2026-09-12T01:16:04.5359440Z ##[endgroup]
2026-09-12T01:16:05.0435572Z 
2026-09-12T01:16:05.0436900Z > @oods/viz-core@0.1.0 typecheck /home/runner/work/OODS-Forge/OODS-Forge/packages/viz-core
2026-09-12T01:16:05.0438412Z > tsc --noEmit -p tsconfig.json
2026-09-12T01:16:05.0439088Z 
2026-09-12T01:16:09.9603434Z ##[group]Run node scripts/quality/build-stories-ratchet.mjs
2026-09-12T01:16:09.9604232Z [36;1mnode scripts/quality/build-stories-ratchet.mjs[0m
2026-09-12T01:16:09.9656838Z shell: /usr/bin/bash -e {0}
2026-09-12T01:16:09.9657309Z env:
2026-09-12T01:16:09.9657663Z   NODE_VERSION: 24
2026-09-12T01:16:09.9658160Z   PNPM_HOME: /home/runner/setup-pnpm/node_modules/.bin
2026-09-12T01:16:09.9659054Z ##[endgroup]
2026-09-12T01:16:27.9091721Z build:stories holds at the pin: 0 type errors.
2026-09-12T01:16:27.9235218Z Node 20 is being deprecated. This workflow is running with Node 24 by default. If you need to temporarily use Node 20, you can set the ACTIONS_ALLOW_USE_UNSECURE_NODE_VERSION=true environment variable. For more information see: https://github.blog/changelog/2025-09-19-deprecation-of-node-20-on-github-actions-runners/
2026-09-12T01:16:27.9236471Z Post job cleanup.
2026-09-12T01:16:28.0569103Z (node:2325) [DEP0040] DeprecationWarning: The `punycode` module is deprecated. Please use a userland alternative instead.
2026-09-12T01:16:28.0570911Z (Use `node --trace-deprecation ...` to show where the warning was created)
2026-09-12T01:16:28.0573615Z Cache hit occurred on the primary key node-cache-Linux-x64-pnpm-575290c1778133c82f44b50f7de059cbeee877a37bdee24ee6acaecd39951ea1, not saving cache.
2026-09-12T01:16:28.0702448Z Node 20 is being deprecated. This workflow is running with Node 24 by default. If you need to temporarily use Node 20, you can set the ACTIONS_ALLOW_USE_UNSECURE_NODE_VERSION=true environment variable. For more information see: https://github.blog/changelog/2025-09-19-deprecation-of-node-20-on-github-actions-runners/
2026-09-12T01:16:28.0703706Z Post job cleanup.
2026-09-12T01:16:28.2342109Z Pruning is unnecessary.
2026-09-12T01:16:28.2587756Z Node 20 is being deprecated. This workflow is running with Node 24 by default. If you need to temporarily use Node 20, you can set the ACTIONS_ALLOW_USE_UNSECURE_NODE_VERSION=true environment variable. For more information see: https://github.blog/changelog/2025-09-19-deprecation-of-node-20-on-github-actions-runners/
2026-09-12T01:16:28.2589922Z Post job cleanup.
2026-09-12T01:16:28.3990988Z [command]/usr/bin/git version
2026-09-12T01:16:28.4089088Z git version 2.55.0
2026-09-12T01:16:28.4228242Z Temporarily overriding HOME='/home/runner/work/_temp/d19cae39-faa0-4b65-9e16-2256a4a36b8b' before making global git config changes
2026-09-12T01:16:28.4252691Z Adding repository directory to the temporary git global config as a safe directory
2026-09-12T01:16:28.4263288Z [command]/usr/bin/git config --global --add safe.directory /home/runner/work/OODS-Forge/OODS-Forge
2026-09-12T01:16:28.4384380Z [command]/usr/bin/git config --local --name-only --get-regexp core\.sshCommand
2026-09-12T01:16:28.4473611Z [command]/usr/bin/git submodule foreach --recursive sh -c "git config --local --name-only --get-regexp 'core\.sshCommand' && git config --local --unset-all 'core.sshCommand' || :"
2026-09-12T01:16:28.5302954Z [command]/usr/bin/git config --local --name-only --get-regexp http\.https\:\/\/github\.com\/\.extraheader
2026-09-12T01:16:28.5386478Z http.https://github.com/.extraheader
2026-09-12T01:16:28.5413539Z [command]/usr/bin/git config --local --unset-all http.https://github.com/.extraheader
2026-09-12T01:16:28.5533523Z [command]/usr/bin/git submodule foreach --recursive sh -c "git config --local --name-only --get-regexp 'http\.https\:\/\/github\.com\/\.extraheader' && git config --local --unset-all 'http.https://github.com/.extraheader' || :"
2026-09-12T01:16:28.6092550Z [command]/usr/bin/git config --local --name-only --get-regexp ^includeIf\.gitdir:
2026-09-12T01:16:28.6172463Z [command]/usr/bin/git submodule foreach --recursive git config --local --show-origin --name-only --get-regexp remote.origin.url
2026-09-12T01:16:28.6823666Z Cleaning up orphan processes
2026-09-12T01:16:28.7085435Z ##[warning]Node.js 20 is deprecated. The following actions target Node.js 20 but are being forced to run on Node.js 24: actions/checkout@v4, actions/setup-node@v4, pnpm/action-setup@v4. For more information see: https://github.blog/changelog/2025-09-19-deprecation-of-node-20-on-github-actions-runners/
