
> @oods/viz-core@0.1.0 build /Users/systemsystems/portfolio/Design-Tools/OODS-Forge/.worktrees/s204/packages/viz-core
> rimraf dist && tsup --config tsup.config.ts

CLI Building entry: src/index.ts
CLI Using tsconfig: tsconfig.json
CLI tsup v8.5.0
CLI Using tsup config: /Users/systemsystems/portfolio/Design-Tools/OODS-Forge/.worktrees/s204/packages/viz-core/tsup.config.ts
CLI Target: node20
CLI Cleaning output folder
ESM Build start
CJS Build start
DTS Build start
CJS dist/index.cjs     740.19 KB
CJS dist/index.cjs.map 1.78 MB
CJS ⚡️ Build success in 2498ms
ESM dist/index.js     735.25 KB
ESM dist/index.js.map 1.78 MB
ESM ⚡️ Build success in 2499ms
DTS ⚡️ Build success in 3876ms
DTS dist/index.d.ts  307.39 KB
DTS dist/index.d.cts 307.39 KB
