$ npm pack <package-source-root>/packages/component-contracts --json --pack-destination <package-source-root>/artifacts/product-reality/sprint-200/m02/runtime/submitted-packages/tarballs
exitCode=0
signal=

[stdout]

> @oods/component-contracts@0.1.0 build <package-source-root>/packages/component-contracts
> rimraf dist && tsup --config tsup.config.ts

CLI Building entry: src/index.ts
CLI Using tsconfig: tsconfig.json
CLI tsup v8.5.0
CLI Using tsup config: <package-source-root>/packages/component-contracts/tsup.config.ts
CLI Target: es2022
CLI Cleaning output folder
ESM Build start
CJS Build start
DTS Build start
CJS dist/index.cjs 909.86 KB
CJS ⚡️ Build success in 341ms
ESM dist/index.js 908.01 KB
ESM ⚡️ Build success in 343ms
DTS ⚡️ Build success in 1192ms
DTS dist/index.d.ts  109.34 KB
DTS dist/index.d.cts 109.34 KB
[
  {
    "id": "@oods/component-contracts@0.1.0",
    "name": "@oods/component-contracts",
    "version": "0.1.0",
    "size": 204907,
    "unpackedSize": 3672149,
    "shasum": "db5ebeba73fc5e7732dbc5b9181dac7ec723ba44",
    "integrity": "sha512-Jx+HFKTQvOVrIhQJpY/fn1ZluRfgcWDaomyV1tSfeQ0/83CclwAxP7V2N/2vF7/siYWLGRgNE/ytyndNkMXgYw==",
    "filename": "oods-component-contracts-0.1.0.tgz",
    "files": [
      {
        "path": "dist/index.cjs",
        "size": 931693,
        "mode": 420
      },
      {
        "path": "dist/index.d.cts",
        "size": 111969,
        "mode": 420
      },
      {
        "path": "dist/index.d.ts",
        "size": 111969,
        "mode": 420
      },
      {
        "path": "dist/index.js",
        "size": 929799,
        "mode": 420
      },
      {
        "path": "package.json",
        "size": 1267,
        "mode": 420
      },
      {
        "path": "registry/component-capability-additions.v1.json",
        "size": 3441,
        "mode": 420
      },
      {
        "path": "registry/component-capability-baseline.v1.json",
        "size": 172138,
        "mode": 420
      },
      {
        "path": "registry/component-capability-closeout.s182.v1.json",
        "size": 255063,
        "mode": 420
      },
      {
        "path": "registry/component-capability-foundation-v1.s182.v1.json",
        "size": 259610,
        "mode": 420
      },
      {
        "path": "registry/component-capability-ledger.v1.json",
        "size": 486983,
        "mode": 420
      },
      {
        "path": "registry/component-intake.v1.json",
        "size": 68180,
        "mode": 420
      },
      {
        "path": "registry/component-obligation-scope.v1.json",
        "size": 234,
        "mode": 420
      },
      {
        "path": "registry/component-reconciliation.proposed.v1.json",
        "size": 49235,
        "mode": 420
      },
      {
        "path": "registry/component-reconciliation.proposed.v2.json",
        "size": 118430,
        "mode": 420
      },
      {
        "path": "registry/historical/component-capability-baseline.v1.json",
        "size": 172138,
        "mode": 420
      }
    ],
    "entryCount": 15,
    "bundled": []
  }
]

[stderr]
npm warn Unknown project config "link-workspace-packages". This will stop working in the next major version of npm.

> @oods/component-contracts@0.1.0 prepack
> pnpm run build
