$ npm pack <repository-root>/packages/components-vue --json --pack-destination <repository-root>/artifacts/product-reality/sprint-191/m02/packed/submitted-packages/tarballs
exitCode=0
signal=

[stdout]

> @oods/components-vue@0.1.0 build <repository-root>/packages/components-vue
> rimraf dist && tsup --config tsup.config.ts && tsup --config tsup.ported.config.ts

CLI Building entry: src/index.ts
CLI Using tsconfig: tsconfig.json
CLI tsup v8.5.0
CLI Using tsup config: <repository-root>/packages/components-vue/tsup.config.ts
CLI Target: es2022
CLI Cleaning output folder
ESM Build start
CJS Build start
ESM dist/index.js 111.82 KB
ESM ⚡️ Build success in 155ms
CJS dist/index.cjs 115.38 KB
CJS ⚡️ Build success in 156ms
DTS Build start
DTS ⚡️ Build success in 1719ms
DTS dist/index.d.ts  105.21 KB
DTS dist/index.d.cts 105.21 KB
CLI Building entry: src/ported.ts
CLI Using tsconfig: tsconfig.json
CLI tsup v8.5.0
CLI Using tsup config: <repository-root>/packages/components-vue/tsup.ported.config.ts
CLI Target: es2022
ESM Build start
CJS Build start
ESM dist/ported.js 34.91 KB
ESM ⚡️ Build success in 80ms
CJS dist/ported.cjs 35.44 KB
CJS ⚡️ Build success in 80ms
DTS Build start
DTS ⚡️ Build success in 1678ms
DTS dist/ported.d.ts  20.67 KB
DTS dist/ported.d.cts 20.67 KB
[
  {
    "id": "@oods/components-vue@0.1.0",
    "name": "@oods/components-vue",
    "version": "0.1.0",
    "size": 84615,
    "unpackedSize": 662982,
    "shasum": "eb34dc408b603fce0564c3f92e16e72d154f8c85",
    "integrity": "sha512-/rsTjq6Gbng4Q5U39xAvglV8j28nVzYQyy3Dn4j7G2I4s2Aw75HOXP/jt0DDLYdgKRc77sZ6kA2Gtv9pRPItsg==",
    "filename": "oods-components-vue-0.1.0.tgz",
    "files": [
      {
        "path": "dist/index.cjs",
        "size": 118148,
        "mode": 420
      },
      {
        "path": "dist/index.d.cts",
        "size": 107732,
        "mode": 420
      },
      {
        "path": "dist/index.d.ts",
        "size": 107732,
        "mode": 420
      },
      {
        "path": "dist/index.js",
        "size": 114505,
        "mode": 420
      },
      {
        "path": "dist/ported.cjs",
        "size": 36294,
        "mode": 420
      },
      {
        "path": "dist/ported.d.cts",
        "size": 21165,
        "mode": 420
      },
      {
        "path": "dist/ported.d.ts",
        "size": 21165,
        "mode": 420
      },
      {
        "path": "dist/ported.js",
        "size": 35750,
        "mode": 420
      },
      {
        "path": "evidence/vue-readiness-ported.v1.json",
        "size": 7829,
        "mode": 420
      },
      {
        "path": "evidence/vue-readiness.v1.json",
        "size": 90859,
        "mode": 420
      },
      {
        "path": "package.json",
        "size": 1803,
        "mode": 420
      }
    ],
    "entryCount": 11,
    "bundled": []
  }
]

[stderr]
npm warn Unknown project config "link-workspace-packages". This will stop working in the next major version of npm.

> @oods/components-vue@0.1.0 prepack
> pnpm run build
