
> @oods/component-contracts@0.1.0 test /Users/systemsystems/portfolio/Design-Tools/OODS-Forge/.worktrees/s205/packages/component-contracts
> vitest run --config vitest.config.ts


 RUN  v3.2.4 /Users/systemsystems/portfolio/Design-Tools/OODS-Forge/.worktrees/s205/packages/component-contracts

 ✓ test/trait-recipes.spec.ts (3 tests) 14ms
 ✓ test/contracts.spec.ts (7 tests) 10ms
 ✓ test/breadth-contracts.s186.spec.ts (48 tests) 12ms
 ✓ test/disputed.spec.ts (3 tests) 25ms
 ✓ test/record-events.s198.spec.ts (3 tests) 22ms
 ✓ test/static-svg.spec.ts (31 tests) 5ms
 ✓ test/ported-contracts.s184.spec.ts (4 tests) 9ms
 ✓ test/breadth-contracts.s185.spec.ts (15 tests) 17ms
 ✓ test/measured-contracts.s192.spec.ts (3 tests) 15ms
 ✓ test/workflow-states.s184.spec.ts (2 tests) 7ms
 ✓ test/breadth-contracts.s187.spec.ts (15 tests) 5ms
 ✓ test/contract-amendments.s184.spec.ts (2 tests) 9ms
 ✓ test/read-only-collections.s198.spec.ts (2 tests) 3ms
 ✓ test/viz-controls.spec.ts (6 tests) 6ms
 ✓ test/measured-ledger.s192.spec.ts (2 tests) 866ms
   ✓ Sprint 192 evidence-derived ledger and pending classification > retains historical bytes while exposing the new, still-unapproved proposal  839ms
 ✓ test/readiness-measurements.s192.spec.ts (4 tests) 1355ms
   ✓ readiness publishes measured semantics > react: theme claims require measured roots in all six cells  791ms
   ✓ readiness publishes measured semantics > vue: theme claims require measured roots in all six cells  540ms
 ✓ test/baseline-fold.s185.spec.ts (9 tests) 550ms

 Test Files  17 passed (17)
      Tests  159 passed (159)
   Start at  05:36:32
   Duration  4.21s (transform 428ms, setup 0ms, collect 5.36s, tests 2.93s, environment 2ms, prepare 1.05s)

