react: fresh-exact-tarball-install=passed, strict-typecheck=passed, production-build=passed, server-render=passed, mount=passed, hydration=passed, shared-css-resolution=passed, interaction-evidence=passed
vue: fresh-exact-tarball-install=passed, strict-typecheck=passed, production-build=passed, server-render=passed, mount=passed, hydration=passed, shared-css-resolution=passed, interaction-evidence=passed
Workflow packed gates: Article passed
react: fresh-exact-tarball-install=passed, strict-typecheck=passed, production-build=passed, server-render=passed, mount=passed, hydration=passed, shared-css-resolution=passed, interaction-evidence=passed
vue: fresh-exact-tarball-install=passed, strict-typecheck=passed, production-build=passed, server-render=passed, mount=passed, hydration=passed, shared-css-resolution=passed, interaction-evidence=passed
Workflow packed gates: Media passed
react: fresh-exact-tarball-install=passed, strict-typecheck=passed, production-build=passed, server-render=passed, mount=passed, hydration=passed, shared-css-resolution=passed, interaction-evidence=passed
vue: fresh-exact-tarball-install=passed, strict-typecheck=passed, production-build=passed, server-render=passed, mount=passed, hydration=passed, shared-css-resolution=passed, interaction-evidence=passed
Workflow packed gates: Organization passed
react: fresh-exact-tarball-install=passed, strict-typecheck=passed, production-build=passed, server-render=passed, mount=passed, hydration=passed, shared-css-resolution=passed, interaction-evidence=passed
vue: fresh-exact-tarball-install=passed, strict-typecheck=passed, production-build=passed, server-render=passed, mount=passed, hydration=passed, shared-css-resolution=passed, interaction-evidence=passed
Workflow packed gates: Product passed
react: fresh-exact-tarball-install=passed, strict-typecheck=passed, production-build=passed, server-render=passed, mount=passed, hydration=passed, shared-css-resolution=passed, interaction-evidence=passed
vue: fresh-exact-tarball-install=passed, strict-typecheck=passed, production-build=passed, server-render=passed, mount=passed, hydration=passed, shared-css-resolution=passed, interaction-evidence=passed
Workflow packed gates: Relationship passed
react: fresh-exact-tarball-install=passed, strict-typecheck=passed, production-build=passed, server-render=passed, mount=passed, hydration=passed, shared-css-resolution=passed, interaction-evidence=passed
vue: fresh-exact-tarball-install=passed, strict-typecheck=passed, production-build=passed, server-render=passed, mount=passed, hydration=passed, shared-css-resolution=passed, interaction-evidence=passed
Workflow packed gates: Subscription passed
react: fresh-exact-tarball-install=passed, strict-typecheck=passed, production-build=passed, server-render=passed, mount=passed, hydration=passed, shared-css-resolution=passed, interaction-evidence=passed
vue: fresh-exact-tarball-install=passed, strict-typecheck=passed, production-build=passed, server-render=passed, mount=passed, hydration=passed, shared-css-resolution=passed, interaction-evidence=passed
Workflow packed gates: User passed
