{
  "generatedFile": "src/GeneratedUI.vue",
  "bindingMarkerCount": 0,
  "actionSelectors": [],
  "generatedOwnsEverySelector": true,
  "generatedForwardsEveryAction": true,
  "consumerEntryFiles": [
    "index.html",
    "src/consumer-data.ts",
    "src/consumer.css",
    "src/main.ts",
    "src/ssr.ts",
    "src/window.d.ts",
    "tsconfig.json",
    "vite.config.mjs"
  ],
  "selectorOccurrencesInConsumerEntries": 0,
  "consumerComponentDeclarations": [],
  "interaction": {
    "kind": "tabs",
    "nodeId": "detail-tabs-9",
    "component": "Tabs",
    "selector": "[id=\"detail-tabs-9\"]"
  },
  "generatedInteractionNodeOccurrences": 1
}
