react-BillingSummaryBadge pre-green: observing all 6 cells
react-BillingSummaryBadge selected-red: building only @oods/components-react
react-BillingSummaryBadge selected-red: observing all 6 cells
react-BillingSummaryBadge restored-green: building only @oods/components-react
react-BillingSummaryBadge restored-green: observing all 6 cells
react/BillingSummaryBadge: selected cell red, other 5 green, all 6 restored
react-BillingAmountInput pre-green: observing all 6 cells
react-BillingAmountInput selected-red: building only @oods/components-react
react-BillingAmountInput selected-red: observing all 6 cells
react-BillingAmountInput restored-green: building only @oods/components-react
react-BillingAmountInput restored-green: observing all 6 cells
react/BillingAmountInput: selected cell red, other 5 green, all 6 restored
react-BillingIntervalSelector pre-green: observing all 6 cells
react-BillingIntervalSelector selected-red: building only @oods/components-react
react-BillingIntervalSelector selected-red: observing all 6 cells
react-BillingIntervalSelector restored-green: building only @oods/components-react
react-BillingIntervalSelector restored-green: observing all 6 cells
react/BillingIntervalSelector: selected cell red, other 5 green, all 6 restored
vue-BillingSummaryBadge pre-green: observing all 6 cells
vue-BillingSummaryBadge selected-red: building only @oods/components-vue
vue-BillingSummaryBadge selected-red: observing all 6 cells
vue-BillingSummaryBadge restored-green: building only @oods/components-vue
vue-BillingSummaryBadge restored-green: observing all 6 cells
vue/BillingSummaryBadge: selected cell red, other 5 green, all 6 restored
vue-BillingAmountInput pre-green: observing all 6 cells
vue-BillingAmountInput selected-red: building only @oods/components-vue
vue-BillingAmountInput selected-red: observing all 6 cells
vue-BillingAmountInput restored-green: building only @oods/components-vue
vue-BillingAmountInput restored-green: observing all 6 cells
vue/BillingAmountInput: selected cell red, other 5 green, all 6 restored
vue-BillingIntervalSelector pre-green: observing all 6 cells
vue-BillingIntervalSelector selected-red: building only @oods/components-vue
vue-BillingIntervalSelector selected-red: observing all 6 cells
vue-BillingIntervalSelector restored-green: building only @oods/components-vue
vue-BillingIntervalSelector restored-green: observing all 6 cells
vue/BillingIntervalSelector: selected cell red, other 5 green, all 6 restored
