{
  "calls": {
    "certify": {
      "conformant": true,
      "coverage": "certified",
      "negativeCode": "OODS-V126",
      "pillars": {
        "a11yEquivalence": "pass",
        "accuracy": "pass",
        "contrast": "pass",
        "determinism": "pass"
      }
    },
    "dashboards": {
      "fourPanelHtmlSha256": "00b1df879b163369913d9504e1f3ae82d2444598133f1217ab80971cdcb17132",
      "repeatsIdentical": true,
      "twoPanelHtmlSha256": "732b4c3107acee107c7bb5ea662dd9df884b4f9c0cdbb3ecd05af283fa54c519"
    },
    "health": {
      "registry": {
        "components": 109,
        "lastSync": "2026-09-11T05:30:00Z",
        "objects": 11,
        "traits": 45
      },
      "status": "ok",
      "warnings": []
    },
    "primarySequenceCount": 8,
    "totalAcrossProcesses": 9,
    "viz": {
      "chartType": "bar",
      "contentHash": "2f192cce0365b6baae9c8ff41db0cc1bccd1cb1edc948683da8590e3f2b2442e"
    }
  },
  "extractionTree": {
    "after": "372d76bd45bffca5ebe68a23dafa5548024f96deef69286622fee138cde50c12",
    "before": "372d76bd45bffca5ebe68a23dafa5548024f96deef69286622fee138cde50c12",
    "unchanged": true
  },
  "healthPort": {
    "canaryPort": 55620,
    "inherited": false,
    "listenerAbsent": true
  },
  "lifecycle": {
    "primaryTermination": {
      "code": 0,
      "exited": true,
      "method": "stdin-close",
      "signal": null
    },
    "restart": {
      "initialized": true,
      "nativeHealth": "ok",
      "sigterm": {
        "alreadyExited": false,
        "code": 0,
        "forcedKill": false,
        "requestedSignal": "SIGTERM",
        "signal": null
      }
    },
    "stdinClose": {
      "code": 0,
      "exited": true,
      "signal": null
    }
  },
  "manifest": {
    "commit": "ebb307e69d062b23cb2641b3a904d52ae10374f9",
    "dirty": true,
    "file": "forge-runtime.manifest.json",
    "payloadTreeSha256": "35a3a9868ca8e5644ce20ce67350190805eb809c714328c18312cf88941cc4ac",
    "thirdPartyCount": 245
  },
  "status": "pass",
  "tools": {
    "count": 21,
    "names": [
      "tokens_build",
      "structuredData_fetch",
      "brand_apply",
      "brand_intake",
      "catalog_list",
      "code_generate",
      "design_compose",
      "design_preview",
      "pipeline",
      "health",
      "registry_snapshot",
      "viz_compose",
      "viz_render",
      "dashboard_render",
      "artifact_certify",
      "fidelity_preview",
      "map",
      "schema",
      "object",
      "repl",
      "review"
    ]
  }
}
