{
  "isolation": {
    "outsidePnpmWorkspace": true,
    "freshNodeModules": true,
    "emptyVerifierOwnedNpmConfiguration": true,
    "installScripts": false,
    "localPackagesFromBuiltTarballsOnly": true,
    "workspaceAliases": false,
    "workspaceSymlinks": false,
    "repositorySourceImports": false,
    "inheritedNodeModules": false,
    "allResolvedPathsOutsideRepository": true,
    "installed": [
      {
        "name": "@oods/tokens",
        "version": "0.1.0",
        "consumerRelative": "node_modules/@oods/tokens"
      },
      {
        "name": "@oods/component-contracts",
        "version": "0.1.0",
        "consumerRelative": "node_modules/@oods/component-contracts"
      },
      {
        "name": "@oods/component-styles",
        "version": "0.1.0",
        "consumerRelative": "node_modules/@oods/component-styles"
      },
      {
        "name": "@oods/components-react",
        "version": "0.1.0",
        "consumerRelative": "node_modules/@oods/components-react"
      }
    ]
  },
  "localTarballs": [
    {
      "name": "@oods/tokens",
      "version": "0.1.0",
      "installSpec": "file:./tarballs/oods-tokens-0.1.0.tgz",
      "sha256": "sha256:6fd4d0e57cc9e2f78dd6702d59d53227adc8cb88ed79f1192bafd199f4172940",
      "bytes": 179829
    },
    {
      "name": "@oods/component-contracts",
      "version": "0.1.0",
      "installSpec": "file:./tarballs/oods-component-contracts-0.1.0.tgz",
      "sha256": "sha256:20069655e1bcb702c6c1a1291e0ee80d164c119776884de1fee50aef05b0fb9b",
      "bytes": 83590
    },
    {
      "name": "@oods/component-styles",
      "version": "0.1.0",
      "installSpec": "file:./tarballs/oods-component-styles-0.1.0.tgz",
      "sha256": "sha256:ea71c428d77d35f7f385d35649a78295d1cf99e6241c967ff639c2d45cafca27",
      "bytes": 9822
    },
    {
      "name": "@oods/components-react",
      "version": "0.1.0",
      "installSpec": "file:./tarballs/oods-components-react-0.1.0.tgz",
      "sha256": "sha256:c65e50df029e787eed636795962f7311f729c57384278efc634288d6906e79cf",
      "bytes": 72080
    }
  ],
  "resolutions": [
    {
      "specifier": "@oods/component-styles/css",
      "consumerRelative": "node_modules/@oods/component-styles/dist/components.css"
    },
    {
      "specifier": "@oods/components-react",
      "consumerRelative": "node_modules/@oods/components-react/dist/index.js"
    },
    {
      "specifier": "react",
      "consumerRelative": "node_modules/react/index.js"
    },
    {
      "specifier": "react-dom/client",
      "consumerRelative": "node_modules/react-dom/client.js"
    },
    {
      "specifier": "react-dom/server",
      "consumerRelative": "node_modules/react-dom/server.node.js"
    },
    {
      "specifier": "vite",
      "consumerRelative": "node_modules/vite/dist/node/index.js"
    }
  ]
}
