$ npm pack <repository-root>/packages/component-styles --json --pack-destination /tmp/forge-s189-loop-m06/packages-hFckzN/submitted-packages/tarballs
exitCode=0
signal=

[stdout]

> @oods/component-styles@0.1.0 build <repository-root>/packages/component-styles
> rimraf dist && tsup --config tsup.config.ts && node scripts/copy-css.mjs

CLI Building entry: src/index.ts, src/ported.ts
CLI Using tsconfig: tsconfig.json
CLI tsup v8.5.0
CLI Using tsup config: <repository-root>/packages/component-styles/tsup.config.ts
CLI Target: es2022
ESM Build start
CJS Build start
CJS dist/index.cjs  1.97 KB
CJS dist/ported.cjs 1.93 KB
CJS ⚡️ Build success in 26ms
ESM dist/ported.js         513.00 B
ESM dist/index.js          143.00 B
ESM dist/chunk-FPEPL7UR.js 1.83 KB
ESM ⚡️ Build success in 26ms
DTS Build start
DTS ⚡️ Build success in 1108ms
DTS dist/index.d.ts   1.87 KB
DTS dist/ported.d.ts  500.00 B
DTS dist/index.d.cts  1.87 KB
DTS dist/ported.d.cts 500.00 B
[
  {
    "id": "@oods/component-styles@0.1.0",
    "name": "@oods/component-styles",
    "version": "0.1.0",
    "size": 11230,
    "unpackedSize": 82860,
    "shasum": "25a208d86f3b9d5697d6707b27f1261822ae8a59",
    "integrity": "sha512-vGzeU76hp+kObN25uE0Ej1pTVMc5/SE0W2ghDmKXENKd/9RKsfksBW6ygar2oiJp5MdoKpn088ottRfAqp6/SA==",
    "filename": "oods-component-styles-0.1.0.tgz",
    "files": [
      {
        "path": "dist/chunk-FPEPL7UR.js",
        "size": 1876,
        "mode": 420
      },
      {
        "path": "dist/components-ported.css",
        "size": 5586,
        "mode": 420
      },
      {
        "path": "dist/components.css",
        "size": 58245,
        "mode": 420
      },
      {
        "path": "dist/index.cjs",
        "size": 2021,
        "mode": 420
      },
      {
        "path": "dist/index.d.cts",
        "size": 1916,
        "mode": 420
      },
      {
        "path": "dist/index.d.ts",
        "size": 1916,
        "mode": 420
      },
      {
        "path": "dist/index.js",
        "size": 143,
        "mode": 420
      },
      {
        "path": "dist/ported.cjs",
        "size": 1978,
        "mode": 420
      },
      {
        "path": "dist/ported.d.cts",
        "size": 500,
        "mode": 420
      },
      {
        "path": "dist/ported.d.ts",
        "size": 500,
        "mode": 420
      },
      {
        "path": "dist/ported.js",
        "size": 513,
        "mode": 420
      },
      {
        "path": "dist/statusables.css",
        "size": 6329,
        "mode": 420
      },
      {
        "path": "package.json",
        "size": 1337,
        "mode": 420
      }
    ],
    "entryCount": 13,
    "bundled": []
  }
]

[stderr]
npm warn Unknown env config "enable-pre-post-scripts". This will stop working in the next major version of npm.
npm warn Unknown env config "store-dir". This will stop working in the next major version of npm.
npm warn Unknown env config "link-workspace-packages". This will stop working in the next major version of npm.
npm warn Unknown project config "link-workspace-packages". This will stop working in the next major version of npm.

> @oods/component-styles@0.1.0 prepack
> pnpm run build
