artifacts/product-reality/sprint-196/m07/measurement-archive/build-bridge.log:4: new blank line at EOF.
artifacts/product-reality/sprint-196/m07/measurement-archive/build-server.log:4: new blank line at EOF.
artifacts/product-reality/sprint-196/m07/release-runtime/workflows/Organization/react/source/src/store.ts:189: trailing whitespace.
+      
artifacts/product-reality/sprint-196/m07/release-runtime/workflows/Organization/vue/source/src/store.ts:189: trailing whitespace.
+      
artifacts/product-reality/sprint-196/m07/release-runtime/workflows/Subscription/react/source/src/store.ts:162: trailing whitespace.
+      
artifacts/product-reality/sprint-196/m07/release-runtime/workflows/Subscription/vue/source/src/store.ts:162: trailing whitespace.
+      
artifacts/product-reality/sprint-196/m07/release-runtime/workflows/User/react/source/src/store.ts:173: trailing whitespace.
+      
artifacts/product-reality/sprint-196/m07/release-runtime/workflows/User/vue/source/src/store.ts:173: trailing whitespace.
+      
artifacts/product-reality/sprint-196/m07/runtime/workflows/Article/react/source/src/store.ts:143: trailing whitespace.
+      
artifacts/product-reality/sprint-196/m07/runtime/workflows/Article/vue/source/src/store.ts:143: trailing whitespace.
+      
artifacts/product-reality/sprint-196/m07/runtime/workflows/Invoice/react/source/src/store.ts:173: trailing whitespace.
+      
artifacts/product-reality/sprint-196/m07/runtime/workflows/Invoice/vue/source/src/store.ts:173: trailing whitespace.
+      
artifacts/product-reality/sprint-196/m07/runtime/workflows/Media/react/source/src/store.ts:147: trailing whitespace.
+      
artifacts/product-reality/sprint-196/m07/runtime/workflows/Media/vue/source/src/store.ts:147: trailing whitespace.
+      
artifacts/product-reality/sprint-196/m07/runtime/workflows/Organization/react/source/src/store.ts:189: trailing whitespace.
+      
artifacts/product-reality/sprint-196/m07/runtime/workflows/Organization/vue/source/src/store.ts:189: trailing whitespace.
+      
artifacts/product-reality/sprint-196/m07/runtime/workflows/Plan/react/source/src/store.ts:153: trailing whitespace.
+      
artifacts/product-reality/sprint-196/m07/runtime/workflows/Plan/vue/source/src/store.ts:153: trailing whitespace.
+      
artifacts/product-reality/sprint-196/m07/runtime/workflows/Product/react/source/src/store.ts:165: trailing whitespace.
+      
artifacts/product-reality/sprint-196/m07/runtime/workflows/Product/vue/source/src/store.ts:165: trailing whitespace.
+      
artifacts/product-reality/sprint-196/m07/runtime/workflows/Relationship/react/source/src/store.ts:139: trailing whitespace.
+      
artifacts/product-reality/sprint-196/m07/runtime/workflows/Relationship/vue/source/src/store.ts:139: trailing whitespace.
+      
artifacts/product-reality/sprint-196/m07/runtime/workflows/Subscription/react/source/src/store.ts:162: trailing whitespace.
+      
artifacts/product-reality/sprint-196/m07/runtime/workflows/Subscription/vue/source/src/store.ts:162: trailing whitespace.
+      
artifacts/product-reality/sprint-196/m07/runtime/workflows/Usage/react/source/src/store.ts:135: trailing whitespace.
+      
artifacts/product-reality/sprint-196/m07/runtime/workflows/Usage/vue/source/src/store.ts:135: trailing whitespace.
+      
artifacts/product-reality/sprint-196/m07/runtime/workflows/User/react/source/src/store.ts:173: trailing whitespace.
+      
artifacts/product-reality/sprint-196/m07/runtime/workflows/User/vue/source/src/store.ts:173: trailing whitespace.
+      
artifacts/product-reality/sprint-196/m07/served-verification/build.log:4: new blank line at EOF.
