{
  "framework": "react",
  "schema": "subscription-detail-dark",
  "mount": "passed",
  "rootId": "screen-detail-13",
  "rootCount": 1,
  "hydration": "passed",
  "hydrationProbe": {
    "selector": "[data-oods-action=\"handleDelete\"]",
    "selectorCount": 1,
    "eventHandlerAttached": true,
    "reusedServerNodes": {
      "root": true,
      "action": true
    }
  },
  "hydrationInvariant": {
    "before": {
      "rootChildren": [
        {
          "tag": "DIV",
          "id": "screen-detail-13",
          "component": "Stack"
        },
        {
          "tag": "DIV",
          "id": "",
          "component": null
        }
      ],
      "elements": [
        {
          "tag": "DIV",
          "id": "screen-detail-13",
          "component": "Stack",
          "role": null,
          "selected": null,
          "hidden": false
        },
        {
          "tag": "DIV",
          "id": "detail-header-1",
          "component": "Stack",
          "role": null,
          "selected": null,
          "hidden": false
        },
        {
          "tag": "DIV",
          "id": "slot-header-2",
          "component": "Stack",
          "role": null,
          "selected": null,
          "hidden": false
        },
        {
          "tag": "DIV",
          "id": "ve-header-22",
          "component": "StatusTimeline",
          "role": "log",
          "selected": null,
          "hidden": false
        },
        {
          "tag": "SECTION",
          "id": "ve-header-23",
          "component": "CancellationSummary",
          "role": null,
          "selected": null,
          "hidden": false
        },
        {
          "tag": "DIV",
          "id": "detail-body-10",
          "component": "Card",
          "role": null,
          "selected": null,
          "hidden": false
        },
        {
          "tag": "DIV",
          "id": "detail-tabs-9",
          "component": "Tabs",
          "role": null,
          "selected": null,
          "hidden": false
        },
        {
          "tag": "DIV",
          "id": null,
          "component": null,
          "role": "tablist",
          "selected": null,
          "hidden": false
        },
        {
          "tag": "BUTTON",
          "id": "_R_p_-tab-detail-tab-panel-3",
          "component": null,
          "role": "tab",
          "selected": "true",
          "hidden": false
        },
        {
          "tag": "BUTTON",
          "id": "_R_p_-tab-detail-tab-panel-5",
          "component": null,
          "role": "tab",
          "selected": "false",
          "hidden": false
        },
        {
          "tag": "BUTTON",
          "id": "_R_p_-tab-detail-tab-panel-7",
          "component": null,
          "role": "tab",
          "selected": "false",
          "hidden": false
        },
        {
          "tag": "BUTTON",
          "id": "_R_p_-tab-detail-tab-panel-14",
          "component": null,
          "role": "tab",
          "selected": "false",
          "hidden": false
        },
        {
          "tag": "BUTTON",
          "id": "_R_p_-tab-detail-tab-panel-16",
          "component": null,
          "role": "tab",
          "selected": "false",
          "hidden": false
        },
        {
          "tag": "BUTTON",
          "id": "_R_p_-tab-detail-tab-panel-18",
          "component": null,
          "role": "tab",
          "selected": "false",
          "hidden": false
        },
        {
          "tag": "BUTTON",
          "id": "_R_p_-tab-detail-tab-panel-20",
          "component": null,
          "role": "tab",
          "selected": "false",
          "hidden": false
        },
        {
          "tag": "DIV",
          "id": "_R_p_-panel-detail-tab-panel-3",
          "component": null,
          "role": "tabpanel",
          "selected": null,
          "hidden": false
        },
        {
          "tag": "DIV",
          "id": "detail-tab-panel-3",
          "component": "Stack",
          "role": null,
          "selected": null,
          "hidden": false
        },
        {
          "tag": "DIV",
          "id": "slot-tab-0-4",
          "component": "StatusTimeline",
          "role": "log",
          "selected": null,
          "hidden": false
        },
        {
          "tag": "SPAN",
          "id": "pg-status-timeline-25",
          "component": "Text",
          "role": null,
          "selected": null,
          "hidden": false
        },
        {
          "tag": "SPAN",
          "id": "pg-status-timeline-26",
          "component": "Text",
          "role": null,
          "selected": null,
          "hidden": false
        },
        {
          "tag": "DIV",
          "id": "_R_p_-panel-detail-tab-panel-5",
          "component": null,
          "role": "tabpanel",
          "selected": null,
          "hidden": true
        },
        {
          "tag": "DIV",
          "id": "_R_p_-panel-detail-tab-panel-7",
          "component": null,
          "role": "tabpanel",
          "selected": null,
          "hidden": true
        },
        {
          "tag": "DIV",
          "id": "_R_p_-panel-detail-tab-panel-14",
          "component": null,
          "role": "tabpanel",
          "selected": null,
          "hidden": true
        },
        {
          "tag": "DIV",
          "id": "_R_p_-panel-detail-tab-panel-16",
          "component": null,
          "role": "tabpanel",
          "selected": null,
          "hidden": true
        },
        {
          "tag": "DIV",
          "id": "_R_p_-panel-detail-tab-panel-18",
          "component": null,
          "role": "tabpanel",
          "selected": null,
          "hidden": true
        },
        {
          "tag": "DIV",
          "id": "_R_p_-panel-detail-tab-panel-20",
          "component": null,
          "role": "tabpanel",
          "selected": null,
          "hidden": true
        },
        {
          "tag": "DIV",
          "id": "detail-meta-11",
          "component": "Stack",
          "role": null,
          "selected": null,
          "hidden": false
        },
        {
          "tag": "DIV",
          "id": "slot-metadata-12",
          "component": "AuditTimeline",
          "role": "log",
          "selected": null,
          "hidden": false
        },
        {
          "tag": "DIV",
          "id": null,
          "component": null,
          "role": "group",
          "selected": null,
          "hidden": false
        }
      ]
    },
    "after": {
      "rootChildren": [
        {
          "tag": "DIV",
          "id": "screen-detail-13",
          "component": "Stack"
        },
        {
          "tag": "DIV",
          "id": "",
          "component": null
        }
      ],
      "elements": [
        {
          "tag": "DIV",
          "id": "screen-detail-13",
          "component": "Stack",
          "role": null,
          "selected": null,
          "hidden": false
        },
        {
          "tag": "DIV",
          "id": "detail-header-1",
          "component": "Stack",
          "role": null,
          "selected": null,
          "hidden": false
        },
        {
          "tag": "DIV",
          "id": "slot-header-2",
          "component": "Stack",
          "role": null,
          "selected": null,
          "hidden": false
        },
        {
          "tag": "DIV",
          "id": "ve-header-22",
          "component": "StatusTimeline",
          "role": "log",
          "selected": null,
          "hidden": false
        },
        {
          "tag": "SECTION",
          "id": "ve-header-23",
          "component": "CancellationSummary",
          "role": null,
          "selected": null,
          "hidden": false
        },
        {
          "tag": "DIV",
          "id": "detail-body-10",
          "component": "Card",
          "role": null,
          "selected": null,
          "hidden": false
        },
        {
          "tag": "DIV",
          "id": "detail-tabs-9",
          "component": "Tabs",
          "role": null,
          "selected": null,
          "hidden": false
        },
        {
          "tag": "DIV",
          "id": null,
          "component": null,
          "role": "tablist",
          "selected": null,
          "hidden": false
        },
        {
          "tag": "BUTTON",
          "id": "_R_p_-tab-detail-tab-panel-3",
          "component": null,
          "role": "tab",
          "selected": "true",
          "hidden": false
        },
        {
          "tag": "BUTTON",
          "id": "_R_p_-tab-detail-tab-panel-5",
          "component": null,
          "role": "tab",
          "selected": "false",
          "hidden": false
        },
        {
          "tag": "BUTTON",
          "id": "_R_p_-tab-detail-tab-panel-7",
          "component": null,
          "role": "tab",
          "selected": "false",
          "hidden": false
        },
        {
          "tag": "BUTTON",
          "id": "_R_p_-tab-detail-tab-panel-14",
          "component": null,
          "role": "tab",
          "selected": "false",
          "hidden": false
        },
        {
          "tag": "BUTTON",
          "id": "_R_p_-tab-detail-tab-panel-16",
          "component": null,
          "role": "tab",
          "selected": "false",
          "hidden": false
        },
        {
          "tag": "BUTTON",
          "id": "_R_p_-tab-detail-tab-panel-18",
          "component": null,
          "role": "tab",
          "selected": "false",
          "hidden": false
        },
        {
          "tag": "BUTTON",
          "id": "_R_p_-tab-detail-tab-panel-20",
          "component": null,
          "role": "tab",
          "selected": "false",
          "hidden": false
        },
        {
          "tag": "DIV",
          "id": "_R_p_-panel-detail-tab-panel-3",
          "component": null,
          "role": "tabpanel",
          "selected": null,
          "hidden": false
        },
        {
          "tag": "DIV",
          "id": "detail-tab-panel-3",
          "component": "Stack",
          "role": null,
          "selected": null,
          "hidden": false
        },
        {
          "tag": "DIV",
          "id": "slot-tab-0-4",
          "component": "StatusTimeline",
          "role": "log",
          "selected": null,
          "hidden": false
        },
        {
          "tag": "SPAN",
          "id": "pg-status-timeline-25",
          "component": "Text",
          "role": null,
          "selected": null,
          "hidden": false
        },
        {
          "tag": "SPAN",
          "id": "pg-status-timeline-26",
          "component": "Text",
          "role": null,
          "selected": null,
          "hidden": false
        },
        {
          "tag": "DIV",
          "id": "_R_p_-panel-detail-tab-panel-5",
          "component": null,
          "role": "tabpanel",
          "selected": null,
          "hidden": true
        },
        {
          "tag": "DIV",
          "id": "_R_p_-panel-detail-tab-panel-7",
          "component": null,
          "role": "tabpanel",
          "selected": null,
          "hidden": true
        },
        {
          "tag": "DIV",
          "id": "_R_p_-panel-detail-tab-panel-14",
          "component": null,
          "role": "tabpanel",
          "selected": null,
          "hidden": true
        },
        {
          "tag": "DIV",
          "id": "_R_p_-panel-detail-tab-panel-16",
          "component": null,
          "role": "tabpanel",
          "selected": null,
          "hidden": true
        },
        {
          "tag": "DIV",
          "id": "_R_p_-panel-detail-tab-panel-18",
          "component": null,
          "role": "tabpanel",
          "selected": null,
          "hidden": true
        },
        {
          "tag": "DIV",
          "id": "_R_p_-panel-detail-tab-panel-20",
          "component": null,
          "role": "tabpanel",
          "selected": null,
          "hidden": true
        },
        {
          "tag": "DIV",
          "id": "detail-meta-11",
          "component": "Stack",
          "role": null,
          "selected": null,
          "hidden": false
        },
        {
          "tag": "DIV",
          "id": "slot-metadata-12",
          "component": "AuditTimeline",
          "role": "log",
          "selected": null,
          "hidden": false
        },
        {
          "tag": "DIV",
          "id": null,
          "component": null,
          "role": "group",
          "selected": null,
          "hidden": false
        }
      ]
    },
    "equal": true
  },
  "runtimeErrors": [],
  "componentCounts": {
    "AuditTimeline": 1,
    "CancellationSummary": 1,
    "Card": 1,
    "Stack": 5,
    "StatusTimeline": 2,
    "Tabs": 1,
    "Text": 2
  },
  "selectorEvidence": [
    {
      "action": "handleDelete",
      "selector": "[data-oods-action=\"handleDelete\"]",
      "count": 1,
      "clicked": true
    },
    {
      "action": "handleEdit",
      "selector": "[data-oods-action=\"handleEdit\"]",
      "count": 1,
      "clicked": true
    }
  ],
  "actionCounts": {
    "handleDelete": 2,
    "handleEdit": 0
  },
  "actionArgs": {
    "handleDelete": [
      [],
      []
    ],
    "handleEdit": []
  },
  "actionsFrozen": true,
  "css": {
    "primaryTextToken": "oklch(0.92 0.02 92)",
    "canvasToken": "oklch(0.18 0.05 45)"
  }
}
