BEGIN bar
{"chartType":"bar","status":"ok","conformant":true,"pillars":{"a11yEquivalence":"pass","determinism":"pass","contrast":"exempt","accuracy":"pass"}}
BEGIN line
{"chartType":"line","status":"ok","conformant":true,"pillars":{"a11yEquivalence":"pass","determinism":"pass","contrast":"exempt","accuracy":"pass"}}
BEGIN area
{"chartType":"area","status":"ok","conformant":true,"pillars":{"a11yEquivalence":"pass","determinism":"pass","contrast":"exempt","accuracy":"pass"}}
BEGIN scatter
{"chartType":"scatter","status":"ok","conformant":true,"pillars":{"a11yEquivalence":"pass","determinism":"pass","contrast":"exempt","accuracy":"pass"}}
BEGIN heatmap
{"chartType":"heatmap","status":"ok","conformant":true,"pillars":{"a11yEquivalence":"pass","determinism":"pass","contrast":"exempt","accuracy":"pass"}}
BEGIN treemap
{"chartType":"treemap","status":"ok","conformant":true,"pillars":{"a11yEquivalence":"pass","determinism":"pass","contrast":"exempt","accuracy":"pass"}}
BEGIN sunburst
{"chartType":"sunburst","status":"ok","conformant":true,"pillars":{"a11yEquivalence":"pass","determinism":"pass","contrast":"exempt","accuracy":"pass"}}
BEGIN sankey
[ECharts] 'CanvasText' is an illegal color, fallback to '#000000'
{"chartType":"sankey","status":"ok","conformant":true,"pillars":{"a11yEquivalence":"pass","determinism":"pass","contrast":"exempt","accuracy":"pass"}}
BEGIN chord
{"chartType":"chord","status":"ok","conformant":true,"pillars":{"a11yEquivalence":"pass","determinism":"pass","contrast":"exempt","accuracy":"pass"}}
BEGIN force_graph
{"chartType":"force_graph","status":"ok","conformant":true,"pillars":{"a11yEquivalence":"pass","determinism":"pass","contrast":"exempt","accuracy":"pass"}}
BEGIN choropleth
{"chartType":"choropleth","status":"ok","conformant":true,"pillars":{"a11yEquivalence":"pass","determinism":"pass","contrast":"exempt","accuracy":"pass"}}
BEGIN bubble_map
{"chartType":"bubble_map","status":"ok","conformant":true,"pillars":{"a11yEquivalence":"pass","determinism":"pass","contrast":"exempt","accuracy":"pass"}}
BEGIN flow_map
{"chartType":"flow_map","status":"ok","conformant":true,"pillars":{"a11yEquivalence":"pass","determinism":"pass","contrast":"exempt","accuracy":"pass"}}
