Collection/workflow/react pass
Evidence/workflow/react pass
Article/workflow/react pass
Document/workflow/react pass
Media/workflow/react pass
Invoice/workflow/react pass
Mission/workflow/react pass
Organization/workflow/react pass
Project/workflow/react pass
Plan/workflow/react pass
Product/workflow/react pass
Relationship/workflow/react pass
Report/workflow/react pass
Transaction/workflow/react pass
Usage/workflow/react pass
Subscription/workflow/react pass
Article/card/react pass
Article/detail/react pass
Article/card/vue pass
Article/form/react pass
Article/detail/vue pass
Article/form/vue pass
Article/inline/react pass
Article/inline/vue pass
Article/list/react pass
User/workflow/react pass
Article/timeline/react pass
Article/list/vue pass
Article/timeline/vue pass
Chunk/inline/react pass
Chunk/inline/vue pass
Collection/card/react pass
Collection/card/vue pass
Collection/detail/react pass
Collection/detail/vue pass
Collection/form/react pass
Collection/form/vue pass
Collection/inline/react pass
Collection/list/react pass
Collection/inline/vue pass
Collection/list/vue pass
Collection/timeline/react pass
Document/card/react pass
Collection/timeline/vue pass
Document/detail/react pass
Document/card/vue pass
Document/form/react pass
Document/detail/vue pass
Document/inline/react pass
Document/form/vue pass
Document/list/react pass
Document/inline/vue pass
Document/list/vue pass
Document/timeline/react pass
Evidence/card/react pass
Document/timeline/vue pass
Evidence/card/vue pass
Evidence/detail/react pass
Evidence/form/react pass
Evidence/detail/vue pass
Evidence/inline/react pass
Evidence/form/vue pass
Evidence/inline/vue pass
Evidence/list/react pass
Evidence/timeline/react pass
Evidence/list/vue pass
Invoice/card/react pass
Evidence/timeline/vue pass
Invoice/card/vue pass
Invoice/form/react pass
Invoice/form/vue pass
Invoice/detail/react pass
Invoice/inline/react pass
Invoice/detail/vue pass
Invoice/inline/vue pass
Invoice/list/react pass
Invoice/timeline/react pass
Invoice/list/vue pass
Invoice/timeline/vue pass
Media/card/vue pass
Media/card/react pass
Media/detail/react pass
Media/detail/vue pass
Media/form/react pass
Media/inline/react pass
Media/form/vue pass
Media/inline/vue pass
Media/timeline/react pass
Media/list/react pass
Media/list/vue pass
Media/timeline/vue pass
Mission/card/react pass
Mission/detail/react pass
Mission/card/vue pass
Mission/detail/vue pass
Mission/form/react pass
Mission/inline/react pass
Mission/form/vue pass
Mission/inline/vue pass
Mission/list/react pass
Mission/list/vue pass
Mission/timeline/react pass
Organization/card/react pass
Mission/timeline/vue pass
Organization/card/vue pass
Organization/detail/react pass
Organization/detail/vue pass
Organization/form/react pass
Organization/inline/react pass
Organization/form/vue pass
Organization/inline/vue pass
Organization/list/react pass
Organization/timeline/react pass
Organization/list/vue pass
Organization/timeline/vue pass
Plan/card/react pass
Plan/card/vue pass
Plan/detail/react pass
Plan/form/react pass
Plan/detail/vue pass
Plan/inline/react pass
Plan/form/vue pass
Plan/list/react pass
Plan/timeline/react pass
Plan/inline/vue pass
Plan/list/vue pass
Product/card/react pass
Product/detail/react pass
Product/card/vue pass
Plan/timeline/vue pass
Product/inline/react pass
Product/form/react pass
Product/detail/vue pass
Product/form/vue pass
Product/timeline/react pass
Product/inline/vue pass
Product/list/react pass
Product/list/vue pass
Project/card/react pass
Product/timeline/vue pass
Project/card/vue pass
Project/detail/react pass
Project/detail/vue pass
Project/form/react pass
Project/inline/react pass
Project/form/vue pass
Project/list/react pass
Project/timeline/react pass
Project/inline/vue pass
Project/list/vue pass
Relationship/card/react pass
Project/timeline/vue pass
Relationship/card/vue pass
Relationship/form/react pass
Relationship/form/vue pass
Relationship/detail/react pass
Relationship/detail/vue pass
Relationship/inline/vue pass
Relationship/list/react pass
Relationship/inline/react pass
Relationship/list/vue pass
Relationship/timeline/react pass
Relationship/timeline/vue pass
Report/card/react pass
Report/card/vue pass
Report/detail/react pass
Report/form/react pass
Report/detail/vue pass
Report/inline/react pass
Report/form/vue pass
Report/inline/vue pass
Report/list/react pass
Report/timeline/react pass
Report/list/vue pass
Report/timeline/vue pass
Subscription/card/react pass
Subscription/card/vue pass
Subscription/detail/react pass
Subscription/form/react pass
Subscription/detail/vue pass
Subscription/form/vue pass
Subscription/inline/react pass
Subscription/inline/vue pass
Subscription/list/react pass
Subscription/timeline/react pass
Subscription/list/vue pass
Subscription/timeline/vue pass
Transaction/card/react pass
Transaction/detail/react pass
Transaction/card/vue pass
Transaction/form/react pass
Transaction/detail/vue pass
Transaction/inline/react pass
Transaction/form/vue pass
Transaction/inline/vue pass
Transaction/list/react pass
Transaction/timeline/react pass
Transaction/list/vue pass
Transaction/timeline/vue pass
Usage/card/react pass
Usage/card/vue pass
Usage/form/react pass
Usage/form/vue pass
Usage/detail/react pass
Usage/inline/react pass
Usage/detail/vue pass
Usage/inline/vue pass
Usage/list/react pass
Usage/timeline/react pass
Usage/list/vue pass
User/card/react pass
Usage/timeline/vue pass
User/detail/react pass
User/card/vue pass
User/form/react pass
User/detail/vue pass
User/inline/react pass
User/form/vue pass
User/inline/vue pass
User/list/react pass
User/timeline/react pass
User/list/vue pass
User/timeline/vue pass
