$ npm pack <package-source-root>/packages/components-vue --json --pack-destination <package-source-root>/artifacts/product-reality/sprint-200/m02/runtime/submitted-packages/tarballs
exitCode=0
signal=

[stdout]

> @oods/components-vue@0.1.0 build <package-source-root>/packages/components-vue
> rimraf dist && tsup --config tsup.config.ts && tsup --config tsup.ported.config.ts

CLI Building entry: src/index.ts
CLI Using tsconfig: tsconfig.json
CLI tsup v8.5.0
CLI Using tsup config: <package-source-root>/packages/components-vue/tsup.config.ts
CLI Target: es2022
CLI Cleaning output folder
ESM Build start
CJS Build start
DTS Build start
CJS dist/index.cjs 132.70 KB
CJS ⚡️ Build success in 355ms
ESM dist/index.js 127.59 KB
ESM ⚡️ Build success in 355ms
DTS ⚡️ Build success in 5072ms
DTS dist/index.d.ts  142.45 KB
DTS dist/index.d.cts 142.45 KB
CLI Building entry: src/ported.ts
CLI Using tsconfig: tsconfig.json
CLI tsup v8.5.0
CLI Using tsup config: <package-source-root>/packages/components-vue/tsup.ported.config.ts
CLI Target: es2022
ESM Build start
CJS Build start
ESM dist/ported.js 45.11 KB
ESM ⚡️ Build success in 262ms
CJS dist/ported.cjs 45.78 KB
CJS ⚡️ Build success in 263ms
DTS Build start
DTS ⚡️ Build success in 3654ms
DTS dist/ported.d.ts  20.67 KB
DTS dist/ported.d.cts 20.67 KB
[
  {
    "id": "@oods/components-vue@0.1.0",
    "name": "@oods/components-vue",
    "version": "0.1.0",
    "size": 103848,
    "unpackedSize": 945575,
    "shasum": "15aed7f6ebf10931420d9be6629a5ee896653a2d",
    "integrity": "sha512-ExmrIoWa+P3sKlVsFLf6yVGaiYUp5+YOLDUzKKU+a50ucuBx5EXSSY43/L6TQnXPQCrXr3JBOe56NSJPcVZY4A==",
    "filename": "oods-components-vue-0.1.0.tgz",
    "files": [
      {
        "path": "dist/index.cjs",
        "size": 135882,
        "mode": 420
      },
      {
        "path": "dist/index.d.cts",
        "size": 145868,
        "mode": 420
      },
      {
        "path": "dist/index.d.ts",
        "size": 145868,
        "mode": 420
      },
      {
        "path": "dist/index.js",
        "size": 130651,
        "mode": 420
      },
      {
        "path": "dist/ported.cjs",
        "size": 46875,
        "mode": 420
      },
      {
        "path": "dist/ported.d.cts",
        "size": 21166,
        "mode": 420
      },
      {
        "path": "dist/ported.d.ts",
        "size": 21166,
        "mode": 420
      },
      {
        "path": "dist/ported.js",
        "size": 46190,
        "mode": 420
      },
      {
        "path": "evidence/vue-readiness-ported.v1.json",
        "size": 7829,
        "mode": 420
      },
      {
        "path": "evidence/vue-readiness.v1.json",
        "size": 242277,
        "mode": 420
      },
      {
        "path": "package.json",
        "size": 1803,
        "mode": 420
      }
    ],
    "entryCount": 11,
    "bundled": []
  }
]

[stderr]
npm warn Unknown project config "link-workspace-packages". This will stop working in the next major version of npm.

> @oods/components-vue@0.1.0 prepack
> pnpm run build
