{
  "mission": "s198-m06",
  "sourceHead": "baabf2e3f2d5d5d6017561f304eefc4cca45324a",
  "builderSelfCertified": false,
  "directScreenshots": 30,
  "apps": [
    {
      "object": "Evidence",
      "sourceHead": "baabf2e3f2d5d5d6017561f304eefc4cca45324a",
      "packedGates": 16,
      "craftScreenshots": 84,
      "stateObservations": 32,
      "ordinaryScreenshots": 24,
      "browserErrors": 0,
      "overflow": 0,
      "textOrValueDifferences": 0
    },
    {
      "object": "Mission",
      "sourceHead": "baabf2e3f2d5d5d6017561f304eefc4cca45324a",
      "packedGates": 16,
      "craftScreenshots": 102,
      "stateObservations": 32,
      "ordinaryScreenshots": 24,
      "browserErrors": 0,
      "overflow": 0,
      "textOrValueDifferences": 0
    }
  ],
  "hashBoundReceipts": [
    {
      "path": "screens/Evidence/list/render.json",
      "sha256": "sha256:a28029396583cb30cb96cc897aedd4b6efb4d9c80adcc5879aaceaf4e3684596"
    },
    {
      "path": "screens/Evidence/detail/render.json",
      "sha256": "sha256:12ca502935dfe4d9c06943dae7305bc3525de330c4fd2121fd3fd9467f1736fb"
    },
    {
      "path": "screens/Evidence/timeline/render.json",
      "sha256": "sha256:2d81e43ac88b83ba6a872f33717b59f3ff9d3dbc40f16b49fe61dc1eefbf9cb6"
    },
    {
      "path": "screens/Mission/detail/render.json",
      "sha256": "sha256:7fc53f344f41b1105517b41c6278a414bba7d1e233a72c1f4f77cc37d40a18e6"
    },
    {
      "path": "screens/Mission/workflow/render.json",
      "sha256": "sha256:0de33d801c72caf39e73f3bf733d8f96279e35029e088bb8432d2364185e4982"
    },
    {
      "path": "apps/evidence/craft/react/observations.json",
      "sha256": "sha256:77b0ae9ed18b254c5ea076784cd36b1523bfd69bee2428c0df7b71e2189996e4"
    },
    {
      "path": "apps/evidence/craft/vue/observations.json",
      "sha256": "sha256:5b977d7ea1d70579f402c15dbbace98dac849170d7a03de354ec552cf84927ff"
    },
    {
      "path": "apps/mission/craft/react/observations.json",
      "sha256": "sha256:c292db31e1a5bc3190c0f4296bc25a689f361e7aef79b82dd82224147d6a822c"
    },
    {
      "path": "apps/mission/craft/vue/observations.json",
      "sha256": "sha256:bf3d3b48697b8c0f01a3d47329cd61304dd718832c03d24ae075a643d313d8cb"
    }
  ],
  "carry": [
    "Optional chrome pass deferred to Sprint200: direct standalone typography and externally handled action buttons retain existing contracts.",
    "These are deterministic Forge fixtures, not API parity or live TraceLab data. Generic related IDs/optional metadata remain synthetic; Mission can show queued/started/completed timestamps together pending state-aware research fixtures.",
    "ClassificationEditor is the existing presentational recipe; persistence claims cover the governed application form and declared record fields, not new taxonomy management."
  ]
}
