Organization/detail/react: pass
Organization/card/react: pass
Organization/card/vue: pass
Organization/form/react: pass
Organization/detail/vue: pass
Organization/form/vue: pass
Organization/inline/react: pass
Organization/inline/vue: pass
Organization/list/react: pass
Organization/timeline/react: pass
Organization/list/vue: pass
Organization/timeline/vue: pass
User/card/react: pass
Organization/workflow/react: pass
User/card/vue: pass
User/detail/react: pass
User/detail/vue: pass
User/form/react: pass
User/form/vue: pass
User/inline/react: pass
User/inline/vue: pass
User/list/react: pass
User/timeline/react: pass
User/list/vue: pass
User/timeline/vue: pass
Evidence/card/react: pass
User/workflow/react: pass
Evidence/card/vue: pass
Evidence/detail/react: pass
Evidence/detail/vue: pass
Evidence/form/react: pass
Evidence/form/vue: pass
Evidence/inline/react: pass
Evidence/inline/vue: pass
Evidence/list/react: pass
Evidence/list/vue: pass
Evidence/timeline/react: pass
Evidence/timeline/vue: pass
Evidence/workflow/react: pass
Mission/card/react: pass
Mission/card/vue: pass
Mission/detail/react: pass
Mission/detail/vue: pass
Mission/form/react: pass
Mission/inline/react: pass
Mission/form/vue: pass
Mission/inline/vue: pass
Mission/list/react: pass
Mission/list/vue: pass
Mission/timeline/react: pass
Mission/timeline/vue: pass
Mission/workflow/react: pass
