
> @oods/component-contracts@0.1.0 test /Users/systemsystems/portfolio/Design-Tools/OODS-Forge/.worktrees/s205/packages/component-contracts
> vitest run --config vitest.config.ts


 RUN  v3.2.4 /Users/systemsystems/portfolio/Design-Tools/OODS-Forge/.worktrees/s205/packages/component-contracts

 ✓ test/viz-controls.spec.ts (6 tests) 3ms
 ✓ test/breadth-contracts.s185.spec.ts (15 tests) 11ms
 ✓ test/ported-contracts.s184.spec.ts (4 tests) 13ms
 ✓ test/contracts.spec.ts (7 tests) 25ms
 ✓ test/breadth-contracts.s186.spec.ts (48 tests) 25ms
 ✓ test/static-svg.spec.ts (31 tests) 8ms
 ✓ test/breadth-contracts.s187.spec.ts (15 tests) 6ms
 ✓ test/measured-contracts.s192.spec.ts (3 tests) 7ms
 ✓ test/disputed.spec.ts (3 tests) 19ms
 ✓ test/trait-recipes.spec.ts (3 tests) 20ms
 ✓ test/read-only-collections.s198.spec.ts (2 tests) 3ms
 ✓ test/record-events.s198.spec.ts (3 tests) 17ms
 ✓ test/contract-amendments.s184.spec.ts (2 tests) 5ms
 ✓ test/workflow-states.s184.spec.ts (2 tests) 4ms
 ✓ test/measured-ledger.s192.spec.ts (2 tests) 994ms
   ✓ Sprint 192 evidence-derived ledger and pending classification > retains historical bytes while exposing the new, still-unapproved proposal  962ms
 ✓ test/readiness-measurements.s192.spec.ts (4 tests) 1375ms
   ✓ readiness publishes measured semantics > react: theme claims require measured roots in all six cells  871ms
   ✓ readiness publishes measured semantics > vue: theme claims require measured roots in all six cells  476ms
 ✓ test/baseline-fold.s185.spec.ts (9 tests) 525ms

 Test Files  17 passed (17)
      Tests  159 passed (159)
   Start at  05:31:52
   Duration  4.20s (transform 615ms, setup 0ms, collect 5.78s, tests 3.06s, environment 2ms, prepare 1.21s)

