$ npm pack <repository-root>/packages/components-vue --json --pack-destination <repository-root>/artifacts/product-reality/sprint-193/m02-probe-01/submitted-packages/tarballs
exitCode=0
signal=

[stdout]

> @oods/components-vue@0.1.0 build <repository-root>/packages/components-vue
> rimraf dist && tsup --config tsup.config.ts && tsup --config tsup.ported.config.ts

CLI Building entry: src/index.ts
CLI Using tsconfig: tsconfig.json
CLI tsup v8.5.0
CLI Using tsup config: <repository-root>/packages/components-vue/tsup.config.ts
CLI Target: es2022
CLI Cleaning output folder
ESM Build start
CJS Build start
ESM dist/index.js 115.95 KB
ESM ⚡️ Build success in 185ms
CJS dist/index.cjs 119.73 KB
CJS ⚡️ Build success in 185ms
DTS Build start
DTS ⚡️ Build success in 1846ms
DTS dist/index.d.ts  109.03 KB
DTS dist/index.d.cts 109.03 KB
CLI Building entry: src/ported.ts
CLI Using tsconfig: tsconfig.json
CLI tsup v8.5.0
CLI Using tsup config: <repository-root>/packages/components-vue/tsup.ported.config.ts
CLI Target: es2022
ESM Build start
CJS Build start
CJS dist/ported.cjs 46.73 KB
CJS ⚡️ Build success in 86ms
ESM dist/ported.js 46.06 KB
ESM ⚡️ Build success in 86ms
DTS Build start
DTS ⚡️ Build success in 1316ms
DTS dist/ported.d.ts  20.67 KB
DTS dist/ported.d.cts 20.67 KB
[
  {
    "id": "@oods/components-vue@0.1.0",
    "name": "@oods/components-vue",
    "version": "0.1.0",
    "size": 94336,
    "unpackedSize": 777693,
    "shasum": "266df4755df699a0c177ed9d21828fc73d2e48a5",
    "integrity": "sha512-SrKFqDuyef+JW5l0mqmAY328zq1AhisN4blD3nXqKSSCyzmIdvlDe8Ptk+qgUYDYVBRig1h3VJF6vzYiZOhEvw==",
    "filename": "oods-components-vue-0.1.0.tgz",
    "files": [
      {
        "path": "dist/index.cjs",
        "size": 122608,
        "mode": 420
      },
      {
        "path": "dist/index.d.cts",
        "size": 111647,
        "mode": 420
      },
      {
        "path": "dist/index.d.ts",
        "size": 111647,
        "mode": 420
      },
      {
        "path": "dist/index.js",
        "size": 118730,
        "mode": 420
      },
      {
        "path": "dist/ported.cjs",
        "size": 47853,
        "mode": 420
      },
      {
        "path": "dist/ported.d.cts",
        "size": 21165,
        "mode": 420
      },
      {
        "path": "dist/ported.d.ts",
        "size": 21165,
        "mode": 420
      },
      {
        "path": "dist/ported.js",
        "size": 47166,
        "mode": 420
      },
      {
        "path": "evidence/vue-readiness-ported.v1.json",
        "size": 7829,
        "mode": 420
      },
      {
        "path": "evidence/vue-readiness.v1.json",
        "size": 166080,
        "mode": 420
      },
      {
        "path": "package.json",
        "size": 1803,
        "mode": 420
      }
    ],
    "entryCount": 11,
    "bundled": []
  }
]

[stderr]
npm warn Unknown project config "link-workspace-packages". This will stop working in the next major version of npm.

> @oods/components-vue@0.1.0 prepack
> pnpm run build
