$ npm pack <package-source-root>/packages/components-vue --json --pack-destination <repository-root>/artifacts/product-reality/sprint-196/m07/release-runtime/submitted-packages/tarballs --ignore-scripts
exitCode=0
signal=

[stdout]
[
  {
    "id": "@oods/components-vue@0.1.0",
    "name": "@oods/components-vue",
    "version": "0.1.0",
    "size": 104844,
    "unpackedSize": 944353,
    "shasum": "78c6f16860ee40d7985028c88887760313a26fc9",
    "integrity": "sha512-EgQ618wKHPkQk+YbhtIZXbK5RK/opxCSJo15kwCVWWFht2GHqfK+DA1bTpfsK3HMYJ1eRMOCkMvivClVcTBVDg==",
    "filename": "oods-components-vue-0.1.0.tgz",
    "files": [
      {
        "path": "dist/index.cjs",
        "size": 136384,
        "mode": 420
      },
      {
        "path": "dist/index.d.cts",
        "size": 144953,
        "mode": 420
      },
      {
        "path": "dist/index.d.ts",
        "size": 144953,
        "mode": 420
      },
      {
        "path": "dist/index.js",
        "size": 131177,
        "mode": 420
      },
      {
        "path": "dist/ported.cjs",
        "size": 47853,
        "mode": 420
      },
      {
        "path": "dist/ported.d.cts",
        "size": 21165,
        "mode": 420
      },
      {
        "path": "dist/ported.d.ts",
        "size": 21165,
        "mode": 420
      },
      {
        "path": "dist/ported.js",
        "size": 47166,
        "mode": 420
      },
      {
        "path": "evidence/vue-readiness-ported.v1.json",
        "size": 7829,
        "mode": 420
      },
      {
        "path": "evidence/vue-readiness.v1.json",
        "size": 239905,
        "mode": 420
      },
      {
        "path": "package.json",
        "size": 1803,
        "mode": 420
      }
    ],
    "entryCount": 11,
    "bundled": []
  }
]

[stderr]
npm warn Unknown project config "link-workspace-packages". This will stop working in the next major version of npm.
