Sprint 184 m06 eight-gate mutation bites
status=passed
selected=16
detected=16
hydration=2
react-fresh-exact-tarball-install-bite expected=fresh-exact-tarball-install observed=fresh-exact-tarball-install operations=1
react-strict-typecheck-bite expected=strict-typecheck observed=strict-typecheck operations=1
react-production-build-bite expected=production-build observed=production-build operations=1
react-server-render-bite expected=server-render observed=server-render operations=1
react-mount-bite expected=mount observed=mount operations=2
react-hydration-bite expected=hydration observed=hydration operations=1
react-shared-css-resolution-bite expected=shared-css-resolution observed=shared-css-resolution operations=1
react-interaction-evidence-bite expected=interaction-evidence observed=interaction-evidence operations=1
vue-fresh-exact-tarball-install-bite expected=fresh-exact-tarball-install observed=fresh-exact-tarball-install operations=1
vue-strict-typecheck-bite expected=strict-typecheck observed=strict-typecheck operations=1
vue-production-build-bite expected=production-build observed=production-build operations=1
vue-server-render-bite expected=server-render observed=server-render operations=1
vue-mount-bite expected=mount observed=mount operations=2
vue-hydration-bite expected=hydration observed=hydration operations=1
vue-shared-css-resolution-bite expected=shared-css-resolution observed=shared-css-resolution operations=1
vue-interaction-evidence-bite expected=interaction-evidence observed=interaction-evidence operations=1
