Cluster/workflow/react pass
Collection/workflow/react pass
Article/workflow/react pass
CapturedArtifact/workflow/react fail: Every declared flow obligation must execute in order
+ actual - expected

  [
    'ten-sample-records',
    'detail-navigation',
-   'edit-seeded-values',
-   'save-record-field',
-   'timeline-navigation-and-history'
  ]

Decision/workflow/react pass
Evidence/workflow/react pass
Document/workflow/react pass
Finding/workflow/react fail: Every declared flow obligation must execute in order
+ actual - expected

  [
    'ten-sample-records',
    'detail-navigation',
-   'edit-seeded-values',
-   'save-record-title',
-   'timeline-navigation-and-history'
  ]

Media/workflow/react pass
Invoice/workflow/react pass
Mission/workflow/react pass
Organization/workflow/react pass
Person/workflow/react pass
Plan/workflow/react pass
Product/workflow/react pass
Project/workflow/react pass
Run/workflow/react fail: react typecheck failed (2)

> run-workflow-react@1.0.0 typecheck
> tsc --noEmit --pretty false

src/sample-data.ts(98,5): error TS2322: Type 'null' is not assignable to type 'boolean | undefined'.
src/sample-data.ts(130,5): error TS2322: Type 'null' is not assignable to type 'boolean | undefined'.
src/sample-data.ts(194,5): error TS2322: Type 'null' is not assignable to type 'boolean | undefined'.
src/sample-data.ts(290,5): error TS2322: Type 'null' is not assignable to type 'boolean | undefined'.
src/sample-data.ts(322,5): error TS2322: Type 'null' is not assignable to type 'boolean | undefined'.

Report/workflow/react pass
Relationship/workflow/react pass
Session/workflow/react pass
Sprint/workflow/react pass
Transaction/workflow/react pass
Subscription/workflow/react pass
Article/card/react pass
Usage/workflow/react pass
User/workflow/react pass
Article/card/vue pass
Article/detail/react pass
Article/detail/vue pass
Article/form/react pass
Article/form/vue pass
Article/inline/react pass
Article/inline/vue pass
Article/list/react pass
Article/timeline/react pass
Article/list/vue pass
Article/timeline/vue pass
CapturedArtifact/card/react pass
CapturedArtifact/detail/react pass
CapturedArtifact/card/vue pass
CapturedArtifact/form/react fail: Empty required value must fail native validation

true !== false

CapturedArtifact/detail/vue pass
CapturedArtifact/inline/react pass
CapturedArtifact/form/vue pass
CapturedArtifact/inline/vue pass
CapturedArtifact/list/react pass
CapturedArtifact/timeline/react pass
CapturedArtifact/list/vue pass
Chunk/inline/react pass
CapturedArtifact/timeline/vue pass
Chunk/inline/vue pass
Cluster/card/react pass
Cluster/card/vue pass
Cluster/detail/react pass
Cluster/form/react pass
Cluster/detail/vue pass
Cluster/inline/react pass
Cluster/form/vue pass
Cluster/inline/vue pass
Cluster/list/react pass
Cluster/timeline/react pass
Cluster/list/vue pass
Collection/card/react pass
Cluster/timeline/vue pass
Collection/card/vue pass
Collection/detail/react pass
Collection/detail/vue pass
Collection/form/react pass
Collection/inline/react pass
Collection/form/vue pass
Collection/inline/vue pass
Collection/list/react pass
Collection/timeline/react pass
Collection/list/vue pass
Collection/timeline/vue pass
Decision/card/react pass
Decision/card/vue pass
Decision/detail/react pass
Decision/detail/vue pass
Decision/form/react pass
Decision/form/vue pass
Decision/inline/react pass
Decision/inline/vue pass
Decision/list/react pass
Decision/timeline/react pass
Decision/list/vue pass
Decision/timeline/vue pass
Document/card/react pass
Document/card/vue pass
Document/detail/react pass
Document/form/react pass
Document/detail/vue pass
Document/form/vue pass
Document/inline/react pass
Document/inline/vue pass
Document/list/react pass
Document/timeline/react pass
Document/list/vue pass
Evidence/card/react pass
Document/timeline/vue pass
Evidence/card/vue pass
Evidence/detail/react pass
Evidence/form/react pass
Evidence/detail/vue pass
Evidence/form/vue pass
Evidence/inline/react pass
Evidence/inline/vue pass
Evidence/list/react pass
Evidence/timeline/react pass
Evidence/list/vue pass
Finding/card/react pass
Evidence/timeline/vue pass
Finding/card/vue pass
Finding/detail/react pass
Finding/detail/vue pass
Finding/form/react fail: Empty required value must fail native validation

true !== false

Finding/inline/react pass
Finding/form/vue pass
Finding/inline/vue pass
Finding/list/react pass
Finding/timeline/react pass
Finding/list/vue pass
Invoice/card/react pass
Finding/timeline/vue pass
Invoice/card/vue pass
Invoice/form/react pass
Invoice/form/vue pass
Invoice/detail/react pass
Invoice/inline/react pass
Invoice/detail/vue pass
Invoice/inline/vue pass
Invoice/list/react pass
Invoice/timeline/react pass
Invoice/list/vue pass
Invoice/timeline/vue pass
Media/card/react pass
Media/detail/react pass
Media/card/vue pass
Media/form/react pass
Media/detail/vue pass
Media/inline/react pass
Media/form/vue pass
Media/inline/vue pass
Media/list/react pass
Media/timeline/react pass
Media/list/vue pass
Mission/card/react pass
Media/timeline/vue pass
Mission/card/vue pass
Mission/detail/react pass
Mission/detail/vue pass
Mission/form/react pass
Mission/inline/react pass
Mission/form/vue pass
Mission/inline/vue pass
Mission/list/react pass
Mission/timeline/react pass
Mission/list/vue pass
Organization/card/react pass
Mission/timeline/vue pass
Organization/card/vue pass
Organization/detail/react pass
Organization/form/react pass
Organization/detail/vue pass
Organization/inline/react pass
Organization/form/vue pass
Organization/inline/vue pass
Organization/list/react pass
Organization/timeline/react pass
Organization/list/vue pass
Organization/timeline/vue pass
Person/card/react pass
Person/card/vue pass
Person/detail/react pass
Person/form/react pass
Person/detail/vue pass
Person/inline/react pass
Person/form/vue pass
Person/inline/vue pass
Person/list/react pass
Person/timeline/react pass
Person/list/vue pass
Plan/card/react pass
Person/timeline/vue pass
Plan/card/vue pass
Plan/detail/react pass
Plan/form/react pass
Plan/detail/vue pass
Plan/inline/react pass
Plan/form/vue pass
Plan/inline/vue pass
Plan/list/react pass
Plan/timeline/react pass
Plan/list/vue pass
Product/card/react pass
Plan/timeline/vue pass
Product/card/vue pass
Product/detail/react pass
Product/form/react pass
Product/detail/vue pass
Product/inline/react pass
Product/form/vue pass
Product/inline/vue pass
Product/list/react pass
Product/timeline/react pass
Product/list/vue pass
Product/timeline/vue pass
Project/card/react pass
Project/card/vue pass
Project/detail/react pass
Project/form/react pass
Project/detail/vue pass
Project/form/vue pass
Project/inline/react pass
Project/inline/vue pass
Project/list/react pass
Project/timeline/react pass
Project/list/vue pass
Relationship/card/react pass
Project/timeline/vue pass
Relationship/card/vue pass
Relationship/form/react pass
Relationship/form/vue pass
Relationship/detail/react pass
Relationship/inline/react pass
Relationship/detail/vue pass
Relationship/inline/vue pass
Relationship/list/react pass
Relationship/timeline/react pass
Relationship/list/vue pass
Relationship/timeline/vue pass
Report/card/react pass
Report/card/vue pass
Report/detail/react pass
Report/form/react pass
Report/detail/vue pass
Report/inline/react pass
Report/form/vue pass
Report/inline/vue pass
Report/list/react pass
Report/timeline/react pass
Report/list/vue pass
Run/card/react pass
Report/timeline/vue pass
Run/card/vue pass
Run/detail/react pass
Run/form/react pass
Run/detail/vue pass
Run/inline/react pass
Run/form/vue pass
Run/inline/vue pass
Run/list/react pass
Run/timeline/react pass
Run/list/vue pass
Run/timeline/vue pass
Session/card/react pass
Session/card/vue pass
Session/detail/react pass
Session/form/react pass
Session/detail/vue pass
Session/form/vue pass
Session/inline/react pass
Session/inline/vue pass
Session/list/react pass
Session/timeline/react pass
Session/list/vue pass
Sprint/card/react pass
Session/timeline/vue pass
Sprint/card/vue pass
Sprint/detail/react pass
Sprint/form/react pass
Sprint/detail/vue pass
Sprint/inline/react pass
Sprint/form/vue pass
Sprint/inline/vue pass
Sprint/list/react pass
Sprint/timeline/react pass
Sprint/list/vue pass
Sprint/timeline/vue pass
Subscription/card/react pass
Subscription/card/vue pass
Subscription/detail/react pass
Subscription/form/react pass
Subscription/detail/vue pass
Subscription/inline/react pass
Subscription/form/vue pass
Subscription/inline/vue pass
Subscription/list/react pass
Subscription/timeline/react pass
Subscription/list/vue pass
Transaction/card/react pass
Subscription/timeline/vue pass
Transaction/card/vue pass
Transaction/detail/react pass
Transaction/form/react pass
Transaction/detail/vue pass
Transaction/inline/react pass
Transaction/form/vue pass
Transaction/inline/vue pass
Transaction/list/react pass
Transaction/timeline/react pass
Transaction/list/vue pass
Transaction/timeline/vue pass
Usage/card/react pass
Usage/card/vue pass
Usage/form/react pass
Usage/form/vue pass
Usage/detail/react pass
Usage/inline/react pass
Usage/detail/vue pass
Usage/inline/vue pass
Usage/list/react pass
Usage/timeline/react pass
Usage/list/vue pass
User/card/react pass
Usage/timeline/vue pass
User/card/vue pass
User/detail/react pass
User/form/react pass
User/detail/vue pass
User/inline/react pass
User/form/vue pass
User/inline/vue pass
User/list/react pass
User/timeline/react pass
User/list/vue pass
User/timeline/vue pass
