$ npm pack <repository-root>/packages/components-vue --json --pack-destination <repository-root>/artifacts/product-reality/sprint-193/m07/runtime/submitted-packages/tarballs
exitCode=0
signal=

[stdout]

> @oods/components-vue@0.1.0 build <repository-root>/packages/components-vue
> rimraf dist && tsup --config tsup.config.ts && tsup --config tsup.ported.config.ts

CLI Building entry: src/index.ts
CLI Using tsconfig: tsconfig.json
CLI tsup v8.5.0
CLI Using tsup config: <repository-root>/packages/components-vue/tsup.config.ts
CLI Target: es2022
CLI Cleaning output folder
ESM Build start
CJS Build start
CJS dist/index.cjs 133.19 KB
CJS ⚡️ Build success in 228ms
ESM dist/index.js 128.10 KB
ESM ⚡️ Build success in 228ms
DTS Build start
DTS ⚡️ Build success in 1923ms
DTS dist/index.d.ts  141.56 KB
DTS dist/index.d.cts 141.56 KB
CLI Building entry: src/ported.ts
CLI Using tsconfig: tsconfig.json
CLI tsup v8.5.0
CLI Using tsup config: <repository-root>/packages/components-vue/tsup.ported.config.ts
CLI Target: es2022
ESM Build start
CJS Build start
CJS dist/ported.cjs 46.73 KB
CJS ⚡️ Build success in 87ms
ESM dist/ported.js 46.06 KB
ESM ⚡️ Build success in 87ms
DTS Build start
DTS ⚡️ Build success in 1287ms
DTS dist/ported.d.ts  20.67 KB
DTS dist/ported.d.cts 20.67 KB
[
  {
    "id": "@oods/components-vue@0.1.0",
    "name": "@oods/components-vue",
    "version": "0.1.0",
    "size": 104844,
    "unpackedSize": 944353,
    "shasum": "78c6f16860ee40d7985028c88887760313a26fc9",
    "integrity": "sha512-EgQ618wKHPkQk+YbhtIZXbK5RK/opxCSJo15kwCVWWFht2GHqfK+DA1bTpfsK3HMYJ1eRMOCkMvivClVcTBVDg==",
    "filename": "oods-components-vue-0.1.0.tgz",
    "files": [
      {
        "path": "dist/index.cjs",
        "size": 136384,
        "mode": 420
      },
      {
        "path": "dist/index.d.cts",
        "size": 144953,
        "mode": 420
      },
      {
        "path": "dist/index.d.ts",
        "size": 144953,
        "mode": 420
      },
      {
        "path": "dist/index.js",
        "size": 131177,
        "mode": 420
      },
      {
        "path": "dist/ported.cjs",
        "size": 47853,
        "mode": 420
      },
      {
        "path": "dist/ported.d.cts",
        "size": 21165,
        "mode": 420
      },
      {
        "path": "dist/ported.d.ts",
        "size": 21165,
        "mode": 420
      },
      {
        "path": "dist/ported.js",
        "size": 47166,
        "mode": 420
      },
      {
        "path": "evidence/vue-readiness-ported.v1.json",
        "size": 7829,
        "mode": 420
      },
      {
        "path": "evidence/vue-readiness.v1.json",
        "size": 239905,
        "mode": 420
      },
      {
        "path": "package.json",
        "size": 1803,
        "mode": 420
      }
    ],
    "entryCount": 11,
    "bundled": []
  }
]

[stderr]
npm warn Unknown project config "link-workspace-packages". This will stop working in the next major version of npm.

> @oods/components-vue@0.1.0 prepack
> pnpm run build
