[
  {
    "brand": "A",
    "theme": "light",
    "referenced": 194,
    "tokenDefined": 161,
    "local": 16,
    "unresolved": 17,
    "unresolvedColourRoles": 0,
    "reachableSystemColourFallbacks": 0,
    "nonColourUnresolved": 14,
    "unguardedDefinitions": {
      "--radius-md": true,
      "--space-2": true,
      "--space-3": true,
      "--sys-focus-ring": true,
      "--sys-surface-default": true,
      "--sys-text-subtle": true
    }
  },
  {
    "brand": "A",
    "theme": "dark",
    "referenced": 194,
    "tokenDefined": 161,
    "local": 16,
    "unresolved": 17,
    "unresolvedColourRoles": 0,
    "reachableSystemColourFallbacks": 0,
    "nonColourUnresolved": 14,
    "unguardedDefinitions": {
      "--radius-md": true,
      "--space-2": true,
      "--space-3": true,
      "--sys-focus-ring": true,
      "--sys-surface-default": true,
      "--sys-text-subtle": true
    }
  },
  {
    "brand": "A",
    "theme": "hc",
    "referenced": 194,
    "tokenDefined": 161,
    "local": 16,
    "unresolved": 17,
    "unresolvedColourRoles": 0,
    "reachableSystemColourFallbacks": 0,
    "nonColourUnresolved": 14,
    "unguardedDefinitions": {
      "--radius-md": true,
      "--space-2": true,
      "--space-3": true,
      "--sys-focus-ring": true,
      "--sys-surface-default": true,
      "--sys-text-subtle": true
    }
  },
  {
    "brand": "B",
    "theme": "light",
    "referenced": 194,
    "tokenDefined": 161,
    "local": 16,
    "unresolved": 17,
    "unresolvedColourRoles": 0,
    "reachableSystemColourFallbacks": 0,
    "nonColourUnresolved": 14,
    "unguardedDefinitions": {
      "--radius-md": true,
      "--space-2": true,
      "--space-3": true,
      "--sys-focus-ring": true,
      "--sys-surface-default": true,
      "--sys-text-subtle": true
    }
  },
  {
    "brand": "B",
    "theme": "dark",
    "referenced": 194,
    "tokenDefined": 161,
    "local": 16,
    "unresolved": 17,
    "unresolvedColourRoles": 0,
    "reachableSystemColourFallbacks": 0,
    "nonColourUnresolved": 14,
    "unguardedDefinitions": {
      "--radius-md": true,
      "--space-2": true,
      "--space-3": true,
      "--sys-focus-ring": true,
      "--sys-surface-default": true,
      "--sys-text-subtle": true
    }
  },
  {
    "brand": "B",
    "theme": "hc",
    "referenced": 194,
    "tokenDefined": 161,
    "local": 16,
    "unresolved": 17,
    "unresolvedColourRoles": 0,
    "reachableSystemColourFallbacks": 0,
    "nonColourUnresolved": 14,
    "unguardedDefinitions": {
      "--radius-md": true,
      "--space-2": true,
      "--space-3": true,
      "--sys-focus-ring": true,
      "--sys-surface-default": true,
      "--sys-text-subtle": true
    }
  }
]
