$ npm pack <repository-root>/packages/component-styles --json --pack-destination <repository-root>/artifacts/product-reality/sprint-185/m04/live-consumers/submitted-packages/tarballs
exitCode=0
signal=

[stdout]

> @oods/component-styles@0.1.0 build <repository-root>/packages/component-styles
> rimraf dist && tsup --config tsup.config.ts && node scripts/copy-css.mjs

CLI Building entry: src/index.ts, src/ported.ts
CLI Using tsconfig: tsconfig.json
CLI tsup v8.5.0
CLI Using tsup config: <repository-root>/packages/component-styles/tsup.config.ts
CLI Target: es2022
ESM Build start
CJS Build start
ESM dist/index.js  749.00 B
ESM dist/ported.js 328.00 B
ESM ⚡️ Build success in 57ms
CJS dist/ported.cjs 410.00 B
CJS dist/index.cjs  894.00 B
CJS ⚡️ Build success in 57ms
DTS Build start
DTS ⚡️ Build success in 3083ms
DTS dist/index.d.ts   895.00 B
DTS dist/ported.d.ts  422.00 B
DTS dist/index.d.cts  895.00 B
DTS dist/ported.d.cts 422.00 B
[
  {
    "id": "@oods/component-styles@0.1.0",
    "name": "@oods/component-styles",
    "version": "0.1.0",
    "size": 6809,
    "unpackedSize": 38818,
    "shasum": "9fc04674b661610bf05cdfdbb2c21912adc3af3f",
    "integrity": "sha512-/rAWun/yDJYHwAdQ/we+KWNcFl7ATf36lLC9Uq8w3dqkQYbD0CaUdlJOkr+ozQ/L6gFblUDy8sL50bMHVKhaeQ==",
    "filename": "oods-component-styles-0.1.0.tgz",
    "files": [
      {
        "path": "dist/components-ported.css",
        "size": 5586,
        "mode": 420
      },
      {
        "path": "dist/components.css",
        "size": 20544,
        "mode": 420
      },
      {
        "path": "dist/index.cjs",
        "size": 894,
        "mode": 420
      },
      {
        "path": "dist/index.d.cts",
        "size": 895,
        "mode": 420
      },
      {
        "path": "dist/index.d.ts",
        "size": 895,
        "mode": 420
      },
      {
        "path": "dist/index.js",
        "size": 749,
        "mode": 420
      },
      {
        "path": "dist/ported.cjs",
        "size": 410,
        "mode": 420
      },
      {
        "path": "dist/ported.d.cts",
        "size": 422,
        "mode": 420
      },
      {
        "path": "dist/ported.d.ts",
        "size": 422,
        "mode": 420
      },
      {
        "path": "dist/ported.js",
        "size": 328,
        "mode": 420
      },
      {
        "path": "dist/statusables.css",
        "size": 6329,
        "mode": 420
      },
      {
        "path": "package.json",
        "size": 1344,
        "mode": 420
      }
    ],
    "entryCount": 12,
    "bundled": []
  }
]

[stderr]
npm warn Unknown project config "link-workspace-packages". This will stop working in the next major version of npm.

> @oods/component-styles@0.1.0 prepack
> pnpm run build
