2026-09-12T09:14:23.7326995Z Current runner version: '2.337.0'
2026-09-12T09:14:23.7348205Z ##[group]Runner Image Provisioner
2026-09-12T09:14:23.7348976Z Hosted Compute Agent
2026-09-12T09:14:23.7349626Z Version: 20260828.587
2026-09-12T09:14:23.7350239Z Commit: abac92662cab4cc7352de4f9f9d2e2419aad9c29
2026-09-12T09:14:23.7350976Z Build Date: 2026-08-28T16:44:25Z
2026-09-12T09:14:23.7351653Z Worker ID: {72b2f22e-65d9-4897-acbe-f39ae01ea590}
2026-09-12T09:14:23.7352339Z Azure Region: westus3
2026-09-12T09:14:23.7352834Z ##[endgroup]
2026-09-12T09:14:23.7353976Z ##[group]Operating System
2026-09-12T09:14:23.7354550Z Ubuntu
2026-09-12T09:14:23.7355000Z 24.04.5
2026-09-12T09:14:23.7355486Z LTS
2026-09-12T09:14:23.7355921Z ##[endgroup]
2026-09-12T09:14:23.7356426Z ##[group]Runner Image
2026-09-12T09:14:23.7357018Z Image: ubuntu-24.04
2026-09-12T09:14:23.7357528Z Version: 20260907.300.1
2026-09-12T09:14:23.7358647Z Included Software: https://github.com/actions/runner-images/blob/ubuntu24/20260907.300/images/ubuntu/Ubuntu2404-Readme.md
2026-09-12T09:14:23.7360491Z Image Release: https://github.com/actions/runner-images/releases/tag/ubuntu24%2F20260907.300
2026-09-12T09:14:23.7361423Z ##[endgroup]
2026-09-12T09:14:23.7362477Z ##[group]GITHUB_TOKEN Permissions
2026-09-12T09:14:23.7364201Z Contents: read
2026-09-12T09:14:23.7364696Z Metadata: read
2026-09-12T09:14:23.7365278Z PullRequests: write
2026-09-12T09:14:23.7365811Z ##[endgroup]
2026-09-12T09:14:23.7367543Z Secret source: Actions
2026-09-12T09:14:23.7368384Z Cache mode: write
2026-09-12T09:14:23.7369003Z Prepare workflow directory
2026-09-12T09:14:23.7806084Z Prepare all required actions
2026-09-12T09:14:23.7844591Z Getting action download info
2026-09-12T09:14:24.0983103Z Download action repository 'actions/checkout@v4' (SHA:11d5960a326750d5838078e36cf38b85af677262)
2026-09-12T09:14:24.1974657Z Download action repository 'pnpm/action-setup@v4' (SHA:b906affcce14559ad1aafd4ab0e942779e9f58b1)
2026-09-12T09:14:25.0295827Z Download action repository 'actions/setup-node@v4' (SHA:49933ea5288caeca8642d1e84afbd3f7d6820020)
2026-09-12T09:14:25.2764745Z Download action repository 'actions/cache@v4' (SHA:0057852bfaa89a56745cba8c7296529d2fc39830)
2026-09-12T09:14:25.5002887Z Download action repository 'chromaui/action@v1' (SHA:c93e0bc3a63aa176e14a75b61a31847cbfdd341c)
2026-09-12T09:14:26.4124660Z Complete job name: vr-test
2026-09-12T09:14:26.4682032Z ##[group]Run if [ -n "$CHROMATIC_PROJECT_TOKEN" ]; then
2026-09-12T09:14:26.4683195Z [36;1mif [ -n "$CHROMATIC_PROJECT_TOKEN" ]; then[0m
2026-09-12T09:14:26.4684337Z [36;1m  echo "present=true" >> "$GITHUB_OUTPUT"[0m
2026-09-12T09:14:26.4685479Z [36;1melse[0m
2026-09-12T09:14:26.4686222Z [36;1m  echo "present=false" >> "$GITHUB_OUTPUT"[0m
2026-09-12T09:14:26.4687722Z [36;1m  echo "::notice::CHROMATIC_PROJECT_TOKEN secret is not set — skipping visual regression run."[0m
2026-09-12T09:14:26.4689071Z [36;1mfi[0m
2026-09-12T09:14:26.4727451Z shell: /usr/bin/bash -e {0}
2026-09-12T09:14:26.4728396Z env:
2026-09-12T09:14:26.4729144Z   NODE_VERSION: 24
2026-09-12T09:14:26.4730007Z   CHROMATIC_PROJECT_TOKEN: 
2026-09-12T09:14:26.4730886Z ##[endgroup]
2026-09-12T09:14:26.4874980Z ##[notice]CHROMATIC_PROJECT_TOKEN secret is not set — skipping visual regression run.
2026-09-12T09:14:26.5217331Z Cleaning up orphan processes
