$ npm pack <repository-root>/packages/component-contracts --json --pack-destination <repository-root>/artifacts/product-reality/sprint-189/m03/app-consumers/submitted-packages/tarballs
exitCode=0
signal=

[stdout]

> @oods/component-contracts@0.1.0 build <repository-root>/packages/component-contracts
> rimraf dist && tsup --config tsup.config.ts

CLI Building entry: src/index.ts
CLI Using tsconfig: tsconfig.json
CLI tsup v8.5.0
CLI Using tsup config: <repository-root>/packages/component-contracts/tsup.config.ts
CLI Target: es2022
CLI Cleaning output folder
ESM Build start
CJS Build start
ESM dist/index.js 379.60 KB
ESM ⚡️ Build success in 231ms
CJS dist/index.cjs 380.81 KB
CJS ⚡️ Build success in 231ms
DTS Build start
DTS ⚡️ Build success in 1052ms
DTS dist/index.d.ts  13.42 KB
DTS dist/index.d.cts 13.42 KB
[
  {
    "id": "@oods/component-contracts@0.1.0",
    "name": "@oods/component-contracts",
    "version": "0.1.0",
    "size": 101194,
    "unpackedSize": 1611315,
    "shasum": "bc32531fbf5b62e65050a5b249c2f7db0ac173ad",
    "integrity": "sha512-nYjeqPfI504OsVFI2EceWN5tHeUXf73gZFpeMVb+qi+pSlwvTbBCpTRWXZOvLOH3MyUwHieMePpCGlAo292+qw==",
    "filename": "oods-component-contracts-0.1.0.tgz",
    "files": [
      {
        "path": "dist/index.cjs",
        "size": 389949,
        "mode": 420
      },
      {
        "path": "dist/index.d.cts",
        "size": 13741,
        "mode": 420
      },
      {
        "path": "dist/index.d.ts",
        "size": 13741,
        "mode": 420
      },
      {
        "path": "dist/index.js",
        "size": 388709,
        "mode": 420
      },
      {
        "path": "package.json",
        "size": 1269,
        "mode": 420
      },
      {
        "path": "registry/component-capability-baseline.v1.json",
        "size": 172138,
        "mode": 420
      },
      {
        "path": "registry/component-capability-closeout.s182.v1.json",
        "size": 255063,
        "mode": 420
      },
      {
        "path": "registry/component-capability-foundation-v1.s182.v1.json",
        "size": 259610,
        "mode": 420
      },
      {
        "path": "registry/component-intake.v1.json",
        "size": 67627,
        "mode": 420
      },
      {
        "path": "registry/component-obligation-scope.v1.json",
        "size": 233,
        "mode": 420
      },
      {
        "path": "registry/component-reconciliation.proposed.v1.json",
        "size": 49235,
        "mode": 420
      }
    ],
    "entryCount": 11,
    "bundled": []
  }
]

[stderr]
npm warn Unknown project config "link-workspace-packages". This will stop working in the next major version of npm.

> @oods/component-contracts@0.1.0 prepack
> pnpm run build
