{
  "isolation": {
    "outsidePnpmWorkspace": true,
    "freshNodeModules": true,
    "emptyVerifierOwnedNpmConfiguration": true,
    "installScripts": false,
    "localPackagesFromBuiltTarballsOnly": true,
    "workspaceAliases": false,
    "workspaceSymlinks": false,
    "repositorySourceImports": false,
    "inheritedNodeModules": false,
    "allResolvedPathsOutsideRepository": true,
    "installed": [
      {
        "name": "@oods/tokens",
        "version": "0.1.0",
        "consumerRelative": "node_modules/@oods/tokens"
      },
      {
        "name": "@oods/component-contracts",
        "version": "0.1.0",
        "consumerRelative": "node_modules/@oods/component-contracts"
      },
      {
        "name": "@oods/component-styles",
        "version": "0.1.0",
        "consumerRelative": "node_modules/@oods/component-styles"
      },
      {
        "name": "@oods/components-react",
        "version": "0.1.0",
        "consumerRelative": "node_modules/@oods/components-react"
      }
    ]
  },
  "localTarballs": [
    {
      "name": "@oods/tokens",
      "version": "0.1.0",
      "installSpec": "file:./tarballs/oods-tokens-0.1.0.tgz",
      "sha256": "sha256:c79e732b9e3867a8cab7277327454fb659f0c45256fe498875d6ca1664ab90c9",
      "bytes": 238169
    },
    {
      "name": "@oods/component-contracts",
      "version": "0.1.0",
      "installSpec": "file:./tarballs/oods-component-contracts-0.1.0.tgz",
      "sha256": "sha256:fa77ef39f1453e158a2b07f9dee678d42ae6fb2c8b0666f3e90a6931012a8c62",
      "bytes": 118132
    },
    {
      "name": "@oods/component-styles",
      "version": "0.1.0",
      "installSpec": "file:./tarballs/oods-component-styles-0.1.0.tgz",
      "sha256": "sha256:81bd594d47546ecf31e22bf47a58aebe047add6dae17039c445fea54b1a64f7d",
      "bytes": 11899
    },
    {
      "name": "@oods/components-react",
      "version": "0.1.0",
      "installSpec": "file:./tarballs/oods-components-react-0.1.0.tgz",
      "sha256": "sha256:daa17cd5ec85275e7e5c549578b9d4ee08d51674ed7326dc7b7f5590ee363cca",
      "bytes": 85613
    }
  ],
  "resolutions": [
    {
      "specifier": "@oods/component-contracts",
      "consumerRelative": "node_modules/@oods/component-contracts/dist/index.js"
    },
    {
      "specifier": "@oods/component-styles/css",
      "consumerRelative": "node_modules/@oods/component-styles/dist/components.css"
    },
    {
      "specifier": "@oods/components-react",
      "consumerRelative": "node_modules/@oods/components-react/dist/index.js"
    },
    {
      "specifier": "react",
      "consumerRelative": "node_modules/react/index.js"
    },
    {
      "specifier": "react-dom/client",
      "consumerRelative": "node_modules/react-dom/client.js"
    },
    {
      "specifier": "react-dom/server",
      "consumerRelative": "node_modules/react-dom/server.node.js"
    },
    {
      "specifier": "vite",
      "consumerRelative": "node_modules/vite/dist/node/index.js"
    }
  ]
}
