$ npm pack <repository-root>/packages/components-vue --json --pack-destination <repository-root>/artifacts/product-reality/sprint-192/m05/packed-green/submitted-packages/tarballs
exitCode=0
signal=

[stdout]

> @oods/components-vue@0.1.0 build <repository-root>/packages/components-vue
> rimraf dist && tsup --config tsup.config.ts && tsup --config tsup.ported.config.ts

CLI Building entry: src/index.ts
CLI Using tsconfig: tsconfig.json
CLI tsup v8.5.0
CLI Using tsup config: <repository-root>/packages/components-vue/tsup.config.ts
CLI Target: es2022
CLI Cleaning output folder
ESM Build start
CJS Build start
CJS dist/index.cjs 119.71 KB
CJS ⚡️ Build success in 163ms
ESM dist/index.js 115.93 KB
ESM ⚡️ Build success in 164ms
DTS Build start
DTS ⚡️ Build success in 1900ms
DTS dist/index.d.ts  109.03 KB
DTS dist/index.d.cts 109.03 KB
CLI Building entry: src/ported.ts
CLI Using tsconfig: tsconfig.json
CLI tsup v8.5.0
CLI Using tsup config: <repository-root>/packages/components-vue/tsup.ported.config.ts
CLI Target: es2022
ESM Build start
CJS Build start
ESM dist/ported.js 46.06 KB
ESM ⚡️ Build success in 84ms
CJS dist/ported.cjs 46.73 KB
CJS ⚡️ Build success in 84ms
DTS Build start
DTS ⚡️ Build success in 1289ms
DTS dist/ported.d.ts  20.67 KB
DTS dist/ported.d.cts 20.67 KB
[
  {
    "id": "@oods/components-vue@0.1.0",
    "name": "@oods/components-vue",
    "version": "0.1.0",
    "size": 94332,
    "unpackedSize": 777653,
    "shasum": "330c5627098443e4cb4e90715f2e5b8202ebb477",
    "integrity": "sha512-sfY35cjwiyt8loI5pWdiZw8gdwI41wB+FnJpsvm9t/+KXSKQ3vZvL5x71z3uH2CXaTqKhgWSOlGjeWAVFOUWyQ==",
    "filename": "oods-components-vue-0.1.0.tgz",
    "files": [
      {
        "path": "dist/index.cjs",
        "size": 122588,
        "mode": 420
      },
      {
        "path": "dist/index.d.cts",
        "size": 111647,
        "mode": 420
      },
      {
        "path": "dist/index.d.ts",
        "size": 111647,
        "mode": 420
      },
      {
        "path": "dist/index.js",
        "size": 118710,
        "mode": 420
      },
      {
        "path": "dist/ported.cjs",
        "size": 47853,
        "mode": 420
      },
      {
        "path": "dist/ported.d.cts",
        "size": 21165,
        "mode": 420
      },
      {
        "path": "dist/ported.d.ts",
        "size": 21165,
        "mode": 420
      },
      {
        "path": "dist/ported.js",
        "size": 47166,
        "mode": 420
      },
      {
        "path": "evidence/vue-readiness-ported.v1.json",
        "size": 7829,
        "mode": 420
      },
      {
        "path": "evidence/vue-readiness.v1.json",
        "size": 166080,
        "mode": 420
      },
      {
        "path": "package.json",
        "size": 1803,
        "mode": 420
      }
    ],
    "entryCount": 11,
    "bundled": []
  }
]

[stderr]
npm warn Unknown project config "link-workspace-packages". This will stop working in the next major version of npm.

> @oods/components-vue@0.1.0 prepack
> pnpm run build
