{
  "framework": "react",
  "schema": "fresh-Transaction-timeline",
  "boundValues": [
    {
      "nodeId": "slot-header-2",
      "field": "cancel_at_period_end",
      "editable": false,
      "kind": "boolean-text",
      "expected": "No",
      "actual": "No",
      "visible": true,
      "passed": true
    }
  ],
  "viewport": {
    "width": 1920,
    "height": 1080
  },
  "mount": "passed",
  "rootId": "screen-timeline-14",
  "rootCount": 1,
  "hydration": "passed",
  "hydrationProbe": {
    "selector": null,
    "selectorCount": 0,
    "eventHandlerAttached": false,
    "reusedServerNodes": {
      "root": true,
      "action": true,
      "everyCapturedNode": true
    },
    "attachment": {
      "attached": true,
      "containerProperty": "__reactContainer$wf9jvcxm5y",
      "rootProperty": "__reactFiber$wf9jvcxm5y"
    }
  },
  "hydrationInvariant": {
    "before": {
      "rootChildren": [
        {
          "tag": "DIV",
          "id": "screen-timeline-14",
          "component": "Stack"
        }
      ],
      "elements": [
        {
          "tag": "DIV",
          "id": "screen-timeline-14",
          "component": "Stack",
          "role": null,
          "selected": null,
          "hidden": false
        },
        {
          "tag": "DIV",
          "id": "timeline-header-1",
          "component": "Stack",
          "role": null,
          "selected": null,
          "hidden": false
        },
        {
          "tag": "SPAN",
          "id": "slot-header-2",
          "component": "Text",
          "role": null,
          "selected": null,
          "hidden": false
        },
        {
          "tag": "DIV",
          "id": "timeline-entries-13",
          "component": "Stack",
          "role": null,
          "selected": null,
          "hidden": false
        },
        {
          "tag": "DIV",
          "id": "timeline-entry-3",
          "component": "Card",
          "role": null,
          "selected": null,
          "hidden": false
        },
        {
          "tag": "DIV",
          "id": "slot-entry-0-4",
          "component": "Stack",
          "role": null,
          "selected": null,
          "hidden": false
        },
        {
          "tag": "DIV",
          "id": "timeline-entry-5",
          "component": "Card",
          "role": null,
          "selected": null,
          "hidden": false
        },
        {
          "tag": "DIV",
          "id": "slot-entry-1-6",
          "component": "Stack",
          "role": null,
          "selected": null,
          "hidden": false
        },
        {
          "tag": "DIV",
          "id": "timeline-entry-7",
          "component": "Card",
          "role": null,
          "selected": null,
          "hidden": false
        },
        {
          "tag": "DIV",
          "id": "slot-entry-2-8",
          "component": "Stack",
          "role": null,
          "selected": null,
          "hidden": false
        },
        {
          "tag": "DIV",
          "id": "timeline-entry-9",
          "component": "Card",
          "role": null,
          "selected": null,
          "hidden": false
        },
        {
          "tag": "DIV",
          "id": "slot-entry-3-10",
          "component": "Stack",
          "role": null,
          "selected": null,
          "hidden": false
        },
        {
          "tag": "DIV",
          "id": "timeline-entry-11",
          "component": "Card",
          "role": null,
          "selected": null,
          "hidden": false
        },
        {
          "tag": "DIV",
          "id": "slot-entry-4-12",
          "component": "Stack",
          "role": null,
          "selected": null,
          "hidden": false
        }
      ]
    },
    "after": {
      "rootChildren": [
        {
          "tag": "DIV",
          "id": "screen-timeline-14",
          "component": "Stack"
        }
      ],
      "elements": [
        {
          "tag": "DIV",
          "id": "screen-timeline-14",
          "component": "Stack",
          "role": null,
          "selected": null,
          "hidden": false
        },
        {
          "tag": "DIV",
          "id": "timeline-header-1",
          "component": "Stack",
          "role": null,
          "selected": null,
          "hidden": false
        },
        {
          "tag": "SPAN",
          "id": "slot-header-2",
          "component": "Text",
          "role": null,
          "selected": null,
          "hidden": false
        },
        {
          "tag": "DIV",
          "id": "timeline-entries-13",
          "component": "Stack",
          "role": null,
          "selected": null,
          "hidden": false
        },
        {
          "tag": "DIV",
          "id": "timeline-entry-3",
          "component": "Card",
          "role": null,
          "selected": null,
          "hidden": false
        },
        {
          "tag": "DIV",
          "id": "slot-entry-0-4",
          "component": "Stack",
          "role": null,
          "selected": null,
          "hidden": false
        },
        {
          "tag": "DIV",
          "id": "timeline-entry-5",
          "component": "Card",
          "role": null,
          "selected": null,
          "hidden": false
        },
        {
          "tag": "DIV",
          "id": "slot-entry-1-6",
          "component": "Stack",
          "role": null,
          "selected": null,
          "hidden": false
        },
        {
          "tag": "DIV",
          "id": "timeline-entry-7",
          "component": "Card",
          "role": null,
          "selected": null,
          "hidden": false
        },
        {
          "tag": "DIV",
          "id": "slot-entry-2-8",
          "component": "Stack",
          "role": null,
          "selected": null,
          "hidden": false
        },
        {
          "tag": "DIV",
          "id": "timeline-entry-9",
          "component": "Card",
          "role": null,
          "selected": null,
          "hidden": false
        },
        {
          "tag": "DIV",
          "id": "slot-entry-3-10",
          "component": "Stack",
          "role": null,
          "selected": null,
          "hidden": false
        },
        {
          "tag": "DIV",
          "id": "timeline-entry-11",
          "component": "Card",
          "role": null,
          "selected": null,
          "hidden": false
        },
        {
          "tag": "DIV",
          "id": "slot-entry-4-12",
          "component": "Stack",
          "role": null,
          "selected": null,
          "hidden": false
        }
      ]
    },
    "equal": true
  },
  "interactionEvidence": {
    "kind": "none",
    "reason": "no interactive element declared",
    "disabledPaginationNodeIds": [],
    "status": "not-applicable",
    "disabledControls": []
  },
  "labelVisibility": [],
  "runtimeErrors": [],
  "componentCounts": {
    "Card": 5,
    "Stack": 8,
    "Text": 1
  },
  "requiredMounts": [
    {
      "nodeId": "screen-timeline-14",
      "component": "Stack",
      "requiredInitially": true,
      "present": true,
      "passed": true
    },
    {
      "nodeId": "timeline-header-1",
      "component": "Stack",
      "requiredInitially": true,
      "present": true,
      "passed": true
    },
    {
      "nodeId": "slot-header-2",
      "component": "Text",
      "requiredInitially": true,
      "present": true,
      "passed": true
    },
    {
      "nodeId": "timeline-entries-13",
      "component": "Stack",
      "requiredInitially": true,
      "present": true,
      "passed": true
    },
    {
      "nodeId": "timeline-entry-3",
      "component": "Card",
      "requiredInitially": true,
      "present": true,
      "passed": true
    },
    {
      "nodeId": "slot-entry-0-4",
      "component": "Stack",
      "requiredInitially": true,
      "present": true,
      "passed": true
    },
    {
      "nodeId": "timeline-entry-5",
      "component": "Card",
      "requiredInitially": true,
      "present": true,
      "passed": true
    },
    {
      "nodeId": "slot-entry-1-6",
      "component": "Stack",
      "requiredInitially": true,
      "present": true,
      "passed": true
    },
    {
      "nodeId": "timeline-entry-7",
      "component": "Card",
      "requiredInitially": true,
      "present": true,
      "passed": true
    },
    {
      "nodeId": "slot-entry-2-8",
      "component": "Stack",
      "requiredInitially": true,
      "present": true,
      "passed": true
    },
    {
      "nodeId": "timeline-entry-9",
      "component": "Card",
      "requiredInitially": true,
      "present": true,
      "passed": true
    },
    {
      "nodeId": "slot-entry-3-10",
      "component": "Stack",
      "requiredInitially": true,
      "present": true,
      "passed": true
    },
    {
      "nodeId": "timeline-entry-11",
      "component": "Card",
      "requiredInitially": true,
      "present": true,
      "passed": true
    },
    {
      "nodeId": "slot-entry-4-12",
      "component": "Stack",
      "requiredInitially": true,
      "present": true,
      "passed": true
    }
  ],
  "selectorEvidence": [],
  "actionCounts": {},
  "actionArgs": {},
  "actionsFrozen": true,
  "css": {
    "primaryTextToken": "oklch(0.92 0.02 92)",
    "canvasToken": "oklch(0.18 0.05 45)"
  }
}
