{
  "framework": "react",
  "schema": "fresh-S192AuditSort-detail",
  "screenshot": {
    "file": "mounted.png",
    "sha256": "sha256:cd5a0862c7f3de70238e9dee2aea80b7f72a37be4d8c73f087a7f56585d6328b"
  },
  "boundValues": [
    {
      "nodeId": "ve-header-26",
      "field": "status",
      "editable": false,
      "kind": "status",
      "expected": "Current status: Consumer status",
      "actual": "Current status: Consumer status",
      "visible": true,
      "passed": true
    },
    {
      "nodeId": "ve-header-28",
      "field": "searchQuery",
      "editable": false,
      "kind": "query-input",
      "expected": "Consumer searchQuery",
      "actual": "Consumer searchQuery",
      "visible": true,
      "passed": true
    },
    {
      "nodeId": "slot-tab-0-4",
      "field": "audit_log",
      "kind": "family-text",
      "selector": "dl > dd:nth-of-type(1)",
      "expected": "2",
      "editable": false,
      "actual": "2",
      "visible": true,
      "passed": true
    },
    {
      "nodeId": "slot-tab-0-4",
      "field": "audit_log",
      "kind": "family-text",
      "selector": "dl > dd:nth-of-type(2)",
      "expected": "consumer-actor-2",
      "editable": false,
      "actual": "consumer-actor-2",
      "visible": true,
      "passed": true
    },
    {
      "nodeId": "slot-tab-0-4",
      "field": "audit_log",
      "kind": "family-text",
      "selector": "dl > dd:nth-of-type(3)",
      "expected": "Sep 6, 2026, 12:00 PM",
      "editable": false,
      "actual": "Sep 6, 2026, 12:00 PM",
      "visible": true,
      "passed": true
    }
  ],
  "viewport": {
    "width": 1920,
    "height": 1080
  },
  "mount": "passed",
  "rootId": "screen-detail-13",
  "rootCount": 1,
  "hydration": "passed",
  "hydrationProbe": {
    "selector": "[id=\"_R_p_-tab-detail-tab-panel-7\"]",
    "selectorCount": 1,
    "eventHandlerAttached": true,
    "reusedServerNodes": {
      "root": true,
      "action": true,
      "everyCapturedNode": true
    },
    "attachment": {
      "attached": true,
      "containerProperty": "__reactContainer$373wfwmcgi7",
      "rootProperty": "__reactFiber$373wfwmcgi7"
    }
  },
  "hydrationInvariant": {
    "before": {
      "rootChildren": [
        {
          "tag": "DIV",
          "id": "screen-detail-13",
          "component": "Stack"
        },
        {
          "tag": "DIV",
          "id": "",
          "component": null
        }
      ],
      "elements": [
        {
          "tag": "DIV",
          "id": "screen-detail-13",
          "component": "Stack",
          "role": null,
          "selected": null,
          "hidden": false
        },
        {
          "tag": "DIV",
          "id": "detail-header-1",
          "component": "Stack",
          "role": null,
          "selected": null,
          "hidden": false
        },
        {
          "tag": "DIV",
          "id": "slot-header-2",
          "component": "Stack",
          "role": null,
          "selected": null,
          "hidden": false
        },
        {
          "tag": "HEADER",
          "id": "ve-header-25",
          "component": "DetailHeader",
          "role": null,
          "selected": null,
          "hidden": false
        },
        {
          "tag": "DIV",
          "id": "ve-header-26",
          "component": "StatusTimeline",
          "role": "log",
          "selected": null,
          "hidden": false
        },
        {
          "tag": "DIV",
          "id": null,
          "component": "SearchInput",
          "role": "search",
          "selected": null,
          "hidden": false
        },
        {
          "tag": "INPUT",
          "id": "ve-header-28",
          "component": "SearchInput",
          "role": null,
          "selected": null,
          "hidden": false
        },
        {
          "tag": "SECTION",
          "id": "ve-header-30",
          "component": "PriceSummary",
          "role": null,
          "selected": null,
          "hidden": false
        },
        {
          "tag": "DIV",
          "id": "detail-body-10",
          "component": "Card",
          "role": null,
          "selected": null,
          "hidden": false
        },
        {
          "tag": "DIV",
          "id": "detail-tabs-9",
          "component": "Tabs",
          "role": null,
          "selected": null,
          "hidden": false
        },
        {
          "tag": "DIV",
          "id": null,
          "component": null,
          "role": "tablist",
          "selected": null,
          "hidden": false
        },
        {
          "tag": "BUTTON",
          "id": "_R_p_-tab-detail-tab-panel-3",
          "component": null,
          "role": "tab",
          "selected": "true",
          "hidden": false
        },
        {
          "tag": "BUTTON",
          "id": "_R_p_-tab-detail-tab-panel-7",
          "component": null,
          "role": "tab",
          "selected": "false",
          "hidden": false
        },
        {
          "tag": "DIV",
          "id": "_R_p_-panel-detail-tab-panel-3",
          "component": null,
          "role": "tabpanel",
          "selected": null,
          "hidden": false
        },
        {
          "tag": "DIV",
          "id": "detail-tab-panel-3",
          "component": "Stack",
          "role": null,
          "selected": null,
          "hidden": false
        },
        {
          "tag": "SECTION",
          "id": "slot-tab-0-4",
          "component": "AuditSummaryCard",
          "role": null,
          "selected": null,
          "hidden": false
        },
        {
          "tag": "DIV",
          "id": "_R_p_-panel-detail-tab-panel-7",
          "component": null,
          "role": "tabpanel",
          "selected": null,
          "hidden": true
        },
        {
          "tag": "DIV",
          "id": "detail-meta-11",
          "component": "Stack",
          "role": null,
          "selected": null,
          "hidden": false
        },
        {
          "tag": "DIV",
          "id": "slot-metadata-12",
          "component": "Stack",
          "role": null,
          "selected": null,
          "hidden": false
        },
        {
          "tag": "SECTION",
          "id": "ve-metadata-27",
          "component": "ClassificationPanel",
          "role": null,
          "selected": null,
          "hidden": false
        },
        {
          "tag": "ASIDE",
          "id": "ve-metadata-29",
          "component": "FilterPanel",
          "role": "region",
          "selected": null,
          "hidden": false
        },
        {
          "tag": "DIV",
          "id": null,
          "component": null,
          "role": "group",
          "selected": null,
          "hidden": false
        }
      ]
    },
    "after": {
      "rootChildren": [
        {
          "tag": "DIV",
          "id": "screen-detail-13",
          "component": "Stack"
        },
        {
          "tag": "DIV",
          "id": "",
          "component": null
        }
      ],
      "elements": [
        {
          "tag": "DIV",
          "id": "screen-detail-13",
          "component": "Stack",
          "role": null,
          "selected": null,
          "hidden": false
        },
        {
          "tag": "DIV",
          "id": "detail-header-1",
          "component": "Stack",
          "role": null,
          "selected": null,
          "hidden": false
        },
        {
          "tag": "DIV",
          "id": "slot-header-2",
          "component": "Stack",
          "role": null,
          "selected": null,
          "hidden": false
        },
        {
          "tag": "HEADER",
          "id": "ve-header-25",
          "component": "DetailHeader",
          "role": null,
          "selected": null,
          "hidden": false
        },
        {
          "tag": "DIV",
          "id": "ve-header-26",
          "component": "StatusTimeline",
          "role": "log",
          "selected": null,
          "hidden": false
        },
        {
          "tag": "DIV",
          "id": null,
          "component": "SearchInput",
          "role": "search",
          "selected": null,
          "hidden": false
        },
        {
          "tag": "INPUT",
          "id": "ve-header-28",
          "component": "SearchInput",
          "role": null,
          "selected": null,
          "hidden": false
        },
        {
          "tag": "SECTION",
          "id": "ve-header-30",
          "component": "PriceSummary",
          "role": null,
          "selected": null,
          "hidden": false
        },
        {
          "tag": "DIV",
          "id": "detail-body-10",
          "component": "Card",
          "role": null,
          "selected": null,
          "hidden": false
        },
        {
          "tag": "DIV",
          "id": "detail-tabs-9",
          "component": "Tabs",
          "role": null,
          "selected": null,
          "hidden": false
        },
        {
          "tag": "DIV",
          "id": null,
          "component": null,
          "role": "tablist",
          "selected": null,
          "hidden": false
        },
        {
          "tag": "BUTTON",
          "id": "_R_p_-tab-detail-tab-panel-3",
          "component": null,
          "role": "tab",
          "selected": "true",
          "hidden": false
        },
        {
          "tag": "BUTTON",
          "id": "_R_p_-tab-detail-tab-panel-7",
          "component": null,
          "role": "tab",
          "selected": "false",
          "hidden": false
        },
        {
          "tag": "DIV",
          "id": "_R_p_-panel-detail-tab-panel-3",
          "component": null,
          "role": "tabpanel",
          "selected": null,
          "hidden": false
        },
        {
          "tag": "DIV",
          "id": "detail-tab-panel-3",
          "component": "Stack",
          "role": null,
          "selected": null,
          "hidden": false
        },
        {
          "tag": "SECTION",
          "id": "slot-tab-0-4",
          "component": "AuditSummaryCard",
          "role": null,
          "selected": null,
          "hidden": false
        },
        {
          "tag": "DIV",
          "id": "_R_p_-panel-detail-tab-panel-7",
          "component": null,
          "role": "tabpanel",
          "selected": null,
          "hidden": true
        },
        {
          "tag": "DIV",
          "id": "detail-meta-11",
          "component": "Stack",
          "role": null,
          "selected": null,
          "hidden": false
        },
        {
          "tag": "DIV",
          "id": "slot-metadata-12",
          "component": "Stack",
          "role": null,
          "selected": null,
          "hidden": false
        },
        {
          "tag": "SECTION",
          "id": "ve-metadata-27",
          "component": "ClassificationPanel",
          "role": null,
          "selected": null,
          "hidden": false
        },
        {
          "tag": "ASIDE",
          "id": "ve-metadata-29",
          "component": "FilterPanel",
          "role": "region",
          "selected": null,
          "hidden": false
        },
        {
          "tag": "DIV",
          "id": null,
          "component": null,
          "role": "group",
          "selected": null,
          "hidden": false
        }
      ]
    },
    "equal": true
  },
  "interactionEvidence": {
    "kind": "tabs",
    "nodeId": "detail-tabs-9",
    "component": "Tabs",
    "selector": "[id=\"detail-tabs-9\"]",
    "status": "passed",
    "before": "_R_p_-tab-detail-tab-panel-3",
    "after": "_R_p_-tab-detail-tab-panel-7",
    "panelId": "_R_p_-panel-detail-tab-panel-7",
    "panelVisible": true,
    "selectedCount": 1
  },
  "labelVisibility": [
    {
      "component": "DetailHeader",
      "rootId": "ve-header-25",
      "text": "Consumer label",
      "visible": true,
      "passed": true
    }
  ],
  "runtimeErrors": [],
  "componentCounts": {
    "AuditSummaryCard": 1,
    "Card": 1,
    "ClassificationPanel": 1,
    "DetailHeader": 1,
    "FilterPanel": 1,
    "PriceSummary": 1,
    "SearchInput": 2,
    "Stack": 6,
    "StatusTimeline": 1,
    "Tabs": 1
  },
  "requiredMounts": [
    {
      "nodeId": "screen-detail-13",
      "component": "Stack",
      "requiredInitially": true,
      "present": true,
      "passed": true
    },
    {
      "nodeId": "detail-header-1",
      "component": "Stack",
      "requiredInitially": true,
      "present": true,
      "passed": true
    },
    {
      "nodeId": "slot-header-2",
      "component": "Stack",
      "requiredInitially": true,
      "present": true,
      "passed": true
    },
    {
      "nodeId": "ve-header-25",
      "component": "DetailHeader",
      "requiredInitially": true,
      "present": true,
      "passed": true
    },
    {
      "nodeId": "ve-header-26",
      "component": "StatusTimeline",
      "requiredInitially": true,
      "present": true,
      "passed": true
    },
    {
      "nodeId": "ve-header-28",
      "component": "SearchInput",
      "requiredInitially": true,
      "present": true,
      "passed": true
    },
    {
      "nodeId": "ve-header-30",
      "component": "PriceSummary",
      "requiredInitially": true,
      "present": true,
      "passed": true
    },
    {
      "nodeId": "detail-body-10",
      "component": "Card",
      "requiredInitially": true,
      "present": true,
      "passed": true
    },
    {
      "nodeId": "detail-tabs-9",
      "component": "Tabs",
      "requiredInitially": true,
      "present": true,
      "passed": true
    },
    {
      "nodeId": "detail-tab-panel-3",
      "component": "Stack",
      "requiredInitially": true,
      "present": true,
      "passed": true
    },
    {
      "nodeId": "slot-tab-0-4",
      "component": "AuditSummaryCard",
      "requiredInitially": true,
      "present": true,
      "passed": true
    },
    {
      "nodeId": "detail-tab-panel-7",
      "component": "Stack",
      "requiredInitially": false,
      "reason": "inactive initial Tabs panel detail-tab-panel-7 under detail-tabs-9",
      "present": false,
      "passed": true
    },
    {
      "nodeId": "slot-tab-2-8",
      "component": "Text",
      "requiredInitially": false,
      "reason": "inactive initial Tabs panel detail-tab-panel-7 under detail-tabs-9",
      "present": false,
      "passed": true
    },
    {
      "nodeId": "detail-meta-11",
      "component": "Stack",
      "requiredInitially": true,
      "present": true,
      "passed": true
    },
    {
      "nodeId": "slot-metadata-12",
      "component": "Stack",
      "requiredInitially": true,
      "present": true,
      "passed": true
    },
    {
      "nodeId": "ve-metadata-27",
      "component": "ClassificationPanel",
      "requiredInitially": true,
      "present": true,
      "passed": true
    },
    {
      "nodeId": "ve-metadata-29",
      "component": "FilterPanel",
      "requiredInitially": true,
      "present": true,
      "passed": true
    }
  ],
  "selectorEvidence": [
    {
      "action": "handleDelete",
      "selector": "[data-oods-action=\"handleDelete\"]",
      "count": 1,
      "clicked": true,
      "mode": "clicked"
    },
    {
      "action": "handleEdit",
      "selector": "[data-oods-action=\"handleEdit\"]",
      "count": 1,
      "clicked": true,
      "mode": "clicked"
    },
    {
      "action": "handleViewTimeline",
      "selector": "[data-oods-action=\"handleViewTimeline\"]",
      "count": 1,
      "clicked": true,
      "mode": "clicked"
    }
  ],
  "actionCounts": {
    "handleDelete": 1,
    "handleEdit": 1,
    "handleViewTimeline": 1
  },
  "actionArgs": {
    "handleDelete": [
      []
    ],
    "handleEdit": [
      []
    ],
    "handleViewTimeline": [
      []
    ]
  },
  "actionsFrozen": true,
  "css": {
    "primaryTextToken": "oklch(0.92 0.02 92)",
    "canvasToken": "oklch(0.18 0.05 45)"
  }
}
