Organization/card/react pass
Organization/card/vue pass
Organization/detail/react pass
Organization/detail/vue pass
Organization/workflow/react pass
User/workflow/react pass
Subscription/workflow/react pass
Organization/form/react pass
Organization/inline/react pass
Organization/form/vue pass
Organization/inline/vue pass
Organization/list/react pass
Organization/timeline/react pass
Organization/list/vue pass
Organization/timeline/vue pass
Subscription/card/react pass
Subscription/card/vue pass
Subscription/detail/react pass
Subscription/form/react pass
Subscription/detail/vue pass
Subscription/form/vue pass
Subscription/inline/react pass
Subscription/inline/vue pass
Subscription/list/react pass
Subscription/timeline/react pass
Subscription/list/vue pass
User/card/react pass
Subscription/timeline/vue pass
User/detail/react pass
User/card/vue pass
User/form/react pass
User/detail/vue pass
User/inline/react pass
User/form/vue pass
User/inline/vue pass
User/list/react pass
User/timeline/react pass
User/list/vue pass
User/timeline/vue pass
