CLI Building entry: {"index":"src/index.ts","emitter":"src/emitter.ts","echarts-render.worker":"src/echarts-render.worker.ts"}
CLI Using tsconfig: tsconfig.json
CLI tsup v8.5.0
CLI Using tsup config: /private/tmp/forge-s199-export-baseline/packages/viz-render/tsup.config.ts
CLI Target: node20
CLI Cleaning output folder
ESM Build start
CJS Build start
CJS dist/echarts-render.worker.cjs     24.51 KB
CJS dist/emitter.cjs                   3.92 KB
CJS dist/index.cjs                     21.51 KB
CJS dist/echarts-render.worker.cjs.map 59.80 KB
CJS dist/emitter.cjs.map               12.80 KB
CJS dist/index.cjs.map                 52.80 KB
CJS ⚡️ Build success in 162ms
ESM dist/chunk-J3M4JW2D.js            456.00 B
ESM dist/index.js                     7.61 KB
ESM dist/emitter.js                   3.59 KB
ESM dist/echarts-render.worker.js     11.64 KB
ESM dist/chunk-TEIMVO34.js            13.57 KB
ESM dist/chunk-J3M4JW2D.js.map        1.11 KB
ESM dist/index.js.map                 18.69 KB
ESM dist/emitter.js.map               11.73 KB
ESM dist/echarts-render.worker.js.map 25.74 KB
ESM dist/chunk-TEIMVO34.js.map        33.43 KB
ESM ⚡️ Build success in 162ms
DTS Build start
DTS ⚡️ Build success in 1596ms
DTS dist/echarts-render.worker.d.ts  13.00 B
DTS dist/emitter.d.ts                1.45 KB
DTS dist/index.d.ts                  5.51 KB
DTS dist/echarts-render.worker.d.cts 13.00 B
DTS dist/emitter.d.cts               1.45 KB
DTS dist/index.d.cts                 5.51 KB
