$ npm pack <repository-root>/packages/component-styles --json --pack-destination <repository-root>/artifacts/product-reality/sprint-193/m03/submitted-packages/tarballs
exitCode=0
signal=

[stdout]

> @oods/component-styles@0.1.0 build <repository-root>/packages/component-styles
> rimraf dist && tsup --config tsup.config.ts && node scripts/copy-css.mjs

CLI Building entry: src/index.ts, src/ported.ts
CLI Using tsconfig: tsconfig.json
CLI tsup v8.5.0
CLI Using tsup config: <repository-root>/packages/component-styles/tsup.config.ts
CLI Target: es2022
ESM Build start
CJS Build start
ESM dist/ported.js         513.00 B
ESM dist/chunk-MQ5ST6PB.js 1.90 KB
ESM dist/index.js          143.00 B
ESM ⚡️ Build success in 24ms
CJS dist/ported.cjs 2.00 KB
CJS dist/index.cjs  2.04 KB
CJS ⚡️ Build success in 24ms
DTS Build start
DTS ⚡️ Build success in 1035ms
DTS dist/index.d.ts   1.93 KB
DTS dist/ported.d.ts  500.00 B
DTS dist/index.d.cts  1.93 KB
DTS dist/ported.d.cts 500.00 B
[
  {
    "id": "@oods/component-styles@0.1.0",
    "name": "@oods/component-styles",
    "version": "0.1.0",
    "size": 11947,
    "unpackedSize": 86155,
    "shasum": "807c1bde932eebb1312f500a560dcc220d2ffc3c",
    "integrity": "sha512-pVgxmVa7amm44iAnbQphRudbebnNkL9mQJWYoXz3C0f3ZeiAmouUTN9zJ8VFFHP3ielLC7UCvcOfVxTWbFOJkQ==",
    "filename": "oods-component-styles-0.1.0.tgz",
    "files": [
      {
        "path": "dist/chunk-MQ5ST6PB.js",
        "size": 1941,
        "mode": 420
      },
      {
        "path": "dist/components-ported.css",
        "size": 5586,
        "mode": 420
      },
      {
        "path": "dist/components.css",
        "size": 61227,
        "mode": 420
      },
      {
        "path": "dist/index.cjs",
        "size": 2086,
        "mode": 420
      },
      {
        "path": "dist/index.d.cts",
        "size": 1975,
        "mode": 420
      },
      {
        "path": "dist/index.d.ts",
        "size": 1975,
        "mode": 420
      },
      {
        "path": "dist/index.js",
        "size": 143,
        "mode": 420
      },
      {
        "path": "dist/ported.cjs",
        "size": 2043,
        "mode": 420
      },
      {
        "path": "dist/ported.d.cts",
        "size": 500,
        "mode": 420
      },
      {
        "path": "dist/ported.d.ts",
        "size": 500,
        "mode": 420
      },
      {
        "path": "dist/ported.js",
        "size": 513,
        "mode": 420
      },
      {
        "path": "dist/statusables.css",
        "size": 6329,
        "mode": 420
      },
      {
        "path": "package.json",
        "size": 1337,
        "mode": 420
      }
    ],
    "entryCount": 13,
    "bundled": []
  }
]

[stderr]
npm warn Unknown project config "link-workspace-packages". This will stop working in the next major version of npm.

> @oods/component-styles@0.1.0 prepack
> pnpm run build
