$ npm pack <repository-root>/packages/component-contracts --json --pack-destination <repository-root>/artifacts/product-reality/sprint-186/m05/recomposed-live-consumers/submitted-packages/tarballs
exitCode=0
signal=

[stdout]

> @oods/component-contracts@0.1.0 build <repository-root>/packages/component-contracts
> rimraf dist && tsup --config tsup.config.ts

CLI Building entry: src/index.ts
CLI Using tsconfig: tsconfig.json
CLI tsup v8.5.0
CLI Using tsup config: <repository-root>/packages/component-contracts/tsup.config.ts
CLI Target: es2022
CLI Cleaning output folder
ESM Build start
CJS Build start
ESM dist/index.js 330.79 KB
ESM ⚡️ Build success in 410ms
CJS dist/index.cjs 331.48 KB
CJS ⚡️ Build success in 410ms
DTS Build start
DTS ⚡️ Build success in 4417ms
DTS dist/index.d.ts  9.19 KB
DTS dist/index.d.cts 9.19 KB
[
  {
    "id": "@oods/component-contracts@0.1.0",
    "name": "@oods/component-contracts",
    "version": "0.1.0",
    "size": 80342,
    "unpackedSize": 1489111,
    "shasum": "22e3bb3d962d10902a9f23c2410089ef4fab07d4",
    "integrity": "sha512-0/k95pNCcfHMm0OdIBJdQMJSyXFmYSDkzuqL1inN8Gt+QghCkWbT51i1xwTyZCNzERR99TfInl0DcaqRoSoB/g==",
    "filename": "oods-component-contracts-0.1.0.tgz",
    "files": [
      {
        "path": "dist/index.cjs",
        "size": 339433,
        "mode": 420
      },
      {
        "path": "dist/index.d.cts",
        "size": 9414,
        "mode": 420
      },
      {
        "path": "dist/index.d.ts",
        "size": 9414,
        "mode": 420
      },
      {
        "path": "dist/index.js",
        "size": 338730,
        "mode": 420
      },
      {
        "path": "package.json",
        "size": 1269,
        "mode": 420
      },
      {
        "path": "registry/component-capability-baseline.v1.json",
        "size": 159316,
        "mode": 420
      },
      {
        "path": "registry/component-capability-closeout.s182.v1.json",
        "size": 255063,
        "mode": 420
      },
      {
        "path": "registry/component-capability-foundation-v1.s182.v1.json",
        "size": 259610,
        "mode": 420
      },
      {
        "path": "registry/component-intake.v1.json",
        "size": 67627,
        "mode": 420
      },
      {
        "path": "registry/component-reconciliation.proposed.v1.json",
        "size": 49235,
        "mode": 420
      }
    ],
    "entryCount": 10,
    "bundled": []
  }
]

[stderr]
npm warn Unknown project config "link-workspace-packages". This will stop working in the next major version of npm.

> @oods/component-contracts@0.1.0 prepack
> pnpm run build
