$ npm pack <repository-root>/packages/components-vue --json --pack-destination <repository-root>/artifacts/product-reality/sprint-186/m05/recomposed-live-consumers/submitted-packages/tarballs
exitCode=0
signal=

[stdout]

> @oods/components-vue@0.1.0 build <repository-root>/packages/components-vue
> rimraf dist && tsup --config tsup.config.ts && tsup --config tsup.ported.config.ts

CLI Building entry: src/index.ts
CLI Using tsconfig: tsconfig.json
CLI tsup v8.5.0
CLI Using tsup config: <repository-root>/packages/components-vue/tsup.config.ts
CLI Target: es2022
CLI Cleaning output folder
ESM Build start
CJS Build start
CJS dist/index.cjs 64.99 KB
CJS ⚡️ Build success in 1338ms
ESM dist/index.js 63.08 KB
ESM ⚡️ Build success in 1339ms
DTS Build start
DTS ⚡️ Build success in 6966ms
DTS dist/index.d.ts  58.61 KB
DTS dist/index.d.cts 58.61 KB
CLI Building entry: src/ported.ts
CLI Using tsconfig: tsconfig.json
CLI tsup v8.5.0
CLI Using tsup config: <repository-root>/packages/components-vue/tsup.ported.config.ts
CLI Target: es2022
ESM Build start
CJS Build start
CJS dist/ported.cjs 35.21 KB
CJS ⚡️ Build success in 306ms
ESM dist/ported.js 34.75 KB
ESM ⚡️ Build success in 306ms
DTS Build start
DTS ⚡️ Build success in 8600ms
DTS dist/ported.d.ts  20.67 KB
DTS dist/ported.d.cts 20.67 KB
[
  {
    "id": "@oods/components-vue@0.1.0",
    "name": "@oods/components-vue",
    "version": "0.1.0",
    "size": 57935,
    "unpackedSize": 414630,
    "shasum": "5c6028326b459234f5b8dfb47413597abb32386f",
    "integrity": "sha512-KjizHlsvwfJg34HpPWjejfu72JLrHlzcjlEYoBIwlJGenBLppTfzRQsyx5+AVKMNqN+ioV5vyDENj7CWcW+5/g==",
    "filename": "oods-components-vue-0.1.0.tgz",
    "files": [
      {
        "path": "dist/index.cjs",
        "size": 66550,
        "mode": 420
      },
      {
        "path": "dist/index.d.cts",
        "size": 60014,
        "mode": 420
      },
      {
        "path": "dist/index.d.ts",
        "size": 60014,
        "mode": 420
      },
      {
        "path": "dist/index.js",
        "size": 64595,
        "mode": 420
      },
      {
        "path": "dist/ported.cjs",
        "size": 36053,
        "mode": 420
      },
      {
        "path": "dist/ported.d.cts",
        "size": 21165,
        "mode": 420
      },
      {
        "path": "dist/ported.d.ts",
        "size": 21165,
        "mode": 420
      },
      {
        "path": "dist/ported.js",
        "size": 35588,
        "mode": 420
      },
      {
        "path": "evidence/vue-readiness-ported.v1.json",
        "size": 7829,
        "mode": 420
      },
      {
        "path": "evidence/vue-readiness.v1.json",
        "size": 39844,
        "mode": 420
      },
      {
        "path": "package.json",
        "size": 1813,
        "mode": 420
      }
    ],
    "entryCount": 11,
    "bundled": []
  }
]

[stderr]
npm warn Unknown project config "link-workspace-packages". This will stop working in the next major version of npm.

> @oods/components-vue@0.1.0 prepack
> pnpm run build
