$ npm pack <repository-root>/packages/component-styles --json --pack-destination <repository-root>/artifacts/product-reality/sprint-186/m05/recomposed-live-consumers/submitted-packages/tarballs
exitCode=0
signal=

[stdout]

> @oods/component-styles@0.1.0 build <repository-root>/packages/component-styles
> rimraf dist && tsup --config tsup.config.ts && node scripts/copy-css.mjs

CLI Building entry: src/index.ts, src/ported.ts
CLI Using tsconfig: tsconfig.json
CLI tsup v8.5.0
CLI Using tsup config: <repository-root>/packages/component-styles/tsup.config.ts
CLI Target: es2022
ESM Build start
CJS Build start
ESM dist/index.js  1.22 KB
ESM dist/ported.js 328.00 B
ESM ⚡️ Build success in 51ms
CJS dist/index.cjs  1.36 KB
CJS dist/ported.cjs 410.00 B
CJS ⚡️ Build success in 51ms
DTS Build start
DTS ⚡️ Build success in 6592ms
DTS dist/index.d.ts   1.32 KB
DTS dist/ported.d.ts  422.00 B
DTS dist/index.d.cts  1.32 KB
DTS dist/ported.d.cts 422.00 B
[
  {
    "id": "@oods/component-styles@0.1.0",
    "name": "@oods/component-styles",
    "version": "0.1.0",
    "size": 8675,
    "unpackedSize": 61845,
    "shasum": "4a4a448ee3182d501e077b79138ce3d42c94eb07",
    "integrity": "sha512-nHwb90Bx4/6urQFTpGTPEz+DhMdRVGVzJPu9z8D1ZhsSRLrqlQtoaGz21TnvLvwRq2o6F740baaERJ1vu2Avxw==",
    "filename": "oods-component-styles-0.1.0.tgz",
    "files": [
      {
        "path": "dist/components-ported.css",
        "size": 5586,
        "mode": 420
      },
      {
        "path": "dist/components.css",
        "size": 41659,
        "mode": 420
      },
      {
        "path": "dist/index.cjs",
        "size": 1395,
        "mode": 420
      },
      {
        "path": "dist/index.d.cts",
        "size": 1350,
        "mode": 420
      },
      {
        "path": "dist/index.d.ts",
        "size": 1350,
        "mode": 420
      },
      {
        "path": "dist/index.js",
        "size": 1250,
        "mode": 420
      },
      {
        "path": "dist/ported.cjs",
        "size": 410,
        "mode": 420
      },
      {
        "path": "dist/ported.d.cts",
        "size": 422,
        "mode": 420
      },
      {
        "path": "dist/ported.d.ts",
        "size": 422,
        "mode": 420
      },
      {
        "path": "dist/ported.js",
        "size": 328,
        "mode": 420
      },
      {
        "path": "dist/statusables.css",
        "size": 6329,
        "mode": 420
      },
      {
        "path": "package.json",
        "size": 1344,
        "mode": 420
      }
    ],
    "entryCount": 12,
    "bundled": []
  }
]

[stderr]
npm warn Unknown project config "link-workspace-packages". This will stop working in the next major version of npm.

> @oods/component-styles@0.1.0 prepack
> pnpm run build
