$ npm pack <repository-root>/packages/components-react --json --pack-destination <repository-root>/artifacts/product-reality/sprint-189/m03/app-consumers-linux/submitted-packages/tarballs
exitCode=0
signal=

[stdout]

> @oods/components-react@0.1.0 build <repository-root>/packages/components-react
> rimraf dist && tsup --config tsup.config.ts

CLI Building entry: src/index.ts, src/ported.tsx, src/status.ts, src/table.tsx, src/types.ts
CLI Using tsconfig: tsconfig.json
CLI tsup v8.5.0
CLI Using tsup config: <repository-root>/packages/components-react/tsup.config.ts
CLI Target: es2022
CLI Cleaning output folder
ESM Build start
CJS Build start
DTS Build start
ESM dist/table.js          149.00 B
ESM dist/ported.js         192.00 B
ESM dist/status.js         171.00 B
ESM dist/types.js          1.00 B
ESM dist/chunk-54KQYKOO.js 10.87 KB
ESM dist/chunk-EHRZ3ATJ.js 6.37 KB
ESM dist/chunk-2HQPPFNT.js 39.85 KB
ESM dist/index.js          70.00 KB
ESM ⚡️ Build success in 221ms
CJS dist/types.cjs  15.00 B
CJS dist/ported.cjs 52.13 KB
CJS dist/status.cjs 11.06 KB
CJS dist/table.cjs  17.07 KB
CJS dist/index.cjs  133.05 KB
CJS ⚡️ Build success in 221ms
DTS ⚡️ Build success in 2035ms
DTS dist/index.d.ts   12.98 KB
DTS dist/ported.d.ts  7.12 KB
DTS dist/status.d.ts  1.39 KB
DTS dist/table.d.ts   1.06 KB
DTS dist/types.d.ts   23.61 KB
DTS dist/index.d.cts  12.99 KB
DTS dist/ported.d.cts 7.12 KB
DTS dist/status.d.cts 1.39 KB
DTS dist/table.d.cts  1.07 KB
DTS dist/types.d.cts  23.61 KB
[
  {
    "id": "@oods/components-react@0.1.0",
    "name": "@oods/components-react",
    "version": "0.1.0",
    "size": 80487,
    "unpackedSize": 544726,
    "shasum": "66da8a135e9d8134beb66f056b74abcf042fb47b",
    "integrity": "sha512-RU7Razr3U9cfpiSeDWufCuP4KrtvKuV6vUQ5Q2XIRR0o1/SIRV5LYYVRWgeVThLjB2Pap5UOLppVQdpPcEeIoQ==",
    "filename": "oods-components-react-0.1.0.tgz",
    "files": [
      {
        "path": "dist/chunk-2HQPPFNT.js",
        "size": 40810,
        "mode": 420
      },
      {
        "path": "dist/chunk-54KQYKOO.js",
        "size": 11126,
        "mode": 420
      },
      {
        "path": "dist/chunk-EHRZ3ATJ.js",
        "size": 6526,
        "mode": 420
      },
      {
        "path": "dist/index.cjs",
        "size": 136239,
        "mode": 420
      },
      {
        "path": "dist/index.d.cts",
        "size": 13299,
        "mode": 420
      },
      {
        "path": "dist/index.d.ts",
        "size": 13295,
        "mode": 420
      },
      {
        "path": "dist/index.js",
        "size": 71679,
        "mode": 420
      },
      {
        "path": "dist/ported.cjs",
        "size": 53384,
        "mode": 420
      },
      {
        "path": "dist/ported.d.cts",
        "size": 7290,
        "mode": 420
      },
      {
        "path": "dist/ported.d.ts",
        "size": 7289,
        "mode": 420
      },
      {
        "path": "dist/ported.js",
        "size": 192,
        "mode": 420
      },
      {
        "path": "dist/status.cjs",
        "size": 11326,
        "mode": 420
      },
      {
        "path": "dist/status.d.cts",
        "size": 1426,
        "mode": 420
      },
      {
        "path": "dist/status.d.ts",
        "size": 1425,
        "mode": 420
      },
      {
        "path": "dist/status.js",
        "size": 171,
        "mode": 420
      },
      {
        "path": "dist/table.cjs",
        "size": 17476,
        "mode": 420
      },
      {
        "path": "dist/table.d.cts",
        "size": 1091,
        "mode": 420
      },
      {
        "path": "dist/table.d.ts",
        "size": 1090,
        "mode": 420
      },
      {
        "path": "dist/table.js",
        "size": 149,
        "mode": 420
      },
      {
        "path": "dist/types.cjs",
        "size": 15,
        "mode": 420
      },
      {
        "path": "dist/types.d.cts",
        "size": 24180,
        "mode": 420
      },
      {
        "path": "dist/types.d.ts",
        "size": 24180,
        "mode": 420
      },
      {
        "path": "dist/types.js",
        "size": 1,
        "mode": 420
      },
      {
        "path": "evidence/react-ported-readiness.v1.json",
        "size": 7937,
        "mode": 420
      },
      {
        "path": "evidence/react-readiness.v1.json",
        "size": 91035,
        "mode": 420
      },
      {
        "path": "package.json",
        "size": 2095,
        "mode": 420
      }
    ],
    "entryCount": 26,
    "bundled": []
  }
]

[stderr]
npm warn Unknown project config "link-workspace-packages". This will stop working in the next major version of npm.

> @oods/components-react@0.1.0 prepack
> pnpm run build

Generated an empty chunk: "types".
Generated an empty chunk: "types".
