{
  "generatedFile": "src/GeneratedUI.vue",
  "bindingMarkerCount": 4,
  "actionSelectors": [
    {
      "action": "handleFilter",
      "selector": "[id=\"ve-search-11\"]",
      "generatedSourceOccurrences": 1,
      "generatedRenderCallOccurrences": 1
    },
    {
      "action": "handlePageChange",
      "selector": "[id=\"slot-pagination-8\"] button[aria-label=\"Next page\"]",
      "generatedSourceOccurrences": 1,
      "generatedRenderCallOccurrences": 1
    },
    {
      "action": "handleRowClick",
      "selector": "[id=\"list-items-5-row-0\"]",
      "generatedSourceOccurrences": 1,
      "generatedRenderCallOccurrences": 1
    },
    {
      "action": "handleSortChange",
      "selector": "[data-oods-action=\"handleSortChange\"]",
      "generatedSourceOccurrences": 1,
      "generatedRenderCallOccurrences": 1
    }
  ],
  "generatedOwnsEverySelector": true,
  "generatedForwardsEveryAction": true,
  "consumerEntryFiles": [
    "index.html",
    "src/consumer-data.ts",
    "src/consumer.css",
    "src/main.ts",
    "src/ssr.ts",
    "src/window.d.ts",
    "tsconfig.json",
    "vite.config.mjs"
  ],
  "selectorOccurrencesInConsumerEntries": 0,
  "consumerComponentDeclarations": [],
  "interaction": {
    "kind": "action",
    "nodeId": "list-items-5-row",
    "component": "Button",
    "selector": "[id=\"list-items-5-row-0\"]",
    "action": "handleRowClick"
  },
  "generatedInteractionNodeOccurrences": 1
}
