$ pnpm --filter @oods/components-vue run build && pnpm --filter @oods/components-vue exec vitest run test/package-contract.spec.ts -t 'B-08 exports the exact Vue nucleus with public declarations'
exitCode=0
signal=

[stdout]

> @oods/components-vue@0.1.0 build /private<disposable-checkout>/packages/components-vue
> rimraf dist && tsup --config tsup.config.ts

CLI Building entry: src/index.ts
CLI Using tsconfig: tsconfig.json
CLI tsup v8.5.0
CLI Using tsup config: /private<disposable-checkout>/packages/components-vue/tsup.config.ts
CLI Target: es2022
CLI Cleaning output folder
ESM Build start
CJS Build start
CJS dist/index.cjs 29.66 KB
CJS ⚡️ Build success in 71ms
ESM dist/index.js 28.98 KB
ESM ⚡️ Build success in 71ms
DTS Build start
DTS ⚡️ Build success in 1201ms
DTS dist/index.d.ts  23.98 KB
DTS dist/index.d.cts 23.98 KB

 RUN  v3.2.4 /private<disposable-checkout>/packages/components-vue

 ✓ test/package-contract.spec.ts (3 tests | 2 skipped) 13ms

 Test Files  1 passed (1)
      Tests  1 passed | 2 skipped (3)
   Start at  05:09:01
   Duration  796ms (transform 90ms, setup 0ms, collect 393ms, tests 13ms, environment 195ms, prepare 53ms)


[stderr]
