$ pnpm run build
exitCode=0
signal=

[stdout]

> @oods/component-contracts@0.1.0 build /private/var/folders/gd/rty3217130vdbr9_q713nvg80000gn/T/oods-s182-final-gates-dx9jUk/checkouts/b13-missing-css-export/packages/component-contracts
> rimraf dist && tsup --config tsup.config.ts

CLI Building entry: src/index.ts
CLI Using tsconfig: tsconfig.json
CLI tsup v8.5.0
CLI Using tsup config: /private/var/folders/gd/rty3217130vdbr9_q713nvg80000gn/T/oods-s182-final-gates-dx9jUk/checkouts/b13-missing-css-export/packages/component-contracts/tsup.config.ts
CLI Target: es2022
CLI Cleaning output folder
ESM Build start
CJS Build start
CJS dist/index.cjs 256.14 KB
CJS ⚡️ Build success in 117ms
ESM dist/index.js 255.61 KB
ESM ⚡️ Build success in 117ms
DTS Build start
DTS ⚡️ Build success in 923ms
DTS dist/index.d.ts  7.33 KB
DTS dist/index.d.cts 7.33 KB

[stderr]
