$ npm pack --json --pack-destination <artifact-root>/package-foundations/tarballs/run-1/oods-component-styles
exitCode=0
signal=

[stdout]

> @oods/component-styles@0.1.0 build /private/var/folders/gd/rty3217130vdbr9_q713nvg80000gn/T/oods-s182-m04-gates-6yMdGH/checkouts/b13-missing-css-export/packages/component-styles
> rimraf dist && tsup --config tsup.config.ts && node scripts/copy-css.mjs

CLI Building entry: src/index.ts
CLI Using tsconfig: tsconfig.json
CLI tsup v8.5.0
CLI Using tsup config: /private/var/folders/gd/rty3217130vdbr9_q713nvg80000gn/T/oods-s182-m04-gates-6yMdGH/checkouts/b13-missing-css-export/packages/component-styles/tsup.config.ts
CLI Target: es2022
ESM Build start
CJS Build start
CJS dist/index.cjs 803.00 B
CJS ⚡️ Build success in 19ms
ESM dist/index.js 658.00 B
ESM ⚡️ Build success in 21ms
DTS Build start
DTS ⚡️ Build success in 626ms
DTS dist/index.d.ts  814.00 B
DTS dist/index.d.cts 814.00 B
[
  {
    "id": "@oods/component-styles@0.1.0",
    "name": "@oods/component-styles",
    "version": "0.1.0",
    "size": 3930,
    "unpackedSize": 19529,
    "shasum": "265fe3ec3ccfa3e220365c827eff618549b29de0",
    "integrity": "sha512-/IpaYtnkfdIGF6rbkFxeO0eF/hJ4HAE32HWF3ayBVOZS1WDmJasfr7l+ZvWNWg2FCvsLIIQrLeZ4jNDAEBNUkQ==",
    "filename": "oods-component-styles-0.1.0.tgz",
    "files": [
      {
        "path": "dist/components.css",
        "size": 15429,
        "mode": 420
      },
      {
        "path": "dist/index.cjs",
        "size": 803,
        "mode": 420
      },
      {
        "path": "dist/index.d.cts",
        "size": 814,
        "mode": 420
      },
      {
        "path": "dist/index.d.ts",
        "size": 814,
        "mode": 420
      },
      {
        "path": "dist/index.js",
        "size": 658,
        "mode": 420
      },
      {
        "path": "package.json",
        "size": 1011,
        "mode": 420
      }
    ],
    "entryCount": 6,
    "bundled": []
  }
]

[stderr]

> @oods/component-styles@0.1.0 prepack
> pnpm run build
