$ pnpm run build
exitCode=0
signal=

[stdout]

> @oods/component-styles@0.1.0 build /private/var/folders/gd/rty3217130vdbr9_q713nvg80000gn/T/oods-s182-final-gates-dx9jUk/checkouts/b13-missing-css-export/packages/component-styles
> rimraf dist && tsup --config tsup.config.ts && node scripts/copy-css.mjs

CLI Building entry: src/index.ts
CLI Using tsconfig: tsconfig.json
CLI tsup v8.5.0
CLI Using tsup config: /private/var/folders/gd/rty3217130vdbr9_q713nvg80000gn/T/oods-s182-final-gates-dx9jUk/checkouts/b13-missing-css-export/packages/component-styles/tsup.config.ts
CLI Target: es2022
ESM Build start
CJS Build start
ESM dist/index.js 658.00 B
ESM ⚡️ Build success in 21ms
CJS dist/index.cjs 803.00 B
CJS ⚡️ Build success in 21ms
DTS Build start
DTS ⚡️ Build success in 604ms
DTS dist/index.d.ts  814.00 B
DTS dist/index.d.cts 814.00 B

[stderr]
