npm warn Unknown project config "link-workspace-packages". This will stop working in the next major version of npm.
{
  "schemaVersion": "1.0.0",
  "mission": "s186-m05",
  "schemaStore": "artifacts/product-reality/sprint-186/m05/derived-store",
  "kind": "live-schema-workflow-clean-consumer-proof",
  "status": "passed",
  "selected": 16,
  "passed": 16,
  "notApplicable": 0,
  "applicable": 16,
  "failed": 0,
  "skipped": 0,
  "schemaCount": 1,
  "frameworkCount": 2,
  "cellCount": 2,
  "expectedCellCount": 2,
  "equalityRule": "Every selected immutable saved schema runs the eight named gates in React and Vue. Non-applicable interaction gates require schema-derived reasons, remain named, and are excluded from the applicable denominator; they never count as passed.",
  "generationPolicy": "code.generate is invoked live once per schema/framework cell and only that in-run artifact is consumed.",
  "consumerPolicy": "Consumers are outside the workspace, begin without node_modules, use empty npm configs, and install OODS packages only from exact tarballs produced by npm pack after each package prepack build.",
  "logPathPolicy": "Every gate log path is relative to this report artifact root, including paths repeated in nested cell reports.",
  "cells": [
    {
      "schema": "user-form-showcase",
      "schemaRef": "compose-ad97c118#pruned-composer-field-kind-defects",
      "derivation": {
        "kind": "saved-schema-pruned-of-carried-composer-defects",
        "mission": "s186-m05",
        "derivedFrom": {
          "store": "artifacts/product-reality/sprint-183/m04/saved-schema-store",
          "name": "user-form-showcase",
          "schemaRef": "compose-ad97c118",
          "sha256": "d25d9ce30988cd5e26b390a5b43ce005f2055b765b8bc3abadc263571a848bb2"
        },
        "prunedNodeIds": [
          "slot-field-3-13",
          "slot-field-5-17",
          "slot-field-6-19",
          "slot-field-8-23",
          "slot-field-9-25"
        ],
        "prunedNodes": [
          {
            "nodeId": "slot-field-3-13",
            "component": "Input",
            "field": "address_roles",
            "kind": "array"
          },
          {
            "nodeId": "slot-field-5-17",
            "component": "Input",
            "field": "preference_document",
            "kind": "unknown"
          },
          {
            "nodeId": "slot-field-6-19",
            "component": "DatePicker",
            "field": "state_history",
            "kind": "array"
          },
          {
            "nodeId": "slot-field-8-23",
            "component": "Input",
            "field": "tags",
            "kind": "array"
          },
          {
            "nodeId": "slot-field-9-25",
            "component": "Input",
            "field": "tag_metadata",
            "kind": "array"
          }
        ],
        "reason": "The composer bound plain Input and DatePicker controls to array and object fields; code.generate refuses those five nodes with OODS-V007 field-kind errors that no component port can repair. The derivation proves the six ported components live in the same form; it is not evidence that the saved schema generates.",
        "derivedBy": "scripts/product-reality/s186-m05-derive-form-schema.mjs"
      },
      "framework": "react",
      "status": "passed",
      "selected": 8,
      "passed": 8,
      "notApplicable": 0,
      "failed": 0,
      "skipped": 0,
      "gates": [
        {
          "name": "fresh-exact-tarball-install",
          "status": "passed",
          "logs": [
            "cells/user-form-showcase/react/logs/install.log",
            "cells/user-form-showcase/react/logs/isolation.log"
          ],
          "detail": {
            "localTarballCount": 4,
            "isolation": {
              "outsidePnpmWorkspace": true,
              "freshNodeModules": true,
              "emptyVerifierOwnedNpmConfiguration": true,
              "installScripts": false,
              "localPackagesFromBuiltTarballsOnly": true,
              "workspaceAliases": false,
              "workspaceSymlinks": false,
              "repositorySourceImports": false,
              "inheritedNodeModules": false,
              "allResolvedPathsOutsideRepository": true,
              "installed": [
                {
                  "name": "@oods/tokens",
                  "version": "0.1.0",
                  "consumerRelative": "node_modules/@oods/tokens"
                },
                {
                  "name": "@oods/component-contracts",
                  "version": "0.1.0",
                  "consumerRelative": "node_modules/@oods/component-contracts"
                },
                {
                  "name": "@oods/component-styles",
                  "version": "0.1.0",
                  "consumerRelative": "node_modules/@oods/component-styles"
                },
                {
                  "name": "@oods/components-react",
                  "version": "0.1.0",
                  "consumerRelative": "node_modules/@oods/components-react"
                }
              ]
            },
            "resolutions": [
              {
                "specifier": "@oods/component-styles/css",
                "consumerRelative": "node_modules/@oods/component-styles/dist/components.css"
              },
              {
                "specifier": "@oods/component-styles/css-ported",
                "consumerRelative": "node_modules/@oods/component-styles/dist/components-ported.css"
              },
              {
                "specifier": "@oods/components-react",
                "consumerRelative": "node_modules/@oods/components-react/dist/index.js"
              },
              {
                "specifier": "@oods/components-react/ported",
                "consumerRelative": "node_modules/@oods/components-react/dist/ported.js"
              },
              {
                "specifier": "react",
                "consumerRelative": "node_modules/react/index.js"
              },
              {
                "specifier": "react-dom/client",
                "consumerRelative": "node_modules/react-dom/client.js"
              },
              {
                "specifier": "react-dom/server",
                "consumerRelative": "node_modules/react-dom/server.node.js"
              },
              {
                "specifier": "vite",
                "consumerRelative": "node_modules/vite/dist/node/index.js"
              }
            ]
          }
        },
        {
          "name": "strict-typecheck",
          "status": "passed",
          "logs": [
            "cells/user-form-showcase/react/logs/typecheck.log"
          ],
          "detail": {
            "exitCode": 0
          }
        },
        {
          "name": "production-build",
          "status": "passed",
          "logs": [
            "cells/user-form-showcase/react/logs/production-build.log"
          ],
          "detail": {
            "exitCode": 0
          }
        },
        {
          "name": "server-render",
          "status": "passed",
          "logs": [
            "cells/user-form-showcase/react/logs/server-render-build.log",
            "cells/user-form-showcase/react/logs/server-render-render.log"
          ],
          "detail": {
            "bytes": 12973,
            "sha256": "sha256:824c6f7d1a5601b63045365e842a9dab862d61198780cff2fdf2fd5e00b8b78e",
            "requiredSsrNodes": [
              {
                "nodeId": "screen-form-11",
                "component": "Stack",
                "requiredInitially": true,
                "present": true,
                "passed": true
              },
              {
                "nodeId": "form-title-1",
                "component": "Stack",
                "requiredInitially": true,
                "present": true,
                "passed": true
              },
              {
                "nodeId": "ve-title-26",
                "component": "StatusSelector",
                "requiredInitially": true,
                "present": true,
                "passed": true
              },
              {
                "nodeId": "ve-title-27",
                "component": "TagInput",
                "requiredInitially": true,
                "present": true,
                "passed": true
              },
              {
                "nodeId": "ve-title-28",
                "component": "AddressEditor",
                "requiredInitially": true,
                "present": true,
                "passed": true
              },
              {
                "nodeId": "form-fields-8",
                "component": "Stack",
                "requiredInitially": true,
                "present": true,
                "passed": true
              },
              {
                "nodeId": "form-field-group-2",
                "component": "Stack",
                "requiredInitially": true,
                "present": true,
                "passed": true
              },
              {
                "nodeId": "slot-field-0-3",
                "component": "StatusTimeline",
                "requiredInitially": true,
                "present": true,
                "passed": true
              },
              {
                "nodeId": "pg-status-timeline-134",
                "component": "Text",
                "requiredInitially": true,
                "present": true,
                "passed": true
              },
              {
                "nodeId": "pg-status-timeline-135",
                "component": "Text",
                "requiredInitially": true,
                "present": true,
                "passed": true
              },
              {
                "nodeId": "ve-field-0-29",
                "component": "PreferenceEditor",
                "requiredInitially": true,
                "present": true,
                "passed": true
              },
              {
                "nodeId": "ve-field-0-30",
                "component": "RoleAssignmentForm",
                "requiredInitially": true,
                "present": true,
                "passed": true
              },
              {
                "nodeId": "ve-field-0-31",
                "component": "TemplatePicker",
                "requiredInitially": true,
                "present": true,
                "passed": true
              },
              {
                "nodeId": "form-field-group-4",
                "component": "Stack",
                "requiredInitially": true,
                "present": true,
                "passed": true
              },
              {
                "nodeId": "slot-field-1-5",
                "component": "DatePicker",
                "requiredInitially": true,
                "present": true,
                "passed": true
              },
              {
                "nodeId": "form-field-group-6",
                "component": "Stack",
                "requiredInitially": true,
                "present": true,
                "passed": true
              },
              {
                "nodeId": "slot-field-2-7",
                "component": "Input",
                "requiredInitially": true,
                "present": true,
                "passed": true
              },
              {
                "nodeId": "form-field-group-12",
                "component": "Stack",
                "requiredInitially": true,
                "present": true,
                "passed": true
              },
              {
                "nodeId": "form-field-group-14",
                "component": "Stack",
                "requiredInitially": true,
                "present": true,
                "passed": true
              },
              {
                "nodeId": "slot-field-4-15",
                "component": "Textarea",
                "requiredInitially": true,
                "present": true,
                "passed": true
              },
              {
                "nodeId": "form-field-group-16",
                "component": "Stack",
                "requiredInitially": true,
                "present": true,
                "passed": true
              },
              {
                "nodeId": "form-field-group-18",
                "component": "Stack",
                "requiredInitially": true,
                "present": true,
                "passed": true
              },
              {
                "nodeId": "form-field-group-20",
                "component": "Stack",
                "requiredInitially": true,
                "present": true,
                "passed": true
              },
              {
                "nodeId": "slot-field-7-21",
                "component": "Input",
                "requiredInitially": true,
                "present": true,
                "passed": true
              },
              {
                "nodeId": "form-field-group-22",
                "component": "Stack",
                "requiredInitially": true,
                "present": true,
                "passed": true
              },
              {
                "nodeId": "form-field-group-24",
                "component": "Stack",
                "requiredInitially": true,
                "present": true,
                "passed": true
              },
              {
                "nodeId": "form-actions-9",
                "component": "Stack",
                "requiredInitially": true,
                "present": true,
                "passed": true
              },
              {
                "nodeId": "form-submit-10",
                "component": "Button",
                "requiredInitially": true,
                "present": true,
                "passed": true
              }
            ]
          }
        },
        {
          "name": "mount",
          "status": "passed",
          "logs": [
            "cells/user-form-showcase/react/logs/browser-proof.log"
          ],
          "detail": {
            "rootId": "screen-form-11",
            "componentCounts": {
              "AddressEditor": 1,
              "Button": 1,
              "DatePicker": 1,
              "Input": 2,
              "PreferenceEditor": 1,
              "RoleAssignmentForm": 1,
              "Stack": 14,
              "StatusSelector": 1,
              "StatusTimeline": 1,
              "TagInput": 1,
              "TemplatePicker": 1,
              "Text": 2,
              "Textarea": 1
            },
            "mountedExpectedComponents": [
              "AddressEditor",
              "Button",
              "DatePicker",
              "Input",
              "PreferenceEditor",
              "RoleAssignmentForm",
              "Stack",
              "StatusSelector",
              "StatusTimeline",
              "TagInput",
              "TemplatePicker",
              "Text",
              "Textarea"
            ],
            "generatedCoreComponents": [
              "AddressEditor",
              "Button",
              "DatePicker",
              "Input",
              "PreferenceEditor",
              "RoleAssignmentForm",
              "Stack",
              "StatusSelector",
              "TagInput",
              "TemplatePicker",
              "Text",
              "Textarea"
            ],
            "generatedPortedComponents": [
              "StatusTimeline"
            ],
            "labelVisibility": [],
            "requiredMounts": [
              {
                "nodeId": "screen-form-11",
                "component": "Stack",
                "requiredInitially": true,
                "present": true,
                "passed": true
              },
              {
                "nodeId": "form-title-1",
                "component": "Stack",
                "requiredInitially": true,
                "present": true,
                "passed": true
              },
              {
                "nodeId": "ve-title-26",
                "component": "StatusSelector",
                "requiredInitially": true,
                "present": true,
                "passed": true
              },
              {
                "nodeId": "ve-title-27",
                "component": "TagInput",
                "requiredInitially": true,
                "present": true,
                "passed": true
              },
              {
                "nodeId": "ve-title-28",
                "component": "AddressEditor",
                "requiredInitially": true,
                "present": true,
                "passed": true
              },
              {
                "nodeId": "form-fields-8",
                "component": "Stack",
                "requiredInitially": true,
                "present": true,
                "passed": true
              },
              {
                "nodeId": "form-field-group-2",
                "component": "Stack",
                "requiredInitially": true,
                "present": true,
                "passed": true
              },
              {
                "nodeId": "slot-field-0-3",
                "component": "StatusTimeline",
                "requiredInitially": true,
                "present": true,
                "passed": true
              },
              {
                "nodeId": "pg-status-timeline-134",
                "component": "Text",
                "requiredInitially": true,
                "present": true,
                "passed": true
              },
              {
                "nodeId": "pg-status-timeline-135",
                "component": "Text",
                "requiredInitially": true,
                "present": true,
                "passed": true
              },
              {
                "nodeId": "ve-field-0-29",
                "component": "PreferenceEditor",
                "requiredInitially": true,
                "present": true,
                "passed": true
              },
              {
                "nodeId": "ve-field-0-30",
                "component": "RoleAssignmentForm",
                "requiredInitially": true,
                "present": true,
                "passed": true
              },
              {
                "nodeId": "ve-field-0-31",
                "component": "TemplatePicker",
                "requiredInitially": true,
                "present": true,
                "passed": true
              },
              {
                "nodeId": "form-field-group-4",
                "component": "Stack",
                "requiredInitially": true,
                "present": true,
                "passed": true
              },
              {
                "nodeId": "slot-field-1-5",
                "component": "DatePicker",
                "requiredInitially": true,
                "present": true,
                "passed": true
              },
              {
                "nodeId": "form-field-group-6",
                "component": "Stack",
                "requiredInitially": true,
                "present": true,
                "passed": true
              },
              {
                "nodeId": "slot-field-2-7",
                "component": "Input",
                "requiredInitially": true,
                "present": true,
                "passed": true
              },
              {
                "nodeId": "form-field-group-12",
                "component": "Stack",
                "requiredInitially": true,
                "present": true,
                "passed": true
              },
              {
                "nodeId": "form-field-group-14",
                "component": "Stack",
                "requiredInitially": true,
                "present": true,
                "passed": true
              },
              {
                "nodeId": "slot-field-4-15",
                "component": "Textarea",
                "requiredInitially": true,
                "present": true,
                "passed": true
              },
              {
                "nodeId": "form-field-group-16",
                "component": "Stack",
                "requiredInitially": true,
                "present": true,
                "passed": true
              },
              {
                "nodeId": "form-field-group-18",
                "component": "Stack",
                "requiredInitially": true,
                "present": true,
                "passed": true
              },
              {
                "nodeId": "form-field-group-20",
                "component": "Stack",
                "requiredInitially": true,
                "present": true,
                "passed": true
              },
              {
                "nodeId": "slot-field-7-21",
                "component": "Input",
                "requiredInitially": true,
                "present": true,
                "passed": true
              },
              {
                "nodeId": "form-field-group-22",
                "component": "Stack",
                "requiredInitially": true,
                "present": true,
                "passed": true
              },
              {
                "nodeId": "form-field-group-24",
                "component": "Stack",
                "requiredInitially": true,
                "present": true,
                "passed": true
              },
              {
                "nodeId": "form-actions-9",
                "component": "Stack",
                "requiredInitially": true,
                "present": true,
                "passed": true
              },
              {
                "nodeId": "form-submit-10",
                "component": "Button",
                "requiredInitially": true,
                "present": true,
                "passed": true
              }
            ]
          }
        },
        {
          "name": "hydration",
          "status": "passed",
          "logs": [
            "cells/user-form-showcase/react/logs/browser-proof.log"
          ],
          "detail": {
            "hydrationInvariant": {
              "before": {
                "rootChildren": [
                  {
                    "tag": "DIV",
                    "id": "screen-form-11",
                    "component": "Stack"
                  },
                  {
                    "tag": "DIV",
                    "id": "",
                    "component": null
                  }
                ],
                "elements": [
                  {
                    "tag": "DIV",
                    "id": "screen-form-11",
                    "component": "Stack",
                    "role": null,
                    "selected": null,
                    "hidden": false
                  },
                  {
                    "tag": "DIV",
                    "id": "form-title-1",
                    "component": "Stack",
                    "role": null,
                    "selected": null,
                    "hidden": false
                  },
                  {
                    "tag": "DIV",
                    "id": "ve-title-26",
                    "component": "StatusSelector",
                    "role": null,
                    "selected": null,
                    "hidden": false
                  },
                  {
                    "tag": "FIELDSET",
                    "id": "ve-title-27",
                    "component": "TagInput",
                    "role": null,
                    "selected": null,
                    "hidden": false
                  },
                  {
                    "tag": "FORM",
                    "id": "ve-title-28",
                    "component": "AddressEditor",
                    "role": null,
                    "selected": null,
                    "hidden": false
                  },
                  {
                    "tag": "DIV",
                    "id": "form-fields-8",
                    "component": "Stack",
                    "role": null,
                    "selected": null,
                    "hidden": false
                  },
                  {
                    "tag": "DIV",
                    "id": "form-field-group-2",
                    "component": "Stack",
                    "role": null,
                    "selected": null,
                    "hidden": false
                  },
                  {
                    "tag": "DIV",
                    "id": "slot-field-0-3",
                    "component": "StatusTimeline",
                    "role": "log",
                    "selected": null,
                    "hidden": false
                  },
                  {
                    "tag": "SPAN",
                    "id": "pg-status-timeline-134",
                    "component": "Text",
                    "role": null,
                    "selected": null,
                    "hidden": false
                  },
                  {
                    "tag": "SPAN",
                    "id": "pg-status-timeline-135",
                    "component": "Text",
                    "role": null,
                    "selected": null,
                    "hidden": false
                  },
                  {
                    "tag": "FORM",
                    "id": "ve-field-0-29",
                    "component": "PreferenceEditor",
                    "role": null,
                    "selected": null,
                    "hidden": false
                  },
                  {
                    "tag": "FORM",
                    "id": "ve-field-0-30",
                    "component": "RoleAssignmentForm",
                    "role": null,
                    "selected": null,
                    "hidden": false
                  },
                  {
                    "tag": "FIELDSET",
                    "id": "ve-field-0-31",
                    "component": "TemplatePicker",
                    "role": null,
                    "selected": null,
                    "hidden": false
                  },
                  {
                    "tag": "DIV",
                    "id": "form-field-group-4",
                    "component": "Stack",
                    "role": null,
                    "selected": null,
                    "hidden": false
                  },
                  {
                    "tag": "INPUT",
                    "id": "slot-field-1-5",
                    "component": "DatePicker",
                    "role": null,
                    "selected": null,
                    "hidden": false
                  },
                  {
                    "tag": "DIV",
                    "id": "form-field-group-6",
                    "component": "Stack",
                    "role": null,
                    "selected": null,
                    "hidden": false
                  },
                  {
                    "tag": "INPUT",
                    "id": "slot-field-2-7",
                    "component": "Input",
                    "role": null,
                    "selected": null,
                    "hidden": false
                  },
                  {
                    "tag": "DIV",
                    "id": "form-field-group-12",
                    "component": "Stack",
                    "role": null,
                    "selected": null,
                    "hidden": false
                  },
                  {
                    "tag": "DIV",
                    "id": "form-field-group-14",
                    "component": "Stack",
                    "role": null,
                    "selected": null,
                    "hidden": false
                  },
                  {
                    "tag": "TEXTAREA",
                    "id": "slot-field-4-15",
                    "component": "Textarea",
                    "role": null,
                    "selected": null,
                    "hidden": false
                  },
                  {
                    "tag": "DIV",
                    "id": "form-field-group-16",
                    "component": "Stack",
                    "role": null,
                    "selected": null,
                    "hidden": false
                  },
                  {
                    "tag": "DIV",
                    "id": "form-field-group-18",
                    "component": "Stack",
                    "role": null,
                    "selected": null,
                    "hidden": false
                  },
                  {
                    "tag": "DIV",
                    "id": "form-field-group-20",
                    "component": "Stack",
                    "role": null,
                    "selected": null,
                    "hidden": false
                  },
                  {
                    "tag": "INPUT",
                    "id": "slot-field-7-21",
                    "component": "Input",
                    "role": null,
                    "selected": null,
                    "hidden": false
                  },
                  {
                    "tag": "DIV",
                    "id": "form-field-group-22",
                    "component": "Stack",
                    "role": null,
                    "selected": null,
                    "hidden": false
                  },
                  {
                    "tag": "DIV",
                    "id": "form-field-group-24",
                    "component": "Stack",
                    "role": null,
                    "selected": null,
                    "hidden": false
                  },
                  {
                    "tag": "DIV",
                    "id": "form-actions-9",
                    "component": "Stack",
                    "role": null,
                    "selected": null,
                    "hidden": false
                  },
                  {
                    "tag": "BUTTON",
                    "id": "form-submit-10",
                    "component": "Button",
                    "role": null,
                    "selected": null,
                    "hidden": false
                  },
                  {
                    "tag": "DIV",
                    "id": null,
                    "component": null,
                    "role": "group",
                    "selected": null,
                    "hidden": false
                  }
                ]
              },
              "after": {
                "rootChildren": [
                  {
                    "tag": "DIV",
                    "id": "screen-form-11",
                    "component": "Stack"
                  },
                  {
                    "tag": "DIV",
                    "id": "",
                    "component": null
                  }
                ],
                "elements": [
                  {
                    "tag": "DIV",
                    "id": "screen-form-11",
                    "component": "Stack",
                    "role": null,
                    "selected": null,
                    "hidden": false
                  },
                  {
                    "tag": "DIV",
                    "id": "form-title-1",
                    "component": "Stack",
                    "role": null,
                    "selected": null,
                    "hidden": false
                  },
                  {
                    "tag": "DIV",
                    "id": "ve-title-26",
                    "component": "StatusSelector",
                    "role": null,
                    "selected": null,
                    "hidden": false
                  },
                  {
                    "tag": "FIELDSET",
                    "id": "ve-title-27",
                    "component": "TagInput",
                    "role": null,
                    "selected": null,
                    "hidden": false
                  },
                  {
                    "tag": "FORM",
                    "id": "ve-title-28",
                    "component": "AddressEditor",
                    "role": null,
                    "selected": null,
                    "hidden": false
                  },
                  {
                    "tag": "DIV",
                    "id": "form-fields-8",
                    "component": "Stack",
                    "role": null,
                    "selected": null,
                    "hidden": false
                  },
                  {
                    "tag": "DIV",
                    "id": "form-field-group-2",
                    "component": "Stack",
                    "role": null,
                    "selected": null,
                    "hidden": false
                  },
                  {
                    "tag": "DIV",
                    "id": "slot-field-0-3",
                    "component": "StatusTimeline",
                    "role": "log",
                    "selected": null,
                    "hidden": false
                  },
                  {
                    "tag": "SPAN",
                    "id": "pg-status-timeline-134",
                    "component": "Text",
                    "role": null,
                    "selected": null,
                    "hidden": false
                  },
                  {
                    "tag": "SPAN",
                    "id": "pg-status-timeline-135",
                    "component": "Text",
                    "role": null,
                    "selected": null,
                    "hidden": false
                  },
                  {
                    "tag": "FORM",
                    "id": "ve-field-0-29",
                    "component": "PreferenceEditor",
                    "role": null,
                    "selected": null,
                    "hidden": false
                  },
                  {
                    "tag": "FORM",
                    "id": "ve-field-0-30",
                    "component": "RoleAssignmentForm",
                    "role": null,
                    "selected": null,
                    "hidden": false
                  },
                  {
                    "tag": "FIELDSET",
                    "id": "ve-field-0-31",
                    "component": "TemplatePicker",
                    "role": null,
                    "selected": null,
                    "hidden": false
                  },
                  {
                    "tag": "DIV",
                    "id": "form-field-group-4",
                    "component": "Stack",
                    "role": null,
                    "selected": null,
                    "hidden": false
                  },
                  {
                    "tag": "INPUT",
                    "id": "slot-field-1-5",
                    "component": "DatePicker",
                    "role": null,
                    "selected": null,
                    "hidden": false
                  },
                  {
                    "tag": "DIV",
                    "id": "form-field-group-6",
                    "component": "Stack",
                    "role": null,
                    "selected": null,
                    "hidden": false
                  },
                  {
                    "tag": "INPUT",
                    "id": "slot-field-2-7",
                    "component": "Input",
                    "role": null,
                    "selected": null,
                    "hidden": false
                  },
                  {
                    "tag": "DIV",
                    "id": "form-field-group-12",
                    "component": "Stack",
                    "role": null,
                    "selected": null,
                    "hidden": false
                  },
                  {
                    "tag": "DIV",
                    "id": "form-field-group-14",
                    "component": "Stack",
                    "role": null,
                    "selected": null,
                    "hidden": false
                  },
                  {
                    "tag": "TEXTAREA",
                    "id": "slot-field-4-15",
                    "component": "Textarea",
                    "role": null,
                    "selected": null,
                    "hidden": false
                  },
                  {
                    "tag": "DIV",
                    "id": "form-field-group-16",
                    "component": "Stack",
                    "role": null,
                    "selected": null,
                    "hidden": false
                  },
                  {
                    "tag": "DIV",
                    "id": "form-field-group-18",
                    "component": "Stack",
                    "role": null,
                    "selected": null,
                    "hidden": false
                  },
                  {
                    "tag": "DIV",
                    "id": "form-field-group-20",
                    "component": "Stack",
                    "role": null,
                    "selected": null,
                    "hidden": false
                  },
                  {
                    "tag": "INPUT",
                    "id": "slot-field-7-21",
                    "component": "Input",
                    "role": null,
                    "selected": null,
                    "hidden": false
                  },
                  {
                    "tag": "DIV",
                    "id": "form-field-group-22",
                    "component": "Stack",
                    "role": null,
                    "selected": null,
                    "hidden": false
                  },
                  {
                    "tag": "DIV",
                    "id": "form-field-group-24",
                    "component": "Stack",
                    "role": null,
                    "selected": null,
                    "hidden": false
                  },
                  {
                    "tag": "DIV",
                    "id": "form-actions-9",
                    "component": "Stack",
                    "role": null,
                    "selected": null,
                    "hidden": false
                  },
                  {
                    "tag": "BUTTON",
                    "id": "form-submit-10",
                    "component": "Button",
                    "role": null,
                    "selected": null,
                    "hidden": false
                  },
                  {
                    "tag": "DIV",
                    "id": null,
                    "component": null,
                    "role": "group",
                    "selected": null,
                    "hidden": false
                  }
                ]
              },
              "equal": true
            },
            "runtimeErrors": []
          }
        },
        {
          "name": "shared-css-resolution",
          "status": "passed",
          "logs": [
            "cells/user-form-showcase/react/logs/css-proof.log",
            "cells/user-form-showcase/react/logs/browser-proof.log"
          ],
          "detail": {
            "files": [
              "index-02sFGwEa.css"
            ],
            "bytes": 319837,
            "sha256": "sha256:1376030abe570d1c49478fc47cfce8632c4f7b6ac27b2791b9db1b424b1a88fb",
            "core": true,
            "ported": true,
            "requiresPorted": true,
            "tokens": true,
            "browser": {
              "primaryTextToken": "oklch(0.92 0.02 92)",
              "canvasToken": "oklch(0.18 0.05 45)"
            }
          }
        },
        {
          "name": "interaction-evidence",
          "status": "passed",
          "logs": [
            "cells/user-form-showcase/react/logs/browser-proof.log",
            "cells/user-form-showcase/react/logs/source-ownership.log"
          ],
          "detail": {
            "interactionEvidence": {
              "kind": "action",
              "nodeId": "screen-form-11",
              "component": "Stack",
              "selector": "[data-oods-action=\"handleChange\"]",
              "action": "handleChange",
              "status": "passed"
            },
            "selectorEvidence": [
              {
                "action": "handleChange",
                "selector": "[data-oods-action=\"handleChange\"]",
                "count": 1,
                "clicked": true,
                "mode": "clicked"
              },
              {
                "action": "handleChange_addresses",
                "selector": "[data-oods-action=\"handleChange_addresses\"]",
                "count": 1,
                "clicked": true,
                "mode": "typed"
              },
              {
                "action": "handleSubmit",
                "selector": "[data-oods-action=\"handleSubmit\"]",
                "count": 1,
                "clicked": true,
                "mode": "clicked"
              }
            ],
            "actionCounts": {
              "handleChange": 1,
              "handleChange_addresses": 1,
              "handleSubmit": 1
            },
            "actionArgs": {
              "handleChange": [
                []
              ],
              "handleChange_addresses": [
                [
                  {
                    "street": "generated",
                    "city": "",
                    "region": "",
                    "postalCode": ""
                  }
                ]
              ],
              "handleSubmit": [
                []
              ]
            },
            "expectedArguments": {
              "handleChange": [
                []
              ],
              "handleChange_addresses": [
                [
                  {
                    "street": "generated",
                    "city": "",
                    "region": "",
                    "postalCode": ""
                  }
                ]
              ],
              "handleSubmit": [
                []
              ]
            },
            "sourceOwnership": {
              "generatedFile": "src/GeneratedUI.tsx",
              "bindingMarkerCount": 9,
              "actionSelectors": [
                {
                  "action": "handleChange",
                  "selector": "[data-oods-action=\"handleChange\"]",
                  "generatedSourceOccurrences": 1,
                  "generatedRenderCallOccurrences": 1
                },
                {
                  "action": "handleChange_addresses",
                  "selector": "[data-oods-action=\"handleChange_addresses\"]",
                  "generatedSourceOccurrences": 1,
                  "generatedRenderCallOccurrences": 1
                },
                {
                  "action": "handleSubmit",
                  "selector": "[data-oods-action=\"handleSubmit\"]",
                  "generatedSourceOccurrences": 1,
                  "generatedRenderCallOccurrences": 1
                }
              ],
              "generatedOwnsEverySelector": true,
              "generatedForwardsEveryAction": true,
              "consumerEntryFiles": [
                "index.html",
                "src/consumer-data.ts",
                "src/consumer.css",
                "src/main.tsx",
                "src/ssr.tsx",
                "src/window.d.ts",
                "tsconfig.json",
                "vite.config.mjs"
              ],
              "selectorOccurrencesInConsumerEntries": 0,
              "consumerComponentDeclarations": [],
              "interaction": {
                "kind": "action",
                "nodeId": "screen-form-11",
                "component": "Stack",
                "selector": "[data-oods-action=\"handleChange\"]",
                "action": "handleChange"
              },
              "generatedInteractionNodeOccurrences": 1
            }
          }
        }
      ],
      "accounting": {
        "totalGateCount": 8,
        "applicableGateCount": 8,
        "provenCount": 8,
        "notApplicableCount": 0,
        "notApplicable": [],
        "namedUnprovenCount": 0,
        "namedUnproven": [],
        "balanced": true
      },
      "generation": {
        "sourcePath": "live-generation/user-form-showcase/react/GeneratedUI.tsx",
        "sourceSha256": "sha256:37882c6843abba646ac227ff388b6b12e01881fd9d8546246360c25a22c21df4",
        "artifactContentHash": "sha256:64586a538cb0e1eb7d87a6f52136aeb8f32f1381dae0acc78a5a5f58682b9d71",
        "generationLog": "live-generation/user-form-showcase/react/generation.log",
        "fingerprint": {
          "handler": "code.generate",
          "invocation": "live-in-process",
          "profile": "build",
          "sourceOfArtifact": "current-in-run-output",
          "artifactContentHash": "sha256:64586a538cb0e1eb7d87a6f52136aeb8f32f1381dae0acc78a5a5f58682b9d71",
          "generatedAt": "2026-09-06T17:42:03.453Z"
        }
      },
      "sourceOwnership": {
        "generatedFile": "src/GeneratedUI.tsx",
        "bindingMarkerCount": 9,
        "actionSelectors": [
          {
            "action": "handleChange",
            "selector": "[data-oods-action=\"handleChange\"]",
            "generatedSourceOccurrences": 1,
            "generatedRenderCallOccurrences": 1
          },
          {
            "action": "handleChange_addresses",
            "selector": "[data-oods-action=\"handleChange_addresses\"]",
            "generatedSourceOccurrences": 1,
            "generatedRenderCallOccurrences": 1
          },
          {
            "action": "handleSubmit",
            "selector": "[data-oods-action=\"handleSubmit\"]",
            "generatedSourceOccurrences": 1,
            "generatedRenderCallOccurrences": 1
          }
        ],
        "generatedOwnsEverySelector": true,
        "generatedForwardsEveryAction": true,
        "consumerEntryFiles": [
          "index.html",
          "src/consumer-data.ts",
          "src/consumer.css",
          "src/main.tsx",
          "src/ssr.tsx",
          "src/window.d.ts",
          "tsconfig.json",
          "vite.config.mjs"
        ],
        "selectorOccurrencesInConsumerEntries": 0,
        "consumerComponentDeclarations": [],
        "interaction": {
          "kind": "action",
          "nodeId": "screen-form-11",
          "component": "Stack",
          "selector": "[data-oods-action=\"handleChange\"]",
          "action": "handleChange"
        },
        "generatedInteractionNodeOccurrences": 1
      },
      "report": "cells/user-form-showcase/react/report.json",
      "reportSha256": "sha256:c81841ba60b9b34590831f9458414cf427a0e959210d4e5bd37eebf9f606ef68"
    },
    {
      "schema": "user-form-showcase",
      "schemaRef": "compose-ad97c118#pruned-composer-field-kind-defects",
      "derivation": {
        "kind": "saved-schema-pruned-of-carried-composer-defects",
        "mission": "s186-m05",
        "derivedFrom": {
          "store": "artifacts/product-reality/sprint-183/m04/saved-schema-store",
          "name": "user-form-showcase",
          "schemaRef": "compose-ad97c118",
          "sha256": "d25d9ce30988cd5e26b390a5b43ce005f2055b765b8bc3abadc263571a848bb2"
        },
        "prunedNodeIds": [
          "slot-field-3-13",
          "slot-field-5-17",
          "slot-field-6-19",
          "slot-field-8-23",
          "slot-field-9-25"
        ],
        "prunedNodes": [
          {
            "nodeId": "slot-field-3-13",
            "component": "Input",
            "field": "address_roles",
            "kind": "array"
          },
          {
            "nodeId": "slot-field-5-17",
            "component": "Input",
            "field": "preference_document",
            "kind": "unknown"
          },
          {
            "nodeId": "slot-field-6-19",
            "component": "DatePicker",
            "field": "state_history",
            "kind": "array"
          },
          {
            "nodeId": "slot-field-8-23",
            "component": "Input",
            "field": "tags",
            "kind": "array"
          },
          {
            "nodeId": "slot-field-9-25",
            "component": "Input",
            "field": "tag_metadata",
            "kind": "array"
          }
        ],
        "reason": "The composer bound plain Input and DatePicker controls to array and object fields; code.generate refuses those five nodes with OODS-V007 field-kind errors that no component port can repair. The derivation proves the six ported components live in the same form; it is not evidence that the saved schema generates.",
        "derivedBy": "scripts/product-reality/s186-m05-derive-form-schema.mjs"
      },
      "framework": "vue",
      "status": "passed",
      "selected": 8,
      "passed": 8,
      "notApplicable": 0,
      "failed": 0,
      "skipped": 0,
      "gates": [
        {
          "name": "fresh-exact-tarball-install",
          "status": "passed",
          "logs": [
            "cells/user-form-showcase/vue/logs/install.log",
            "cells/user-form-showcase/vue/logs/isolation.log"
          ],
          "detail": {
            "localTarballCount": 4,
            "isolation": {
              "outsidePnpmWorkspace": true,
              "freshNodeModules": true,
              "emptyVerifierOwnedNpmConfiguration": true,
              "installScripts": false,
              "localPackagesFromBuiltTarballsOnly": true,
              "workspaceAliases": false,
              "workspaceSymlinks": false,
              "repositorySourceImports": false,
              "inheritedNodeModules": false,
              "allResolvedPathsOutsideRepository": true,
              "installed": [
                {
                  "name": "@oods/tokens",
                  "version": "0.1.0",
                  "consumerRelative": "node_modules/@oods/tokens"
                },
                {
                  "name": "@oods/component-contracts",
                  "version": "0.1.0",
                  "consumerRelative": "node_modules/@oods/component-contracts"
                },
                {
                  "name": "@oods/component-styles",
                  "version": "0.1.0",
                  "consumerRelative": "node_modules/@oods/component-styles"
                },
                {
                  "name": "@oods/components-vue",
                  "version": "0.1.0",
                  "consumerRelative": "node_modules/@oods/components-vue"
                }
              ]
            },
            "resolutions": [
              {
                "specifier": "@oods/component-styles/css",
                "consumerRelative": "node_modules/@oods/component-styles/dist/components.css"
              },
              {
                "specifier": "@oods/component-styles/css-ported",
                "consumerRelative": "node_modules/@oods/component-styles/dist/components-ported.css"
              },
              {
                "specifier": "@oods/components-vue",
                "consumerRelative": "node_modules/@oods/components-vue/dist/index.js"
              },
              {
                "specifier": "@oods/components-vue/ported",
                "consumerRelative": "node_modules/@oods/components-vue/dist/ported.js"
              },
              {
                "specifier": "@vitejs/plugin-vue",
                "consumerRelative": "node_modules/@vitejs/plugin-vue/dist/index.mjs"
              },
              {
                "specifier": "@vue/server-renderer",
                "consumerRelative": "node_modules/@vue/server-renderer/index.js"
              },
              {
                "specifier": "vite",
                "consumerRelative": "node_modules/vite/dist/node/index.js"
              },
              {
                "specifier": "vue",
                "consumerRelative": "node_modules/vue/index.mjs"
              }
            ]
          }
        },
        {
          "name": "strict-typecheck",
          "status": "passed",
          "logs": [
            "cells/user-form-showcase/vue/logs/typecheck.log"
          ],
          "detail": {
            "exitCode": 0
          }
        },
        {
          "name": "production-build",
          "status": "passed",
          "logs": [
            "cells/user-form-showcase/vue/logs/production-build.log"
          ],
          "detail": {
            "exitCode": 0
          }
        },
        {
          "name": "server-render",
          "status": "passed",
          "logs": [
            "cells/user-form-showcase/vue/logs/server-render-build.log",
            "cells/user-form-showcase/vue/logs/server-render-render.log"
          ],
          "detail": {
            "bytes": 11841,
            "sha256": "sha256:b8b6009cfc465c52389a8132a6eb0fd4952321e3f68264933d04c48b99b55171",
            "requiredSsrNodes": [
              {
                "nodeId": "screen-form-11",
                "component": "Stack",
                "requiredInitially": true,
                "present": true,
                "passed": true
              },
              {
                "nodeId": "form-title-1",
                "component": "Stack",
                "requiredInitially": true,
                "present": true,
                "passed": true
              },
              {
                "nodeId": "ve-title-26",
                "component": "StatusSelector",
                "requiredInitially": true,
                "present": true,
                "passed": true
              },
              {
                "nodeId": "ve-title-27",
                "component": "TagInput",
                "requiredInitially": true,
                "present": true,
                "passed": true
              },
              {
                "nodeId": "ve-title-28",
                "component": "AddressEditor",
                "requiredInitially": true,
                "present": true,
                "passed": true
              },
              {
                "nodeId": "form-fields-8",
                "component": "Stack",
                "requiredInitially": true,
                "present": true,
                "passed": true
              },
              {
                "nodeId": "form-field-group-2",
                "component": "Stack",
                "requiredInitially": true,
                "present": true,
                "passed": true
              },
              {
                "nodeId": "slot-field-0-3",
                "component": "StatusTimeline",
                "requiredInitially": true,
                "present": true,
                "passed": true
              },
              {
                "nodeId": "pg-status-timeline-134",
                "component": "Text",
                "requiredInitially": true,
                "present": true,
                "passed": true
              },
              {
                "nodeId": "pg-status-timeline-135",
                "component": "Text",
                "requiredInitially": true,
                "present": true,
                "passed": true
              },
              {
                "nodeId": "ve-field-0-29",
                "component": "PreferenceEditor",
                "requiredInitially": true,
                "present": true,
                "passed": true
              },
              {
                "nodeId": "ve-field-0-30",
                "component": "RoleAssignmentForm",
                "requiredInitially": true,
                "present": true,
                "passed": true
              },
              {
                "nodeId": "ve-field-0-31",
                "component": "TemplatePicker",
                "requiredInitially": true,
                "present": true,
                "passed": true
              },
              {
                "nodeId": "form-field-group-4",
                "component": "Stack",
                "requiredInitially": true,
                "present": true,
                "passed": true
              },
              {
                "nodeId": "slot-field-1-5",
                "component": "DatePicker",
                "requiredInitially": true,
                "present": true,
                "passed": true
              },
              {
                "nodeId": "form-field-group-6",
                "component": "Stack",
                "requiredInitially": true,
                "present": true,
                "passed": true
              },
              {
                "nodeId": "slot-field-2-7",
                "component": "Input",
                "requiredInitially": true,
                "present": true,
                "passed": true
              },
              {
                "nodeId": "form-field-group-12",
                "component": "Stack",
                "requiredInitially": true,
                "present": true,
                "passed": true
              },
              {
                "nodeId": "form-field-group-14",
                "component": "Stack",
                "requiredInitially": true,
                "present": true,
                "passed": true
              },
              {
                "nodeId": "slot-field-4-15",
                "component": "Textarea",
                "requiredInitially": true,
                "present": true,
                "passed": true
              },
              {
                "nodeId": "form-field-group-16",
                "component": "Stack",
                "requiredInitially": true,
                "present": true,
                "passed": true
              },
              {
                "nodeId": "form-field-group-18",
                "component": "Stack",
                "requiredInitially": true,
                "present": true,
                "passed": true
              },
              {
                "nodeId": "form-field-group-20",
                "component": "Stack",
                "requiredInitially": true,
                "present": true,
                "passed": true
              },
              {
                "nodeId": "slot-field-7-21",
                "component": "Input",
                "requiredInitially": true,
                "present": true,
                "passed": true
              },
              {
                "nodeId": "form-field-group-22",
                "component": "Stack",
                "requiredInitially": true,
                "present": true,
                "passed": true
              },
              {
                "nodeId": "form-field-group-24",
                "component": "Stack",
                "requiredInitially": true,
                "present": true,
                "passed": true
              },
              {
                "nodeId": "form-actions-9",
                "component": "Stack",
                "requiredInitially": true,
                "present": true,
                "passed": true
              },
              {
                "nodeId": "form-submit-10",
                "component": "Button",
                "requiredInitially": true,
                "present": true,
                "passed": true
              }
            ]
          }
        },
        {
          "name": "mount",
          "status": "passed",
          "logs": [
            "cells/user-form-showcase/vue/logs/browser-proof.log"
          ],
          "detail": {
            "rootId": "screen-form-11",
            "componentCounts": {
              "AddressEditor": 1,
              "Button": 1,
              "DatePicker": 1,
              "Input": 3,
              "PreferenceEditor": 1,
              "RoleAssignmentForm": 1,
              "Stack": 14,
              "StatusSelector": 1,
              "StatusTimeline": 1,
              "TagInput": 1,
              "TemplatePicker": 1,
              "Text": 2,
              "Textarea": 1
            },
            "mountedExpectedComponents": [
              "AddressEditor",
              "Button",
              "DatePicker",
              "Input",
              "PreferenceEditor",
              "RoleAssignmentForm",
              "Stack",
              "StatusSelector",
              "StatusTimeline",
              "TagInput",
              "TemplatePicker",
              "Text",
              "Textarea"
            ],
            "generatedCoreComponents": [
              "AddressEditor",
              "Button",
              "DatePicker",
              "Input",
              "PreferenceEditor",
              "RoleAssignmentForm",
              "Stack",
              "StatusSelector",
              "TagInput",
              "TemplatePicker",
              "Text",
              "Textarea"
            ],
            "generatedPortedComponents": [
              "StatusTimeline"
            ],
            "labelVisibility": [],
            "requiredMounts": [
              {
                "nodeId": "screen-form-11",
                "component": "Stack",
                "requiredInitially": true,
                "present": true,
                "passed": true
              },
              {
                "nodeId": "form-title-1",
                "component": "Stack",
                "requiredInitially": true,
                "present": true,
                "passed": true
              },
              {
                "nodeId": "ve-title-26",
                "component": "StatusSelector",
                "requiredInitially": true,
                "present": true,
                "passed": true
              },
              {
                "nodeId": "ve-title-27",
                "component": "TagInput",
                "requiredInitially": true,
                "present": true,
                "passed": true
              },
              {
                "nodeId": "ve-title-28",
                "component": "AddressEditor",
                "requiredInitially": true,
                "present": true,
                "passed": true
              },
              {
                "nodeId": "form-fields-8",
                "component": "Stack",
                "requiredInitially": true,
                "present": true,
                "passed": true
              },
              {
                "nodeId": "form-field-group-2",
                "component": "Stack",
                "requiredInitially": true,
                "present": true,
                "passed": true
              },
              {
                "nodeId": "slot-field-0-3",
                "component": "StatusTimeline",
                "requiredInitially": true,
                "present": true,
                "passed": true
              },
              {
                "nodeId": "pg-status-timeline-134",
                "component": "Text",
                "requiredInitially": true,
                "present": true,
                "passed": true
              },
              {
                "nodeId": "pg-status-timeline-135",
                "component": "Text",
                "requiredInitially": true,
                "present": true,
                "passed": true
              },
              {
                "nodeId": "ve-field-0-29",
                "component": "PreferenceEditor",
                "requiredInitially": true,
                "present": true,
                "passed": true
              },
              {
                "nodeId": "ve-field-0-30",
                "component": "RoleAssignmentForm",
                "requiredInitially": true,
                "present": true,
                "passed": true
              },
              {
                "nodeId": "ve-field-0-31",
                "component": "TemplatePicker",
                "requiredInitially": true,
                "present": true,
                "passed": true
              },
              {
                "nodeId": "form-field-group-4",
                "component": "Stack",
                "requiredInitially": true,
                "present": true,
                "passed": true
              },
              {
                "nodeId": "slot-field-1-5",
                "component": "DatePicker",
                "requiredInitially": true,
                "present": true,
                "passed": true
              },
              {
                "nodeId": "form-field-group-6",
                "component": "Stack",
                "requiredInitially": true,
                "present": true,
                "passed": true
              },
              {
                "nodeId": "slot-field-2-7",
                "component": "Input",
                "requiredInitially": true,
                "present": true,
                "passed": true
              },
              {
                "nodeId": "form-field-group-12",
                "component": "Stack",
                "requiredInitially": true,
                "present": true,
                "passed": true
              },
              {
                "nodeId": "form-field-group-14",
                "component": "Stack",
                "requiredInitially": true,
                "present": true,
                "passed": true
              },
              {
                "nodeId": "slot-field-4-15",
                "component": "Textarea",
                "requiredInitially": true,
                "present": true,
                "passed": true
              },
              {
                "nodeId": "form-field-group-16",
                "component": "Stack",
                "requiredInitially": true,
                "present": true,
                "passed": true
              },
              {
                "nodeId": "form-field-group-18",
                "component": "Stack",
                "requiredInitially": true,
                "present": true,
                "passed": true
              },
              {
                "nodeId": "form-field-group-20",
                "component": "Stack",
                "requiredInitially": true,
                "present": true,
                "passed": true
              },
              {
                "nodeId": "slot-field-7-21",
                "component": "Input",
                "requiredInitially": true,
                "present": true,
                "passed": true
              },
              {
                "nodeId": "form-field-group-22",
                "component": "Stack",
                "requiredInitially": true,
                "present": true,
                "passed": true
              },
              {
                "nodeId": "form-field-group-24",
                "component": "Stack",
                "requiredInitially": true,
                "present": true,
                "passed": true
              },
              {
                "nodeId": "form-actions-9",
                "component": "Stack",
                "requiredInitially": true,
                "present": true,
                "passed": true
              },
              {
                "nodeId": "form-submit-10",
                "component": "Button",
                "requiredInitially": true,
                "present": true,
                "passed": true
              }
            ]
          }
        },
        {
          "name": "hydration",
          "status": "passed",
          "logs": [
            "cells/user-form-showcase/vue/logs/browser-proof.log"
          ],
          "detail": {
            "hydrationInvariant": {
              "before": {
                "rootChildren": [
                  {
                    "tag": "DIV",
                    "id": "screen-form-11",
                    "component": "Stack"
                  },
                  {
                    "tag": "DIV",
                    "id": "",
                    "component": null
                  }
                ],
                "elements": [
                  {
                    "tag": "DIV",
                    "id": "screen-form-11",
                    "component": "Stack",
                    "role": null,
                    "selected": null,
                    "hidden": false
                  },
                  {
                    "tag": "DIV",
                    "id": "form-title-1",
                    "component": "Stack",
                    "role": null,
                    "selected": null,
                    "hidden": false
                  },
                  {
                    "tag": "DIV",
                    "id": "ve-title-26",
                    "component": "StatusSelector",
                    "role": null,
                    "selected": null,
                    "hidden": false
                  },
                  {
                    "tag": "FIELDSET",
                    "id": "ve-title-27",
                    "component": "TagInput",
                    "role": null,
                    "selected": null,
                    "hidden": false
                  },
                  {
                    "tag": "FORM",
                    "id": "ve-title-28",
                    "component": "AddressEditor",
                    "role": null,
                    "selected": null,
                    "hidden": false
                  },
                  {
                    "tag": "DIV",
                    "id": "form-fields-8",
                    "component": "Stack",
                    "role": null,
                    "selected": null,
                    "hidden": false
                  },
                  {
                    "tag": "DIV",
                    "id": "form-field-group-2",
                    "component": "Stack",
                    "role": null,
                    "selected": null,
                    "hidden": false
                  },
                  {
                    "tag": "DIV",
                    "id": "slot-field-0-3",
                    "component": "StatusTimeline",
                    "role": "log",
                    "selected": null,
                    "hidden": false
                  },
                  {
                    "tag": "SPAN",
                    "id": "pg-status-timeline-134",
                    "component": "Text",
                    "role": null,
                    "selected": null,
                    "hidden": false
                  },
                  {
                    "tag": "SPAN",
                    "id": "pg-status-timeline-135",
                    "component": "Text",
                    "role": null,
                    "selected": null,
                    "hidden": false
                  },
                  {
                    "tag": "FORM",
                    "id": "ve-field-0-29",
                    "component": "PreferenceEditor",
                    "role": null,
                    "selected": null,
                    "hidden": false
                  },
                  {
                    "tag": "FORM",
                    "id": "ve-field-0-30",
                    "component": "RoleAssignmentForm",
                    "role": null,
                    "selected": null,
                    "hidden": false
                  },
                  {
                    "tag": "FIELDSET",
                    "id": "ve-field-0-31",
                    "component": "TemplatePicker",
                    "role": null,
                    "selected": null,
                    "hidden": false
                  },
                  {
                    "tag": "DIV",
                    "id": "form-field-group-4",
                    "component": "Stack",
                    "role": null,
                    "selected": null,
                    "hidden": false
                  },
                  {
                    "tag": "DIV",
                    "id": null,
                    "component": "DatePicker",
                    "role": null,
                    "selected": null,
                    "hidden": false
                  },
                  {
                    "tag": "DIV",
                    "id": null,
                    "component": "Input",
                    "role": null,
                    "selected": null,
                    "hidden": false
                  },
                  {
                    "tag": "INPUT",
                    "id": "slot-field-1-5",
                    "component": null,
                    "role": null,
                    "selected": null,
                    "hidden": false
                  },
                  {
                    "tag": "DIV",
                    "id": "form-field-group-6",
                    "component": "Stack",
                    "role": null,
                    "selected": null,
                    "hidden": false
                  },
                  {
                    "tag": "DIV",
                    "id": null,
                    "component": "Input",
                    "role": null,
                    "selected": null,
                    "hidden": false
                  },
                  {
                    "tag": "INPUT",
                    "id": "slot-field-2-7",
                    "component": null,
                    "role": null,
                    "selected": null,
                    "hidden": false
                  },
                  {
                    "tag": "DIV",
                    "id": "form-field-group-12",
                    "component": "Stack",
                    "role": null,
                    "selected": null,
                    "hidden": false
                  },
                  {
                    "tag": "DIV",
                    "id": "form-field-group-14",
                    "component": "Stack",
                    "role": null,
                    "selected": null,
                    "hidden": false
                  },
                  {
                    "tag": "DIV",
                    "id": null,
                    "component": "Textarea",
                    "role": null,
                    "selected": null,
                    "hidden": false
                  },
                  {
                    "tag": "TEXTAREA",
                    "id": "slot-field-4-15",
                    "component": null,
                    "role": null,
                    "selected": null,
                    "hidden": false
                  },
                  {
                    "tag": "DIV",
                    "id": "form-field-group-16",
                    "component": "Stack",
                    "role": null,
                    "selected": null,
                    "hidden": false
                  },
                  {
                    "tag": "DIV",
                    "id": "form-field-group-18",
                    "component": "Stack",
                    "role": null,
                    "selected": null,
                    "hidden": false
                  },
                  {
                    "tag": "DIV",
                    "id": "form-field-group-20",
                    "component": "Stack",
                    "role": null,
                    "selected": null,
                    "hidden": false
                  },
                  {
                    "tag": "DIV",
                    "id": null,
                    "component": "Input",
                    "role": null,
                    "selected": null,
                    "hidden": false
                  },
                  {
                    "tag": "INPUT",
                    "id": "slot-field-7-21",
                    "component": null,
                    "role": null,
                    "selected": null,
                    "hidden": false
                  },
                  {
                    "tag": "DIV",
                    "id": "form-field-group-22",
                    "component": "Stack",
                    "role": null,
                    "selected": null,
                    "hidden": false
                  },
                  {
                    "tag": "DIV",
                    "id": "form-field-group-24",
                    "component": "Stack",
                    "role": null,
                    "selected": null,
                    "hidden": false
                  },
                  {
                    "tag": "DIV",
                    "id": "form-actions-9",
                    "component": "Stack",
                    "role": null,
                    "selected": null,
                    "hidden": false
                  },
                  {
                    "tag": "BUTTON",
                    "id": "form-submit-10",
                    "component": "Button",
                    "role": null,
                    "selected": null,
                    "hidden": false
                  },
                  {
                    "tag": "DIV",
                    "id": null,
                    "component": null,
                    "role": "group",
                    "selected": null,
                    "hidden": false
                  }
                ]
              },
              "after": {
                "rootChildren": [
                  {
                    "tag": "DIV",
                    "id": "screen-form-11",
                    "component": "Stack"
                  },
                  {
                    "tag": "DIV",
                    "id": "",
                    "component": null
                  }
                ],
                "elements": [
                  {
                    "tag": "DIV",
                    "id": "screen-form-11",
                    "component": "Stack",
                    "role": null,
                    "selected": null,
                    "hidden": false
                  },
                  {
                    "tag": "DIV",
                    "id": "form-title-1",
                    "component": "Stack",
                    "role": null,
                    "selected": null,
                    "hidden": false
                  },
                  {
                    "tag": "DIV",
                    "id": "ve-title-26",
                    "component": "StatusSelector",
                    "role": null,
                    "selected": null,
                    "hidden": false
                  },
                  {
                    "tag": "FIELDSET",
                    "id": "ve-title-27",
                    "component": "TagInput",
                    "role": null,
                    "selected": null,
                    "hidden": false
                  },
                  {
                    "tag": "FORM",
                    "id": "ve-title-28",
                    "component": "AddressEditor",
                    "role": null,
                    "selected": null,
                    "hidden": false
                  },
                  {
                    "tag": "DIV",
                    "id": "form-fields-8",
                    "component": "Stack",
                    "role": null,
                    "selected": null,
                    "hidden": false
                  },
                  {
                    "tag": "DIV",
                    "id": "form-field-group-2",
                    "component": "Stack",
                    "role": null,
                    "selected": null,
                    "hidden": false
                  },
                  {
                    "tag": "DIV",
                    "id": "slot-field-0-3",
                    "component": "StatusTimeline",
                    "role": "log",
                    "selected": null,
                    "hidden": false
                  },
                  {
                    "tag": "SPAN",
                    "id": "pg-status-timeline-134",
                    "component": "Text",
                    "role": null,
                    "selected": null,
                    "hidden": false
                  },
                  {
                    "tag": "SPAN",
                    "id": "pg-status-timeline-135",
                    "component": "Text",
                    "role": null,
                    "selected": null,
                    "hidden": false
                  },
                  {
                    "tag": "FORM",
                    "id": "ve-field-0-29",
                    "component": "PreferenceEditor",
                    "role": null,
                    "selected": null,
                    "hidden": false
                  },
                  {
                    "tag": "FORM",
                    "id": "ve-field-0-30",
                    "component": "RoleAssignmentForm",
                    "role": null,
                    "selected": null,
                    "hidden": false
                  },
                  {
                    "tag": "FIELDSET",
                    "id": "ve-field-0-31",
                    "component": "TemplatePicker",
                    "role": null,
                    "selected": null,
                    "hidden": false
                  },
                  {
                    "tag": "DIV",
                    "id": "form-field-group-4",
                    "component": "Stack",
                    "role": null,
                    "selected": null,
                    "hidden": false
                  },
                  {
                    "tag": "DIV",
                    "id": null,
                    "component": "DatePicker",
                    "role": null,
                    "selected": null,
                    "hidden": false
                  },
                  {
                    "tag": "DIV",
                    "id": null,
                    "component": "Input",
                    "role": null,
                    "selected": null,
                    "hidden": false
                  },
                  {
                    "tag": "INPUT",
                    "id": "slot-field-1-5",
                    "component": null,
                    "role": null,
                    "selected": null,
                    "hidden": false
                  },
                  {
                    "tag": "DIV",
                    "id": "form-field-group-6",
                    "component": "Stack",
                    "role": null,
                    "selected": null,
                    "hidden": false
                  },
                  {
                    "tag": "DIV",
                    "id": null,
                    "component": "Input",
                    "role": null,
                    "selected": null,
                    "hidden": false
                  },
                  {
                    "tag": "INPUT",
                    "id": "slot-field-2-7",
                    "component": null,
                    "role": null,
                    "selected": null,
                    "hidden": false
                  },
                  {
                    "tag": "DIV",
                    "id": "form-field-group-12",
                    "component": "Stack",
                    "role": null,
                    "selected": null,
                    "hidden": false
                  },
                  {
                    "tag": "DIV",
                    "id": "form-field-group-14",
                    "component": "Stack",
                    "role": null,
                    "selected": null,
                    "hidden": false
                  },
                  {
                    "tag": "DIV",
                    "id": null,
                    "component": "Textarea",
                    "role": null,
                    "selected": null,
                    "hidden": false
                  },
                  {
                    "tag": "TEXTAREA",
                    "id": "slot-field-4-15",
                    "component": null,
                    "role": null,
                    "selected": null,
                    "hidden": false
                  },
                  {
                    "tag": "DIV",
                    "id": "form-field-group-16",
                    "component": "Stack",
                    "role": null,
                    "selected": null,
                    "hidden": false
                  },
                  {
                    "tag": "DIV",
                    "id": "form-field-group-18",
                    "component": "Stack",
                    "role": null,
                    "selected": null,
                    "hidden": false
                  },
                  {
                    "tag": "DIV",
                    "id": "form-field-group-20",
                    "component": "Stack",
                    "role": null,
                    "selected": null,
                    "hidden": false
                  },
                  {
                    "tag": "DIV",
                    "id": null,
                    "component": "Input",
                    "role": null,
                    "selected": null,
                    "hidden": false
                  },
                  {
                    "tag": "INPUT",
                    "id": "slot-field-7-21",
                    "component": null,
                    "role": null,
                    "selected": null,
                    "hidden": false
                  },
                  {
                    "tag": "DIV",
                    "id": "form-field-group-22",
                    "component": "Stack",
                    "role": null,
                    "selected": null,
                    "hidden": false
                  },
                  {
                    "tag": "DIV",
                    "id": "form-field-group-24",
                    "component": "Stack",
                    "role": null,
                    "selected": null,
                    "hidden": false
                  },
                  {
                    "tag": "DIV",
                    "id": "form-actions-9",
                    "component": "Stack",
                    "role": null,
                    "selected": null,
                    "hidden": false
                  },
                  {
                    "tag": "BUTTON",
                    "id": "form-submit-10",
                    "component": "Button",
                    "role": null,
                    "selected": null,
                    "hidden": false
                  },
                  {
                    "tag": "DIV",
                    "id": null,
                    "component": null,
                    "role": "group",
                    "selected": null,
                    "hidden": false
                  }
                ]
              },
              "equal": true
            },
            "runtimeErrors": []
          }
        },
        {
          "name": "shared-css-resolution",
          "status": "passed",
          "logs": [
            "cells/user-form-showcase/vue/logs/css-proof.log",
            "cells/user-form-showcase/vue/logs/browser-proof.log"
          ],
          "detail": {
            "files": [
              "index-C9MKfeXb.css"
            ],
            "bytes": 319949,
            "sha256": "sha256:e5c14b50875253b9d2e30ed048c61cb65b127d346ad59aacd7cd701bf0939ba6",
            "core": true,
            "ported": true,
            "requiresPorted": true,
            "tokens": true,
            "browser": {
              "primaryTextToken": "oklch(0.92 0.02 92)",
              "canvasToken": "oklch(0.18 0.05 45)"
            }
          }
        },
        {
          "name": "interaction-evidence",
          "status": "passed",
          "logs": [
            "cells/user-form-showcase/vue/logs/browser-proof.log",
            "cells/user-form-showcase/vue/logs/source-ownership.log"
          ],
          "detail": {
            "interactionEvidence": {
              "kind": "action",
              "nodeId": "screen-form-11",
              "component": "Stack",
              "selector": "[data-oods-action=\"handleChange\"]",
              "action": "handleChange",
              "status": "passed"
            },
            "selectorEvidence": [
              {
                "action": "handleChange",
                "selector": "[data-oods-action=\"handleChange\"]",
                "count": 1,
                "clicked": true,
                "mode": "clicked"
              },
              {
                "action": "handleChange_addresses",
                "selector": "[data-oods-action=\"handleChange_addresses\"]",
                "count": 1,
                "clicked": true,
                "mode": "typed"
              },
              {
                "action": "handleSubmit",
                "selector": "[data-oods-action=\"handleSubmit\"]",
                "count": 1,
                "clicked": true,
                "mode": "clicked"
              }
            ],
            "actionCounts": {
              "handleChange": 1,
              "handleChange_addresses": 1,
              "handleSubmit": 1
            },
            "actionArgs": {
              "handleChange": [
                []
              ],
              "handleChange_addresses": [
                [
                  {
                    "street": "generated",
                    "city": "",
                    "region": "",
                    "postalCode": ""
                  }
                ]
              ],
              "handleSubmit": [
                []
              ]
            },
            "expectedArguments": {
              "handleChange": [
                []
              ],
              "handleChange_addresses": [
                [
                  {
                    "street": "generated",
                    "city": "",
                    "region": "",
                    "postalCode": ""
                  }
                ]
              ],
              "handleSubmit": [
                []
              ]
            },
            "sourceOwnership": {
              "generatedFile": "src/GeneratedUI.vue",
              "bindingMarkerCount": 9,
              "actionSelectors": [
                {
                  "action": "handleChange",
                  "selector": "[data-oods-action=\"handleChange\"]",
                  "generatedSourceOccurrences": 1,
                  "generatedRenderCallOccurrences": 1
                },
                {
                  "action": "handleChange_addresses",
                  "selector": "[data-oods-action=\"handleChange_addresses\"]",
                  "generatedSourceOccurrences": 1,
                  "generatedRenderCallOccurrences": 1
                },
                {
                  "action": "handleSubmit",
                  "selector": "[data-oods-action=\"handleSubmit\"]",
                  "generatedSourceOccurrences": 1,
                  "generatedRenderCallOccurrences": 1
                }
              ],
              "generatedOwnsEverySelector": true,
              "generatedForwardsEveryAction": true,
              "consumerEntryFiles": [
                "index.html",
                "src/consumer-data.ts",
                "src/consumer.css",
                "src/main.ts",
                "src/ssr.ts",
                "src/window.d.ts",
                "tsconfig.json",
                "vite.config.mjs"
              ],
              "selectorOccurrencesInConsumerEntries": 0,
              "consumerComponentDeclarations": [],
              "interaction": {
                "kind": "action",
                "nodeId": "screen-form-11",
                "component": "Stack",
                "selector": "[data-oods-action=\"handleChange\"]",
                "action": "handleChange"
              },
              "generatedInteractionNodeOccurrences": 1
            }
          }
        }
      ],
      "accounting": {
        "totalGateCount": 8,
        "applicableGateCount": 8,
        "provenCount": 8,
        "notApplicableCount": 0,
        "notApplicable": [],
        "namedUnprovenCount": 0,
        "namedUnproven": [],
        "balanced": true
      },
      "generation": {
        "sourcePath": "live-generation/user-form-showcase/vue/GeneratedUI.vue",
        "sourceSha256": "sha256:4c2d8e79f990df65ca380251a7cf244068a06a0daf229842d8117c30e40eff07",
        "artifactContentHash": "sha256:3eb1865904493dfc64c6d5ce4f3aa16f956da3f4859834dc2fa74c2162d26915",
        "generationLog": "live-generation/user-form-showcase/vue/generation.log",
        "fingerprint": {
          "handler": "code.generate",
          "invocation": "live-in-process",
          "profile": "build",
          "sourceOfArtifact": "current-in-run-output",
          "artifactContentHash": "sha256:3eb1865904493dfc64c6d5ce4f3aa16f956da3f4859834dc2fa74c2162d26915",
          "generatedAt": "2026-09-06T17:42:03.495Z"
        }
      },
      "sourceOwnership": {
        "generatedFile": "src/GeneratedUI.vue",
        "bindingMarkerCount": 9,
        "actionSelectors": [
          {
            "action": "handleChange",
            "selector": "[data-oods-action=\"handleChange\"]",
            "generatedSourceOccurrences": 1,
            "generatedRenderCallOccurrences": 1
          },
          {
            "action": "handleChange_addresses",
            "selector": "[data-oods-action=\"handleChange_addresses\"]",
            "generatedSourceOccurrences": 1,
            "generatedRenderCallOccurrences": 1
          },
          {
            "action": "handleSubmit",
            "selector": "[data-oods-action=\"handleSubmit\"]",
            "generatedSourceOccurrences": 1,
            "generatedRenderCallOccurrences": 1
          }
        ],
        "generatedOwnsEverySelector": true,
        "generatedForwardsEveryAction": true,
        "consumerEntryFiles": [
          "index.html",
          "src/consumer-data.ts",
          "src/consumer.css",
          "src/main.ts",
          "src/ssr.ts",
          "src/window.d.ts",
          "tsconfig.json",
          "vite.config.mjs"
        ],
        "selectorOccurrencesInConsumerEntries": 0,
        "consumerComponentDeclarations": [],
        "interaction": {
          "kind": "action",
          "nodeId": "screen-form-11",
          "component": "Stack",
          "selector": "[data-oods-action=\"handleChange\"]",
          "action": "handleChange"
        },
        "generatedInteractionNodeOccurrences": 1
      },
      "report": "cells/user-form-showcase/vue/report.json",
      "reportSha256": "sha256:7fd77593bb9db72b9761e9930f33e5e7303bd6999b3d666fbde27ef81378c163"
    }
  ]
}
