{
  "generatedFile": "src/GeneratedUI.vue",
  "bindingMarkerCount": 2,
  "actionSelectors": [
    {
      "action": "handleDelete",
      "selector": "[data-oods-action=\"handleDelete\"]",
      "generatedSourceOccurrences": 1,
      "generatedRenderCallOccurrences": 1
    },
    {
      "action": "handleEdit",
      "selector": "[data-oods-action=\"handleEdit\"]",
      "generatedSourceOccurrences": 1,
      "generatedRenderCallOccurrences": 1
    }
  ],
  "generatedOwnsEverySelector": true,
  "generatedForwardsEveryAction": true,
  "consumerEntryFiles": [
    "index.html",
    "src/consumer-data.ts",
    "src/consumer.css",
    "src/main.ts",
    "src/ssr.ts",
    "src/window.d.ts",
    "tsconfig.json",
    "vite.config.mjs"
  ],
  "selectorOccurrencesInConsumerEntries": 0,
  "consumerComponentDeclarations": []
}
