{
  "generatedFile": "src/GeneratedUI.vue",
  "bindingMarkerCount": 1,
  "actionSelectors": [],
  "generatedOwnsEverySelector": true,
  "generatedForwardsEveryAction": true,
  "consumerEntryFiles": [
    "index.html",
    "src/consumer-data.ts",
    "src/consumer.css",
    "src/main.ts",
    "src/ssr.ts",
    "src/window.d.ts",
    "tsconfig.json",
    "vite.config.mjs"
  ],
  "selectorOccurrencesInConsumerEntries": 0,
  "consumerComponentDeclarations": [],
  "interaction": {
    "kind": "field",
    "nodeId": "slot-search-1",
    "component": "SearchInput",
    "selector": "[id=\"slot-search-1\"]",
    "inputType": "text"
  },
  "generatedInteractionNodeOccurrences": 1
}
