{
  "framework": "react",
  "schema": "user-form-showcase",
  "mount": "passed",
  "rootId": "screen-form-11",
  "rootCount": 1,
  "hydration": "passed",
  "hydrationProbe": {
    "selector": "[data-oods-action=\"handleChange\"]",
    "selectorCount": 1,
    "eventHandlerAttached": true,
    "reusedServerNodes": {
      "root": true,
      "action": true,
      "everyCapturedNode": true
    },
    "attachment": {
      "attached": true,
      "containerProperty": "__reactContainer$tw9epdh44ag",
      "rootProperty": "__reactFiber$tw9epdh44ag"
    }
  },
  "hydrationInvariant": {
    "before": {
      "rootChildren": [
        {
          "tag": "DIV",
          "id": "screen-form-11",
          "component": "Stack"
        },
        {
          "tag": "DIV",
          "id": "",
          "component": null
        }
      ],
      "elements": [
        {
          "tag": "DIV",
          "id": "screen-form-11",
          "component": "Stack",
          "role": null,
          "selected": null,
          "hidden": false
        },
        {
          "tag": "DIV",
          "id": "form-title-1",
          "component": "Stack",
          "role": null,
          "selected": null,
          "hidden": false
        },
        {
          "tag": "DIV",
          "id": "ve-title-26",
          "component": "StatusSelector",
          "role": null,
          "selected": null,
          "hidden": false
        },
        {
          "tag": "FIELDSET",
          "id": "ve-title-27",
          "component": "TagInput",
          "role": null,
          "selected": null,
          "hidden": false
        },
        {
          "tag": "FORM",
          "id": "ve-title-28",
          "component": "AddressEditor",
          "role": null,
          "selected": null,
          "hidden": false
        },
        {
          "tag": "DIV",
          "id": "form-fields-8",
          "component": "Stack",
          "role": null,
          "selected": null,
          "hidden": false
        },
        {
          "tag": "DIV",
          "id": "form-field-group-2",
          "component": "Stack",
          "role": null,
          "selected": null,
          "hidden": false
        },
        {
          "tag": "DIV",
          "id": "slot-field-0-3",
          "component": "StatusTimeline",
          "role": "log",
          "selected": null,
          "hidden": false
        },
        {
          "tag": "SPAN",
          "id": "pg-status-timeline-134",
          "component": "Text",
          "role": null,
          "selected": null,
          "hidden": false
        },
        {
          "tag": "SPAN",
          "id": "pg-status-timeline-135",
          "component": "Text",
          "role": null,
          "selected": null,
          "hidden": false
        },
        {
          "tag": "FORM",
          "id": "ve-field-0-29",
          "component": "PreferenceEditor",
          "role": null,
          "selected": null,
          "hidden": false
        },
        {
          "tag": "FORM",
          "id": "ve-field-0-30",
          "component": "RoleAssignmentForm",
          "role": null,
          "selected": null,
          "hidden": false
        },
        {
          "tag": "FIELDSET",
          "id": "ve-field-0-31",
          "component": "TemplatePicker",
          "role": null,
          "selected": null,
          "hidden": false
        },
        {
          "tag": "DIV",
          "id": "form-field-group-4",
          "component": "Stack",
          "role": null,
          "selected": null,
          "hidden": false
        },
        {
          "tag": "INPUT",
          "id": "slot-field-1-5",
          "component": "DatePicker",
          "role": null,
          "selected": null,
          "hidden": false
        },
        {
          "tag": "DIV",
          "id": "form-field-group-6",
          "component": "Stack",
          "role": null,
          "selected": null,
          "hidden": false
        },
        {
          "tag": "INPUT",
          "id": "slot-field-2-7",
          "component": "Input",
          "role": null,
          "selected": null,
          "hidden": false
        },
        {
          "tag": "DIV",
          "id": "form-field-group-12",
          "component": "Stack",
          "role": null,
          "selected": null,
          "hidden": false
        },
        {
          "tag": "DIV",
          "id": "form-field-group-14",
          "component": "Stack",
          "role": null,
          "selected": null,
          "hidden": false
        },
        {
          "tag": "TEXTAREA",
          "id": "slot-field-4-15",
          "component": "Textarea",
          "role": null,
          "selected": null,
          "hidden": false
        },
        {
          "tag": "DIV",
          "id": "form-field-group-16",
          "component": "Stack",
          "role": null,
          "selected": null,
          "hidden": false
        },
        {
          "tag": "DIV",
          "id": "form-field-group-18",
          "component": "Stack",
          "role": null,
          "selected": null,
          "hidden": false
        },
        {
          "tag": "DIV",
          "id": "form-field-group-20",
          "component": "Stack",
          "role": null,
          "selected": null,
          "hidden": false
        },
        {
          "tag": "INPUT",
          "id": "slot-field-7-21",
          "component": "Input",
          "role": null,
          "selected": null,
          "hidden": false
        },
        {
          "tag": "DIV",
          "id": "form-field-group-22",
          "component": "Stack",
          "role": null,
          "selected": null,
          "hidden": false
        },
        {
          "tag": "DIV",
          "id": "form-field-group-24",
          "component": "Stack",
          "role": null,
          "selected": null,
          "hidden": false
        },
        {
          "tag": "DIV",
          "id": "form-actions-9",
          "component": "Stack",
          "role": null,
          "selected": null,
          "hidden": false
        },
        {
          "tag": "BUTTON",
          "id": "form-submit-10",
          "component": "Button",
          "role": null,
          "selected": null,
          "hidden": false
        },
        {
          "tag": "DIV",
          "id": null,
          "component": null,
          "role": "group",
          "selected": null,
          "hidden": false
        }
      ]
    },
    "after": {
      "rootChildren": [
        {
          "tag": "DIV",
          "id": "screen-form-11",
          "component": "Stack"
        },
        {
          "tag": "DIV",
          "id": "",
          "component": null
        }
      ],
      "elements": [
        {
          "tag": "DIV",
          "id": "screen-form-11",
          "component": "Stack",
          "role": null,
          "selected": null,
          "hidden": false
        },
        {
          "tag": "DIV",
          "id": "form-title-1",
          "component": "Stack",
          "role": null,
          "selected": null,
          "hidden": false
        },
        {
          "tag": "DIV",
          "id": "ve-title-26",
          "component": "StatusSelector",
          "role": null,
          "selected": null,
          "hidden": false
        },
        {
          "tag": "FIELDSET",
          "id": "ve-title-27",
          "component": "TagInput",
          "role": null,
          "selected": null,
          "hidden": false
        },
        {
          "tag": "FORM",
          "id": "ve-title-28",
          "component": "AddressEditor",
          "role": null,
          "selected": null,
          "hidden": false
        },
        {
          "tag": "DIV",
          "id": "form-fields-8",
          "component": "Stack",
          "role": null,
          "selected": null,
          "hidden": false
        },
        {
          "tag": "DIV",
          "id": "form-field-group-2",
          "component": "Stack",
          "role": null,
          "selected": null,
          "hidden": false
        },
        {
          "tag": "DIV",
          "id": "slot-field-0-3",
          "component": "StatusTimeline",
          "role": "log",
          "selected": null,
          "hidden": false
        },
        {
          "tag": "SPAN",
          "id": "pg-status-timeline-134",
          "component": "Text",
          "role": null,
          "selected": null,
          "hidden": false
        },
        {
          "tag": "SPAN",
          "id": "pg-status-timeline-135",
          "component": "Text",
          "role": null,
          "selected": null,
          "hidden": false
        },
        {
          "tag": "FORM",
          "id": "ve-field-0-29",
          "component": "PreferenceEditor",
          "role": null,
          "selected": null,
          "hidden": false
        },
        {
          "tag": "FORM",
          "id": "ve-field-0-30",
          "component": "RoleAssignmentForm",
          "role": null,
          "selected": null,
          "hidden": false
        },
        {
          "tag": "FIELDSET",
          "id": "ve-field-0-31",
          "component": "TemplatePicker",
          "role": null,
          "selected": null,
          "hidden": false
        },
        {
          "tag": "DIV",
          "id": "form-field-group-4",
          "component": "Stack",
          "role": null,
          "selected": null,
          "hidden": false
        },
        {
          "tag": "INPUT",
          "id": "slot-field-1-5",
          "component": "DatePicker",
          "role": null,
          "selected": null,
          "hidden": false
        },
        {
          "tag": "DIV",
          "id": "form-field-group-6",
          "component": "Stack",
          "role": null,
          "selected": null,
          "hidden": false
        },
        {
          "tag": "INPUT",
          "id": "slot-field-2-7",
          "component": "Input",
          "role": null,
          "selected": null,
          "hidden": false
        },
        {
          "tag": "DIV",
          "id": "form-field-group-12",
          "component": "Stack",
          "role": null,
          "selected": null,
          "hidden": false
        },
        {
          "tag": "DIV",
          "id": "form-field-group-14",
          "component": "Stack",
          "role": null,
          "selected": null,
          "hidden": false
        },
        {
          "tag": "TEXTAREA",
          "id": "slot-field-4-15",
          "component": "Textarea",
          "role": null,
          "selected": null,
          "hidden": false
        },
        {
          "tag": "DIV",
          "id": "form-field-group-16",
          "component": "Stack",
          "role": null,
          "selected": null,
          "hidden": false
        },
        {
          "tag": "DIV",
          "id": "form-field-group-18",
          "component": "Stack",
          "role": null,
          "selected": null,
          "hidden": false
        },
        {
          "tag": "DIV",
          "id": "form-field-group-20",
          "component": "Stack",
          "role": null,
          "selected": null,
          "hidden": false
        },
        {
          "tag": "INPUT",
          "id": "slot-field-7-21",
          "component": "Input",
          "role": null,
          "selected": null,
          "hidden": false
        },
        {
          "tag": "DIV",
          "id": "form-field-group-22",
          "component": "Stack",
          "role": null,
          "selected": null,
          "hidden": false
        },
        {
          "tag": "DIV",
          "id": "form-field-group-24",
          "component": "Stack",
          "role": null,
          "selected": null,
          "hidden": false
        },
        {
          "tag": "DIV",
          "id": "form-actions-9",
          "component": "Stack",
          "role": null,
          "selected": null,
          "hidden": false
        },
        {
          "tag": "BUTTON",
          "id": "form-submit-10",
          "component": "Button",
          "role": null,
          "selected": null,
          "hidden": false
        },
        {
          "tag": "DIV",
          "id": null,
          "component": null,
          "role": "group",
          "selected": null,
          "hidden": false
        }
      ]
    },
    "equal": true
  },
  "interactionEvidence": {
    "kind": "action",
    "nodeId": "screen-form-11",
    "component": "Stack",
    "selector": "[data-oods-action=\"handleChange\"]",
    "action": "handleChange",
    "status": "passed"
  },
  "labelVisibility": [],
  "runtimeErrors": [],
  "componentCounts": {
    "AddressEditor": 1,
    "Button": 1,
    "DatePicker": 1,
    "Input": 2,
    "PreferenceEditor": 1,
    "RoleAssignmentForm": 1,
    "Stack": 14,
    "StatusSelector": 1,
    "StatusTimeline": 1,
    "TagInput": 1,
    "TemplatePicker": 1,
    "Text": 2,
    "Textarea": 1
  },
  "requiredMounts": [
    {
      "nodeId": "screen-form-11",
      "component": "Stack",
      "requiredInitially": true,
      "present": true,
      "passed": true
    },
    {
      "nodeId": "form-title-1",
      "component": "Stack",
      "requiredInitially": true,
      "present": true,
      "passed": true
    },
    {
      "nodeId": "ve-title-26",
      "component": "StatusSelector",
      "requiredInitially": true,
      "present": true,
      "passed": true
    },
    {
      "nodeId": "ve-title-27",
      "component": "TagInput",
      "requiredInitially": true,
      "present": true,
      "passed": true
    },
    {
      "nodeId": "ve-title-28",
      "component": "AddressEditor",
      "requiredInitially": true,
      "present": true,
      "passed": true
    },
    {
      "nodeId": "form-fields-8",
      "component": "Stack",
      "requiredInitially": true,
      "present": true,
      "passed": true
    },
    {
      "nodeId": "form-field-group-2",
      "component": "Stack",
      "requiredInitially": true,
      "present": true,
      "passed": true
    },
    {
      "nodeId": "slot-field-0-3",
      "component": "StatusTimeline",
      "requiredInitially": true,
      "present": true,
      "passed": true
    },
    {
      "nodeId": "pg-status-timeline-134",
      "component": "Text",
      "requiredInitially": true,
      "present": true,
      "passed": true
    },
    {
      "nodeId": "pg-status-timeline-135",
      "component": "Text",
      "requiredInitially": true,
      "present": true,
      "passed": true
    },
    {
      "nodeId": "ve-field-0-29",
      "component": "PreferenceEditor",
      "requiredInitially": true,
      "present": true,
      "passed": true
    },
    {
      "nodeId": "ve-field-0-30",
      "component": "RoleAssignmentForm",
      "requiredInitially": true,
      "present": true,
      "passed": true
    },
    {
      "nodeId": "ve-field-0-31",
      "component": "TemplatePicker",
      "requiredInitially": true,
      "present": true,
      "passed": true
    },
    {
      "nodeId": "form-field-group-4",
      "component": "Stack",
      "requiredInitially": true,
      "present": true,
      "passed": true
    },
    {
      "nodeId": "slot-field-1-5",
      "component": "DatePicker",
      "requiredInitially": true,
      "present": true,
      "passed": true
    },
    {
      "nodeId": "form-field-group-6",
      "component": "Stack",
      "requiredInitially": true,
      "present": true,
      "passed": true
    },
    {
      "nodeId": "slot-field-2-7",
      "component": "Input",
      "requiredInitially": true,
      "present": true,
      "passed": true
    },
    {
      "nodeId": "form-field-group-12",
      "component": "Stack",
      "requiredInitially": true,
      "present": true,
      "passed": true
    },
    {
      "nodeId": "form-field-group-14",
      "component": "Stack",
      "requiredInitially": true,
      "present": true,
      "passed": true
    },
    {
      "nodeId": "slot-field-4-15",
      "component": "Textarea",
      "requiredInitially": true,
      "present": true,
      "passed": true
    },
    {
      "nodeId": "form-field-group-16",
      "component": "Stack",
      "requiredInitially": true,
      "present": true,
      "passed": true
    },
    {
      "nodeId": "form-field-group-18",
      "component": "Stack",
      "requiredInitially": true,
      "present": true,
      "passed": true
    },
    {
      "nodeId": "form-field-group-20",
      "component": "Stack",
      "requiredInitially": true,
      "present": true,
      "passed": true
    },
    {
      "nodeId": "slot-field-7-21",
      "component": "Input",
      "requiredInitially": true,
      "present": true,
      "passed": true
    },
    {
      "nodeId": "form-field-group-22",
      "component": "Stack",
      "requiredInitially": true,
      "present": true,
      "passed": true
    },
    {
      "nodeId": "form-field-group-24",
      "component": "Stack",
      "requiredInitially": true,
      "present": true,
      "passed": true
    },
    {
      "nodeId": "form-actions-9",
      "component": "Stack",
      "requiredInitially": true,
      "present": true,
      "passed": true
    },
    {
      "nodeId": "form-submit-10",
      "component": "Button",
      "requiredInitially": true,
      "present": true,
      "passed": true
    }
  ],
  "selectorEvidence": [
    {
      "action": "handleChange",
      "selector": "[data-oods-action=\"handleChange\"]",
      "count": 1,
      "clicked": true,
      "mode": "clicked"
    },
    {
      "action": "handleChange_addresses",
      "selector": "[data-oods-action=\"handleChange_addresses\"]",
      "count": 1,
      "clicked": true,
      "mode": "typed"
    },
    {
      "action": "handleSubmit",
      "selector": "[data-oods-action=\"handleSubmit\"]",
      "count": 1,
      "clicked": true,
      "mode": "clicked"
    }
  ],
  "actionCounts": {
    "handleChange": 1,
    "handleChange_addresses": 1,
    "handleSubmit": 1
  },
  "actionArgs": {
    "handleChange": [
      []
    ],
    "handleChange_addresses": [
      [
        {
          "street": "generated",
          "city": "",
          "region": "",
          "postalCode": ""
        }
      ]
    ],
    "handleSubmit": [
      []
    ]
  },
  "actionsFrozen": true,
  "css": {
    "primaryTextToken": "oklch(0.92 0.02 92)",
    "canvasToken": "oklch(0.18 0.05 45)"
  }
}
