{
  "generatedFile": "src/GeneratedUI.tsx",
  "bindingMarkerCount": 9,
  "actionSelectors": [
    {
      "action": "handleChange",
      "selector": "[data-oods-action=\"handleChange\"]",
      "generatedSourceOccurrences": 1,
      "generatedRenderCallOccurrences": 1
    },
    {
      "action": "handleChange_addresses",
      "selector": "[data-oods-action=\"handleChange_addresses\"]",
      "generatedSourceOccurrences": 1,
      "generatedRenderCallOccurrences": 1
    },
    {
      "action": "handleSubmit",
      "selector": "[data-oods-action=\"handleSubmit\"]",
      "generatedSourceOccurrences": 1,
      "generatedRenderCallOccurrences": 1
    }
  ],
  "generatedOwnsEverySelector": true,
  "generatedForwardsEveryAction": true,
  "consumerEntryFiles": [
    "index.html",
    "src/consumer-data.ts",
    "src/consumer.css",
    "src/main.tsx",
    "src/ssr.tsx",
    "src/window.d.ts",
    "tsconfig.json",
    "vite.config.mjs"
  ],
  "selectorOccurrencesInConsumerEntries": 0,
  "consumerComponentDeclarations": [],
  "interaction": {
    "kind": "action",
    "nodeId": "screen-form-11",
    "component": "Stack",
    "selector": "[data-oods-action=\"handleChange\"]",
    "action": "handleChange"
  },
  "generatedInteractionNodeOccurrences": 1
}
