$ npm pack <repository-root>/packages/components-react --json --pack-destination <repository-root>/artifacts/product-reality/sprint-188/m03/attempt2/submitted-packages/tarballs
exitCode=0
signal=

[stdout]

> @oods/components-react@0.1.0 build <repository-root>/packages/components-react
> rimraf dist && tsup --config tsup.config.ts

CLI Building entry: src/index.ts, src/ported.tsx, src/status.ts, src/table.tsx, src/types.ts
CLI Using tsconfig: tsconfig.json
CLI tsup v8.5.0
CLI Using tsup config: <repository-root>/packages/components-react/tsup.config.ts
CLI Target: es2022
CLI Cleaning output folder
ESM Build start
CJS Build start
ESM dist/ported.js         192.00 B
ESM dist/chunk-SARVSWN3.js 39.68 KB
ESM dist/table.js          149.00 B
ESM dist/types.js          1.00 B
ESM dist/status.js         171.00 B
ESM dist/chunk-54KQYKOO.js 10.87 KB
ESM dist/index.js          62.64 KB
ESM dist/chunk-EHRZ3ATJ.js 6.37 KB
ESM ⚡️ Build success in 520ms
CJS dist/status.cjs 11.06 KB
CJS dist/table.cjs  17.07 KB
CJS dist/types.cjs  15.00 B
CJS dist/ported.cjs 51.91 KB
CJS dist/index.cjs  124.77 KB
CJS ⚡️ Build success in 520ms
DTS Build start
DTS ⚡️ Build success in 5256ms
DTS dist/index.d.ts   10.06 KB
DTS dist/ported.d.ts  7.12 KB
DTS dist/status.d.ts  1.39 KB
DTS dist/table.d.ts   1.06 KB
DTS dist/types.d.ts   23.61 KB
DTS dist/index.d.cts  10.07 KB
DTS dist/ported.d.cts 7.12 KB
DTS dist/status.d.cts 1.39 KB
DTS dist/table.d.cts  1.07 KB
DTS dist/types.d.cts  23.61 KB
[
  {
    "id": "@oods/components-react@0.1.0",
    "name": "@oods/components-react",
    "version": "0.1.0",
    "size": 75630,
    "unpackedSize": 512170,
    "shasum": "1d3121510f493a1a127aa9e8539477d4574ffda3",
    "integrity": "sha512-5oJzcIzauvqPkoouvMTIxPvS820ViF5ppgaN72OP/wQ4WaX0tankCpetZQ8RcQfO971OflEjy2hr3k498ynbTA==",
    "filename": "oods-components-react-0.1.0.tgz",
    "files": [
      {
        "path": "dist/chunk-54KQYKOO.js",
        "size": 11126,
        "mode": 420
      },
      {
        "path": "dist/chunk-EHRZ3ATJ.js",
        "size": 6526,
        "mode": 420
      },
      {
        "path": "dist/chunk-SARVSWN3.js",
        "size": 40635,
        "mode": 420
      },
      {
        "path": "dist/index.cjs",
        "size": 127767,
        "mode": 420
      },
      {
        "path": "dist/index.d.cts",
        "size": 10307,
        "mode": 420
      },
      {
        "path": "dist/index.d.ts",
        "size": 10303,
        "mode": 420
      },
      {
        "path": "dist/index.js",
        "size": 64141,
        "mode": 420
      },
      {
        "path": "dist/ported.cjs",
        "size": 53153,
        "mode": 420
      },
      {
        "path": "dist/ported.d.cts",
        "size": 7290,
        "mode": 420
      },
      {
        "path": "dist/ported.d.ts",
        "size": 7289,
        "mode": 420
      },
      {
        "path": "dist/ported.js",
        "size": 192,
        "mode": 420
      },
      {
        "path": "dist/status.cjs",
        "size": 11326,
        "mode": 420
      },
      {
        "path": "dist/status.d.cts",
        "size": 1426,
        "mode": 420
      },
      {
        "path": "dist/status.d.ts",
        "size": 1425,
        "mode": 420
      },
      {
        "path": "dist/status.js",
        "size": 171,
        "mode": 420
      },
      {
        "path": "dist/table.cjs",
        "size": 17476,
        "mode": 420
      },
      {
        "path": "dist/table.d.cts",
        "size": 1091,
        "mode": 420
      },
      {
        "path": "dist/table.d.ts",
        "size": 1090,
        "mode": 420
      },
      {
        "path": "dist/table.js",
        "size": 149,
        "mode": 420
      },
      {
        "path": "dist/types.cjs",
        "size": 15,
        "mode": 420
      },
      {
        "path": "dist/types.d.cts",
        "size": 24180,
        "mode": 420
      },
      {
        "path": "dist/types.d.ts",
        "size": 24180,
        "mode": 420
      },
      {
        "path": "dist/types.js",
        "size": 1,
        "mode": 420
      },
      {
        "path": "evidence/react-ported-readiness.v1.json",
        "size": 7937,
        "mode": 420
      },
      {
        "path": "evidence/react-readiness.v1.json",
        "size": 80879,
        "mode": 420
      },
      {
        "path": "package.json",
        "size": 2095,
        "mode": 420
      }
    ],
    "entryCount": 26,
    "bundled": []
  }
]

[stderr]
npm warn Unknown project config "link-workspace-packages". This will stop working in the next major version of npm.

> @oods/components-react@0.1.0 prepack
> pnpm run build

Generated an empty chunk: "types".
Generated an empty chunk: "types".
