{
  "framework": "vue",
  "schema": "pt-shop-parts-entry-router-v1",
  "mount": "passed",
  "rootId": "screen-landing-15",
  "rootCount": 1,
  "hydration": "passed",
  "hydrationProbe": {
    "selector": "[id=\"slot-section-0-5\"]",
    "selectorCount": 1,
    "eventHandlerAttached": true,
    "reusedServerNodes": {
      "root": true,
      "action": true,
      "everyCapturedNode": true
    },
    "attachment": {
      "attached": true,
      "containerProperty": "__vue_app__",
      "rootProperty": null
    }
  },
  "hydrationInvariant": {
    "before": {
      "rootChildren": [
        {
          "tag": "DIV",
          "id": "screen-landing-15",
          "component": "Stack"
        }
      ],
      "elements": [
        {
          "tag": "DIV",
          "id": "screen-landing-15",
          "component": "Stack",
          "role": null,
          "selected": null,
          "hidden": false
        },
        {
          "tag": "DIV",
          "id": "landing-hero-1",
          "component": "Stack",
          "role": null,
          "selected": null,
          "hidden": false
        },
        {
          "tag": "HEADER",
          "id": "slot-hero-2",
          "component": "DetailHeader",
          "role": null,
          "selected": null,
          "hidden": false
        },
        {
          "tag": "BUTTON",
          "id": "slot-hero-cta-3",
          "component": "Button",
          "role": null,
          "selected": null,
          "hidden": false
        },
        {
          "tag": "DIV",
          "id": "landing-sections-10",
          "component": "Stack",
          "role": null,
          "selected": null,
          "hidden": false
        },
        {
          "tag": "DIV",
          "id": "landing-section-0-4",
          "component": "Card",
          "role": null,
          "selected": null,
          "hidden": false
        },
        {
          "tag": "FORM",
          "id": null,
          "component": "SearchInput",
          "role": "search",
          "selected": null,
          "hidden": false
        },
        {
          "tag": "INPUT",
          "id": "slot-section-0-5",
          "component": null,
          "role": null,
          "selected": null,
          "hidden": false
        },
        {
          "tag": "DIV",
          "id": "landing-section-1-6",
          "component": "Card",
          "role": null,
          "selected": null,
          "hidden": false
        },
        {
          "tag": "FORM",
          "id": null,
          "component": "SearchInput",
          "role": "search",
          "selected": null,
          "hidden": false
        },
        {
          "tag": "INPUT",
          "id": "slot-section-1-7",
          "component": null,
          "role": null,
          "selected": null,
          "hidden": false
        },
        {
          "tag": "DIV",
          "id": "landing-section-2-8",
          "component": "Card",
          "role": null,
          "selected": null,
          "hidden": false
        },
        {
          "tag": "FORM",
          "id": null,
          "component": "SearchInput",
          "role": "search",
          "selected": null,
          "hidden": false
        },
        {
          "tag": "INPUT",
          "id": "slot-section-2-9",
          "component": null,
          "role": null,
          "selected": null,
          "hidden": false
        },
        {
          "tag": "DIV",
          "id": "landing-cta-11",
          "component": "Stack",
          "role": null,
          "selected": null,
          "hidden": false
        },
        {
          "tag": "BUTTON",
          "id": "slot-cta-12",
          "component": "Button",
          "role": null,
          "selected": null,
          "hidden": false
        },
        {
          "tag": "DIV",
          "id": "landing-footer-13",
          "component": "Stack",
          "role": null,
          "selected": null,
          "hidden": false
        },
        {
          "tag": "FORM",
          "id": null,
          "component": "SearchInput",
          "role": "search",
          "selected": null,
          "hidden": false
        },
        {
          "tag": "INPUT",
          "id": "slot-footer-14",
          "component": null,
          "role": null,
          "selected": null,
          "hidden": false
        }
      ]
    },
    "after": {
      "rootChildren": [
        {
          "tag": "DIV",
          "id": "screen-landing-15",
          "component": "Stack"
        }
      ],
      "elements": [
        {
          "tag": "DIV",
          "id": "screen-landing-15",
          "component": "Stack",
          "role": null,
          "selected": null,
          "hidden": false
        },
        {
          "tag": "DIV",
          "id": "landing-hero-1",
          "component": "Stack",
          "role": null,
          "selected": null,
          "hidden": false
        },
        {
          "tag": "HEADER",
          "id": "slot-hero-2",
          "component": "DetailHeader",
          "role": null,
          "selected": null,
          "hidden": false
        },
        {
          "tag": "BUTTON",
          "id": "slot-hero-cta-3",
          "component": "Button",
          "role": null,
          "selected": null,
          "hidden": false
        },
        {
          "tag": "DIV",
          "id": "landing-sections-10",
          "component": "Stack",
          "role": null,
          "selected": null,
          "hidden": false
        },
        {
          "tag": "DIV",
          "id": "landing-section-0-4",
          "component": "Card",
          "role": null,
          "selected": null,
          "hidden": false
        },
        {
          "tag": "FORM",
          "id": null,
          "component": "SearchInput",
          "role": "search",
          "selected": null,
          "hidden": false
        },
        {
          "tag": "INPUT",
          "id": "slot-section-0-5",
          "component": null,
          "role": null,
          "selected": null,
          "hidden": false
        },
        {
          "tag": "DIV",
          "id": "landing-section-1-6",
          "component": "Card",
          "role": null,
          "selected": null,
          "hidden": false
        },
        {
          "tag": "FORM",
          "id": null,
          "component": "SearchInput",
          "role": "search",
          "selected": null,
          "hidden": false
        },
        {
          "tag": "INPUT",
          "id": "slot-section-1-7",
          "component": null,
          "role": null,
          "selected": null,
          "hidden": false
        },
        {
          "tag": "DIV",
          "id": "landing-section-2-8",
          "component": "Card",
          "role": null,
          "selected": null,
          "hidden": false
        },
        {
          "tag": "FORM",
          "id": null,
          "component": "SearchInput",
          "role": "search",
          "selected": null,
          "hidden": false
        },
        {
          "tag": "INPUT",
          "id": "slot-section-2-9",
          "component": null,
          "role": null,
          "selected": null,
          "hidden": false
        },
        {
          "tag": "DIV",
          "id": "landing-cta-11",
          "component": "Stack",
          "role": null,
          "selected": null,
          "hidden": false
        },
        {
          "tag": "BUTTON",
          "id": "slot-cta-12",
          "component": "Button",
          "role": null,
          "selected": null,
          "hidden": false
        },
        {
          "tag": "DIV",
          "id": "landing-footer-13",
          "component": "Stack",
          "role": null,
          "selected": null,
          "hidden": false
        },
        {
          "tag": "FORM",
          "id": null,
          "component": "SearchInput",
          "role": "search",
          "selected": null,
          "hidden": false
        },
        {
          "tag": "INPUT",
          "id": "slot-footer-14",
          "component": null,
          "role": null,
          "selected": null,
          "hidden": false
        }
      ]
    },
    "equal": true
  },
  "interactionEvidence": {
    "kind": "field",
    "nodeId": "slot-section-0-5",
    "component": "SearchInput",
    "selector": "[id=\"slot-section-0-5\"]",
    "inputType": "text",
    "status": "passed",
    "clearVisible": true,
    "cleared": true,
    "before": "",
    "attemptedValue": "Consumer interaction proof",
    "after": "",
    "scope": "native/component control state only; no generated application filtering or domain state is asserted"
  },
  "labelVisibility": [
    {
      "component": "DetailHeader",
      "rootId": "slot-hero-2",
      "text": "Details",
      "visible": true,
      "passed": true
    }
  ],
  "runtimeErrors": [],
  "componentCounts": {
    "Button": 2,
    "Card": 3,
    "DetailHeader": 1,
    "SearchInput": 4,
    "Stack": 5
  },
  "requiredMounts": [
    {
      "nodeId": "screen-landing-15",
      "component": "Stack",
      "requiredInitially": true,
      "present": true,
      "passed": true
    },
    {
      "nodeId": "landing-hero-1",
      "component": "Stack",
      "requiredInitially": true,
      "present": true,
      "passed": true
    },
    {
      "nodeId": "slot-hero-2",
      "component": "DetailHeader",
      "requiredInitially": true,
      "present": true,
      "passed": true
    },
    {
      "nodeId": "slot-hero-cta-3",
      "component": "Button",
      "requiredInitially": true,
      "present": true,
      "passed": true
    },
    {
      "nodeId": "landing-sections-10",
      "component": "Stack",
      "requiredInitially": true,
      "present": true,
      "passed": true
    },
    {
      "nodeId": "landing-section-0-4",
      "component": "Card",
      "requiredInitially": true,
      "present": true,
      "passed": true
    },
    {
      "nodeId": "slot-section-0-5",
      "component": "SearchInput",
      "requiredInitially": true,
      "present": true,
      "passed": true
    },
    {
      "nodeId": "landing-section-1-6",
      "component": "Card",
      "requiredInitially": true,
      "present": true,
      "passed": true
    },
    {
      "nodeId": "slot-section-1-7",
      "component": "SearchInput",
      "requiredInitially": true,
      "present": true,
      "passed": true
    },
    {
      "nodeId": "landing-section-2-8",
      "component": "Card",
      "requiredInitially": true,
      "present": true,
      "passed": true
    },
    {
      "nodeId": "slot-section-2-9",
      "component": "SearchInput",
      "requiredInitially": true,
      "present": true,
      "passed": true
    },
    {
      "nodeId": "landing-cta-11",
      "component": "Stack",
      "requiredInitially": true,
      "present": true,
      "passed": true
    },
    {
      "nodeId": "slot-cta-12",
      "component": "Button",
      "requiredInitially": true,
      "present": true,
      "passed": true
    },
    {
      "nodeId": "landing-footer-13",
      "component": "Stack",
      "requiredInitially": true,
      "present": true,
      "passed": true
    },
    {
      "nodeId": "slot-footer-14",
      "component": "SearchInput",
      "requiredInitially": true,
      "present": true,
      "passed": true
    }
  ],
  "selectorEvidence": [],
  "actionCounts": {},
  "actionArgs": {},
  "actionsFrozen": true,
  "css": {
    "primaryTextToken": "oklch(0.92 0.02 92)",
    "canvasToken": "oklch(0.18 0.05 45)"
  }
}
