
> @oods/component-styles@0.1.0 build /Users/systemsystems/portfolio/Design-Tools/OODS-Forge/packages/component-styles
> rimraf dist && tsup --config tsup.config.ts && node scripts/copy-css.mjs

CLI Building entry: src/index.ts, src/ported.ts
CLI Using tsconfig: tsconfig.json
CLI tsup v8.5.0
CLI Using tsup config: /Users/systemsystems/portfolio/Design-Tools/OODS-Forge/packages/component-styles/tsup.config.ts
CLI Target: es2022
ESM Build start
CJS Build start
ESM dist/index.js          143.00 B
ESM dist/chunk-FPEPL7UR.js 1.83 KB
ESM dist/ported.js         513.00 B
ESM ⚡️ Build success in 28ms
CJS dist/index.cjs  1.97 KB
CJS dist/ported.cjs 1.93 KB
CJS ⚡️ Build success in 28ms
DTS Build start
DTS ⚡️ Build success in 1332ms
DTS dist/index.d.ts   1.87 KB
DTS dist/ported.d.ts  500.00 B
DTS dist/index.d.cts  1.87 KB
DTS dist/ported.d.cts 500.00 B
