Viz check counts: {"scale-contract":{"total":96,"passed":96,"failed":0},"chroma-curve":{"total":3,"passed":3,"failed":0},"gamut":{"total":78,"passed":78,"failed":0},"chroma-symmetry":{"total":15,"passed":15,"failed":0},"dark-coverage":{"total":40,"passed":40,"failed":0}}
✓ sequential/count — All 9 sequential steps detected.
✓ sequential/step-01-to-02 — ΔL=0.100 (required ≥ 0.10)
✓ sequential/step-02-to-03 — ΔL=0.100 (required ≥ 0.10)
✓ sequential/step-03-to-04 — ΔL=0.100 (required ≥ 0.10)
✓ sequential/step-04-to-05 — ΔL=0.100 (required ≥ 0.10)
✓ sequential/step-05-to-06 — ΔL=0.100 (required ≥ 0.10)
✓ sequential/step-06-to-07 — ΔL=0.100 (required ≥ 0.10)
✓ sequential/step-07-to-08 — ΔL=0.100 (required ≥ 0.10)
✓ sequential/step-08-to-09 — ΔL=0.100 (required ≥ 0.10)
✓ diverging/count — All 11 diverging steps detected.
✓ diverging/neg-05-to-neg-04 — ΔL=0.120 (increasing toward neutral)
✓ diverging/neg-04-to-neg-03 — ΔL=0.120 (increasing toward neutral)
✓ diverging/neg-03-to-neg-02 — ΔL=0.120 (increasing toward neutral)
✓ diverging/neg-02-to-neg-01 — ΔL=0.120 (increasing toward neutral)
✓ diverging/neg-01-to-neutral — ΔL=0.120 (increasing toward neutral)
✓ diverging/neutral-to-pos-01 — ΔL=0.120 (decreasing away from neutral)
✓ diverging/pos-01-to-pos-02 — ΔL=0.120 (decreasing away from neutral)
✓ diverging/pos-02-to-pos-03 — ΔL=0.120 (decreasing away from neutral)
✓ diverging/pos-03-to-pos-04 — ΔL=0.120 (decreasing away from neutral)
✓ diverging/pos-04-to-pos-05 — ΔL=0.120 (decreasing away from neutral)
✓ diverging/symmetry-neg-05|pos-05 — |ΔL|=0.000 (allowed ≤ 0.02)
✓ diverging/symmetry-neg-04|pos-04 — |ΔL|=0.000 (allowed ≤ 0.02)
✓ diverging/symmetry-neg-03|pos-03 — |ΔL|=0.000 (allowed ≤ 0.02)
✓ diverging/symmetry-neg-02|pos-02 — |ΔL|=0.000 (allowed ≤ 0.02)
✓ diverging/symmetry-neg-01|pos-01 — |ΔL|=0.000 (allowed ≤ 0.02)
✓ categorical/count — 6 categorical entries detected.
✓ categorical/01 — Inline oklch literal, chroma 0.110 ≥ 0.045.
✓ categorical/02 — Inline oklch literal, chroma 0.125 ≥ 0.045.
✓ categorical/03 — Inline oklch literal, chroma 0.050 ≥ 0.045.
✓ categorical/04 — Inline oklch literal, chroma 0.109 ≥ 0.045.
✓ categorical/05 — Inline oklch literal, chroma 0.163 ≥ 0.045.
✓ categorical/06 — Inline oklch literal, chroma 0.110 ≥ 0.045.
✓ sequential/chroma — Chroma peak at 05; requires an interior peak with no dips before it or rebounds after it.
✓ viz/viz.scale.sequential.01 — viz.scale.sequential.01 oklch(0.94 0.015873 257.5) is in sRGB gamut
✓ viz/viz.scale.sequential.02 — viz.scale.sequential.02 oklch(0.84 0.054175 257.5) is in sRGB gamut
✓ viz/viz.scale.sequential.03 — viz.scale.sequential.03 oklch(0.74 0.092822 257.5) is in sRGB gamut
✓ viz/viz.scale.sequential.04 — viz.scale.sequential.04 oklch(0.64 0.122932 257.5) is in sRGB gamut
✓ viz/viz.scale.sequential.05 — viz.scale.sequential.05 oklch(0.54 0.138567 257.5) is in sRGB gamut
✓ viz/viz.scale.sequential.06 — viz.scale.sequential.06 oklch(0.44 0.136785 257.5) is in sRGB gamut
✓ viz/viz.scale.sequential.07 — viz.scale.sequential.07 oklch(0.34 0.117918 257.5) is in sRGB gamut
✓ viz/viz.scale.sequential.08 — viz.scale.sequential.08 oklch(0.24 0.085537 257.5) is in sRGB gamut
✓ viz/viz.scale.sequential.09 — viz.scale.sequential.09 oklch(0.14 0.046139 257.5) is in sRGB gamut
✓ viz/viz.scale.diverging.neg-05 — viz.scale.diverging.neg-05 oklch(0.22 0.037435 197.5) is in sRGB gamut
✓ viz/viz.scale.diverging.neg-04 — viz.scale.diverging.neg-04 oklch(0.34 0.057851 197.5) is in sRGB gamut
✓ viz/viz.scale.diverging.neg-03 — viz.scale.diverging.neg-03 oklch(0.46 0.078268 197.5) is in sRGB gamut
✓ viz/viz.scale.diverging.neg-02 — viz.scale.diverging.neg-02 oklch(0.58 0.095935 197.5) is in sRGB gamut
✓ viz/viz.scale.diverging.neg-01 — viz.scale.diverging.neg-01 oklch(0.7 0.075918 197.5) is in sRGB gamut
✓ viz/viz.scale.diverging.neutral — viz.scale.diverging.neutral oklch(0.82 0 265) is in sRGB gamut
✓ viz/viz.scale.diverging.pos-01 — viz.scale.diverging.pos-01 oklch(0.7 0.075918 17.5) is in sRGB gamut
✓ viz/viz.scale.diverging.pos-02 — viz.scale.diverging.pos-02 oklch(0.58 0.095935 17.5) is in sRGB gamut
✓ viz/viz.scale.diverging.pos-03 — viz.scale.diverging.pos-03 oklch(0.46 0.078268 17.5) is in sRGB gamut
✓ viz/viz.scale.diverging.pos-04 — viz.scale.diverging.pos-04 oklch(0.34 0.057851 17.5) is in sRGB gamut
✓ viz/viz.scale.diverging.pos-05 — viz.scale.diverging.pos-05 oklch(0.22 0.037435 17.5) is in sRGB gamut
✓ viz/viz.scale.categorical.01 — viz.scale.categorical.01 oklch(0.3 0.11 17.5) is in sRGB gamut
✓ viz/viz.scale.categorical.02 — viz.scale.categorical.02 oklch(0.6 0.125294 77.5) is in sRGB gamut
✓ viz/viz.scale.categorical.03 — viz.scale.categorical.03 oklch(0.62 0.05 137.5) is in sRGB gamut
✓ viz/viz.scale.categorical.04 — viz.scale.categorical.04 oklch(0.64 0.108894 197.5) is in sRGB gamut
✓ viz/viz.scale.categorical.05 — viz.scale.categorical.05 oklch(0.45 0.163056 257.5) is in sRGB gamut
✓ viz/viz.scale.categorical.06 — viz.scale.categorical.06 oklch(0.25 0.11 317.5) is in sRGB gamut
✓ diverging/chroma-neg-05|pos-05 — |ΔC|=0.00000 (allowed ≤ 0.002)
✓ diverging/chroma-neg-04|pos-04 — |ΔC|=0.00000 (allowed ≤ 0.002)
✓ diverging/chroma-neg-03|pos-03 — |ΔC|=0.00000 (allowed ≤ 0.002)
✓ diverging/chroma-neg-02|pos-02 — |ΔC|=0.00000 (allowed ≤ 0.002)
✓ diverging/chroma-neg-01|pos-01 — |ΔC|=0.00000 (allowed ≤ 0.002)
✓ A/dark/viz.scale.sequential.01 — Explicit dark override: viz.scale.sequential.01
✓ A/dark/viz.scale.sequential.02 — Explicit dark override: viz.scale.sequential.02
✓ A/dark/viz.scale.sequential.03 — Explicit dark override: viz.scale.sequential.03
✓ A/dark/viz.scale.sequential.04 — Explicit dark override: viz.scale.sequential.04
✓ A/dark/viz.scale.sequential.05 — Explicit dark override: viz.scale.sequential.05
✓ A/dark/viz.scale.sequential.06 — Explicit dark override: viz.scale.sequential.06
✓ A/dark/viz.scale.sequential.07 — Explicit dark override: viz.scale.sequential.07
✓ A/dark/viz.scale.sequential.08 — Explicit dark override: viz.scale.sequential.08
✓ A/dark/viz.scale.sequential.09 — Explicit dark override: viz.scale.sequential.09
✓ A/dark/viz.scale.diverging.neg-05 — Explicit dark override: viz.scale.diverging.neg-05
✓ A/dark/viz.scale.diverging.neg-04 — Explicit dark override: viz.scale.diverging.neg-04
✓ A/dark/viz.scale.diverging.neg-03 — Explicit dark override: viz.scale.diverging.neg-03
✓ A/dark/viz.scale.diverging.neg-02 — Explicit dark override: viz.scale.diverging.neg-02
✓ A/dark/viz.scale.diverging.neg-01 — Explicit dark override: viz.scale.diverging.neg-01
✓ A/dark/viz.scale.diverging.neutral — Explicit dark override: viz.scale.diverging.neutral
✓ A/dark/viz.scale.diverging.pos-01 — Explicit dark override: viz.scale.diverging.pos-01
✓ A/dark/viz.scale.diverging.pos-02 — Explicit dark override: viz.scale.diverging.pos-02
✓ A/dark/viz.scale.diverging.pos-03 — Explicit dark override: viz.scale.diverging.pos-03
✓ A/dark/viz.scale.diverging.pos-04 — Explicit dark override: viz.scale.diverging.pos-04
✓ A/dark/viz.scale.diverging.pos-05 — Explicit dark override: viz.scale.diverging.pos-05
✓ A/dark/sequential/count — All 9 sequential steps detected.
✓ A/dark/sequential/step-01-to-02 — ΔL=0.100 (required ≥ 0.10)
✓ A/dark/sequential/step-02-to-03 — ΔL=0.100 (required ≥ 0.10)
✓ A/dark/sequential/step-03-to-04 — ΔL=0.100 (required ≥ 0.10)
✓ A/dark/sequential/step-04-to-05 — ΔL=0.100 (required ≥ 0.10)
✓ A/dark/sequential/step-05-to-06 — ΔL=0.100 (required ≥ 0.10)
✓ A/dark/sequential/step-06-to-07 — ΔL=0.100 (required ≥ 0.10)
✓ A/dark/sequential/step-07-to-08 — ΔL=0.100 (required ≥ 0.10)
✓ A/dark/sequential/step-08-to-09 — ΔL=0.100 (required ≥ 0.10)
✓ A/dark/diverging/count — All 11 diverging steps detected.
✓ A/dark/diverging/neg-05-to-neg-04 — ΔL=0.120 (increasing toward neutral)
✓ A/dark/diverging/neg-04-to-neg-03 — ΔL=0.120 (increasing toward neutral)
✓ A/dark/diverging/neg-03-to-neg-02 — ΔL=0.120 (increasing toward neutral)
✓ A/dark/diverging/neg-02-to-neg-01 — ΔL=0.120 (increasing toward neutral)
✓ A/dark/diverging/neg-01-to-neutral — ΔL=0.120 (increasing toward neutral)
✓ A/dark/diverging/neutral-to-pos-01 — ΔL=0.120 (decreasing away from neutral)
✓ A/dark/diverging/pos-01-to-pos-02 — ΔL=0.120 (decreasing away from neutral)
✓ A/dark/diverging/pos-02-to-pos-03 — ΔL=0.120 (decreasing away from neutral)
✓ A/dark/diverging/pos-03-to-pos-04 — ΔL=0.120 (decreasing away from neutral)
✓ A/dark/diverging/pos-04-to-pos-05 — ΔL=0.120 (decreasing away from neutral)
✓ A/dark/diverging/symmetry-neg-05|pos-05 — |ΔL|=0.000 (allowed ≤ 0.02)
✓ A/dark/diverging/symmetry-neg-04|pos-04 — |ΔL|=0.000 (allowed ≤ 0.02)
✓ A/dark/diverging/symmetry-neg-03|pos-03 — |ΔL|=0.000 (allowed ≤ 0.02)
✓ A/dark/diverging/symmetry-neg-02|pos-02 — |ΔL|=0.000 (allowed ≤ 0.02)
✓ A/dark/diverging/symmetry-neg-01|pos-01 — |ΔL|=0.000 (allowed ≤ 0.02)
✓ A/dark/categorical/count — 6 categorical entries detected.
✓ A/dark/categorical/01 — Inline oklch literal, chroma 0.228 ≥ 0.045.
✓ A/dark/categorical/02 — Inline oklch literal, chroma 0.163 ≥ 0.045.
✓ A/dark/categorical/03 — Inline oklch literal, chroma 0.050 ≥ 0.045.
✓ A/dark/categorical/04 — Inline oklch literal, chroma 0.130 ≥ 0.045.
✓ A/dark/categorical/05 — Inline oklch literal, chroma 0.196 ≥ 0.045.
✓ A/dark/categorical/06 — Inline oklch literal, chroma 0.050 ≥ 0.045.
✓ A/dark/sequential/chroma — Chroma peak at 06; requires an interior peak with no dips before it or rebounds after it.
✓ A/dark/viz/viz.scale.sequential.01 — viz.scale.sequential.01 oklch(0.96 0.007528 257.5) is in sRGB gamut
✓ A/dark/viz/viz.scale.sequential.02 — viz.scale.sequential.02 oklch(0.86 0.036911 257.5) is in sRGB gamut
✓ A/dark/viz/viz.scale.sequential.03 — viz.scale.sequential.03 oklch(0.76 0.068429 257.5) is in sRGB gamut
✓ A/dark/viz/viz.scale.sequential.04 — viz.scale.sequential.04 oklch(0.66 0.094335 257.5) is in sRGB gamut
✓ A/dark/viz/viz.scale.sequential.05 — viz.scale.sequential.05 oklch(0.56 0.109428 257.5) is in sRGB gamut
✓ A/dark/viz/viz.scale.sequential.06 — viz.scale.sequential.06 oklch(0.46 0.110853 257.5) is in sRGB gamut
✓ A/dark/viz/viz.scale.sequential.07 — viz.scale.sequential.07 oklch(0.36 0.098345 257.5) is in sRGB gamut
✓ A/dark/viz/viz.scale.sequential.08 — viz.scale.sequential.08 oklch(0.26 0.074257 257.5) is in sRGB gamut
✓ A/dark/viz/viz.scale.sequential.09 — viz.scale.sequential.09 oklch(0.16 0.04334 257.5) is in sRGB gamut
✓ A/dark/viz/viz.scale.diverging.neg-05 — viz.scale.diverging.neg-05 oklch(0.26 0.04424 197.5) is in sRGB gamut
✓ A/dark/viz/viz.scale.diverging.neg-04 — viz.scale.diverging.neg-04 oklch(0.38 0.064656 197.5) is in sRGB gamut
✓ A/dark/viz/viz.scale.diverging.neg-03 — viz.scale.diverging.neg-03 oklch(0.5 0.085073 197.5) is in sRGB gamut
✓ A/dark/viz/viz.scale.diverging.neg-02 — viz.scale.diverging.neg-02 oklch(0.62 0.090969 197.5) is in sRGB gamut
✓ A/dark/viz/viz.scale.diverging.neg-01 — viz.scale.diverging.neg-01 oklch(0.74 0.066301 197.5) is in sRGB gamut
✓ A/dark/viz/viz.scale.diverging.neutral — viz.scale.diverging.neutral oklch(0.86 0 265) is in sRGB gamut
✓ A/dark/viz/viz.scale.diverging.pos-01 — viz.scale.diverging.pos-01 oklch(0.74 0.066301 17.5) is in sRGB gamut
✓ A/dark/viz/viz.scale.diverging.pos-02 — viz.scale.diverging.pos-02 oklch(0.62 0.090969 17.5) is in sRGB gamut
✓ A/dark/viz/viz.scale.diverging.pos-03 — viz.scale.diverging.pos-03 oklch(0.5 0.085073 17.5) is in sRGB gamut
✓ A/dark/viz/viz.scale.diverging.pos-04 — viz.scale.diverging.pos-04 oklch(0.38 0.064656 17.5) is in sRGB gamut
✓ A/dark/viz/viz.scale.diverging.pos-05 — viz.scale.diverging.pos-05 oklch(0.26 0.04424 17.5) is in sRGB gamut
✓ A/dark/viz/viz.scale.categorical.01 — viz.scale.categorical.01 oklch(0.57 0.228252 17.5) is in sRGB gamut
✓ A/dark/viz/viz.scale.categorical.02 — viz.scale.categorical.02 oklch(0.78 0.162882 77.5) is in sRGB gamut
✓ A/dark/viz/viz.scale.categorical.03 — viz.scale.categorical.03 oklch(0.85 0.05 137.5) is in sRGB gamut
✓ A/dark/viz/viz.scale.categorical.04 — viz.scale.categorical.04 oklch(0.9 0.13 197.5) is in sRGB gamut
✓ A/dark/viz/viz.scale.categorical.05 — viz.scale.categorical.05 oklch(0.54 0.195666 257.5) is in sRGB gamut
✓ A/dark/viz/viz.scale.categorical.06 — viz.scale.categorical.06 oklch(0.66 0.05 317.5) is in sRGB gamut
✓ A/dark/diverging/chroma-neg-05|pos-05 — |ΔC|=0.00000 (allowed ≤ 0.002)
✓ A/dark/diverging/chroma-neg-04|pos-04 — |ΔC|=0.00000 (allowed ≤ 0.002)
✓ A/dark/diverging/chroma-neg-03|pos-03 — |ΔC|=0.00000 (allowed ≤ 0.002)
✓ A/dark/diverging/chroma-neg-02|pos-02 — |ΔC|=0.00000 (allowed ≤ 0.002)
✓ A/dark/diverging/chroma-neg-01|pos-01 — |ΔC|=0.00000 (allowed ≤ 0.002)
✓ B/dark/viz.scale.sequential.01 — Explicit dark override: viz.scale.sequential.01
✓ B/dark/viz.scale.sequential.02 — Explicit dark override: viz.scale.sequential.02
✓ B/dark/viz.scale.sequential.03 — Explicit dark override: viz.scale.sequential.03
✓ B/dark/viz.scale.sequential.04 — Explicit dark override: viz.scale.sequential.04
✓ B/dark/viz.scale.sequential.05 — Explicit dark override: viz.scale.sequential.05
✓ B/dark/viz.scale.sequential.06 — Explicit dark override: viz.scale.sequential.06
✓ B/dark/viz.scale.sequential.07 — Explicit dark override: viz.scale.sequential.07
✓ B/dark/viz.scale.sequential.08 — Explicit dark override: viz.scale.sequential.08
✓ B/dark/viz.scale.sequential.09 — Explicit dark override: viz.scale.sequential.09
✓ B/dark/viz.scale.diverging.neg-05 — Explicit dark override: viz.scale.diverging.neg-05
✓ B/dark/viz.scale.diverging.neg-04 — Explicit dark override: viz.scale.diverging.neg-04
✓ B/dark/viz.scale.diverging.neg-03 — Explicit dark override: viz.scale.diverging.neg-03
✓ B/dark/viz.scale.diverging.neg-02 — Explicit dark override: viz.scale.diverging.neg-02
✓ B/dark/viz.scale.diverging.neg-01 — Explicit dark override: viz.scale.diverging.neg-01
✓ B/dark/viz.scale.diverging.neutral — Explicit dark override: viz.scale.diverging.neutral
✓ B/dark/viz.scale.diverging.pos-01 — Explicit dark override: viz.scale.diverging.pos-01
✓ B/dark/viz.scale.diverging.pos-02 — Explicit dark override: viz.scale.diverging.pos-02
✓ B/dark/viz.scale.diverging.pos-03 — Explicit dark override: viz.scale.diverging.pos-03
✓ B/dark/viz.scale.diverging.pos-04 — Explicit dark override: viz.scale.diverging.pos-04
✓ B/dark/viz.scale.diverging.pos-05 — Explicit dark override: viz.scale.diverging.pos-05
✓ B/dark/sequential/count — All 9 sequential steps detected.
✓ B/dark/sequential/step-01-to-02 — ΔL=0.100 (required ≥ 0.10)
✓ B/dark/sequential/step-02-to-03 — ΔL=0.100 (required ≥ 0.10)
✓ B/dark/sequential/step-03-to-04 — ΔL=0.100 (required ≥ 0.10)
✓ B/dark/sequential/step-04-to-05 — ΔL=0.100 (required ≥ 0.10)
✓ B/dark/sequential/step-05-to-06 — ΔL=0.100 (required ≥ 0.10)
✓ B/dark/sequential/step-06-to-07 — ΔL=0.100 (required ≥ 0.10)
✓ B/dark/sequential/step-07-to-08 — ΔL=0.100 (required ≥ 0.10)
✓ B/dark/sequential/step-08-to-09 — ΔL=0.100 (required ≥ 0.10)
✓ B/dark/diverging/count — All 11 diverging steps detected.
✓ B/dark/diverging/neg-05-to-neg-04 — ΔL=0.120 (increasing toward neutral)
✓ B/dark/diverging/neg-04-to-neg-03 — ΔL=0.120 (increasing toward neutral)
✓ B/dark/diverging/neg-03-to-neg-02 — ΔL=0.120 (increasing toward neutral)
✓ B/dark/diverging/neg-02-to-neg-01 — ΔL=0.120 (increasing toward neutral)
✓ B/dark/diverging/neg-01-to-neutral — ΔL=0.120 (increasing toward neutral)
✓ B/dark/diverging/neutral-to-pos-01 — ΔL=0.120 (decreasing away from neutral)
✓ B/dark/diverging/pos-01-to-pos-02 — ΔL=0.120 (decreasing away from neutral)
✓ B/dark/diverging/pos-02-to-pos-03 — ΔL=0.120 (decreasing away from neutral)
✓ B/dark/diverging/pos-03-to-pos-04 — ΔL=0.120 (decreasing away from neutral)
✓ B/dark/diverging/pos-04-to-pos-05 — ΔL=0.120 (decreasing away from neutral)
✓ B/dark/diverging/symmetry-neg-05|pos-05 — |ΔL|=0.000 (allowed ≤ 0.02)
✓ B/dark/diverging/symmetry-neg-04|pos-04 — |ΔL|=0.000 (allowed ≤ 0.02)
✓ B/dark/diverging/symmetry-neg-03|pos-03 — |ΔL|=0.000 (allowed ≤ 0.02)
✓ B/dark/diverging/symmetry-neg-02|pos-02 — |ΔL|=0.000 (allowed ≤ 0.02)
✓ B/dark/diverging/symmetry-neg-01|pos-01 — |ΔL|=0.000 (allowed ≤ 0.02)
✓ B/dark/categorical/count — 6 categorical entries detected.
✓ B/dark/categorical/01 — Inline oklch literal, chroma 0.228 ≥ 0.045.
✓ B/dark/categorical/02 — Inline oklch literal, chroma 0.163 ≥ 0.045.
✓ B/dark/categorical/03 — Inline oklch literal, chroma 0.050 ≥ 0.045.
✓ B/dark/categorical/04 — Inline oklch literal, chroma 0.130 ≥ 0.045.
✓ B/dark/categorical/05 — Inline oklch literal, chroma 0.196 ≥ 0.045.
✓ B/dark/categorical/06 — Inline oklch literal, chroma 0.050 ≥ 0.045.
✓ B/dark/sequential/chroma — Chroma peak at 06; requires an interior peak with no dips before it or rebounds after it.
✓ B/dark/viz/viz.scale.sequential.01 — viz.scale.sequential.01 oklch(0.96 0.007528 257.5) is in sRGB gamut
✓ B/dark/viz/viz.scale.sequential.02 — viz.scale.sequential.02 oklch(0.86 0.036911 257.5) is in sRGB gamut
✓ B/dark/viz/viz.scale.sequential.03 — viz.scale.sequential.03 oklch(0.76 0.068429 257.5) is in sRGB gamut
✓ B/dark/viz/viz.scale.sequential.04 — viz.scale.sequential.04 oklch(0.66 0.094335 257.5) is in sRGB gamut
✓ B/dark/viz/viz.scale.sequential.05 — viz.scale.sequential.05 oklch(0.56 0.109428 257.5) is in sRGB gamut
✓ B/dark/viz/viz.scale.sequential.06 — viz.scale.sequential.06 oklch(0.46 0.110853 257.5) is in sRGB gamut
✓ B/dark/viz/viz.scale.sequential.07 — viz.scale.sequential.07 oklch(0.36 0.098345 257.5) is in sRGB gamut
✓ B/dark/viz/viz.scale.sequential.08 — viz.scale.sequential.08 oklch(0.26 0.074257 257.5) is in sRGB gamut
✓ B/dark/viz/viz.scale.sequential.09 — viz.scale.sequential.09 oklch(0.16 0.04334 257.5) is in sRGB gamut
✓ B/dark/viz/viz.scale.diverging.neg-05 — viz.scale.diverging.neg-05 oklch(0.26 0.04424 197.5) is in sRGB gamut
✓ B/dark/viz/viz.scale.diverging.neg-04 — viz.scale.diverging.neg-04 oklch(0.38 0.064656 197.5) is in sRGB gamut
✓ B/dark/viz/viz.scale.diverging.neg-03 — viz.scale.diverging.neg-03 oklch(0.5 0.085073 197.5) is in sRGB gamut
✓ B/dark/viz/viz.scale.diverging.neg-02 — viz.scale.diverging.neg-02 oklch(0.62 0.090969 197.5) is in sRGB gamut
✓ B/dark/viz/viz.scale.diverging.neg-01 — viz.scale.diverging.neg-01 oklch(0.74 0.066301 197.5) is in sRGB gamut
✓ B/dark/viz/viz.scale.diverging.neutral — viz.scale.diverging.neutral oklch(0.86 0 265) is in sRGB gamut
✓ B/dark/viz/viz.scale.diverging.pos-01 — viz.scale.diverging.pos-01 oklch(0.74 0.066301 17.5) is in sRGB gamut
✓ B/dark/viz/viz.scale.diverging.pos-02 — viz.scale.diverging.pos-02 oklch(0.62 0.090969 17.5) is in sRGB gamut
✓ B/dark/viz/viz.scale.diverging.pos-03 — viz.scale.diverging.pos-03 oklch(0.5 0.085073 17.5) is in sRGB gamut
✓ B/dark/viz/viz.scale.diverging.pos-04 — viz.scale.diverging.pos-04 oklch(0.38 0.064656 17.5) is in sRGB gamut
✓ B/dark/viz/viz.scale.diverging.pos-05 — viz.scale.diverging.pos-05 oklch(0.26 0.04424 17.5) is in sRGB gamut
✓ B/dark/viz/viz.scale.categorical.01 — viz.scale.categorical.01 oklch(0.57 0.228252 17.5) is in sRGB gamut
✓ B/dark/viz/viz.scale.categorical.02 — viz.scale.categorical.02 oklch(0.78 0.162882 77.5) is in sRGB gamut
✓ B/dark/viz/viz.scale.categorical.03 — viz.scale.categorical.03 oklch(0.85 0.05 137.5) is in sRGB gamut
✓ B/dark/viz/viz.scale.categorical.04 — viz.scale.categorical.04 oklch(0.9 0.13 197.5) is in sRGB gamut
✓ B/dark/viz/viz.scale.categorical.05 — viz.scale.categorical.05 oklch(0.54 0.195666 257.5) is in sRGB gamut
✓ B/dark/viz/viz.scale.categorical.06 — viz.scale.categorical.06 oklch(0.66 0.05 317.5) is in sRGB gamut
✓ B/dark/diverging/chroma-neg-05|pos-05 — |ΔC|=0.00000 (allowed ≤ 0.002)
✓ B/dark/diverging/chroma-neg-04|pos-04 — |ΔC|=0.00000 (allowed ≤ 0.002)
✓ B/dark/diverging/chroma-neg-03|pos-03 — |ΔC|=0.00000 (allowed ≤ 0.002)
✓ B/dark/diverging/chroma-neg-02|pos-02 — |ΔC|=0.00000 (allowed ≤ 0.002)
✓ B/dark/diverging/chroma-neg-01|pos-01 — |ΔC|=0.00000 (allowed ≤ 0.002)
✔ Viz scale validation passed (232 checks).
