$ npm pack <repository-root>/packages/component-contracts --json --pack-destination <repository-root>/artifacts/product-reality/sprint-187/m04/live-attempt-3/submitted-packages/tarballs
exitCode=0
signal=

[stdout]

> @oods/component-contracts@0.1.0 build <repository-root>/packages/component-contracts
> rimraf dist && tsup --config tsup.config.ts

CLI Building entry: src/index.ts
CLI Using tsconfig: tsconfig.json
CLI tsup v8.5.0
CLI Using tsup config: <repository-root>/packages/component-contracts/tsup.config.ts
CLI Target: es2022
CLI Cleaning output folder
ESM Build start
CJS Build start
CJS dist/index.cjs 360.43 KB
CJS ⚡️ Build success in 423ms
ESM dist/index.js 359.74 KB
ESM ⚡️ Build success in 424ms
DTS Build start
DTS ⚡️ Build success in 1116ms
DTS dist/index.d.ts  9.88 KB
DTS dist/index.d.cts 9.88 KB
[
  {
    "id": "@oods/component-contracts@0.1.0",
    "name": "@oods/component-contracts",
    "version": "0.1.0",
    "size": 89610,
    "unpackedSize": 1559611,
    "shasum": "07120f833241368af1984e5fea19354822a66d23",
    "integrity": "sha512-hY0eR9H+JFAeUWZMkZZBgH7jUZHiwPjCa9LQ+g+ppYdAXMRpozpqqO274dRjJOQBwSftlB+CQgUzAYEMOK06+A==",
    "filename": "oods-component-contracts-0.1.0.tgz",
    "files": [
      {
        "path": "dist/index.cjs",
        "size": 369081,
        "mode": 420
      },
      {
        "path": "dist/index.d.cts",
        "size": 10117,
        "mode": 420
      },
      {
        "path": "dist/index.d.ts",
        "size": 10117,
        "mode": 420
      },
      {
        "path": "dist/index.js",
        "size": 368378,
        "mode": 420
      },
      {
        "path": "package.json",
        "size": 1269,
        "mode": 420
      },
      {
        "path": "registry/component-capability-baseline.v1.json",
        "size": 169114,
        "mode": 420
      },
      {
        "path": "registry/component-capability-closeout.s182.v1.json",
        "size": 255063,
        "mode": 420
      },
      {
        "path": "registry/component-capability-foundation-v1.s182.v1.json",
        "size": 259610,
        "mode": 420
      },
      {
        "path": "registry/component-intake.v1.json",
        "size": 67627,
        "mode": 420
      },
      {
        "path": "registry/component-reconciliation.proposed.v1.json",
        "size": 49235,
        "mode": 420
      }
    ],
    "entryCount": 10,
    "bundled": []
  }
]

[stderr]
npm warn Unknown project config "link-workspace-packages". This will stop working in the next major version of npm.

> @oods/component-contracts@0.1.0 prepack
> pnpm run build
