$ npm pack <repository-root>/packages/components-vue --json --pack-destination <repository-root>/artifacts/product-reality/sprint-187/m04/live-attempt-3/submitted-packages/tarballs
exitCode=0
signal=

[stdout]

> @oods/components-vue@0.1.0 build <repository-root>/packages/components-vue
> rimraf dist && tsup --config tsup.config.ts && tsup --config tsup.ported.config.ts

CLI Building entry: src/index.ts
CLI Using tsconfig: tsconfig.json
CLI tsup v8.5.0
CLI Using tsup config: <repository-root>/packages/components-vue/tsup.config.ts
CLI Target: es2022
CLI Cleaning output folder
ESM Build start
CJS Build start
CJS dist/index.cjs 104.83 KB
CJS ⚡️ Build success in 522ms
ESM dist/index.js 101.90 KB
ESM ⚡️ Build success in 523ms
DTS Build start
DTS ⚡️ Build success in 8323ms
DTS dist/index.d.ts  96.22 KB
DTS dist/index.d.cts 96.22 KB
CLI Building entry: src/ported.ts
CLI Using tsconfig: tsconfig.json
CLI tsup v8.5.0
CLI Using tsup config: <repository-root>/packages/components-vue/tsup.ported.config.ts
CLI Target: es2022
ESM Build start
CJS Build start
CJS dist/ported.cjs 35.21 KB
CJS ⚡️ Build success in 334ms
ESM dist/ported.js 34.75 KB
ESM ⚡️ Build success in 335ms
DTS Build start
DTS ⚡️ Build success in 4493ms
DTS dist/ported.d.ts  20.67 KB
DTS dist/ported.d.cts 20.67 KB
[
  {
    "id": "@oods/components-vue@0.1.0",
    "name": "@oods/components-vue",
    "version": "0.1.0",
    "size": 76869,
    "unpackedSize": 613166,
    "shasum": "5a559f69d208dbe9f8d5f99efcbda7fa80dc8efc",
    "integrity": "sha512-ykHMAFrM5smZ+UhKOBpMrVUIlMX1wsJ4k/OrwsQ5uoOVSzeywpczDxe+GmilSh4XGm35+bu1vmwZWgn3Ppr24Q==",
    "filename": "oods-components-vue-0.1.0.tgz",
    "files": [
      {
        "path": "dist/index.cjs",
        "size": 107349,
        "mode": 420
      },
      {
        "path": "dist/index.d.cts",
        "size": 98534,
        "mode": 420
      },
      {
        "path": "dist/index.d.ts",
        "size": 98534,
        "mode": 420
      },
      {
        "path": "dist/index.js",
        "size": 104347,
        "mode": 420
      },
      {
        "path": "dist/ported.cjs",
        "size": 36053,
        "mode": 420
      },
      {
        "path": "dist/ported.d.cts",
        "size": 21165,
        "mode": 420
      },
      {
        "path": "dist/ported.d.ts",
        "size": 21165,
        "mode": 420
      },
      {
        "path": "dist/ported.js",
        "size": 35588,
        "mode": 420
      },
      {
        "path": "evidence/vue-readiness-ported.v1.json",
        "size": 7829,
        "mode": 420
      },
      {
        "path": "evidence/vue-readiness.v1.json",
        "size": 80799,
        "mode": 420
      },
      {
        "path": "package.json",
        "size": 1803,
        "mode": 420
      }
    ],
    "entryCount": 11,
    "bundled": []
  }
]

[stderr]
npm warn Unknown project config "link-workspace-packages". This will stop working in the next major version of npm.

> @oods/components-vue@0.1.0 prepack
> pnpm run build
