$ npm pack <repository-root>/packages/components-vue --json --pack-destination <repository-root>/artifacts/product-reality/sprint-187/m01/live-attempt-4/submitted-packages/tarballs
exitCode=0
signal=

[stdout]

> @oods/components-vue@0.1.0 build <repository-root>/packages/components-vue
> rimraf dist && tsup --config tsup.config.ts && tsup --config tsup.ported.config.ts

CLI Building entry: src/index.ts
CLI Using tsconfig: tsconfig.json
CLI tsup v8.5.0
CLI Using tsup config: <repository-root>/packages/components-vue/tsup.config.ts
CLI Target: es2022
CLI Cleaning output folder
ESM Build start
CJS Build start
CJS dist/index.cjs 91.10 KB
CJS ⚡️ Build success in 416ms
ESM dist/index.js 88.78 KB
ESM ⚡️ Build success in 416ms
DTS Build start
DTS ⚡️ Build success in 4407ms
DTS dist/index.d.ts  79.04 KB
DTS dist/index.d.cts 79.04 KB
CLI Building entry: src/ported.ts
CLI Using tsconfig: tsconfig.json
CLI tsup v8.5.0
CLI Using tsup config: <repository-root>/packages/components-vue/tsup.ported.config.ts
CLI Target: es2022
ESM Build start
CJS Build start
ESM dist/ported.js 34.75 KB
ESM ⚡️ Build success in 258ms
CJS dist/ported.cjs 35.21 KB
CJS ⚡️ Build success in 257ms
DTS Build start
DTS ⚡️ Build success in 4522ms
DTS dist/ported.d.ts  20.67 KB
DTS dist/ported.d.cts 20.67 KB
[
  {
    "id": "@oods/components-vue@0.1.0",
    "name": "@oods/components-vue",
    "version": "0.1.0",
    "size": 70344,
    "unpackedSize": 519584,
    "shasum": "26ea22d81d1aa342ecfd9d165702a3f88b093339",
    "integrity": "sha512-P3j54JBxOWRsxA5Gynm7zwSSVlW5R7udM47VAZLRqMnxbIBwX0CcqOPXL73GtmKhJRNy6s9O1rYpv3Uc1F/6Xw==",
    "filename": "oods-components-vue-0.1.0.tgz",
    "files": [
      {
        "path": "dist/index.cjs",
        "size": 93289,
        "mode": 420
      },
      {
        "path": "dist/index.d.cts",
        "size": 80941,
        "mode": 420
      },
      {
        "path": "dist/index.d.ts",
        "size": 80941,
        "mode": 420
      },
      {
        "path": "dist/index.js",
        "size": 90906,
        "mode": 420
      },
      {
        "path": "dist/ported.cjs",
        "size": 36053,
        "mode": 420
      },
      {
        "path": "dist/ported.d.cts",
        "size": 21165,
        "mode": 420
      },
      {
        "path": "dist/ported.d.ts",
        "size": 21165,
        "mode": 420
      },
      {
        "path": "dist/ported.js",
        "size": 35588,
        "mode": 420
      },
      {
        "path": "evidence/vue-readiness-ported.v1.json",
        "size": 7829,
        "mode": 420
      },
      {
        "path": "evidence/vue-readiness.v1.json",
        "size": 49904,
        "mode": 420
      },
      {
        "path": "package.json",
        "size": 1803,
        "mode": 420
      }
    ],
    "entryCount": 11,
    "bundled": []
  }
]

[stderr]
npm warn Unknown project config "link-workspace-packages". This will stop working in the next major version of npm.

> @oods/components-vue@0.1.0 prepack
> pnpm run build
