$ npm pack <repository-root>/packages/component-contracts --json --pack-destination <repository-root>/artifacts/product-reality/sprint-187/m01/live-attempt-4/submitted-packages/tarballs
exitCode=0
signal=

[stdout]

> @oods/component-contracts@0.1.0 build <repository-root>/packages/component-contracts
> rimraf dist && tsup --config tsup.config.ts

CLI Building entry: src/index.ts
CLI Using tsconfig: tsconfig.json
CLI tsup v8.5.0
CLI Using tsup config: <repository-root>/packages/component-contracts/tsup.config.ts
CLI Target: es2022
CLI Cleaning output folder
ESM Build start
CJS Build start
CJS dist/index.cjs 331.98 KB
CJS ⚡️ Build success in 354ms
ESM dist/index.js 331.30 KB
ESM ⚡️ Build success in 355ms
DTS Build start
DTS ⚡️ Build success in 2354ms
DTS dist/index.d.ts  9.64 KB
DTS dist/index.d.cts 9.64 KB
[
  {
    "id": "@oods/component-contracts@0.1.0",
    "name": "@oods/component-contracts",
    "version": "0.1.0",
    "size": 80720,
    "unpackedSize": 1491073,
    "shasum": "4bdfc378ef51bf5a1d515edae2ac260552eaa118",
    "integrity": "sha512-RJMQpFnXXSXaz0AmZ+clC673ukg7yYCKzDCqRVmC5CszoJjJPzloHWEiDYTQX51rJG3yXPtevQxaZOVzTNWYLw==",
    "filename": "oods-component-contracts-0.1.0.tgz",
    "files": [
      {
        "path": "dist/index.cjs",
        "size": 339952,
        "mode": 420
      },
      {
        "path": "dist/index.d.cts",
        "size": 9868,
        "mode": 420
      },
      {
        "path": "dist/index.d.ts",
        "size": 9868,
        "mode": 420
      },
      {
        "path": "dist/index.js",
        "size": 339249,
        "mode": 420
      },
      {
        "path": "package.json",
        "size": 1269,
        "mode": 420
      },
      {
        "path": "registry/component-capability-baseline.v1.json",
        "size": 159332,
        "mode": 420
      },
      {
        "path": "registry/component-capability-closeout.s182.v1.json",
        "size": 255063,
        "mode": 420
      },
      {
        "path": "registry/component-capability-foundation-v1.s182.v1.json",
        "size": 259610,
        "mode": 420
      },
      {
        "path": "registry/component-intake.v1.json",
        "size": 67627,
        "mode": 420
      },
      {
        "path": "registry/component-reconciliation.proposed.v1.json",
        "size": 49235,
        "mode": 420
      }
    ],
    "entryCount": 10,
    "bundled": []
  }
]

[stderr]
npm warn Unknown project config "link-workspace-packages". This will stop working in the next major version of npm.

> @oods/component-contracts@0.1.0 prepack
> pnpm run build
